Archive member included because of file (symbol)

C:\project\SHIPAR~1\TC275\erika\lib\libee.a(ee_tc_cstart.c.o)
                              (__TRICORE_DERIVATE_NAME__)
C:\project\SHIPAR~1\TC275\erika\lib\libee.a(ee_tc_system.c.o)
                              C:\project\SHIPAR~1\TC275\erika\lib\libee.a(ee_tc_cstart.c.o) (osEE_tc_set_pll_fsource)
C:\project\SHIPAR~1\TC275\erika\lib\libee.a(ee_tc_trapvec.c.o)
                              C:\project\SHIPAR~1\TC275\erika\lib\libee.a(ee_tc_cstart.c.o) (__TRAPTAB)
C:\project\SHIPAR~1\TC275\erika\lib\libee.a(ee_tc_intvec.c.o)
                              C:\project\SHIPAR~1\TC275\erika\lib\libee.a(ee_tc_cstart.c.o) (__INTTAB0)
C:\project\SHIPAR~1\TC275\erika\lib\libee.a(ee_oo_api_osek.c.o)
                              obj/bsw.c.o (DisableAllInterrupts)
C:\project\SHIPAR~1\TC275\erika\lib\libee.a(ee_oo_sched_entry_points.c.o)
                              obj/ee_applcfg.c.o (osEE_idle_hook_wrapper)
C:\project\SHIPAR~1\TC275\erika\lib\libee.a(ee_oo_scheduler.c.o)
                              C:\project\SHIPAR~1\TC275\erika\lib\libee.a(ee_oo_api_osek.c.o) (osEE_scheduler_core_pop_running)
C:\project\SHIPAR~1\TC275\erika\lib\libee.a(ee_oo_kernel.c.o)
                              C:\project\SHIPAR~1\TC275\erika\lib\libee.a(ee_oo_api_osek.c.o) (osEE_task_activated)
C:\project\SHIPAR~1\TC275\erika\lib\libee.a(ee_oo_sched_partitioned.c.o)
                              C:\project\SHIPAR~1\TC275\erika\lib\libee.a(ee_oo_api_osek.c.o) (osEE_scheduler_task_activated)
C:\project\SHIPAR~1\TC275\erika\lib\libee.a(ee_oo_counter.c.o)
                              C:\project\SHIPAR~1\TC275\erika\lib\libee.a(ee_oo_api_osek.c.o) (osEE_counter_increment)
C:\project\SHIPAR~1\TC275\erika\lib\libee.a(ee_oo_alarm.c.o)
                              C:\project\SHIPAR~1\TC275\erika\lib\libee.a(ee_oo_api_osek.c.o) (osEE_alarm_set_rel)
C:\project\SHIPAR~1\TC275\erika\lib\libee.a(ee_std_change_context.c.o)
                              C:\project\SHIPAR~1\TC275\erika\lib\libee.a(ee_oo_api_osek.c.o) (osEE_change_context_from_running)
C:\project\SHIPAR~1\TC275\erika\lib\libee.a(ee_tc_hal.c.o)
                              C:\project\SHIPAR~1\TC275\erika\lib\libee.a(ee_oo_api_osek.c.o) (osEE_cpu_startos)
C:\project\SHIPAR~1\TC275\erika\lib\libee.a(ee_tc_ctx.c.o)
                              C:\project\SHIPAR~1\TC275\erika\lib\libee.a(ee_std_change_context.c.o) (osEE_hal_ready2stacked)
c:/hightec/toolchains/tricore/v4.9.3.0-infineon-1.0/bin/../lib/gcc/tricore/4.9.4/tc161\libgcc.a(_lshrdi3.o)
                              obj/illd/src/IfxStm.c.o (__lshrdi3)
c:/hightec/toolchains/tricore/v4.9.3.0-infineon-1.0/bin/../lib/gcc/tricore/4.9.4/tc161\libgcc.a(_floatundidf.o)
                              obj/steering_Pid.c.o (__floatundidf)
c:/hightec/toolchains/tricore/v4.9.3.0-infineon-1.0/bin/../lib/gcc/tricore/4.9.4/tc161\libgcc.a(_sf_to_df.o)
                              obj/illd/Libraries/iLLD/TC27D/Tricore/Gtm/Std/IfxGtm_Cmu.c.o (__extendsfdf2)
c:/hightec/toolchains/tricore/v4.9.3.0-infineon-1.0/bin/../lib/gcc/tricore/4.9.4/tc161\libgcc.a(_addsub_df.o)
                              obj/illd/Libraries/iLLD/TC27D/Tricore/Vadc/std/IfxVadc.c.o (__adddf3)
c:/hightec/toolchains/tricore/v4.9.3.0-infineon-1.0/bin/../lib/gcc/tricore/4.9.4/tc161\libgcc.a(_mul_df.o)
                              obj/bsw.c.o (__muldf3)
c:/hightec/toolchains/tricore/v4.9.3.0-infineon-1.0/bin/../lib/gcc/tricore/4.9.4/tc161\libgcc.a(_div_df.o)
                              obj/illd/Libraries/iLLD/TC27D/Tricore/Vadc/std/IfxVadc.c.o (__divdf3)
c:/hightec/toolchains/tricore/v4.9.3.0-infineon-1.0/bin/../lib/gcc/tricore/4.9.4/tc161\libgcc.a(_gt_df.o)
                              obj/steering_Pid.c.o (__gtdf2)
c:/hightec/toolchains/tricore/v4.9.3.0-infineon-1.0/bin/../lib/gcc/tricore/4.9.4/tc161\libgcc.a(_lt_df.o)
                              obj/illd/Libraries/iLLD/TC27D/Tricore/Gtm/Std/IfxGtm_Cmu.c.o (__ltdf2)
c:/hightec/toolchains/tricore/v4.9.3.0-infineon-1.0/bin/../lib/gcc/tricore/4.9.4/tc161\libgcc.a(_si_to_df.o)
                              obj/bsw.c.o (__floatsidf)
c:/hightec/toolchains/tricore/v4.9.3.0-infineon-1.0/bin/../lib/gcc/tricore/4.9.4/tc161\libgcc.a(_df_to_si.o)
                              obj/bsw.c.o (__fixdfsi)
c:/hightec/toolchains/tricore/v4.9.3.0-infineon-1.0/bin/../lib/gcc/tricore/4.9.4/tc161\libgcc.a(_make_df.o)
                              c:/hightec/toolchains/tricore/v4.9.3.0-infineon-1.0/bin/../lib/gcc/tricore/4.9.4/tc161\libgcc.a(_sf_to_df.o) (__make_dp)
c:/hightec/toolchains/tricore/v4.9.3.0-infineon-1.0/bin/../lib/gcc/tricore/4.9.4/tc161\libgcc.a(_df_to_sf.o)
                              obj/illd/Libraries/iLLD/TC27D/Tricore/Vadc/std/IfxVadc.c.o (__truncdfsf2)
c:/hightec/toolchains/tricore/v4.9.3.0-infineon-1.0/bin/../lib/gcc/tricore/4.9.4/tc161\libgcc.a(_thenan_df.o)
[...]
Memory Configuration

Name             Origin             Length             Used               Free               Attributes
DMI_DSPR2_local  0x00000000d0000000 0x000000000001e000         0x0000000000000000         0x000000000001e000 w !xpc2
DMI_DSPR2        0x0000000050000000 0x000000000001e000         0x000000000001dc00         0x0000000000000400 w !xpc2
PMI_PSPR2        0x0000000050100000 0x0000000000006000         0x0000000000000000         0x0000000000006000 xw !pc2
DMI_DSPR1_local  0x00000000d0000000 0x000000000001e000         0x0000000000000000         0x000000000001e000 w !xpc1
DMI_DSPR1        0x0000000060000000 0x000000000001e000         0x000000000001dc00         0x0000000000000400 w !xpc1
PMI_PSPR1        0x0000000060100000 0x0000000000006000         0x0000000000000000         0x0000000000006000 xw !pc1
DMI_DSPR0_local  0x00000000d0000000 0x000000000001c000         0x0000000000000000         0x000000000001c000 w !xpc0
DMI_DSPR0        0x0000000070000000 0x000000000001c000         0x000000000001bc00         0x0000000000000400 w !xpc0
PMI_PSPR0        0x0000000070100000 0x0000000000006000         0x0000000000000000         0x0000000000006000 xw !pc0
PMI_PSRAM_local  0x00000000c0000000 0x0000000000006000         0x0000000000000000         0x0000000000006000 xw !p
PMU_PFLASH       0x0000000080000000 0x0000000000400000         0x0000000000017110         0x00000000003e8ef0 xr !p
PMU_PFLASH_nc    0x00000000a0000000 0x0000000000400000         0x0000000000000000         0x0000000000400000 xr !p
PMU_DFLASH0      0x00000000af000000 0x0000000000104000         0x0000000000000000         0x0000000000104000 r !xp
PMU_DFLASH1      0x00000000af110000 0x0000000000010000         0x0000000000000000         0x0000000000010000 r !xp
LMU_SRAM         0x0000000090000000 0x0000000000008000         0x0000000000000000         0x0000000000008000 w !xp
LMU_SRAM_nc      0x00000000b0000000 0x0000000000008000         0x0000000000000000         0x0000000000008000 w !xp
EDMEM            0x000000009f000000 0x0000000000100000         0x0000000000000000         0x0000000000100000 w !xp
EDMEM_nc         0x00000000bf000000 0x0000000000100000         0x0000000000000000         0x0000000000100000 w !xp
BROM             0x000000008fff8000 0x0000000000008000         0x0000000000000000         0x0000000000008000 xr !p
*default*        0x0000000000000000 0xffffffffffffffff         0x0000000000000000         0xffffffffffffffff

List of aliases

DMI_DSPR0       : GLOBAL_RAM

Memory region maps:

CORE     Local Region   Global Region
CPU0     0xd0000000     0x70000000
CPU1     0xd0000000     0x60000000
CPU2     0xd0000000     0x50000000


Linker script and memory map

LOAD obj/asw.c.o
LOAD obj/bsw.c.o
LOAD obj/ee_applcfg.c.o
LOAD obj/hall_Driver.c.o
LOAD obj/illd/Libraries/iLLD/TC27D/Tricore/Gtm/Std/IfxGtm.c.o
LOAD obj/illd/Libraries/iLLD/TC27D/Tricore/Gtm/Std/IfxGtm_Cmu.c.o
LOAD obj/illd/Libraries/iLLD/TC27D/Tricore/Gtm/Std/IfxGtm_Dpll.c.o
LOAD obj/illd/Libraries/iLLD/TC27D/Tricore/Gtm/Std/IfxGtm_Tom.c.o
LOAD obj/illd/Libraries/iLLD/TC27D/Tricore/Gtm/Tom/Pwm/IfxGtm_Tom_Pwm.c.o
LOAD obj/illd/Libraries/iLLD/TC27D/Tricore/Vadc/std/IfxVadc.c.o
LOAD obj/illd/Libraries/iLLD/TC27D/Tricore/_Impl/IfxVadc_cfg.c.o
LOAD obj/illd/Libraries/iLLD/TC27D/Tricore/_PinMap/IfxGtm_PinMap.c.o
LOAD obj/illd/Libraries/iLLD/TC27D/Tricore/_PinMap/IfxPort_PinMap.c.o
LOAD obj/illd/src/Bsp.c.o
LOAD obj/illd/src/CompilerGnuc.c.o
LOAD obj/illd/src/IfxAsclin.c.o
LOAD obj/illd/src/IfxAsclin_Asc.c.o
LOAD obj/illd/src/IfxAsclin_PinMap.c.o
LOAD obj/illd/src/IfxAsclin_cfg.c.o
LOAD obj/illd/src/IfxCpu.c.o
LOAD obj/illd/src/IfxCpu_Irq.c.o
LOAD obj/illd/src/IfxCpu_cfg.c.o
LOAD obj/illd/src/IfxPort.c.o
LOAD obj/illd/src/IfxPort_cfg.c.o
LOAD obj/illd/src/IfxScuCcu.c.o
LOAD obj/illd/src/IfxScuEru.c.o
LOAD obj/illd/src/IfxScuWdt.c.o
LOAD obj/illd/src/IfxScu_PinMap.c.o
LOAD obj/illd/src/IfxScu_cfg.c.o
LOAD obj/illd/src/IfxSrc.c.o
LOAD obj/illd/src/IfxSrc_cfg.c.o
LOAD obj/illd/src/IfxStdIf_DPipe.c.o
LOAD obj/illd/src/IfxStm.c.o
LOAD obj/illd/src/IfxStm_cfg.c.o
LOAD obj/illd/src/IfxVadc_Adc.c.o
LOAD obj/illd/src/Ifx_CircularBuffer.c.o
LOAD obj/illd/src/Ifx_Fifo.c.o
LOAD obj/motor_driver.c.o
LOAD obj/shiparker_App.c.o
LOAD obj/steering_Pid.c.o
LOAD obj/uart_Driver.c.o
LOAD obj/ultrasonic_Driver.c.o
START GROUP
LOAD C:\project\SHIPAR~1\TC275\erika\lib\libee.a
END GROUP
LOAD c:/hightec/toolchains/tricore/v4.9.3.0-infineon-1.0/bin/../lib/gcc/tricore/4.9.4/tc161\libgcc.a
LOAD c:/hightec/toolchains/tricore/v4.9.3.0-infineon-1.0/bin/../lib/gcc/tricore/4.9.4/../../../../tricore/lib/tc161\libc.a
LOAD c:/hightec/toolchains/tricore/v4.9.3.0-infineon-1.0/bin/../lib/gcc/tricore/4.9.4/../../../../tricore/lib/tc161\libos.a
LOAD c:/hightec/toolchains/tricore/v4.9.3.0-infineon-1.0/bin/../lib/gcc/tricore/4.9.4/../../../../tricore/lib/tc161\libm.a
LOAD c:/hightec/toolchains/tricore/v4.9.3.0-infineon-1.0/bin/../lib/gcc/tricore/4.9.4/../../../../tricore/lib/tc161\libc.a
LOAD c:/hightec/toolchains/tricore/v4.9.3.0-infineon-1.0/bin/../lib/gcc/tricore/4.9.4/tc161\libgcc.a
                0x0000000000002700                __TRICORE_DERIVATE_MEMORY_MAP__ = 0x2700
                [0x0000000000002000]                __CSA_SIZE = DEFINED (__CSA_SIZE)?__CSA_SIZE:0x2000
                [0x0000000000000400]                __ISTACK_SIZE = DEFINED (__ISTACK_SIZE)?__ISTACK_SIZE:0x400
                [0x0000000000001000]                __USTACK_SIZE = DEFINED (__USTACK_SIZE)?__USTACK_SIZE:0x1000
                [0x0000000000000000]                __HEAP_SIZE = DEFINED (__HEAP_SIZE)?__HEAP_SIZE:0x0
                [0x0000000000002000]                __CSA0_SIZE = DEFINED (__CSA0_SIZE)?__CSA0_SIZE:__CSA_SIZE
                [0x0000000000000400]                __ISTACK0_SIZE = DEFINED (__ISTACK0_SIZE)?__ISTACK0_SIZE:__ISTACK_SIZE
                [0x0000000000001000]                __USTACK0_SIZE = DEFINED (__USTACK0_SIZE)?__USTACK0_SIZE:__USTACK_SIZE
                [0x0000000000002000]                __CSA1_SIZE = DEFINED (__CSA1_SIZE)?__CSA1_SIZE:__CSA_SIZE
                [0x0000000000000400]                __ISTACK1_SIZE = DEFINED (__ISTACK1_SIZE)?__ISTACK1_SIZE:__ISTACK_SIZE
                [0x0000000000001000]                __USTACK1_SIZE = DEFINED (__USTACK1_SIZE)?__USTACK1_SIZE:__USTACK_SIZE
                [0x0000000000002000]                __CSA2_SIZE = DEFINED (__CSA2_SIZE)?__CSA2_SIZE:__CSA_SIZE
                [0x0000000000000400]                __ISTACK2_SIZE = DEFINED (__ISTACK2_SIZE)?__ISTACK2_SIZE:__ISTACK_SIZE
                [0x0000000000001000]                __USTACK2_SIZE = DEFINED (__USTACK2_SIZE)?__USTACK2_SIZE:__USTACK_SIZE
                0x0000000050000000                __DSPR2_START = 0x50000000
                0x0000000060000000                __DSPR1_START = 0x60000000
                0x0000000070000000                __DSPR0_START = 0x70000000
                0x000000000001e000                __DSPR2_SIZE = 0x1e000
                0x000000000001e000                __DSPR1_SIZE = 0x1e000
                0x000000000001c000                __DSPR0_SIZE = 0x1c000
                0x0000000000019c00                __CSA0_OFFSET = ((__DSPR0_SIZE - 0x400) - __CSA0_SIZE)
                0x0000000000019700                __ISTACK0_OFFSET = ((__CSA0_OFFSET - 0x100) - __ISTACK0_SIZE)
                0x0000000000018600                __USTACK0_OFFSET = ((__ISTACK0_OFFSET - 0x100) - __USTACK0_SIZE)
                0x000000000001bc00                __CSA1_OFFSET = ((__DSPR1_SIZE - 0x400) - __CSA1_SIZE)
                0x000000000001b700                __ISTACK1_OFFSET = ((__CSA1_OFFSET - 0x100) - __ISTACK1_SIZE)
                0x000000000001a600                __USTACK1_OFFSET = ((__ISTACK1_OFFSET - 0x100) - __USTACK1_SIZE)
                0x000000000001bc00                __CSA2_OFFSET = ((__DSPR2_SIZE - 0x400) - __CSA2_SIZE)
                0x000000000001b700                __ISTACK2_OFFSET = ((__CSA2_OFFSET - 0x100) - __ISTACK2_SIZE)
                0x000000000001a600                __USTACK2_OFFSET = ((__ISTACK2_OFFSET - 0x100) - __USTACK2_SIZE)

.bmhd0          memory region -> PMU_PFLASH
                0x0000000080000000        0x0
                0x0000000080000000                BootModeHeader0 = .
 *(.bmhd0)

.bmhd1          memory region -> PMU_PFLASH
                0x0000000080020000        0x0
                0x0000000080020000                BootModeHeader1 = .
 *(.bmhd1)

.startup        memory region -> PMU_PFLASH
                0x0000000080000020        0x6
                0x0000000080000020                BootModeIndex = .
 *(.startup)
 .startup       0x0000000080000020        0x6 C:\project\SHIPAR~1\TC275\erika\lib\libee.a(ee_tc_cstart.c.o)
                0x0000000080000020                _start

.zrodata
 *(.zrodata)
 *(.zrodata.*)

.sdata2         memory region -> PMU_PFLASH
                0x0000000080000026        0x0
 *(.srodata)
 *(.srodata.*)
                0x0000000080008000                _SMALL_DATA2_ = SIZEOF (.sdata2)?(ADDR (.sdata2) + 0x8000):((ADDR (.sdata2) & 0xf0000000) + 0x8000)
                0x0000000080008000                __A1_MEM = _SMALL_DATA2_

.rodata         memory region -> PMU_PFLASH
                0x0000000080000028     0x4ee0
 *(.rodata)
 .rodata        0x0000000080000028       0x51 obj/asw.c.o
 *fill*         0x0000000080000079        0x3 00
 .rodata        0x000000008000007c       0x64 obj/bsw.c.o
 .rodata        0x00000000800000e0      0x264 obj/ee_applcfg.c.o
                0x00000000800000e0                osEE_kdb_var
                0x0000000080000104                osEE_cdb_var
 .rodata        0x0000000080000344        0x5 obj/illd/Libraries/iLLD/TC27D/Tricore/Gtm/Std/IfxGtm_Tom.c.o
 .rodata        0x0000000080000349        0x6 obj/illd/Libraries/iLLD/TC27D/Tricore/Vadc/std/IfxVadc.c.o
 *fill*         0x000000008000034f        0x1 00
 .rodata        0x0000000080000350       0xa0 obj/illd/Libraries/iLLD/TC27D/Tricore/_Impl/IfxVadc_cfg.c.o
                0x0000000080000350                IfxVadc_cfg_srcAddresses
 .rodata        0x00000000800003f0     0x35cc obj/illd/Libraries/iLLD/TC27D/Tricore/_PinMap/IfxGtm_PinMap.c.o
                0x00000000800003f0                IfxGtm_TOM2_9_TOUT69_P20_13_OUT
                0x0000000080000404                IfxGtm_TOM2_9_TOUT52_P21_1_OUT
                0x0000000080000418                IfxGtm_TOM2_9_TOUT132_P22_6_OUT
                0x000000008000042c                IfxGtm_TOM2_9_TOUT103_P10_1_OUT
                0x0000000080000440                IfxGtm_TOM2_8_TOUT68_P20_12_OUT
                0x0000000080000454                IfxGtm_TOM2_8_TOUT51_P21_0_OUT
                0x0000000080000468                IfxGtm_TOM2_8_TOUT131_P22_5_OUT
                0x000000008000047c                IfxGtm_TOM2_8_TOUT127_P11_15_OUT
                0x0000000080000490                IfxGtm_TOM2_8_TOUT109_P10_7_OUT
                0x00000000800004a4                IfxGtm_TOM2_7_TOUT93_P13_2_OUT
                0x00000000800004b8                IfxGtm_TOM2_7_TOUT64_P20_8_OUT
                0x00000000800004cc                IfxGtm_TOM2_7_TOUT130_P22_4_OUT
                0x00000000800004e0                IfxGtm_TOM2_7_TOUT126_P11_14_OUT
                0x00000000800004f4                IfxGtm_TOM2_7_TOUT101_P11_12_OUT
                0x0000000080000508                IfxGtm_TOM2_6_TOUT92_P13_1_OUT
                0x000000008000051c                IfxGtm_TOM2_6_TOUT59_P20_0_OUT
                0x0000000080000530                IfxGtm_TOM2_6_TOUT125_P11_13_OUT
                0x0000000080000544                IfxGtm_TOM2_6_TOUT106_P10_4_OUT
                0x0000000080000558                IfxGtm_TOM2_6_TOUT100_P11_11_OUT
                0x000000008000056c                IfxGtm_TOM2_5_TOUT99_P11_10_OUT
                0x0000000080000580                IfxGtm_TOM2_5_TOUT91_P13_0_OUT
                0x0000000080000594                IfxGtm_TOM2_5_TOUT58_P21_7_OUT
                0x00000000800005a8                IfxGtm_TOM2_5_TOUT124_P11_8_OUT
                0x00000000800005bc                IfxGtm_TOM2_4_TOUT98_P11_9_OUT
                0x00000000800005d0                IfxGtm_TOM2_4_TOUT90_P14_10_OUT
                0x00000000800005e4                IfxGtm_TOM2_4_TOUT61_P20_3_OUT
                0x00000000800005f8                IfxGtm_TOM2_4_TOUT57_P21_6_OUT
                0x000000008000060c                IfxGtm_TOM2_4_TOUT50_P22_3_OUT
                0x0000000080000620                IfxGtm_TOM2_4_TOUT123_P11_7_OUT
                0x0000000080000634                IfxGtm_TOM2_3_TOUT97_P11_6_OUT
                0x0000000080000648                IfxGtm_TOM2_3_TOUT89_P14_9_OUT
                0x000000008000065c                IfxGtm_TOM2_3_TOUT60_P20_1_OUT
                0x0000000080000670                IfxGtm_TOM2_3_TOUT56_P21_5_OUT
                0x0000000080000684                IfxGtm_TOM2_3_TOUT49_P22_2_OUT
                0x0000000080000698                IfxGtm_TOM2_3_TOUT122_P11_5_OUT
                0x00000000800006ac                IfxGtm_TOM2_2_TOUT96_P11_3_OUT
                0x00000000800006c0                IfxGtm_TOM2_2_TOUT88_P14_8_OUT
                0x00000000800006d4                IfxGtm_TOM2_2_TOUT55_P21_4_OUT
                0x00000000800006e8                IfxGtm_TOM2_2_TOUT46_P23_5_OUT
                0x00000000800006fc                IfxGtm_TOM2_2_TOUT121_P11_4_OUT
                0x0000000080000710                IfxGtm_TOM2_1_TOUT95_P11_2_OUT
                0x0000000080000724                IfxGtm_TOM2_1_TOUT54_P21_3_OUT
                0x0000000080000738                IfxGtm_TOM2_1_TOUT47_P22_0_OUT
                0x000000008000074c                IfxGtm_TOM2_1_TOUT120_P11_1_OUT
                0x0000000080000760                IfxGtm_TOM2_15_TOUT75_P15_4_OUT
                0x0000000080000774                IfxGtm_TOM2_15_TOUT67_P20_11_OUT
                0x0000000080000788                IfxGtm_TOM2_15_TOUT149_P34_4_OUT
                0x000000008000079c                IfxGtm_TOM2_14_TOUT74_P15_3_OUT
                0x00000000800007b0                IfxGtm_TOM2_14_TOUT66_P20_10_OUT
                0x00000000800007c4                IfxGtm_TOM2_14_TOUT36_P32_0_OUT
                0x00000000800007d8                IfxGtm_TOM2_14_TOUT137_P22_11_OUT
                0x00000000800007ec                IfxGtm_TOM2_13_TOUT73_P15_2_OUT
                0x0000000080000800                IfxGtm_TOM2_13_TOUT65_P20_9_OUT
                0x0000000080000814                IfxGtm_TOM2_13_TOUT35_P33_13_OUT
                0x0000000080000828                IfxGtm_TOM2_13_TOUT136_P22_10_OUT
                0x000000008000083c                IfxGtm_TOM2_13_TOUT110_P10_8_OUT
                0x0000000080000850                IfxGtm_TOM2_12_TOUT72_P15_1_OUT
                0x0000000080000864                IfxGtm_TOM2_12_TOUT34_P33_12_OUT
                0x0000000080000878                IfxGtm_TOM2_12_TOUT135_P22_9_OUT
                0x000000008000088c                IfxGtm_TOM2_12_TOUT102_P10_0_OUT
                0x00000000800008a0                IfxGtm_TOM2_11_TOUT71_P15_0_OUT
                0x00000000800008b4                IfxGtm_TOM2_11_TOUT63_P20_7_OUT
                0x00000000800008c8                IfxGtm_TOM2_11_TOUT134_P22_8_OUT
                0x00000000800008dc                IfxGtm_TOM2_11_TOUT108_P10_6_OUT
                0x00000000800008f0                IfxGtm_TOM2_11_TOUT105_P10_3_OUT
                0x0000000080000904                IfxGtm_TOM2_10_TOUT70_P20_14_OUT
                0x0000000080000918                IfxGtm_TOM2_10_TOUT62_P20_6_OUT
                0x000000008000092c                IfxGtm_TOM2_10_TOUT133_P22_7_OUT
                0x0000000080000940                IfxGtm_TOM2_10_TOUT107_P10_5_OUT
                0x0000000080000954                IfxGtm_TOM2_10_TOUT104_P10_2_OUT
                0x0000000080000968                IfxGtm_TOM2_0_TOUT94_P13_3_OUT
                0x000000008000097c                IfxGtm_TOM2_0_TOUT87_P14_7_OUT
                0x0000000080000990                IfxGtm_TOM2_0_TOUT53_P21_2_OUT
                0x00000000800009a4                IfxGtm_TOM2_0_TOUT48_P22_1_OUT
                0x00000000800009b8                IfxGtm_TOM2_0_TOUT119_P11_0_OUT
                0x00000000800009cc                IfxGtm_TOM1_9_TOUT1_P02_1_OUT
                0x00000000800009e0                IfxGtm_TOM1_9_TOUT142_P32_7_OUT
                0x00000000800009f4                IfxGtm_TOM1_9_TOUT129_P12_1_OUT
                0x0000000080000a08                IfxGtm_TOM1_8_TOUT141_P32_6_OUT
                0x0000000080000a1c                IfxGtm_TOM1_8_TOUT128_P12_0_OUT
                0x0000000080000a30                IfxGtm_TOM1_8_TOUT0_P02_0_OUT
                0x0000000080000a44                IfxGtm_TOM1_7_TOUT84_P14_4_OUT
                0x0000000080000a58                IfxGtm_TOM1_7_TOUT75_P15_4_OUT
                0x0000000080000a6c                IfxGtm_TOM1_7_TOUT64_P20_8_OUT
                0x0000000080000a80                IfxGtm_TOM1_7_TOUT45_P23_4_OUT
                0x0000000080000a94                IfxGtm_TOM1_7_TOUT44_P23_3_OUT
                0x0000000080000aa8                IfxGtm_TOM1_7_TOUT25_P33_3_OUT
                0x0000000080000abc                IfxGtm_TOM1_7_TOUT17_P00_8_OUT
                0x0000000080000ad0                IfxGtm_TOM1_6_TOUT83_P14_3_OUT
                0x0000000080000ae4                IfxGtm_TOM1_6_TOUT74_P15_3_OUT
                0x0000000080000af8                IfxGtm_TOM1_6_TOUT43_P23_2_OUT
                0x0000000080000b0c                IfxGtm_TOM1_6_TOUT24_P33_2_OUT
                0x0000000080000b20                IfxGtm_TOM1_6_TOUT16_P00_7_OUT
                0x0000000080000b34                IfxGtm_TOM1_5_TOUT82_P14_2_OUT
                0x0000000080000b48                IfxGtm_TOM1_5_TOUT73_P15_2_OUT
                0x0000000080000b5c                IfxGtm_TOM1_5_TOUT41_P23_0_OUT
                0x0000000080000b70                IfxGtm_TOM1_5_TOUT40_P32_4_OUT
                0x0000000080000b84                IfxGtm_TOM1_5_TOUT23_P33_1_OUT
                0x0000000080000b98                IfxGtm_TOM1_5_TOUT15_P00_6_OUT
                0x0000000080000bac                IfxGtm_TOM1_4_TOUT81_P14_1_OUT
                0x0000000080000bc0                IfxGtm_TOM1_4_TOUT72_P15_1_OUT
                0x0000000080000bd4                IfxGtm_TOM1_4_TOUT39_P32_3_OUT
                0x0000000080000be8                IfxGtm_TOM1_4_TOUT30_P33_8_OUT
                0x0000000080000bfc                IfxGtm_TOM1_4_TOUT22_P33_0_OUT
                0x0000000080000c10                IfxGtm_TOM1_4_TOUT14_P00_5_OUT
                0x0000000080000c24                IfxGtm_TOM1_3_TOUT80_P14_0_OUT
                0x0000000080000c38                IfxGtm_TOM1_3_TOUT71_P15_0_OUT
                0x0000000080000c4c                IfxGtm_TOM1_3_TOUT38_P32_2_OUT
                0x0000000080000c60                IfxGtm_TOM1_3_TOUT29_P33_7_OUT
                0x0000000080000c74                IfxGtm_TOM1_3_TOUT21_P00_12_OUT
                0x0000000080000c88                IfxGtm_TOM1_3_TOUT13_P00_4_OUT
                0x0000000080000c9c                IfxGtm_TOM1_2_TOUT79_P15_8_OUT
                0x0000000080000cb0                IfxGtm_TOM1_2_TOUT70_P20_14_OUT
                0x0000000080000cc4                IfxGtm_TOM1_2_TOUT33_P33_11_OUT
                0x0000000080000cd8                IfxGtm_TOM1_2_TOUT28_P33_6_OUT
                0x0000000080000cec                IfxGtm_TOM1_2_TOUT20_P00_11_OUT
                0x0000000080000d00                IfxGtm_TOM1_2_TOUT12_P00_3_OUT
                0x0000000080000d14                IfxGtm_TOM1_1_TOUT86_P14_6_OUT
                0x0000000080000d28                IfxGtm_TOM1_1_TOUT78_P15_7_OUT
                0x0000000080000d3c                IfxGtm_TOM1_1_TOUT69_P20_13_OUT
                0x0000000080000d50                IfxGtm_TOM1_1_TOUT31_P33_9_OUT
                0x0000000080000d64                IfxGtm_TOM1_1_TOUT27_P33_5_OUT
                0x0000000080000d78                IfxGtm_TOM1_1_TOUT19_P00_10_OUT
                0x0000000080000d8c                IfxGtm_TOM1_1_TOUT11_P00_2_OUT
                0x0000000080000da0                IfxGtm_TOM1_1_TOUT10_P00_1_OUT
                0x0000000080000db4                IfxGtm_TOM1_15_TOUT7_P02_7_OUT
                0x0000000080000dc8                IfxGtm_TOM1_15_TOUT67_P20_11_OUT
                0x0000000080000ddc                IfxGtm_TOM1_15_TOUT150_P34_5_OUT
                0x0000000080000df0                IfxGtm_TOM1_15_TOUT148_P34_3_OUT
                0x0000000080000e04                IfxGtm_TOM1_14_TOUT6_P02_6_OUT
                0x0000000080000e18                IfxGtm_TOM1_14_TOUT66_P20_10_OUT
                0x0000000080000e2c                IfxGtm_TOM1_14_TOUT36_P32_0_OUT
                0x0000000080000e40                IfxGtm_TOM1_14_TOUT147_P34_2_OUT
                0x0000000080000e54                IfxGtm_TOM1_13_TOUT65_P20_9_OUT
                0x0000000080000e68                IfxGtm_TOM1_13_TOUT5_P02_5_OUT
                0x0000000080000e7c                IfxGtm_TOM1_13_TOUT35_P33_13_OUT
                0x0000000080000e90                IfxGtm_TOM1_13_TOUT146_P34_1_OUT
                0x0000000080000ea4                IfxGtm_TOM1_12_TOUT61_P20_3_OUT
                0x0000000080000eb8                IfxGtm_TOM1_12_TOUT4_P02_4_OUT
                0x0000000080000ecc                IfxGtm_TOM1_12_TOUT34_P33_12_OUT
                0x0000000080000ee0                IfxGtm_TOM1_11_TOUT63_P20_7_OUT
                0x0000000080000ef4                IfxGtm_TOM1_11_TOUT60_P20_1_OUT
                0x0000000080000f08                IfxGtm_TOM1_11_TOUT3_P02_3_OUT
                0x0000000080000f1c                IfxGtm_TOM1_11_TOUT144_P33_15_OUT
                0x0000000080000f30                IfxGtm_TOM1_10_TOUT62_P20_6_OUT
                0x0000000080000f44                IfxGtm_TOM1_10_TOUT2_P02_2_OUT
                0x0000000080000f58                IfxGtm_TOM1_10_TOUT143_P33_14_OUT
                0x0000000080000f6c                IfxGtm_TOM1_0_TOUT9_P00_0_OUT
                0x0000000080000f80                IfxGtm_TOM1_0_TOUT8_P02_8_OUT
                0x0000000080000f94                IfxGtm_TOM1_0_TOUT85_P14_5_OUT
                0x0000000080000fa8                IfxGtm_TOM1_0_TOUT77_P15_6_OUT
                0x0000000080000fbc                IfxGtm_TOM1_0_TOUT76_P15_5_OUT
                0x0000000080000fd0                IfxGtm_TOM1_0_TOUT68_P20_12_OUT
                0x0000000080000fe4                IfxGtm_TOM1_0_TOUT32_P33_10_OUT
                0x0000000080000ff8                IfxGtm_TOM1_0_TOUT26_P33_4_OUT
                0x000000008000100c                IfxGtm_TOM1_0_TOUT18_P00_9_OUT
                0x0000000080001020                IfxGtm_TOM0_9_TOUT52_P21_1_OUT
                0x0000000080001034                IfxGtm_TOM0_9_TOUT47_P22_0_OUT
                0x0000000080001048                IfxGtm_TOM0_9_TOUT1_P02_1_OUT
                0x000000008000105c                IfxGtm_TOM0_9_TOUT11_P00_2_OUT
                0x0000000080001070                IfxGtm_TOM0_9_TOUT10_P00_1_OUT
                0x0000000080001084                IfxGtm_TOM0_8_TOUT9_P00_0_OUT
                0x0000000080001098                IfxGtm_TOM0_8_TOUT95_P11_2_OUT
                0x00000000800010ac                IfxGtm_TOM0_8_TOUT94_P13_3_OUT
                0x00000000800010c0                IfxGtm_TOM0_8_TOUT8_P02_8_OUT
                0x00000000800010d4                IfxGtm_TOM0_8_TOUT51_P21_0_OUT
                0x00000000800010e8                IfxGtm_TOM0_8_TOUT48_P22_1_OUT
                0x00000000800010fc                IfxGtm_TOM0_8_TOUT0_P02_0_OUT
                0x0000000080001110                IfxGtm_TOM0_7_TOUT93_P13_2_OUT
                0x0000000080001124                IfxGtm_TOM0_7_TOUT84_P14_4_OUT
                0x0000000080001138                IfxGtm_TOM0_7_TOUT45_P23_4_OUT
                0x000000008000114c                IfxGtm_TOM0_7_TOUT25_P33_3_OUT
                0x0000000080001160                IfxGtm_TOM0_6_TOUT92_P13_1_OUT
                0x0000000080001174                IfxGtm_TOM0_6_TOUT83_P14_3_OUT
                0x0000000080001188                IfxGtm_TOM0_6_TOUT59_P20_0_OUT
                0x000000008000119c                IfxGtm_TOM0_6_TOUT42_P23_1_OUT
                0x00000000800011b0                IfxGtm_TOM0_6_TOUT24_P33_2_OUT
                0x00000000800011c4                IfxGtm_TOM0_6_TOUT106_P10_4_OUT
                0x00000000800011d8                IfxGtm_TOM0_5_TOUT91_P13_0_OUT
                0x00000000800011ec                IfxGtm_TOM0_5_TOUT82_P14_2_OUT
                0x0000000080001200                IfxGtm_TOM0_5_TOUT58_P21_7_OUT
                0x0000000080001214                IfxGtm_TOM0_5_TOUT40_P32_4_OUT
                0x0000000080001228                IfxGtm_TOM0_5_TOUT23_P33_1_OUT
                0x000000008000123c                IfxGtm_TOM0_5_TOUT110_P10_8_OUT
                0x0000000080001250                IfxGtm_TOM0_4_TOUT90_P14_10_OUT
                0x0000000080001264                IfxGtm_TOM0_4_TOUT81_P14_1_OUT
                0x0000000080001278                IfxGtm_TOM0_4_TOUT57_P21_6_OUT
                0x000000008000128c                IfxGtm_TOM0_4_TOUT39_P32_3_OUT
                0x00000000800012a0                IfxGtm_TOM0_4_TOUT30_P33_8_OUT
                0x00000000800012b4                IfxGtm_TOM0_4_TOUT22_P33_0_OUT
                0x00000000800012c8                IfxGtm_TOM0_4_TOUT102_P10_0_OUT
                0x00000000800012dc                IfxGtm_TOM0_3_TOUT89_P14_9_OUT
                0x00000000800012f0                IfxGtm_TOM0_3_TOUT80_P14_0_OUT
                0x0000000080001304                IfxGtm_TOM0_3_TOUT56_P21_5_OUT
                0x0000000080001318                IfxGtm_TOM0_3_TOUT38_P32_2_OUT
                0x000000008000132c                IfxGtm_TOM0_3_TOUT29_P33_7_OUT
                0x0000000080001340                IfxGtm_TOM0_3_TOUT21_P00_12_OUT
                0x0000000080001354                IfxGtm_TOM0_3_TOUT108_P10_6_OUT
                0x0000000080001368                IfxGtm_TOM0_3_TOUT105_P10_3_OUT
                0x000000008000137c                IfxGtm_TOM0_2_TOUT88_P14_8_OUT
                0x0000000080001390                IfxGtm_TOM0_2_TOUT79_P15_8_OUT
                0x00000000800013a4                IfxGtm_TOM0_2_TOUT55_P21_4_OUT
                0x00000000800013b8                IfxGtm_TOM0_2_TOUT33_P33_11_OUT
                0x00000000800013cc                IfxGtm_TOM0_2_TOUT28_P33_6_OUT
                0x00000000800013e0                IfxGtm_TOM0_2_TOUT20_P00_11_OUT
                0x00000000800013f4                IfxGtm_TOM0_2_TOUT107_P10_5_OUT
                0x0000000080001408                IfxGtm_TOM0_2_TOUT104_P10_2_OUT
                0x000000008000141c                IfxGtm_TOM0_1_TOUT86_P14_6_OUT
                0x0000000080001430                IfxGtm_TOM0_1_TOUT78_P15_7_OUT
                0x0000000080001444                IfxGtm_TOM0_1_TOUT54_P21_3_OUT
                0x0000000080001458                IfxGtm_TOM0_1_TOUT31_P33_9_OUT
                0x000000008000146c                IfxGtm_TOM0_1_TOUT27_P33_5_OUT
                0x0000000080001480                IfxGtm_TOM0_1_TOUT19_P00_10_OUT
                0x0000000080001494                IfxGtm_TOM0_1_TOUT103_P10_1_OUT
                0x00000000800014a8                IfxGtm_TOM0_15_TOUT7_P02_7_OUT
                0x00000000800014bc                IfxGtm_TOM0_15_TOUT42_P23_1_OUT
                0x00000000800014d0                IfxGtm_TOM0_15_TOUT17_P00_8_OUT
                0x00000000800014e4                IfxGtm_TOM0_15_TOUT101_P11_12_OUT
                0x00000000800014f8                IfxGtm_TOM0_14_TOUT6_P02_6_OUT
                0x000000008000150c                IfxGtm_TOM0_14_TOUT16_P00_7_OUT
                0x0000000080001520                IfxGtm_TOM0_14_TOUT100_P11_11_OUT
                0x0000000080001534                IfxGtm_TOM0_13_TOUT99_P11_10_OUT
                0x0000000080001548                IfxGtm_TOM0_13_TOUT5_P02_5_OUT
                0x000000008000155c                IfxGtm_TOM0_13_TOUT15_P00_6_OUT
                0x0000000080001570                IfxGtm_TOM0_12_TOUT98_P11_9_OUT
                0x0000000080001584                IfxGtm_TOM0_12_TOUT50_P22_3_OUT
                0x0000000080001598                IfxGtm_TOM0_12_TOUT4_P02_4_OUT
                0x00000000800015ac                IfxGtm_TOM0_12_TOUT44_P23_3_OUT
                0x00000000800015c0                IfxGtm_TOM0_12_TOUT14_P00_5_OUT
                0x00000000800015d4                IfxGtm_TOM0_11_TOUT97_P11_6_OUT
                0x00000000800015e8                IfxGtm_TOM0_11_TOUT49_P22_2_OUT
                0x00000000800015fc                IfxGtm_TOM0_11_TOUT43_P23_2_OUT
                0x0000000080001610                IfxGtm_TOM0_11_TOUT3_P02_3_OUT
                0x0000000080001624                IfxGtm_TOM0_11_TOUT13_P00_4_OUT
                0x0000000080001638                IfxGtm_TOM0_10_TOUT96_P11_3_OUT
                0x000000008000164c                IfxGtm_TOM0_10_TOUT46_P23_5_OUT
                0x0000000080001660                IfxGtm_TOM0_10_TOUT41_P23_0_OUT
                0x0000000080001674                IfxGtm_TOM0_10_TOUT2_P02_2_OUT
                0x0000000080001688                IfxGtm_TOM0_10_TOUT12_P00_3_OUT
                0x000000008000169c                IfxGtm_TOM0_0_TOUT87_P14_7_OUT
                0x00000000800016b0                IfxGtm_TOM0_0_TOUT85_P14_5_OUT
                0x00000000800016c4                IfxGtm_TOM0_0_TOUT77_P15_6_OUT
                0x00000000800016d8                IfxGtm_TOM0_0_TOUT76_P15_5_OUT
                0x00000000800016ec                IfxGtm_TOM0_0_TOUT53_P21_2_OUT
                0x0000000080001700                IfxGtm_TOM0_0_TOUT32_P33_10_OUT
                0x0000000080001714                IfxGtm_TOM0_0_TOUT26_P33_4_OUT
                0x0000000080001728                IfxGtm_TOM0_0_TOUT18_P00_9_OUT
                0x000000008000173c                IfxGtm_TOM0_0_TOUT109_P10_7_OUT
                0x0000000080001750                IfxGtm_TIM3_7_TIN93_P13_2_IN
                0x0000000080001760                IfxGtm_TIM3_7_TIN75_P15_4_IN
                0x0000000080001770                IfxGtm_TIM3_7_TIN67_P20_11_IN
                0x0000000080001780                IfxGtm_TIM3_7_TIN63_P20_7_IN
                0x0000000080001790                IfxGtm_TIM3_7_TIN17_P00_8_IN
                0x00000000800017a0                IfxGtm_TIM3_7_TIN142_P32_7_IN
                0x00000000800017b0                IfxGtm_TIM3_7_TIN137_P22_11_IN
                0x00000000800017c0                IfxGtm_TIM3_7_TIN101_P11_12_IN
                0x00000000800017d0                IfxGtm_TIM3_6_TIN92_P13_1_IN
                0x00000000800017e0                IfxGtm_TIM3_6_TIN74_P15_3_IN
                0x00000000800017f0                IfxGtm_TIM3_6_TIN66_P20_10_IN
                0x0000000080001800                IfxGtm_TIM3_6_TIN62_P20_6_IN
                0x0000000080001810                IfxGtm_TIM3_6_TIN16_P00_7_IN
                0x0000000080001820                IfxGtm_TIM3_6_TIN141_P32_6_IN
                0x0000000080001830                IfxGtm_TIM3_6_TIN136_P22_10_IN
                0x0000000080001840                IfxGtm_TIM3_6_TIN100_P11_11_IN
                0x0000000080001850                IfxGtm_TIM3_5_TIN99_P11_10_IN
                0x0000000080001860                IfxGtm_TIM3_5_TIN91_P13_0_IN
                0x0000000080001870                IfxGtm_TIM3_5_TIN73_P15_2_IN
                0x0000000080001880                IfxGtm_TIM3_5_TIN65_P20_9_IN
                0x0000000080001890                IfxGtm_TIM3_5_TIN52_P21_1_IN
                0x00000000800018a0                IfxGtm_TIM3_5_TIN15_P00_6_IN
                0x00000000800018b0                IfxGtm_TIM3_5_TIN140_P32_5_IN
                0x00000000800018c0                IfxGtm_TIM3_5_TIN135_P22_9_IN
                0x00000000800018d0                IfxGtm_TIM3_4_TIN98_P11_9_IN
                0x00000000800018e0                IfxGtm_TIM3_4_TIN90_P14_10_IN
                0x00000000800018f0                IfxGtm_TIM3_4_TIN72_P15_1_IN
                0x0000000080001900                IfxGtm_TIM3_4_TIN61_P20_3_IN
                0x0000000080001910                IfxGtm_TIM3_4_TIN51_P21_0_IN
                0x0000000080001920                IfxGtm_TIM3_4_TIN14_P00_5_IN
                0x0000000080001930                IfxGtm_TIM3_4_TIN134_P22_8_IN
                0x0000000080001940                IfxGtm_TIM3_3_TIN97_P11_6_IN
                0x0000000080001950                IfxGtm_TIM3_3_TIN89_P14_9_IN
                0x0000000080001960                IfxGtm_TIM3_3_TIN71_P15_0_IN
                0x0000000080001970                IfxGtm_TIM3_3_TIN60_P20_1_IN
                0x0000000080001980                IfxGtm_TIM3_3_TIN13_P00_4_IN
                0x0000000080001990                IfxGtm_TIM3_3_TIN133_P22_7_IN
                0x00000000800019a0                IfxGtm_TIM3_2_TIN96_P11_3_IN
                0x00000000800019b0                IfxGtm_TIM3_2_TIN88_P14_8_IN
                0x00000000800019c0                IfxGtm_TIM3_2_TIN70_P20_14_IN
                0x00000000800019d0                IfxGtm_TIM3_2_TIN36_P32_0_IN
                0x00000000800019e0                IfxGtm_TIM3_2_TIN132_P22_6_IN
                0x00000000800019f0                IfxGtm_TIM3_2_TIN12_P00_3_IN
                0x0000000080001a00                IfxGtm_TIM3_1_TIN95_P11_2_IN
                0x0000000080001a10                IfxGtm_TIM3_1_TIN69_P20_13_IN
                0x0000000080001a20                IfxGtm_TIM3_1_TIN35_P33_13_IN
                0x0000000080001a30                IfxGtm_TIM3_1_TIN131_P22_5_IN
                0x0000000080001a40                IfxGtm_TIM3_1_TIN129_P12_1_IN
                0x0000000080001a50                IfxGtm_TIM3_1_TIN11_P00_2_IN
                0x0000000080001a60                IfxGtm_TIM3_1_TIN10_P00_1_IN
                0x0000000080001a70                IfxGtm_TIM3_0_TIN9_P00_0_IN
                0x0000000080001a80                IfxGtm_TIM3_0_TIN94_P13_3_IN
                0x0000000080001a90                IfxGtm_TIM3_0_TIN8_P02_8_IN
                0x0000000080001aa0                IfxGtm_TIM3_0_TIN76_P15_5_IN
                0x0000000080001ab0                IfxGtm_TIM3_0_TIN68_P20_12_IN
                0x0000000080001ac0                IfxGtm_TIM3_0_TIN34_P33_12_IN
                0x0000000080001ad0                IfxGtm_TIM3_0_TIN130_P22_4_IN
                0x0000000080001ae0                IfxGtm_TIM3_0_TIN128_P12_0_IN
                0x0000000080001af0                IfxGtm_TIM2_7_TIN93_P13_2_IN
                0x0000000080001b00                IfxGtm_TIM2_7_TIN75_P15_4_IN
                0x0000000080001b10                IfxGtm_TIM2_7_TIN67_P20_11_IN
                0x0000000080001b20                IfxGtm_TIM2_7_TIN63_P20_7_IN
                0x0000000080001b30                IfxGtm_TIM2_7_TIN17_P00_8_IN
                0x0000000080001b40                IfxGtm_TIM2_7_TIN150_P34_5_IN
                0x0000000080001b50                IfxGtm_TIM2_7_TIN126_P11_14_IN
                0x0000000080001b60                IfxGtm_TIM2_7_TIN115_P01_7_IN
                0x0000000080001b70                IfxGtm_TIM2_7_TIN101_P11_12_IN
                0x0000000080001b80                IfxGtm_TIM2_6_TIN92_P13_1_IN
                0x0000000080001b90                IfxGtm_TIM2_6_TIN74_P15_3_IN
                0x0000000080001ba0                IfxGtm_TIM2_6_TIN66_P20_10_IN
                0x0000000080001bb0                IfxGtm_TIM2_6_TIN62_P20_6_IN
                0x0000000080001bc0                IfxGtm_TIM2_6_TIN16_P00_7_IN
                0x0000000080001bd0                IfxGtm_TIM2_6_TIN149_P34_4_IN
                0x0000000080001be0                IfxGtm_TIM2_6_TIN125_P11_13_IN
                0x0000000080001bf0                IfxGtm_TIM2_6_TIN100_P11_11_IN
                0x0000000080001c00                IfxGtm_TIM2_5_TIN99_P11_10_IN
                0x0000000080001c10                IfxGtm_TIM2_5_TIN91_P13_0_IN
                0x0000000080001c20                IfxGtm_TIM2_5_TIN73_P15_2_IN
                0x0000000080001c30                IfxGtm_TIM2_5_TIN65_P20_9_IN
                0x0000000080001c40                IfxGtm_TIM2_5_TIN52_P21_1_IN
                0x0000000080001c50                IfxGtm_TIM2_5_TIN15_P00_6_IN
                0x0000000080001c60                IfxGtm_TIM2_5_TIN148_P34_3_IN
                0x0000000080001c70                IfxGtm_TIM2_5_TIN124_P11_8_IN
                0x0000000080001c80                IfxGtm_TIM2_5_TIN114_P01_6_IN
                0x0000000080001c90                IfxGtm_TIM2_4_TIN98_P11_9_IN
                0x0000000080001ca0                IfxGtm_TIM2_4_TIN90_P14_10_IN
                0x0000000080001cb0                IfxGtm_TIM2_4_TIN72_P15_1_IN
                0x0000000080001cc0                IfxGtm_TIM2_4_TIN61_P20_3_IN
                0x0000000080001cd0                IfxGtm_TIM2_4_TIN51_P21_0_IN
                0x0000000080001ce0                IfxGtm_TIM2_4_TIN14_P00_5_IN
                0x0000000080001cf0                IfxGtm_TIM2_4_TIN147_P34_2_IN
                0x0000000080001d00                IfxGtm_TIM2_4_TIN123_P11_7_IN
                0x0000000080001d10                IfxGtm_TIM2_3_TIN97_P11_6_IN
                0x0000000080001d20                IfxGtm_TIM2_3_TIN89_P14_9_IN
                0x0000000080001d30                IfxGtm_TIM2_3_TIN71_P15_0_IN
                0x0000000080001d40                IfxGtm_TIM2_3_TIN60_P20_1_IN
                0x0000000080001d50                IfxGtm_TIM2_3_TIN146_P34_1_IN
                0x0000000080001d60                IfxGtm_TIM2_3_TIN13_P00_4_IN
                0x0000000080001d70                IfxGtm_TIM2_3_TIN122_P11_5_IN
                0x0000000080001d80                IfxGtm_TIM2_3_TIN113_P01_5_IN
                0x0000000080001d90                IfxGtm_TIM2_2_TIN96_P11_3_IN
                0x0000000080001da0                IfxGtm_TIM2_2_TIN88_P14_8_IN
                0x0000000080001db0                IfxGtm_TIM2_2_TIN70_P20_14_IN
                0x0000000080001dc0                IfxGtm_TIM2_2_TIN36_P32_0_IN
                0x0000000080001dd0                IfxGtm_TIM2_2_TIN12_P00_3_IN
                0x0000000080001de0                IfxGtm_TIM2_2_TIN121_P11_4_IN
                0x0000000080001df0                IfxGtm_TIM2_1_TIN95_P11_2_IN
                0x0000000080001e00                IfxGtm_TIM2_1_TIN69_P20_13_IN
                0x0000000080001e10                IfxGtm_TIM2_1_TIN35_P33_13_IN
                0x0000000080001e20                IfxGtm_TIM2_1_TIN144_P33_15_IN
                0x0000000080001e30                IfxGtm_TIM2_1_TIN120_P11_1_IN
                0x0000000080001e40                IfxGtm_TIM2_1_TIN11_P00_2_IN
                0x0000000080001e50                IfxGtm_TIM2_1_TIN10_P00_1_IN
                0x0000000080001e60                IfxGtm_TIM2_0_TIN9_P00_0_IN
                0x0000000080001e70                IfxGtm_TIM2_0_TIN94_P13_3_IN
                0x0000000080001e80                IfxGtm_TIM2_0_TIN8_P02_8_IN
                0x0000000080001e90                IfxGtm_TIM2_0_TIN76_P15_5_IN
                0x0000000080001ea0                IfxGtm_TIM2_0_TIN68_P20_12_IN
                0x0000000080001eb0                IfxGtm_TIM2_0_TIN34_P33_12_IN
                0x0000000080001ec0                IfxGtm_TIM2_0_TIN143_P33_14_IN
                0x0000000080001ed0                IfxGtm_TIM2_0_TIN119_P11_0_IN
                0x0000000080001ee0                IfxGtm_TIM1_7_TIN84_P14_4_IN
                0x0000000080001ef0                IfxGtm_TIM1_7_TIN7_P02_7_IN
                0x0000000080001f00                IfxGtm_TIM1_7_TIN64_P20_8_IN
                0x0000000080001f10                IfxGtm_TIM1_7_TIN45_P23_4_IN
                0x0000000080001f20                IfxGtm_TIM1_7_TIN44_P23_3_IN
                0x0000000080001f30                IfxGtm_TIM1_7_TIN25_P33_3_IN
                0x0000000080001f40                IfxGtm_TIM1_6_TIN83_P14_3_IN
                0x0000000080001f50                IfxGtm_TIM1_6_TIN6_P02_6_IN
                0x0000000080001f60                IfxGtm_TIM1_6_TIN59_P20_0_IN
                0x0000000080001f70                IfxGtm_TIM1_6_TIN43_P23_2_IN
                0x0000000080001f80                IfxGtm_TIM1_6_TIN42_P23_1_IN
                0x0000000080001f90                IfxGtm_TIM1_6_TIN24_P33_2_IN
                0x0000000080001fa0                IfxGtm_TIM1_6_TIN106_P10_4_IN
                0x0000000080001fb0                IfxGtm_TIM1_5_TIN82_P14_2_IN
                0x0000000080001fc0                IfxGtm_TIM1_5_TIN5_P02_5_IN
                0x0000000080001fd0                IfxGtm_TIM1_5_TIN58_P21_7_IN
                0x0000000080001fe0                IfxGtm_TIM1_5_TIN41_P23_0_IN
                0x0000000080001ff0                IfxGtm_TIM1_5_TIN40_P32_4_IN
                0x0000000080002000                IfxGtm_TIM1_5_TIN23_P33_1_IN
                0x0000000080002010                IfxGtm_TIM1_5_TIN110_P10_8_IN
                0x0000000080002020                IfxGtm_TIM1_4_TIN81_P14_1_IN
                0x0000000080002030                IfxGtm_TIM1_4_TIN57_P21_6_IN
                0x0000000080002040                IfxGtm_TIM1_4_TIN50_P22_3_IN
                0x0000000080002050                IfxGtm_TIM1_4_TIN4_P02_4_IN
                0x0000000080002060                IfxGtm_TIM1_4_TIN39_P32_3_IN
                0x0000000080002070                IfxGtm_TIM1_4_TIN30_P33_8_IN
                0x0000000080002080                IfxGtm_TIM1_4_TIN22_P33_0_IN
                0x0000000080002090                IfxGtm_TIM1_4_TIN102_P10_0_IN
                0x00000000800020a0                IfxGtm_TIM1_3_TIN80_P14_0_IN
                0x00000000800020b0                IfxGtm_TIM1_3_TIN56_P21_5_IN
                0x00000000800020c0                IfxGtm_TIM1_3_TIN49_P22_2_IN
                0x00000000800020d0                IfxGtm_TIM1_3_TIN3_P02_3_IN
                0x00000000800020e0                IfxGtm_TIM1_3_TIN38_P32_2_IN
                0x00000000800020f0                IfxGtm_TIM1_3_TIN29_P33_7_IN
                0x0000000080002100                IfxGtm_TIM1_3_TIN21_P00_12_IN
                0x0000000080002110                IfxGtm_TIM1_3_TIN139_P23_7_IN
                0x0000000080002120                IfxGtm_TIM1_3_TIN108_P10_6_IN
                0x0000000080002130                IfxGtm_TIM1_3_TIN105_P10_3_IN
                0x0000000080002140                IfxGtm_TIM1_2_TIN79_P15_8_IN
                0x0000000080002150                IfxGtm_TIM1_2_TIN55_P21_4_IN
                0x0000000080002160                IfxGtm_TIM1_2_TIN46_P23_5_IN
                0x0000000080002170                IfxGtm_TIM1_2_TIN33_P33_11_IN
                0x0000000080002180                IfxGtm_TIM1_2_TIN2_P02_2_IN
                0x0000000080002190                IfxGtm_TIM1_2_TIN28_P33_6_IN
                0x00000000800021a0                IfxGtm_TIM1_2_TIN20_P00_11_IN
                0x00000000800021b0                IfxGtm_TIM1_2_TIN138_P23_6_IN
                0x00000000800021c0                IfxGtm_TIM1_2_TIN107_P10_5_IN
                0x00000000800021d0                IfxGtm_TIM1_2_TIN104_P10_2_IN
                0x00000000800021e0                IfxGtm_TIM1_1_TIN86_P14_6_IN
                0x00000000800021f0                IfxGtm_TIM1_1_TIN78_P15_7_IN
                0x0000000080002200                IfxGtm_TIM1_1_TIN54_P21_3_IN
                0x0000000080002210                IfxGtm_TIM1_1_TIN47_P22_0_IN
                0x0000000080002220                IfxGtm_TIM1_1_TIN31_P33_9_IN
                0x0000000080002230                IfxGtm_TIM1_1_TIN27_P33_5_IN
                0x0000000080002240                IfxGtm_TIM1_1_TIN1_P02_1_IN
                0x0000000080002250                IfxGtm_TIM1_1_TIN19_P00_10_IN
                0x0000000080002260                IfxGtm_TIM1_1_TIN103_P10_1_IN
                0x0000000080002270                IfxGtm_TIM1_0_TIN87_P14_7_IN
                0x0000000080002280                IfxGtm_TIM1_0_TIN85_P14_5_IN
                0x0000000080002290                IfxGtm_TIM1_0_TIN77_P15_6_IN
                0x00000000800022a0                IfxGtm_TIM1_0_TIN53_P21_2_IN
                0x00000000800022b0                IfxGtm_TIM1_0_TIN48_P22_1_IN
                0x00000000800022c0                IfxGtm_TIM1_0_TIN32_P33_10_IN
                0x00000000800022d0                IfxGtm_TIM1_0_TIN26_P33_4_IN
                0x00000000800022e0                IfxGtm_TIM1_0_TIN18_P00_9_IN
                0x00000000800022f0                IfxGtm_TIM1_0_TIN109_P10_7_IN
                0x0000000080002300                IfxGtm_TIM1_0_TIN0_P02_0_IN
                0x0000000080002310                IfxGtm_TIM0_7_TIN84_P14_4_IN
                0x0000000080002320                IfxGtm_TIM0_7_TIN7_P02_7_IN
                0x0000000080002330                IfxGtm_TIM0_7_TIN64_P20_8_IN
                0x0000000080002340                IfxGtm_TIM0_7_TIN45_P23_4_IN
                0x0000000080002350                IfxGtm_TIM0_7_TIN44_P23_3_IN
                0x0000000080002360                IfxGtm_TIM0_7_TIN25_P33_3_IN
                0x0000000080002370                IfxGtm_TIM0_7_TIN127_P11_15_IN
                0x0000000080002380                IfxGtm_TIM0_7_TIN118_P02_11_IN
                0x0000000080002390                IfxGtm_TIM0_6_TIN83_P14_3_IN
                0x00000000800023a0                IfxGtm_TIM0_6_TIN6_P02_6_IN
                0x00000000800023b0                IfxGtm_TIM0_6_TIN59_P20_0_IN
                0x00000000800023c0                IfxGtm_TIM0_6_TIN43_P23_2_IN
                0x00000000800023d0                IfxGtm_TIM0_6_TIN42_P23_1_IN
                0x00000000800023e0                IfxGtm_TIM0_6_TIN24_P33_2_IN
                0x00000000800023f0                IfxGtm_TIM0_6_TIN112_P01_4_IN
                0x0000000080002400                IfxGtm_TIM0_6_TIN106_P10_4_IN
                0x0000000080002410                IfxGtm_TIM0_5_TIN82_P14_2_IN
                0x0000000080002420                IfxGtm_TIM0_5_TIN5_P02_5_IN
                0x0000000080002430                IfxGtm_TIM0_5_TIN58_P21_7_IN
                0x0000000080002440                IfxGtm_TIM0_5_TIN41_P23_0_IN
                0x0000000080002450                IfxGtm_TIM0_5_TIN40_P32_4_IN
                0x0000000080002460                IfxGtm_TIM0_5_TIN23_P33_1_IN
                0x0000000080002470                IfxGtm_TIM0_5_TIN111_P01_3_IN
                0x0000000080002480                IfxGtm_TIM0_5_TIN110_P10_8_IN
                0x0000000080002490                IfxGtm_TIM0_4_TIN81_P14_1_IN
                0x00000000800024a0                IfxGtm_TIM0_4_TIN57_P21_6_IN
                0x00000000800024b0                IfxGtm_TIM0_4_TIN50_P22_3_IN
                0x00000000800024c0                IfxGtm_TIM0_4_TIN4_P02_4_IN
                0x00000000800024d0                IfxGtm_TIM0_4_TIN39_P32_3_IN
                0x00000000800024e0                IfxGtm_TIM0_4_TIN30_P33_8_IN
                0x00000000800024f0                IfxGtm_TIM0_4_TIN22_P33_0_IN
                0x0000000080002500                IfxGtm_TIM0_4_TIN102_P10_0_IN
                0x0000000080002510                IfxGtm_TIM0_3_TIN80_P14_0_IN
                0x0000000080002520                IfxGtm_TIM0_3_TIN56_P21_5_IN
                0x0000000080002530                IfxGtm_TIM0_3_TIN49_P22_2_IN
                0x0000000080002540                IfxGtm_TIM0_3_TIN3_P02_3_IN
                0x0000000080002550                IfxGtm_TIM0_3_TIN38_P32_2_IN
                0x0000000080002560                IfxGtm_TIM0_3_TIN29_P33_7_IN
                0x0000000080002570                IfxGtm_TIM0_3_TIN21_P00_12_IN
                0x0000000080002580                IfxGtm_TIM0_3_TIN117_P02_10_IN
                0x0000000080002590                IfxGtm_TIM0_3_TIN108_P10_6_IN
                0x00000000800025a0                IfxGtm_TIM0_3_TIN105_P10_3_IN
                0x00000000800025b0                IfxGtm_TIM0_2_TIN79_P15_8_IN
                0x00000000800025c0                IfxGtm_TIM0_2_TIN55_P21_4_IN
                0x00000000800025d0                IfxGtm_TIM0_2_TIN46_P23_5_IN
                0x00000000800025e0                IfxGtm_TIM0_2_TIN33_P33_11_IN
                0x00000000800025f0                IfxGtm_TIM0_2_TIN2_P02_2_IN
                0x0000000080002600                IfxGtm_TIM0_2_TIN28_P33_6_IN
                0x0000000080002610                IfxGtm_TIM0_2_TIN20_P00_11_IN
                0x0000000080002620                IfxGtm_TIM0_2_TIN116_P02_9_IN
                0x0000000080002630                IfxGtm_TIM0_2_TIN107_P10_5_IN
                0x0000000080002640                IfxGtm_TIM0_2_TIN104_P10_2_IN
                0x0000000080002650                IfxGtm_TIM0_1_TIN86_P14_6_IN
                0x0000000080002660                IfxGtm_TIM0_1_TIN78_P15_7_IN
                0x0000000080002670                IfxGtm_TIM0_1_TIN54_P21_3_IN
                0x0000000080002680                IfxGtm_TIM0_1_TIN47_P22_0_IN
                0x0000000080002690                IfxGtm_TIM0_1_TIN31_P33_9_IN
                0x00000000800026a0                IfxGtm_TIM0_1_TIN27_P33_5_IN
                0x00000000800026b0                IfxGtm_TIM0_1_TIN1_P02_1_IN
                0x00000000800026c0                IfxGtm_TIM0_1_TIN19_P00_10_IN
                0x00000000800026d0                IfxGtm_TIM0_1_TIN103_P10_1_IN
                0x00000000800026e0                IfxGtm_TIM0_0_TIN87_P14_7_IN
                0x00000000800026f0                IfxGtm_TIM0_0_TIN85_P14_5_IN
                0x0000000080002700                IfxGtm_TIM0_0_TIN77_P15_6_IN
                0x0000000080002710                IfxGtm_TIM0_0_TIN53_P21_2_IN
                0x0000000080002720                IfxGtm_TIM0_0_TIN48_P22_1_IN
                0x0000000080002730                IfxGtm_TIM0_0_TIN32_P33_10_IN
                0x0000000080002740                IfxGtm_TIM0_0_TIN26_P33_4_IN
                0x0000000080002750                IfxGtm_TIM0_0_TIN18_P00_9_IN
                0x0000000080002760                IfxGtm_TIM0_0_TIN109_P10_7_IN
                0x0000000080002770                IfxGtm_TIM0_0_TIN0_P02_0_IN
                0x0000000080002780                IfxGtm_CLK2_P11_12_OUT
                0x0000000080002790                IfxGtm_CLK1_P32_4_OUT
                0x00000000800027a0                IfxGtm_CLK0_P23_1_OUT
                0x00000000800027b0                IfxGtm_ATOM4_7_TOUT75_P15_4_OUT
                0x00000000800027c4                IfxGtm_ATOM4_7_TOUT67_P20_11_OUT
                0x00000000800027d8                IfxGtm_ATOM4_7_TOUT64_P20_8_OUT
                0x00000000800027ec                IfxGtm_ATOM4_7_TOUT118_P02_11_OUT
                0x0000000080002800                IfxGtm_ATOM4_6_TOUT74_P15_3_OUT
                0x0000000080002814                IfxGtm_ATOM4_6_TOUT66_P20_10_OUT
                0x0000000080002828                IfxGtm_ATOM4_6_TOUT59_P20_0_OUT
                0x000000008000283c                IfxGtm_ATOM4_6_TOUT117_P02_10_OUT
                0x0000000080002850                IfxGtm_ATOM4_6_TOUT106_P10_4_OUT
                0x0000000080002864                IfxGtm_ATOM4_5_TOUT73_P15_2_OUT
                0x0000000080002878                IfxGtm_ATOM4_5_TOUT65_P20_9_OUT
                0x000000008000288c                IfxGtm_ATOM4_5_TOUT58_P21_7_OUT
                0x00000000800028a0                IfxGtm_ATOM4_5_TOUT116_P02_9_OUT
                0x00000000800028b4                IfxGtm_ATOM4_5_TOUT110_P10_8_OUT
                0x00000000800028c8                IfxGtm_ATOM4_4_TOUT81_P14_1_OUT
                0x00000000800028dc                IfxGtm_ATOM4_4_TOUT72_P15_1_OUT
                0x00000000800028f0                IfxGtm_ATOM4_4_TOUT57_P21_6_OUT
                0x0000000080002904                IfxGtm_ATOM4_4_TOUT50_P22_3_OUT
                0x0000000080002918                IfxGtm_ATOM4_4_TOUT102_P10_0_OUT
                0x000000008000292c                IfxGtm_ATOM4_3_TOUT82_P14_2_OUT
                0x0000000080002940                IfxGtm_ATOM4_3_TOUT71_P15_0_OUT
                0x0000000080002954                IfxGtm_ATOM4_3_TOUT56_P21_5_OUT
                0x0000000080002968                IfxGtm_ATOM4_3_TOUT49_P22_2_OUT
                0x000000008000297c                IfxGtm_ATOM4_3_TOUT108_P10_6_OUT
                0x0000000080002990                IfxGtm_ATOM4_3_TOUT105_P10_3_OUT
                0x00000000800029a4                IfxGtm_ATOM4_2_TOUT83_P14_3_OUT
                0x00000000800029b8                IfxGtm_ATOM4_2_TOUT80_P14_0_OUT
                0x00000000800029cc                IfxGtm_ATOM4_2_TOUT70_P20_14_OUT
                0x00000000800029e0                IfxGtm_ATOM4_2_TOUT55_P21_4_OUT
                0x00000000800029f4                IfxGtm_ATOM4_2_TOUT46_P23_5_OUT
                0x0000000080002a08                IfxGtm_ATOM4_2_TOUT107_P10_5_OUT
                0x0000000080002a1c                IfxGtm_ATOM4_2_TOUT104_P10_2_OUT
                0x0000000080002a30                IfxGtm_ATOM4_1_TOUT86_P14_6_OUT
                0x0000000080002a44                IfxGtm_ATOM4_1_TOUT84_P14_4_OUT
                0x0000000080002a58                IfxGtm_ATOM4_1_TOUT79_P15_8_OUT
                0x0000000080002a6c                IfxGtm_ATOM4_1_TOUT78_P15_7_OUT
                0x0000000080002a80                IfxGtm_ATOM4_1_TOUT69_P20_13_OUT
                0x0000000080002a94                IfxGtm_ATOM4_1_TOUT54_P21_3_OUT
                0x0000000080002aa8                IfxGtm_ATOM4_1_TOUT47_P22_0_OUT
                0x0000000080002abc                IfxGtm_ATOM4_1_TOUT103_P10_1_OUT
                0x0000000080002ad0                IfxGtm_ATOM4_0_TOUT87_P14_7_OUT
                0x0000000080002ae4                IfxGtm_ATOM4_0_TOUT85_P14_5_OUT
                0x0000000080002af8                IfxGtm_ATOM4_0_TOUT77_P15_6_OUT
                0x0000000080002b0c                IfxGtm_ATOM4_0_TOUT76_P15_5_OUT
                0x0000000080002b20                IfxGtm_ATOM4_0_TOUT68_P20_12_OUT
                0x0000000080002b34                IfxGtm_ATOM4_0_TOUT53_P21_2_OUT
                0x0000000080002b48                IfxGtm_ATOM4_0_TOUT48_P22_1_OUT
                0x0000000080002b5c                IfxGtm_ATOM4_0_TOUT109_P10_7_OUT
                0x0000000080002b70                IfxGtm_ATOM3_7_TOUT93_P13_2_OUT
                0x0000000080002b84                IfxGtm_ATOM3_7_TOUT63_P20_7_OUT
                0x0000000080002b98                IfxGtm_ATOM3_7_TOUT101_P11_12_OUT
                0x0000000080002bac                IfxGtm_ATOM3_6_TOUT92_P13_1_OUT
                0x0000000080002bc0                IfxGtm_ATOM3_6_TOUT62_P20_6_OUT
                0x0000000080002bd4                IfxGtm_ATOM3_6_TOUT36_P32_0_OUT
                0x0000000080002be8                IfxGtm_ATOM3_6_TOUT100_P11_11_OUT
                0x0000000080002bfc                IfxGtm_ATOM3_5_TOUT99_P11_10_OUT
                0x0000000080002c10                IfxGtm_ATOM3_5_TOUT91_P13_0_OUT
                0x0000000080002c24                IfxGtm_ATOM3_5_TOUT52_P21_1_OUT
                0x0000000080002c38                IfxGtm_ATOM3_5_TOUT35_P33_13_OUT
                0x0000000080002c4c                IfxGtm_ATOM3_5_TOUT115_P01_7_OUT
                0x0000000080002c60                IfxGtm_ATOM3_4_TOUT98_P11_9_OUT
                0x0000000080002c74                IfxGtm_ATOM3_4_TOUT90_P14_10_OUT
                0x0000000080002c88                IfxGtm_ATOM3_4_TOUT51_P21_0_OUT
                0x0000000080002c9c                IfxGtm_ATOM3_4_TOUT34_P33_12_OUT
                0x0000000080002cb0                IfxGtm_ATOM3_4_TOUT30_P33_8_OUT
                0x0000000080002cc4                IfxGtm_ATOM3_4_TOUT22_P33_0_OUT
                0x0000000080002cd8                IfxGtm_ATOM3_4_TOUT114_P01_6_OUT
                0x0000000080002cec                IfxGtm_ATOM3_3_TOUT97_P11_6_OUT
                0x0000000080002d00                IfxGtm_ATOM3_3_TOUT89_P14_9_OUT
                0x0000000080002d14                IfxGtm_ATOM3_3_TOUT29_P33_7_OUT
                0x0000000080002d28                IfxGtm_ATOM3_3_TOUT21_P00_12_OUT
                0x0000000080002d3c                IfxGtm_ATOM3_3_TOUT113_P01_5_OUT
                0x0000000080002d50                IfxGtm_ATOM3_2_TOUT96_P11_3_OUT
                0x0000000080002d64                IfxGtm_ATOM3_2_TOUT88_P14_8_OUT
                0x0000000080002d78                IfxGtm_ATOM3_2_TOUT44_P23_3_OUT
                0x0000000080002d8c                IfxGtm_ATOM3_2_TOUT28_P33_6_OUT
                0x0000000080002da0                IfxGtm_ATOM3_2_TOUT20_P00_11_OUT
                0x0000000080002db4                IfxGtm_ATOM3_2_TOUT112_P01_4_OUT
                0x0000000080002dc8                IfxGtm_ATOM3_1_TOUT95_P11_2_OUT
                0x0000000080002ddc                IfxGtm_ATOM3_1_TOUT43_P23_2_OUT
                0x0000000080002df0                IfxGtm_ATOM3_1_TOUT27_P33_5_OUT
                0x0000000080002e04                IfxGtm_ATOM3_1_TOUT19_P00_10_OUT
                0x0000000080002e18                IfxGtm_ATOM3_1_TOUT111_P01_3_OUT
                0x0000000080002e2c                IfxGtm_ATOM3_0_TOUT94_P13_3_OUT
                0x0000000080002e40                IfxGtm_ATOM3_0_TOUT32_P33_10_OUT
                0x0000000080002e54                IfxGtm_ATOM3_0_TOUT26_P33_4_OUT
                0x0000000080002e68                IfxGtm_ATOM3_0_TOUT18_P00_9_OUT
                0x0000000080002e7c                IfxGtm_ATOM2_7_TOUT93_P13_2_OUT
                0x0000000080002e90                IfxGtm_ATOM2_7_TOUT63_P20_7_OUT
                0x0000000080002ea4                IfxGtm_ATOM2_7_TOUT140_P32_5_OUT
                0x0000000080002eb8                IfxGtm_ATOM2_7_TOUT101_P11_12_OUT
                0x0000000080002ecc                IfxGtm_ATOM2_6_TOUT92_P13_1_OUT
                0x0000000080002ee0                IfxGtm_ATOM2_6_TOUT62_P20_6_OUT
                0x0000000080002ef4                IfxGtm_ATOM2_6_TOUT36_P32_0_OUT
                0x0000000080002f08                IfxGtm_ATOM2_6_TOUT139_P23_7_OUT
                0x0000000080002f1c                IfxGtm_ATOM2_6_TOUT100_P11_11_OUT
                0x0000000080002f30                IfxGtm_ATOM2_5_TOUT99_P11_10_OUT
                0x0000000080002f44                IfxGtm_ATOM2_5_TOUT91_P13_0_OUT
                0x0000000080002f58                IfxGtm_ATOM2_5_TOUT52_P21_1_OUT
                0x0000000080002f6c                IfxGtm_ATOM2_5_TOUT35_P33_13_OUT
                0x0000000080002f80                IfxGtm_ATOM2_5_TOUT138_P23_6_OUT
                0x0000000080002f94                IfxGtm_ATOM2_4_TOUT98_P11_9_OUT
                0x0000000080002fa8                IfxGtm_ATOM2_4_TOUT90_P14_10_OUT
                0x0000000080002fbc                IfxGtm_ATOM2_4_TOUT51_P21_0_OUT
                0x0000000080002fd0                IfxGtm_ATOM2_4_TOUT34_P33_12_OUT
                0x0000000080002fe4                IfxGtm_ATOM2_4_TOUT30_P33_8_OUT
                0x0000000080002ff8                IfxGtm_ATOM2_4_TOUT22_P33_0_OUT
                0x000000008000300c                IfxGtm_ATOM2_3_TOUT97_P11_6_OUT
                0x0000000080003020                IfxGtm_ATOM2_3_TOUT89_P14_9_OUT
                0x0000000080003034                IfxGtm_ATOM2_3_TOUT29_P33_7_OUT
                0x0000000080003048                IfxGtm_ATOM2_3_TOUT21_P00_12_OUT
                0x000000008000305c                IfxGtm_ATOM2_2_TOUT96_P11_3_OUT
                0x0000000080003070                IfxGtm_ATOM2_2_TOUT88_P14_8_OUT
                0x0000000080003084                IfxGtm_ATOM2_2_TOUT44_P23_3_OUT
                0x0000000080003098                IfxGtm_ATOM2_2_TOUT28_P33_6_OUT
                0x00000000800030ac                IfxGtm_ATOM2_2_TOUT20_P00_11_OUT
                0x00000000800030c0                IfxGtm_ATOM2_1_TOUT95_P11_2_OUT
                0x00000000800030d4                IfxGtm_ATOM2_1_TOUT43_P23_2_OUT
                0x00000000800030e8                IfxGtm_ATOM2_1_TOUT27_P33_5_OUT
                0x00000000800030fc                IfxGtm_ATOM2_1_TOUT19_P00_10_OUT
                0x0000000080003110                IfxGtm_ATOM2_0_TOUT94_P13_3_OUT
                0x0000000080003124                IfxGtm_ATOM2_0_TOUT32_P33_10_OUT
                0x0000000080003138                IfxGtm_ATOM2_0_TOUT26_P33_4_OUT
                0x000000008000314c                IfxGtm_ATOM2_0_TOUT18_P00_9_OUT
                0x0000000080003160                IfxGtm_ATOM1_7_TOUT7_P02_7_OUT
                0x0000000080003174                IfxGtm_ATOM1_7_TOUT75_P15_4_OUT
                0x0000000080003188                IfxGtm_ATOM1_7_TOUT67_P20_11_OUT
                0x000000008000319c                IfxGtm_ATOM1_7_TOUT45_P23_4_OUT
                0x00000000800031b0                IfxGtm_ATOM1_7_TOUT25_P33_3_OUT
                0x00000000800031c4                IfxGtm_ATOM1_7_TOUT17_P00_8_OUT
                0x00000000800031d8                IfxGtm_ATOM1_6_TOUT74_P15_3_OUT
                0x00000000800031ec                IfxGtm_ATOM1_6_TOUT6_P02_6_OUT
                0x0000000080003200                IfxGtm_ATOM1_6_TOUT66_P20_10_OUT
                0x0000000080003214                IfxGtm_ATOM1_6_TOUT42_P23_1_OUT
                0x0000000080003228                IfxGtm_ATOM1_6_TOUT24_P33_2_OUT
                0x000000008000323c                IfxGtm_ATOM1_6_TOUT16_P00_7_OUT
                0x0000000080003250                IfxGtm_ATOM1_5_TOUT73_P15_2_OUT
                0x0000000080003264                IfxGtm_ATOM1_5_TOUT65_P20_9_OUT
                0x0000000080003278                IfxGtm_ATOM1_5_TOUT5_P02_5_OUT
                0x000000008000328c                IfxGtm_ATOM1_5_TOUT41_P23_0_OUT
                0x00000000800032a0                IfxGtm_ATOM1_5_TOUT40_P32_4_OUT
                0x00000000800032b4                IfxGtm_ATOM1_5_TOUT23_P33_1_OUT
                0x00000000800032c8                IfxGtm_ATOM1_5_TOUT15_P00_6_OUT
                0x00000000800032dc                IfxGtm_ATOM1_5_TOUT110_P10_8_OUT
                0x00000000800032f0                IfxGtm_ATOM1_4_TOUT72_P15_1_OUT
                0x0000000080003304                IfxGtm_ATOM1_4_TOUT61_P20_3_OUT
                0x0000000080003318                IfxGtm_ATOM1_4_TOUT4_P02_4_OUT
                0x000000008000332c                IfxGtm_ATOM1_4_TOUT39_P32_3_OUT
                0x0000000080003340                IfxGtm_ATOM1_4_TOUT14_P00_5_OUT
                0x0000000080003354                IfxGtm_ATOM1_4_TOUT102_P10_0_OUT
                0x0000000080003368                IfxGtm_ATOM1_3_TOUT71_P15_0_OUT
                0x000000008000337c                IfxGtm_ATOM1_3_TOUT60_P20_1_OUT
                0x0000000080003390                IfxGtm_ATOM1_3_TOUT3_P02_3_OUT
                0x00000000800033a4                IfxGtm_ATOM1_3_TOUT38_P32_2_OUT
                0x00000000800033b8                IfxGtm_ATOM1_3_TOUT13_P00_4_OUT
                0x00000000800033cc                IfxGtm_ATOM1_3_TOUT108_P10_6_OUT
                0x00000000800033e0                IfxGtm_ATOM1_3_TOUT105_P10_3_OUT
                0x00000000800033f4                IfxGtm_ATOM1_2_TOUT80_P14_0_OUT
                0x0000000080003408                IfxGtm_ATOM1_2_TOUT70_P20_14_OUT
                0x000000008000341c                IfxGtm_ATOM1_2_TOUT33_P33_11_OUT
                0x0000000080003430                IfxGtm_ATOM1_2_TOUT2_P02_2_OUT
                0x0000000080003444                IfxGtm_ATOM1_2_TOUT12_P00_3_OUT
                0x0000000080003458                IfxGtm_ATOM1_2_TOUT107_P10_5_OUT
                0x000000008000346c                IfxGtm_ATOM1_2_TOUT104_P10_2_OUT
                0x0000000080003480                IfxGtm_ATOM1_1_TOUT86_P14_6_OUT
                0x0000000080003494                IfxGtm_ATOM1_1_TOUT79_P15_8_OUT
                0x00000000800034a8                IfxGtm_ATOM1_1_TOUT78_P15_7_OUT
                0x00000000800034bc                IfxGtm_ATOM1_1_TOUT69_P20_13_OUT
                0x00000000800034d0                IfxGtm_ATOM1_1_TOUT31_P33_9_OUT
                0x00000000800034e4                IfxGtm_ATOM1_1_TOUT1_P02_1_OUT
                0x00000000800034f8                IfxGtm_ATOM1_1_TOUT11_P00_2_OUT
                0x000000008000350c                IfxGtm_ATOM1_1_TOUT10_P00_1_OUT
                0x0000000080003520                IfxGtm_ATOM1_1_TOUT103_P10_1_OUT
                0x0000000080003534                IfxGtm_ATOM1_0_TOUT9_P00_0_OUT
                0x0000000080003548                IfxGtm_ATOM1_0_TOUT8_P02_8_OUT
                0x000000008000355c                IfxGtm_ATOM1_0_TOUT87_P14_7_OUT
                0x0000000080003570                IfxGtm_ATOM1_0_TOUT77_P15_6_OUT
                0x0000000080003584                IfxGtm_ATOM1_0_TOUT76_P15_5_OUT
                0x0000000080003598                IfxGtm_ATOM1_0_TOUT68_P20_12_OUT
                0x00000000800035ac                IfxGtm_ATOM1_0_TOUT109_P10_7_OUT
                0x00000000800035c0                IfxGtm_ATOM1_0_TOUT0_P02_0_OUT
                0x00000000800035d4                IfxGtm_ATOM0_7_TOUT7_P02_7_OUT
                0x00000000800035e8                IfxGtm_ATOM0_7_TOUT64_P20_8_OUT
                0x00000000800035fc                IfxGtm_ATOM0_7_TOUT45_P23_4_OUT
                0x0000000080003610                IfxGtm_ATOM0_7_TOUT25_P33_3_OUT
                0x0000000080003624                IfxGtm_ATOM0_7_TOUT17_P00_8_OUT
                0x0000000080003638                IfxGtm_ATOM0_6_TOUT6_P02_6_OUT
                0x000000008000364c                IfxGtm_ATOM0_6_TOUT59_P20_0_OUT
                0x0000000080003660                IfxGtm_ATOM0_6_TOUT42_P23_1_OUT
                0x0000000080003674                IfxGtm_ATOM0_6_TOUT24_P33_2_OUT
                0x0000000080003688                IfxGtm_ATOM0_6_TOUT16_P00_7_OUT
                0x000000008000369c                IfxGtm_ATOM0_6_TOUT106_P10_4_OUT
                0x00000000800036b0                IfxGtm_ATOM0_5_TOUT5_P02_5_OUT
                0x00000000800036c4                IfxGtm_ATOM0_5_TOUT58_P21_7_OUT
                0x00000000800036d8                IfxGtm_ATOM0_5_TOUT41_P23_0_OUT
                0x00000000800036ec                IfxGtm_ATOM0_5_TOUT40_P32_4_OUT
                0x0000000080003700                IfxGtm_ATOM0_5_TOUT23_P33_1_OUT
                0x0000000080003714                IfxGtm_ATOM0_5_TOUT15_P00_6_OUT
                0x0000000080003728                IfxGtm_ATOM0_4_TOUT81_P14_1_OUT
                0x000000008000373c                IfxGtm_ATOM0_4_TOUT61_P20_3_OUT
                0x0000000080003750                IfxGtm_ATOM0_4_TOUT57_P21_6_OUT
                0x0000000080003764                IfxGtm_ATOM0_4_TOUT50_P22_3_OUT
                0x0000000080003778                IfxGtm_ATOM0_4_TOUT4_P02_4_OUT
                0x000000008000378c                IfxGtm_ATOM0_4_TOUT39_P32_3_OUT
                0x00000000800037a0                IfxGtm_ATOM0_4_TOUT14_P00_5_OUT
                0x00000000800037b4                IfxGtm_ATOM0_3_TOUT82_P14_2_OUT
                0x00000000800037c8                IfxGtm_ATOM0_3_TOUT60_P20_1_OUT
                0x00000000800037dc                IfxGtm_ATOM0_3_TOUT56_P21_5_OUT
                0x00000000800037f0                IfxGtm_ATOM0_3_TOUT49_P22_2_OUT
                0x0000000080003804                IfxGtm_ATOM0_3_TOUT3_P02_3_OUT
                0x0000000080003818                IfxGtm_ATOM0_3_TOUT38_P32_2_OUT
                0x000000008000382c                IfxGtm_ATOM0_3_TOUT13_P00_4_OUT
                0x0000000080003840                IfxGtm_ATOM0_2_TOUT83_P14_3_OUT
                0x0000000080003854                IfxGtm_ATOM0_2_TOUT55_P21_4_OUT
                0x0000000080003868                IfxGtm_ATOM0_2_TOUT46_P23_5_OUT
                0x000000008000387c                IfxGtm_ATOM0_2_TOUT33_P33_11_OUT
                0x0000000080003890                IfxGtm_ATOM0_2_TOUT2_P02_2_OUT
                0x00000000800038a4                IfxGtm_ATOM0_2_TOUT12_P00_3_OUT
                0x00000000800038b8                IfxGtm_ATOM0_1_TOUT84_P14_4_OUT
                0x00000000800038cc                IfxGtm_ATOM0_1_TOUT54_P21_3_OUT
                0x00000000800038e0                IfxGtm_ATOM0_1_TOUT47_P22_0_OUT
                0x00000000800038f4                IfxGtm_ATOM0_1_TOUT31_P33_9_OUT
                0x0000000080003908                IfxGtm_ATOM0_1_TOUT1_P02_1_OUT
                0x000000008000391c                IfxGtm_ATOM0_1_TOUT11_P00_2_OUT
                0x0000000080003930                IfxGtm_ATOM0_1_TOUT10_P00_1_OUT
                0x0000000080003944                IfxGtm_ATOM0_0_TOUT9_P00_0_OUT
                0x0000000080003958                IfxGtm_ATOM0_0_TOUT8_P02_8_OUT
                0x000000008000396c                IfxGtm_ATOM0_0_TOUT85_P14_5_OUT
                0x0000000080003980                IfxGtm_ATOM0_0_TOUT53_P21_2_OUT
                0x0000000080003994                IfxGtm_ATOM0_0_TOUT48_P22_1_OUT
                0x00000000800039a8                IfxGtm_ATOM0_0_TOUT0_P02_0_OUT
 .rodata        0x00000000800039bc      0x6b0 obj/illd/src/IfxAsclin_PinMap.c.o
                0x00000000800039bc                IfxAsclin3_TX_P32_3_OUT
                0x00000000800039cc                IfxAsclin3_TX_P32_2_OUT
                0x00000000800039dc                IfxAsclin3_TX_P22_1_OUT
                0x00000000800039ec                IfxAsclin3_TX_P22_0_OUT
                0x00000000800039fc                IfxAsclin3_TX_P21_7_OUT
                0x0000000080003a0c                IfxAsclin3_TX_P20_3_OUT
                0x0000000080003a1c                IfxAsclin3_TX_P20_0_OUT
                0x0000000080003a2c                IfxAsclin3_TX_P15_7_OUT
                0x0000000080003a3c                IfxAsclin3_TX_P15_6_OUT
                0x0000000080003a4c                IfxAsclin3_TX_P11_1_OUT
                0x0000000080003a5c                IfxAsclin3_TX_P11_0_OUT
                0x0000000080003a6c                IfxAsclin3_TX_P00_1_OUT
                0x0000000080003a7c                IfxAsclin3_TX_P00_0_OUT
                0x0000000080003a8c                IfxAsclin2_TX_P33_9_OUT
                0x0000000080003a9c                IfxAsclin2_TX_P33_8_OUT
                0x0000000080003aac                IfxAsclin2_TX_P32_5_OUT
                0x0000000080003abc                IfxAsclin2_TX_P14_3_OUT
                0x0000000080003acc                IfxAsclin2_TX_P14_2_OUT
                0x0000000080003adc                IfxAsclin2_TX_P10_5_OUT
                0x0000000080003aec                IfxAsclin2_TX_P02_9_OUT
                0x0000000080003afc                IfxAsclin2_TX_P02_0_OUT
                0x0000000080003b0c                IfxAsclin1_TX_P33_13_OUT
                0x0000000080003b1c                IfxAsclin1_TX_P33_12_OUT
                0x0000000080003b2c                IfxAsclin1_TX_P20_10_OUT
                0x0000000080003b3c                IfxAsclin1_TX_P15_5_OUT
                0x0000000080003b4c                IfxAsclin1_TX_P15_4_OUT
                0x0000000080003b5c                IfxAsclin1_TX_P15_1_OUT
                0x0000000080003b6c                IfxAsclin1_TX_P15_0_OUT
                0x0000000080003b7c                IfxAsclin1_TX_P14_10_OUT
                0x0000000080003b8c                IfxAsclin1_TX_P11_12_OUT
                0x0000000080003b9c                IfxAsclin1_TX_P02_2_OUT
                0x0000000080003bac                IfxAsclin0_TX_P34_1_OUT
                0x0000000080003bbc                IfxAsclin0_TX_P15_3_OUT
                0x0000000080003bcc                IfxAsclin0_TX_P15_2_OUT
                0x0000000080003bdc                IfxAsclin0_TX_P14_1_OUT
                0x0000000080003bec                IfxAsclin0_TX_P14_0_OUT
                0x0000000080003bfc                IfxAsclin3_SLSO_P33_1_OUT
                0x0000000080003c0c                IfxAsclin3_SLSO_P21_6_OUT
                0x0000000080003c1c                IfxAsclin3_SLSO_P21_2_OUT
                0x0000000080003c2c                IfxAsclin3_SLSO_P14_3_OUT
                0x0000000080003c3c                IfxAsclin3_SLSO_P12_1_OUT
                0x0000000080003c4c                IfxAsclin3_SLSO_P00_3_OUT
                0x0000000080003c5c                IfxAsclin2_SLSO_P33_6_OUT
                0x0000000080003c6c                IfxAsclin2_SLSO_P10_5_OUT
                0x0000000080003c7c                IfxAsclin2_SLSO_P02_3_OUT
                0x0000000080003c8c                IfxAsclin1_SLSO_P33_10_OUT
                0x0000000080003c9c                IfxAsclin1_SLSO_P20_8_OUT
                0x0000000080003cac                IfxAsclin1_SLSO_P14_3_OUT
                0x0000000080003cbc                IfxAsclin3_SCLK_P33_2_OUT
                0x0000000080003ccc                IfxAsclin3_SCLK_P32_3_OUT
                0x0000000080003cdc                IfxAsclin3_SCLK_P21_7_OUT
                0x0000000080003cec                IfxAsclin3_SCLK_P21_5_OUT
                0x0000000080003cfc                IfxAsclin3_SCLK_P20_0_OUT
                0x0000000080003d0c                IfxAsclin3_SCLK_P15_8_OUT
                0x0000000080003d1c                IfxAsclin3_SCLK_P15_6_OUT
                0x0000000080003d2c                IfxAsclin3_SCLK_P11_4_OUT
                0x0000000080003d3c                IfxAsclin3_SCLK_P11_1_OUT
                0x0000000080003d4c                IfxAsclin3_SCLK_P00_2_OUT
                0x0000000080003d5c                IfxAsclin3_SCLK_P00_0_OUT
                0x0000000080003d6c                IfxAsclin2_SCLK_P33_9_OUT
                0x0000000080003d7c                IfxAsclin2_SCLK_P33_7_OUT
                0x0000000080003d8c                IfxAsclin2_SCLK_P14_2_OUT
                0x0000000080003d9c                IfxAsclin2_SCLK_P10_6_OUT
                0x0000000080003dac                IfxAsclin2_SCLK_P02_4_OUT
                0x0000000080003dbc                IfxAsclin1_SCLK_P33_12_OUT
                0x0000000080003dcc                IfxAsclin1_SCLK_P33_11_OUT
                0x0000000080003ddc                IfxAsclin1_SCLK_P20_10_OUT
                0x0000000080003dec                IfxAsclin1_SCLK_P15_0_OUT
                0x0000000080003dfc                IfxAsclin0_SCLK_P15_2_OUT
                0x0000000080003e0c                IfxAsclin0_SCLK_P14_0_OUT
                0x0000000080003e1c                IfxAsclin3_RXG_P21_3_IN
                0x0000000080003e2c                IfxAsclin3_RXG_P21_2_IN
                0x0000000080003e3c                IfxAsclin3_RXF_P21_6_IN
                0x0000000080003e4c                IfxAsclin3_RXE_P00_1_IN
                0x0000000080003e5c                IfxAsclin3_RXD_P32_2_IN
                0x0000000080003e6c                IfxAsclin3_RXC_P20_3_IN
                0x0000000080003e7c                IfxAsclin3_RXB_P11_0_IN
                0x0000000080003e8c                IfxAsclin3_RXA_P15_7_IN
                0x0000000080003e9c                IfxAsclin2_RXG_P02_0_IN
                0x0000000080003eac                IfxAsclin2_RXF_P32_6_IN
                0x0000000080003ebc                IfxAsclin2_RXE_P33_8_IN
                0x0000000080003ecc                IfxAsclin2_RXD_P10_6_IN
                0x0000000080003edc                IfxAsclin2_RXC_P02_10_IN
                0x0000000080003eec                IfxAsclin2_RXB_P02_1_IN
                0x0000000080003efc                IfxAsclin2_RXA_P14_3_IN
                0x0000000080003f0c                IfxAsclin1_RXG_P02_3_IN
                0x0000000080003f1c                IfxAsclin1_RXF_P33_13_IN
                0x0000000080003f2c                IfxAsclin1_RXE_P11_10_IN
                0x0000000080003f3c                IfxAsclin1_RXD_P14_8_IN
                0x0000000080003f4c                IfxAsclin1_RXC_P20_9_IN
                0x0000000080003f5c                IfxAsclin1_RXB_P15_5_IN
                0x0000000080003f6c                IfxAsclin1_RXA_P15_1_IN
                0x0000000080003f7c                IfxAsclin0_RXD_P34_2_IN
                0x0000000080003f8c                IfxAsclin0_RXB_P15_3_IN
                0x0000000080003f9c                IfxAsclin0_RXA_P14_1_IN
                0x0000000080003fac                IfxAsclin3_RTS_P00_9_OUT
                0x0000000080003fbc                IfxAsclin2_RTS_P33_4_OUT
                0x0000000080003fcc                IfxAsclin2_RTS_P10_8_OUT
                0x0000000080003fdc                IfxAsclin1_RTS_P23_1_OUT
                0x0000000080003fec                IfxAsclin1_RTS_P20_6_OUT
                0x0000000080003ffc                IfxAsclin0_RTS_P14_7_OUT
                0x000000008000400c                IfxAsclin3_CTSA_P00_12_IN
                0x000000008000401c                IfxAsclin2_CTSB_P33_5_IN
                0x000000008000402c                IfxAsclin2_CTSA_P10_7_IN
                0x000000008000403c                IfxAsclin1_CTSB_P32_4_IN
                0x000000008000404c                IfxAsclin1_CTSA_P20_7_IN
                0x000000008000405c                IfxAsclin0_CTSA_P14_9_IN
 .rodata        0x000000008000406c       0x20 obj/illd/src/IfxAsclin_cfg.c.o
                0x000000008000406c                IfxAsclin_cfg_indexMap
 .rodata        0x000000008000408c      0x100 obj/illd/src/IfxPort_cfg.c.o
                0x000000008000408c                IfxPort_cfg_indexMap
                0x000000008000410c                IfxPort_cfg_esrMasks
 .rodata        0x000000008000418c       0x80 obj/illd/src/IfxScuCcu.c.o
                0x000000008000418c                IfxScuCcu_defaultErayPllConfig
                0x0000000080004194                IfxScuCcu_defaultClockConfig
 .rodata        0x000000008000420c      0x278 obj/illd/src/IfxScu_PinMap.c.o
                0x000000008000420c                IfxScu_WDTSLCK_P20_9_OUT
                0x000000008000421c                IfxScu_WDT2LCK_P20_6_OUT
                0x000000008000422c                IfxScu_WDT1LCK_P20_7_OUT
                0x000000008000423c                IfxScu_WDT0LCK_P20_8_OUT
                0x000000008000424c                IfxScu_REQ9_P20_0_IN
                0x0000000080004260                IfxScu_REQ8_P33_7_IN
                0x0000000080004274                IfxScu_REQ7_P00_4_IN
                0x0000000080004288                IfxScu_REQ6_P02_0_IN
                0x000000008000429c                IfxScu_REQ5_P10_8_IN
                0x00000000800042b0                IfxScu_REQ4_P10_7_IN
                0x00000000800042c4                IfxScu_REQ3_P10_3_IN
                0x00000000800042d8                IfxScu_REQ2_P10_2_IN
                0x00000000800042ec                IfxScu_REQ1_P15_8_IN
                0x0000000080004300                IfxScu_REQ16_P15_1_IN
                0x0000000080004314                IfxScu_REQ15_P14_1_IN
                0x0000000080004328                IfxScu_REQ14_P02_1_IN
                0x000000008000433c                IfxScu_REQ13_P15_5_IN
                0x0000000080004350                IfxScu_REQ12_P11_10_IN
                0x0000000080004364                IfxScu_REQ11_P20_9_IN
                0x0000000080004378                IfxScu_REQ10_P14_3_IN
                0x000000008000438c                IfxScu_REQ0_P15_4_IN
                0x00000000800043a0                IfxScu_HWCFG6_P14_4_IN
                0x00000000800043ac                IfxScu_HWCFG5_P10_6_IN
                0x00000000800043b8                IfxScu_HWCFG4_P10_5_IN
                0x00000000800043c4                IfxScu_HWCFG3_BMI_P14_3_IN
                0x00000000800043d0                IfxScu_HWCFG2EVR13_P14_2_IN
                0x00000000800043dc                IfxScu_HWCFG1EVR33_P14_5_IN
                0x00000000800043e8                IfxScu_HWCFG0DCLDO_P14_6_IN
                0x00000000800043f4                IfxScu_EXTCLK1_P32_4_OUT
                0x0000000080004404                IfxScu_EXTCLK1_P11_12_OUT
                0x0000000080004414                IfxScu_EXTCLK0_P23_1_OUT
                0x0000000080004424                IfxScu_EVRWUPB_P15_1_IN
                0x0000000080004434                IfxScu_EVRWUPA_P14_1_IN
                0x0000000080004444                IfxScu_EMGSTOPB_P21_2_IN
                0x0000000080004454                IfxScu_EMGSTOPA_P33_8_IN
                0x0000000080004464                IfxScu_DCDCSYNC_P33_13_OUT
                0x0000000080004474                IfxScu_DCDCSYNC_P32_2_OUT
 .rodata        0x0000000080004484       0x40 obj/illd/src/IfxVadc_Adc.c.o
 .rodata        0x00000000800044c4      0x1e4 obj/shiparker_App.c.o
 .rodata        0x00000000800046a8       0x2f obj/steering_Pid.c.o
 *fill*         0x00000000800046d7        0x1 00
 .rodata        0x00000000800046d8      0x10c obj/uart_Driver.c.o
 .rodata        0x00000000800047e4       0x14 c:/hightec/toolchains/tricore/v4.9.3.0-infineon-1.0/bin/../lib/gcc/tricore/4.9.4/tc161\libgcc.a(_thenan_df.o)
                0x00000000800047e4                __thenan_df
 .rodata        0x00000000800047f8        0x8 c:/hightec/toolchains/tricore/v4.9.3.0-infineon-1.0/bin/../lib/gcc/tricore/4.9.4/../../../../tricore/lib/tc161\libc.a(lib_a-impure.o)
                0x00000000800047f8                _global_impure_ptr
 .rodata        0x0000000080004800       0x54 c:/hightec/toolchains/tricore/v4.9.3.0-infineon-1.0/bin/../lib/gcc/tricore/4.9.4/../../../../tricore/lib/tc161\libc.a(lib_a-svfprintf.o)
 .rodata        0x0000000080004854        0xf c:/hightec/toolchains/tricore/v4.9.3.0-infineon-1.0/bin/../lib/gcc/tricore/4.9.4/../../../../tricore/lib/tc161\libc.a(lib_a-dtoa.o)
 *fill*         0x0000000080004863        0x1 00
 .rodata        0x0000000080004864       0x44 c:/hightec/toolchains/tricore/v4.9.3.0-infineon-1.0/bin/../lib/gcc/tricore/4.9.4/../../../../tricore/lib/tc161\libc.a(lib_a-locale.o)
 .rodata        0x00000000800048a8      0x124 c:/hightec/toolchains/tricore/v4.9.3.0-infineon-1.0/bin/../lib/gcc/tricore/4.9.4/../../../../tricore/lib/tc161\libc.a(lib_a-mprec.o)
                0x00000000800048b4                __mprec_tinytens
                0x00000000800048dc                __mprec_bigtens
                0x0000000080004904                __mprec_tens
 .rodata        0x00000000800049cc       0x40 c:/hightec/toolchains/tricore/v4.9.3.0-infineon-1.0/bin/../lib/gcc/tricore/4.9.4/../../../../tricore/lib/tc161\libm.a(lib_a-s_atan.o)
 .rodata        0x0000000080004a0c      0x398 c:/hightec/toolchains/tricore/v4.9.3.0-infineon-1.0/bin/../lib/gcc/tricore/4.9.4/../../../../tricore/lib/tc161\libm.a(lib_a-ef_rem_pio2.o)
 .rodata        0x0000000080004da4       0x38 c:/hightec/toolchains/tricore/v4.9.3.0-infineon-1.0/bin/../lib/gcc/tricore/4.9.4/../../../../tricore/lib/tc161\libm.a(lib_a-kf_rem_pio2.o)
 *(.rodata.*)
 *(.gnu.linkonce.r.*)
                0x0000000080004ddc                . = ALIGN (0x4)
                0x0000000080004ddc                PROVIDE (__clear_table, .)
                0x0000000080004ddc        0x4 LONG 0x50000000 (0x0 + ADDR (.CPU2.zbss))
                0x0000000080004de0        0x4 LONG 0x0 SIZEOF (.CPU2.zbss)
                0x0000000080004de4        0x4 LONG 0x50000000 (0x0 + ADDR (.CPU2.bss))
                0x0000000080004de8        0x4 LONG 0x0 SIZEOF (.CPU2.bss)
                0x0000000080004dec        0x4 LONG 0x60000000 (0x0 + ADDR (.CPU1.zbss))
                0x0000000080004df0        0x4 LONG 0x0 SIZEOF (.CPU1.zbss)
                0x0000000080004df4        0x4 LONG 0x60000000 (0x0 + ADDR (.CPU1.bss))
                0x0000000080004df8        0x4 LONG 0x0 SIZEOF (.CPU1.bss)
                0x0000000080004dfc        0x4 LONG 0x700020d8 (0x0 + ADDR (.CPU0.zbss))
                0x0000000080004e00        0x4 LONG 0x0 SIZEOF (.CPU0.zbss)
                0x0000000080004e04        0x4 LONG 0x700020d8 (0x0 + ADDR (.CPU0.bss))
                0x0000000080004e08        0x4 LONG 0x0 SIZEOF (.CPU0.bss)
                0x0000000080004e0c        0x4 LONG 0x70000000 (0x0 + ADDR (.zbss))
                0x0000000080004e10        0x4 LONG 0x0 SIZEOF (.zbss)
                0x0000000080004e14        0x4 LONG 0x70000000 (0x0 + ADDR (.sbss))
                0x0000000080004e18        0x4 LONG 0x0 SIZEOF (.sbss)
                0x0000000080004e1c        0x4 LONG 0x70001970 (0x0 + ADDR (.bss))
                0x0000000080004e20        0x4 LONG 0x768 SIZEOF (.bss)
                0x0000000080004e24        0x4 LONG 0xb0000000 (0x0 + ADDR (.lmu_zbss))
                0x0000000080004e28        0x4 LONG 0x0 SIZEOF (.lmu_zbss)
                0x0000000080004e2c        0x4 LONG 0xb0000000 (0x0 + ADDR (.lmu_sbss))
                0x0000000080004e30        0x4 LONG 0x0 SIZEOF (.lmu_sbss)
                0x0000000080004e34        0x4 LONG 0xb0000000 (0x0 + ADDR (.lmu_bss))
                0x0000000080004e38        0x4 LONG 0x0 SIZEOF (.lmu_bss)
                0x0000000080004e3c        0x4 LONG 0xffffffffffffffff
                0x0000000080004e40        0x4 LONG 0xffffffffffffffff
                0x0000000080004e44                PROVIDE (__copy_table, .)
                0x0000000080004e44        0x4 LONG 0x80017110 LOADADDR (.CPU2.zdata)
                0x0000000080004e48        0x4 LONG 0x50000000 ADDR (.CPU2.zdata)
                0x0000000080004e4c        0x4 LONG 0x0 SIZEOF (.CPU2.zdata)
                0x0000000080004e50        0x4 LONG 0x80017110 LOADADDR (.CPU2.data)
                0x0000000080004e54        0x4 LONG 0x50000000 ADDR (.CPU2.data)
                0x0000000080004e58        0x4 LONG 0x0 SIZEOF (.CPU2.data)
                0x0000000080004e5c        0x4 LONG 0x80017110 LOADADDR (.CPU1.zdata)
                0x0000000080004e60        0x4 LONG 0x60000000 ADDR (.CPU1.zdata)
                0x0000000080004e64        0x4 LONG 0x0 SIZEOF (.CPU1.zdata)
                0x0000000080004e68        0x4 LONG 0x80017110 LOADADDR (.CPU1.data)
                0x0000000080004e6c        0x4 LONG 0x60000000 ADDR (.CPU1.data)
                0x0000000080004e70        0x4 LONG 0x0 SIZEOF (.CPU1.data)
                0x0000000080004e74        0x4 LONG 0x80017110 LOADADDR (.CPU0.zdata)
                0x0000000080004e78        0x4 LONG 0x700020d8 ADDR (.CPU0.zdata)
                0x0000000080004e7c        0x4 LONG 0x0 SIZEOF (.CPU0.zdata)
                0x0000000080004e80        0x4 LONG 0x80017110 LOADADDR (.CPU0.data)
                0x0000000080004e84        0x4 LONG 0x700020d8 ADDR (.CPU0.data)
                0x0000000080004e88        0x4 LONG 0x0 SIZEOF (.CPU0.data)
                0x0000000080004e8c        0x4 LONG 0x800157a0 LOADADDR (.zdata)
                0x0000000080004e90        0x4 LONG 0x70000000 ADDR (.zdata)
                0x0000000080004e94        0x4 LONG 0x0 SIZEOF (.zdata)
                0x0000000080004e98        0x4 LONG 0x800157a0 LOADADDR (.sdata)
                0x0000000080004e9c        0x4 LONG 0x70000000 ADDR (.sdata)
                0x0000000080004ea0        0x4 LONG 0x0 SIZEOF (.sdata)
                0x0000000080004ea4        0x4 LONG 0x800157a0 LOADADDR (.data)
                0x0000000080004ea8        0x4 LONG 0x70000000 ADDR (.data)
                0x0000000080004eac        0x4 LONG 0x1970 SIZEOF (.data)
                0x0000000080004eb0        0x4 LONG 0x80017110 LOADADDR (.lmu_zdata)
                0x0000000080004eb4        0x4 LONG 0xb0000000 ADDR (.lmu_zdata)
                0x0000000080004eb8        0x4 LONG 0x0 SIZEOF (.lmu_zdata)
                0x0000000080004ebc        0x4 LONG 0x80017110 LOADADDR (.lmu_sdata)
                0x0000000080004ec0        0x4 LONG 0xb0000000 ADDR (.lmu_sdata)
                0x0000000080004ec4        0x4 LONG 0x0 SIZEOF (.lmu_sdata)
                0x0000000080004ec8        0x4 LONG 0x80017110 LOADADDR (.lmu_data)
                0x0000000080004ecc        0x4 LONG 0xb0000000 ADDR (.lmu_data)
                0x0000000080004ed0        0x4 LONG 0x0 SIZEOF (.lmu_data)
                0x0000000080004ed4        0x4 LONG 0x80017110 LOADADDR (.CPU0.psram_text)
                0x0000000080004ed8        0x4 LONG 0x70100000 ADDR (.CPU0.psram_text)
                0x0000000080004edc        0x4 LONG 0x0 SIZEOF (.CPU0.psram_text)
                0x0000000080004ee0        0x4 LONG 0x80017110 LOADADDR (.CPU1.psram_text)
                0x0000000080004ee4        0x4 LONG 0x60100000 ADDR (.CPU1.psram_text)
                0x0000000080004ee8        0x4 LONG 0x0 SIZEOF (.CPU1.psram_text)
                0x0000000080004eec        0x4 LONG 0x80017110 LOADADDR (.CPU2.psram_text)
                0x0000000080004ef0        0x4 LONG 0x50100000 ADDR (.CPU2.psram_text)
                0x0000000080004ef4        0x4 LONG 0x0 SIZEOF (.CPU2.psram_text)
                0x0000000080004ef8        0x4 LONG 0xffffffffffffffff
                0x0000000080004efc        0x4 LONG 0xffffffffffffffff
                0x0000000080004f00        0x4 LONG 0xffffffffffffffff
                0x0000000080004f08                . = ALIGN (0x8)
 *fill*         0x0000000080004f04        0x4 00

.traptab        memory region -> PMU_PFLASH
                0x0000000080005000      0x100
 *(.traptab)
 *(.traptab*)
 .traptab_cpu0  0x0000000080005000      0x100 C:\project\SHIPAR~1\TC275\erika\lib\libee.a(ee_tc_trapvec.c.o)
                0x0000000080005000                osEE_tc_trap_mmu
                0x0000000080005000                __TRAPTAB
                0x0000000080005020                osEE_tc_trap_protection
                0x0000000080005040                osEE_tc_trap_instruction
                0x0000000080005060                osEE_tc_trap_context
                0x0000000080005080                osEE_tc_trap_bus
                0x00000000800050a0                osEE_tc_trap_assertion
                0x00000000800050c0                osEE_tc_trap_system
                0x00000000800050e0                osEE_tc_trap_nmi
                0x0000000080005100                . = ALIGN (0x8)

.eh_frame       memory region -> PMU_PFLASH
                0x0000000080005100        0x0
 *(.gcc_except_table)
                0x0000000080005100                __EH_FRAME_BEGIN__ = .
 *(.eh_frame)
                0x0000000080005100                __EH_FRAME_END__ = .
 *(.jcr)
                0x0000000080005100                . = ALIGN (0x8)

.ctors          memory region -> PMU_PFLASH
                0x0000000080005100        0x8
                0x0000000080005100                __CTOR_LIST__ = .
                0x0000000080005100        0x4 LONG 0x0 (((__CTOR_END__ - __CTOR_LIST__) / 0x4) - 0x2)
 *(.ctors)
                0x0000000080005104        0x4 LONG 0x0
                0x0000000080005108                __CTOR_END__ = .
                0x0000000080005108                . = ALIGN (0x8)

.dtors          memory region -> PMU_PFLASH
                0x0000000080005108        0x8
                0x0000000080005108                __DTOR_LIST__ = .
                0x0000000080005108        0x4 LONG 0x0 (((__DTOR_END__ - __DTOR_LIST__) / 0x4) - 0x2)
 *(.dtors)
                0x000000008000510c        0x4 LONG 0x0
                0x0000000080005110                __DTOR_END__ = .
                0x0000000080005110                . = ALIGN (0x8)

.inttab_cpu0    memory region -> PMU_PFLASH
                0x0000000080006000     0x2000
 *(.inttab_cpu0)
 .inttab_cpu0   0x0000000080006000     0x2000 C:\project\SHIPAR~1\TC275\erika\lib\libee.a(ee_tc_intvec.c.o)
                0x0000000080006000                __INTTAB0
                0x0000000080006020                osEE_tc_isr_dummy_entry_1
                0x0000000080006040                osEE_tc_isr_dummy_entry_2
                0x0000000080006060                osEE_tc_isr_dummy_entry_3
                0x0000000080006080                osEE_tc_isr_dummy_entry_4
                0x00000000800060a0                osEE_tc_isr_dummy_entry_5
                0x00000000800060c0                osEE_tc_isr2_entry_6
                0x00000000800060e0                osEE_tc_isr2_entry_7
                0x0000000080006100                osEE_tc_isr_dummy_entry_8
                0x0000000080006120                osEE_tc_isr_dummy_entry_9
                0x0000000080006140                osEE_tc_isr2_entry_10
                0x0000000080006160                osEE_tc_isr2_entry_11
                0x0000000080006180                osEE_tc_isr2_entry_12
                0x00000000800061a0                osEE_tc_isr2_entry_13
                0x00000000800061c0                osEE_tc_isr2_entry_14
                0x00000000800061e0                osEE_tc_isr2_entry_15
                0x0000000080006200                osEE_tc_isr_dummy_entry_16
                0x0000000080006220                osEE_tc_isr2_entry_17
                0x0000000080006240                osEE_tc_isr_dummy_entry_18
                0x0000000080006260                osEE_tc_isr_dummy_entry_19
                0x0000000080006280                osEE_tc_isr_dummy_entry_20
                0x00000000800062a0                osEE_tc_isr_dummy_entry_21
                0x00000000800062c0                osEE_tc_isr_dummy_entry_22
                0x00000000800062e0                osEE_tc_isr_dummy_entry_23
                0x0000000080006300                osEE_tc_isr_dummy_entry_24
                0x0000000080006320                osEE_tc_isr_dummy_entry_25
                0x0000000080006340                osEE_tc_isr_dummy_entry_26
                0x0000000080006360                osEE_tc_isr_dummy_entry_27
                0x0000000080006380                osEE_tc_isr_dummy_entry_28
                0x00000000800063a0                osEE_tc_isr_dummy_entry_29
                0x00000000800063c0                osEE_tc_isr_dummy_entry_30
                0x00000000800063e0                osEE_tc_isr_dummy_entry_31