Archive member included because of file (symbol)

C:\project\SHIPAR~1\TC275\erika\lib\libee.a(ee_tc_cstart.c.o)
                              (__TRICORE_DERIVATE_NAME__)
C:\project\SHIPAR~1\TC275\erika\lib\libee.a(ee_tc_system.c.o)
                              C:\project\SHIPAR~1\TC275\erika\lib\libee.a(ee_tc_cstart.c.o) (osEE_tc_set_pll_fsource)
C:\project\SHIPAR~1\TC275\erika\lib\libee.a(ee_tc_trapvec.c.o)
                              C:\project\SHIPAR~1\TC275\erika\lib\libee.a(ee_tc_cstart.c.o) (__TRAPTAB)
C:\project\SHIPAR~1\TC275\erika\lib\libee.a(ee_tc_intvec.c.o)
                              C:\project\SHIPAR~1\TC275\erika\lib\libee.a(ee_tc_cstart.c.o) (__INTTAB0)
C:\project\SHIPAR~1\TC275\erika\lib\libee.a(ee_oo_api_osek.c.o)
                              obj/bsw.c.o (DisableAllInterrupts)
C:\project\SHIPAR~1\TC275\erika\lib\libee.a(ee_oo_sched_entry_points.c.o)
                              obj/ee_applcfg.c.o (osEE_idle_hook_wrapper)
C:\project\SHIPAR~1\TC275\erika\lib\libee.a(ee_oo_scheduler.c.o)
                              C:\project\SHIPAR~1\TC275\erika\lib\libee.a(ee_oo_api_osek.c.o) (osEE_scheduler_core_pop_running)
C:\project\SHIPAR~1\TC275\erika\lib\libee.a(ee_oo_kernel.c.o)
                              C:\project\SHIPAR~1\TC275\erika\lib\libee.a(ee_oo_api_osek.c.o) (osEE_task_activated)
C:\project\SHIPAR~1\TC275\erika\lib\libee.a(ee_oo_sched_partitioned.c.o)
                              C:\project\SHIPAR~1\TC275\erika\lib\libee.a(ee_oo_api_osek.c.o) (osEE_scheduler_task_activated)
C:\project\SHIPAR~1\TC275\erika\lib\libee.a(ee_std_change_context.c.o)
                              C:\project\SHIPAR~1\TC275\erika\lib\libee.a(ee_oo_api_osek.c.o) (osEE_change_context_from_running)
C:\project\SHIPAR~1\TC275\erika\lib\libee.a(ee_tc_hal.c.o)
                              C:\project\SHIPAR~1\TC275\erika\lib\libee.a(ee_oo_api_osek.c.o) (osEE_cpu_startos)
C:\project\SHIPAR~1\TC275\erika\lib\libee.a(ee_tc_ctx.c.o)
                              C:\project\SHIPAR~1\TC275\erika\lib\libee.a(ee_std_change_context.c.o) (osEE_hal_ready2stacked)
c:/hightec/toolchains/tricore/v4.9.3.0-infineon-1.0/bin/../lib/gcc/tricore/4.9.4/tc161\libgcc.a(_lshrdi3.o)
                              obj/illd/src/IfxStm.c.o (__lshrdi3)
c:/hightec/toolchains/tricore/v4.9.3.0-infineon-1.0/bin/../lib/gcc/tricore/4.9.4/tc161\libgcc.a(_floatundidf.o)
                              obj/steering_Pid.c.o (__floatundidf)
c:/hightec/toolchains/tricore/v4.9.3.0-infineon-1.0/bin/../lib/gcc/tricore/4.9.4/tc161\libgcc.a(_sf_to_df.o)
                              obj/illd/Libraries/iLLD/TC27D/Tricore/Vadc/std/IfxVadc.c.o (__extendsfdf2)
c:/hightec/toolchains/tricore/v4.9.3.0-infineon-1.0/bin/../lib/gcc/tricore/4.9.4/tc161\libgcc.a(_addsub_df.o)
                              obj/illd/Libraries/iLLD/TC27D/Tricore/Vadc/std/IfxVadc.c.o (__adddf3)
c:/hightec/toolchains/tricore/v4.9.3.0-infineon-1.0/bin/../lib/gcc/tricore/4.9.4/tc161\libgcc.a(_mul_df.o)
                              obj/bsw.c.o (__muldf3)
c:/hightec/toolchains/tricore/v4.9.3.0-infineon-1.0/bin/../lib/gcc/tricore/4.9.4/tc161\libgcc.a(_div_df.o)
                              obj/illd/Libraries/iLLD/TC27D/Tricore/Vadc/std/IfxVadc.c.o (__divdf3)
c:/hightec/toolchains/tricore/v4.9.3.0-infineon-1.0/bin/../lib/gcc/tricore/4.9.4/tc161\libgcc.a(_gt_df.o)
                              obj/steering_Pid.c.o (__gtdf2)
c:/hightec/toolchains/tricore/v4.9.3.0-infineon-1.0/bin/../lib/gcc/tricore/4.9.4/tc161\libgcc.a(_si_to_df.o)
                              obj/bsw.c.o (__floatsidf)
c:/hightec/toolchains/tricore/v4.9.3.0-infineon-1.0/bin/../lib/gcc/tricore/4.9.4/tc161\libgcc.a(_df_to_si.o)
                              obj/bsw.c.o (__fixdfsi)
c:/hightec/toolchains/tricore/v4.9.3.0-infineon-1.0/bin/../lib/gcc/tricore/4.9.4/tc161\libgcc.a(_make_df.o)
                              c:/hightec/toolchains/tricore/v4.9.3.0-infineon-1.0/bin/../lib/gcc/tricore/4.9.4/tc161\libgcc.a(_sf_to_df.o) (__make_dp)
c:/hightec/toolchains/tricore/v4.9.3.0-infineon-1.0/bin/../lib/gcc/tricore/4.9.4/tc161\libgcc.a(_df_to_sf.o)
                              obj/illd/Libraries/iLLD/TC27D/Tricore/Vadc/std/IfxVadc.c.o (__truncdfsf2)
c:/hightec/toolchains/tricore/v4.9.3.0-infineon-1.0/bin/../lib/gcc/tricore/4.9.4/tc161\libgcc.a(_thenan_df.o)
                              c:/hightec/toolchains/tricore/v4.9.3.0-infineon-1.0/bin/../lib/gcc/tricore/4.9.4/tc161\libgcc.a(_addsub_df.o) (__thenan_df)
c:/hightec/toolchains/tricore/v4.9.3.0-infineon-1.0/bin/../lib/gcc/tricore/4.9.4/tc161\libgcc.a(_usi_to_df.o)
                              c:/hightec/toolchains/tricore/v4.9.3.0-infineon-1.0/bin/../lib/gcc/tricore/4.9.4/tc161\libgcc.a(_floatundidf.o) (__floatunsidf)
c:/hightec/toolchains/tricore/v4.9.3.0-infineon-1.0/bin/../lib/gcc/tricore/4.9.4/tc161\libgcc.a(udivdi3.o)
                              obj/steering_Pid.c.o (__udivdi3)
[...]
Memory Configuration

Name             Origin             Length             Used               Free               Attributes
DMI_DSPR2_local  0x00000000d0000000 0x000000000001e000         0x0000000000000000         0x000000000001e000 w !xpc2
DMI_DSPR2        0x0000000050000000 0x000000000001e000         0x000000000001dc00         0x0000000000000400 w !xpc2
PMI_PSPR2        0x0000000050100000 0x0000000000006000         0x0000000000000000         0x0000000000006000 xw !pc2
DMI_DSPR1_local  0x00000000d0000000 0x000000000001e000         0x0000000000000000         0x000000000001e000 w !xpc1
DMI_DSPR1        0x0000000060000000 0x000000000001e000         0x000000000001dc00         0x0000000000000400 w !xpc1
PMI_PSPR1        0x0000000060100000 0x0000000000006000         0x0000000000000000         0x0000000000006000 xw !pc1
DMI_DSPR0_local  0x00000000d0000000 0x000000000001c000         0x0000000000000000         0x000000000001c000 w !xpc0
DMI_DSPR0        0x0000000070000000 0x000000000001c000         0x000000000001bc00         0x0000000000000400 w !xpc0
PMI_PSPR0        0x0000000070100000 0x0000000000006000         0x0000000000000000         0x0000000000006000 xw !pc0
PMI_PSRAM_local  0x00000000c0000000 0x0000000000006000         0x0000000000000000         0x0000000000006000 xw !p
PMU_PFLASH       0x0000000080000000 0x0000000000400000         0x000000000000f310         0x00000000003f0cf0 xr !p
PMU_PFLASH_nc    0x00000000a0000000 0x0000000000400000         0x0000000000000000         0x0000000000400000 xr !p
PMU_DFLASH0      0x00000000af000000 0x0000000000104000         0x0000000000000000         0x0000000000104000 r !xp
PMU_DFLASH1      0x00000000af110000 0x0000000000010000         0x0000000000000000         0x0000000000010000 r !xp
LMU_SRAM         0x0000000090000000 0x0000000000008000         0x0000000000000000         0x0000000000008000 w !xp
LMU_SRAM_nc      0x00000000b0000000 0x0000000000008000         0x0000000000000000         0x0000000000008000 w !xp
EDMEM            0x000000009f000000 0x0000000000100000         0x0000000000000000         0x0000000000100000 w !xp
EDMEM_nc         0x00000000bf000000 0x0000000000100000         0x0000000000000000         0x0000000000100000 w !xp
BROM             0x000000008fff8000 0x0000000000008000         0x0000000000000000         0x0000000000008000 xr !p
*default*        0x0000000000000000 0xffffffffffffffff         0x0000000000000000         0xffffffffffffffff

List of aliases

DMI_DSPR0       : GLOBAL_RAM

Memory region maps:

CORE     Local Region   Global Region
CPU0     0xd0000000     0x70000000
CPU1     0xd0000000     0x60000000
CPU2     0xd0000000     0x50000000


Linker script and memory map

LOAD obj/asw.c.o
LOAD obj/bsw.c.o
LOAD obj/ee_applcfg.c.o
LOAD obj/hall_Driver.c.o
LOAD obj/illd/Libraries/iLLD/TC27D/Tricore/Vadc/std/IfxVadc.c.o
LOAD obj/illd/Libraries/iLLD/TC27D/Tricore/_Impl/IfxVadc_cfg.c.o
LOAD obj/illd/src/Bsp.c.o
LOAD obj/illd/src/CompilerGnuc.c.o
LOAD obj/illd/src/IfxAsclin.c.o
LOAD obj/illd/src/IfxAsclin_Asc.c.o
LOAD obj/illd/src/IfxAsclin_PinMap.c.o
LOAD obj/illd/src/IfxAsclin_cfg.c.o
LOAD obj/illd/src/IfxCpu.c.o
LOAD obj/illd/src/IfxCpu_Irq.c.o
LOAD obj/illd/src/IfxCpu_cfg.c.o
LOAD obj/illd/src/IfxPort.c.o
LOAD obj/illd/src/IfxPort_cfg.c.o
LOAD obj/illd/src/IfxScuCcu.c.o
LOAD obj/illd/src/IfxScuEru.c.o
LOAD obj/illd/src/IfxScuWdt.c.o
LOAD obj/illd/src/IfxScu_PinMap.c.o
LOAD obj/illd/src/IfxScu_cfg.c.o
LOAD obj/illd/src/IfxSrc.c.o
LOAD obj/illd/src/IfxSrc_cfg.c.o
LOAD obj/illd/src/IfxStdIf_DPipe.c.o
LOAD obj/illd/src/IfxStm.c.o
LOAD obj/illd/src/IfxStm_cfg.c.o
LOAD obj/illd/src/IfxVadc_Adc.c.o
LOAD obj/illd/src/Ifx_CircularBuffer.c.o
LOAD obj/illd/src/Ifx_Fifo.c.o
LOAD obj/steering_Pid.c.o
LOAD obj/uart_Driver.c.o
LOAD obj/ultrasonic_Driver.c.o
START GROUP
LOAD C:\project\SHIPAR~1\TC275\erika\lib\libee.a
END GROUP
LOAD c:/hightec/toolchains/tricore/v4.9.3.0-infineon-1.0/bin/../lib/gcc/tricore/4.9.4/tc161\libgcc.a
LOAD c:/hightec/toolchains/tricore/v4.9.3.0-infineon-1.0/bin/../lib/gcc/tricore/4.9.4/../../../../tricore/lib/tc161\libc.a
LOAD c:/hightec/toolchains/tricore/v4.9.3.0-infineon-1.0/bin/../lib/gcc/tricore/4.9.4/../../../../tricore/lib/tc161\libos.a
LOAD c:/hightec/toolchains/tricore/v4.9.3.0-infineon-1.0/bin/../lib/gcc/tricore/4.9.4/../../../../tricore/lib/tc161\libm.a
LOAD c:/hightec/toolchains/tricore/v4.9.3.0-infineon-1.0/bin/../lib/gcc/tricore/4.9.4/../../../../tricore/lib/tc161\libc.a
LOAD c:/hightec/toolchains/tricore/v4.9.3.0-infineon-1.0/bin/../lib/gcc/tricore/4.9.4/tc161\libgcc.a
                0x0000000000002700                __TRICORE_DERIVATE_MEMORY_MAP__ = 0x2700
                [0x0000000000002000]                __CSA_SIZE = DEFINED (__CSA_SIZE)?__CSA_SIZE:0x2000
                [0x0000000000000400]                __ISTACK_SIZE = DEFINED (__ISTACK_SIZE)?__ISTACK_SIZE:0x400
                [0x0000000000001000]                __USTACK_SIZE = DEFINED (__USTACK_SIZE)?__USTACK_SIZE:0x1000
                [0x0000000000000000]                __HEAP_SIZE = DEFINED (__HEAP_SIZE)?__HEAP_SIZE:0x0
                [0x0000000000002000]                __CSA0_SIZE = DEFINED (__CSA0_SIZE)?__CSA0_SIZE:__CSA_SIZE
                [0x0000000000000400]                __ISTACK0_SIZE = DEFINED (__ISTACK0_SIZE)?__ISTACK0_SIZE:__ISTACK_SIZE
                [0x0000000000001000]                __USTACK0_SIZE = DEFINED (__USTACK0_SIZE)?__USTACK0_SIZE:__USTACK_SIZE
                [0x0000000000002000]                __CSA1_SIZE = DEFINED (__CSA1_SIZE)?__CSA1_SIZE:__CSA_SIZE
                [0x0000000000000400]                __ISTACK1_SIZE = DEFINED (__ISTACK1_SIZE)?__ISTACK1_SIZE:__ISTACK_SIZE
                [0x0000000000001000]                __USTACK1_SIZE = DEFINED (__USTACK1_SIZE)?__USTACK1_SIZE:__USTACK_SIZE
                [0x0000000000002000]                __CSA2_SIZE = DEFINED (__CSA2_SIZE)?__CSA2_SIZE:__CSA_SIZE
                [0x0000000000000400]                __ISTACK2_SIZE = DEFINED (__ISTACK2_SIZE)?__ISTACK2_SIZE:__ISTACK_SIZE
                [0x0000000000001000]                __USTACK2_SIZE = DEFINED (__USTACK2_SIZE)?__USTACK2_SIZE:__USTACK_SIZE
                0x0000000050000000                __DSPR2_START = 0x50000000
                0x0000000060000000                __DSPR1_START = 0x60000000
                0x0000000070000000                __DSPR0_START = 0x70000000
                0x000000000001e000                __DSPR2_SIZE = 0x1e000
                0x000000000001e000                __DSPR1_SIZE = 0x1e000
                0x000000000001c000                __DSPR0_SIZE = 0x1c000
                0x0000000000019c00                __CSA0_OFFSET = ((__DSPR0_SIZE - 0x400) - __CSA0_SIZE)
                0x0000000000019700                __ISTACK0_OFFSET = ((__CSA0_OFFSET - 0x100) - __ISTACK0_SIZE)
                0x0000000000018600                __USTACK0_OFFSET = ((__ISTACK0_OFFSET - 0x100) - __USTACK0_SIZE)
                0x000000000001bc00                __CSA1_OFFSET = ((__DSPR1_SIZE - 0x400) - __CSA1_SIZE)
                0x000000000001b700                __ISTACK1_OFFSET = ((__CSA1_OFFSET - 0x100) - __ISTACK1_SIZE)
                0x000000000001a600                __USTACK1_OFFSET = ((__ISTACK1_OFFSET - 0x100) - __USTACK1_SIZE)
                0x000000000001bc00                __CSA2_OFFSET = ((__DSPR2_SIZE - 0x400) - __CSA2_SIZE)
                0x000000000001b700                __ISTACK2_OFFSET = ((__CSA2_OFFSET - 0x100) - __ISTACK2_SIZE)
                0x000000000001a600                __USTACK2_OFFSET = ((__ISTACK2_OFFSET - 0x100) - __USTACK2_SIZE)

.bmhd0          memory region -> PMU_PFLASH
                0x0000000080000000        0x0
                0x0000000080000000                BootModeHeader0 = .
 *(.bmhd0)

.bmhd1          memory region -> PMU_PFLASH
                0x0000000080020000        0x0
                0x0000000080020000                BootModeHeader1 = .
 *(.bmhd1)

.startup        memory region -> PMU_PFLASH
                0x0000000080000020        0x6
                0x0000000080000020                BootModeIndex = .
 *(.startup)
 .startup       0x0000000080000020        0x6 C:\project\SHIPAR~1\TC275\erika\lib\libee.a(ee_tc_cstart.c.o)
                0x0000000080000020                _start

.zrodata
 *(.zrodata)
 *(.zrodata.*)

.sdata2         memory region -> PMU_PFLASH
                0x0000000080000026        0x0
 *(.srodata)
 *(.srodata.*)
                0x0000000080008000                _SMALL_DATA2_ = SIZEOF (.sdata2)?(ADDR (.sdata2) + 0x8000):((ADDR (.sdata2) & 0xf0000000) + 0x8000)
                0x0000000080008000                __A1_MEM = _SMALL_DATA2_

.rodata         memory region -> PMU_PFLASH
                0x0000000080000028     0x1200
 *(.rodata)
 .rodata        0x0000000080000028       0x34 obj/asw.c.o
 .rodata        0x000000008000005c       0x64 obj/bsw.c.o
 .rodata        0x00000000800000c0      0x198 obj/ee_applcfg.c.o
                0x00000000800000c0                osEE_kdb_var
                0x00000000800000d4                osEE_cdb_var
 .rodata        0x0000000080000258        0x6 obj/illd/Libraries/iLLD/TC27D/Tricore/Vadc/std/IfxVadc.c.o
 *fill*         0x000000008000025e        0x2 00
 .rodata        0x0000000080000260       0xa0 obj/illd/Libraries/iLLD/TC27D/Tricore/_Impl/IfxVadc_cfg.c.o
                0x0000000080000260                IfxVadc_cfg_srcAddresses
 .rodata        0x0000000080000300      0x6b0 obj/illd/src/IfxAsclin_PinMap.c.o
                0x0000000080000300                IfxAsclin3_TX_P32_3_OUT
                0x0000000080000310                IfxAsclin3_TX_P32_2_OUT
                0x0000000080000320                IfxAsclin3_TX_P22_1_OUT
                0x0000000080000330                IfxAsclin3_TX_P22_0_OUT
                0x0000000080000340                IfxAsclin3_TX_P21_7_OUT
                0x0000000080000350                IfxAsclin3_TX_P20_3_OUT
                0x0000000080000360                IfxAsclin3_TX_P20_0_OUT
                0x0000000080000370                IfxAsclin3_TX_P15_7_OUT
                0x0000000080000380                IfxAsclin3_TX_P15_6_OUT
                0x0000000080000390                IfxAsclin3_TX_P11_1_OUT
                0x00000000800003a0                IfxAsclin3_TX_P11_0_OUT
                0x00000000800003b0                IfxAsclin3_TX_P00_1_OUT
                0x00000000800003c0                IfxAsclin3_TX_P00_0_OUT
                0x00000000800003d0                IfxAsclin2_TX_P33_9_OUT
                0x00000000800003e0                IfxAsclin2_TX_P33_8_OUT
                0x00000000800003f0                IfxAsclin2_TX_P32_5_OUT
                0x0000000080000400                IfxAsclin2_TX_P14_3_OUT
                0x0000000080000410                IfxAsclin2_TX_P14_2_OUT
                0x0000000080000420                IfxAsclin2_TX_P10_5_OUT
                0x0000000080000430                IfxAsclin2_TX_P02_9_OUT
                0x0000000080000440                IfxAsclin2_TX_P02_0_OUT
                0x0000000080000450                IfxAsclin1_TX_P33_13_OUT
                0x0000000080000460                IfxAsclin1_TX_P33_12_OUT
                0x0000000080000470                IfxAsclin1_TX_P20_10_OUT
                0x0000000080000480                IfxAsclin1_TX_P15_5_OUT
                0x0000000080000490                IfxAsclin1_TX_P15_4_OUT
                0x00000000800004a0                IfxAsclin1_TX_P15_1_OUT
                0x00000000800004b0                IfxAsclin1_TX_P15_0_OUT
                0x00000000800004c0                IfxAsclin1_TX_P14_10_OUT
                0x00000000800004d0                IfxAsclin1_TX_P11_12_OUT
                0x00000000800004e0                IfxAsclin1_TX_P02_2_OUT
                0x00000000800004f0                IfxAsclin0_TX_P34_1_OUT
                0x0000000080000500                IfxAsclin0_TX_P15_3_OUT
                0x0000000080000510                IfxAsclin0_TX_P15_2_OUT
                0x0000000080000520                IfxAsclin0_TX_P14_1_OUT
                0x0000000080000530                IfxAsclin0_TX_P14_0_OUT
                0x0000000080000540                IfxAsclin3_SLSO_P33_1_OUT
                0x0000000080000550                IfxAsclin3_SLSO_P21_6_OUT
                0x0000000080000560                IfxAsclin3_SLSO_P21_2_OUT
                0x0000000080000570                IfxAsclin3_SLSO_P14_3_OUT
                0x0000000080000580                IfxAsclin3_SLSO_P12_1_OUT
                0x0000000080000590                IfxAsclin3_SLSO_P00_3_OUT
                0x00000000800005a0                IfxAsclin2_SLSO_P33_6_OUT
                0x00000000800005b0                IfxAsclin2_SLSO_P10_5_OUT
                0x00000000800005c0                IfxAsclin2_SLSO_P02_3_OUT
                0x00000000800005d0                IfxAsclin1_SLSO_P33_10_OUT
                0x00000000800005e0                IfxAsclin1_SLSO_P20_8_OUT
                0x00000000800005f0                IfxAsclin1_SLSO_P14_3_OUT
                0x0000000080000600                IfxAsclin3_SCLK_P33_2_OUT
                0x0000000080000610                IfxAsclin3_SCLK_P32_3_OUT
                0x0000000080000620                IfxAsclin3_SCLK_P21_7_OUT
                0x0000000080000630                IfxAsclin3_SCLK_P21_5_OUT
                0x0000000080000640                IfxAsclin3_SCLK_P20_0_OUT
                0x0000000080000650                IfxAsclin3_SCLK_P15_8_OUT
                0x0000000080000660                IfxAsclin3_SCLK_P15_6_OUT
                0x0000000080000670                IfxAsclin3_SCLK_P11_4_OUT
                0x0000000080000680                IfxAsclin3_SCLK_P11_1_OUT
                0x0000000080000690                IfxAsclin3_SCLK_P00_2_OUT
                0x00000000800006a0                IfxAsclin3_SCLK_P00_0_OUT
                0x00000000800006b0                IfxAsclin2_SCLK_P33_9_OUT
                0x00000000800006c0                IfxAsclin2_SCLK_P33_7_OUT
                0x00000000800006d0                IfxAsclin2_SCLK_P14_2_OUT
                0x00000000800006e0                IfxAsclin2_SCLK_P10_6_OUT
                0x00000000800006f0                IfxAsclin2_SCLK_P02_4_OUT
                0x0000000080000700                IfxAsclin1_SCLK_P33_12_OUT
                0x0000000080000710                IfxAsclin1_SCLK_P33_11_OUT
                0x0000000080000720                IfxAsclin1_SCLK_P20_10_OUT
                0x0000000080000730                IfxAsclin1_SCLK_P15_0_OUT
                0x0000000080000740                IfxAsclin0_SCLK_P15_2_OUT
                0x0000000080000750                IfxAsclin0_SCLK_P14_0_OUT
                0x0000000080000760                IfxAsclin3_RXG_P21_3_IN
                0x0000000080000770                IfxAsclin3_RXG_P21_2_IN
                0x0000000080000780                IfxAsclin3_RXF_P21_6_IN
                0x0000000080000790                IfxAsclin3_RXE_P00_1_IN
                0x00000000800007a0                IfxAsclin3_RXD_P32_2_IN
                0x00000000800007b0                IfxAsclin3_RXC_P20_3_IN
                0x00000000800007c0                IfxAsclin3_RXB_P11_0_IN
                0x00000000800007d0                IfxAsclin3_RXA_P15_7_IN
                0x00000000800007e0                IfxAsclin2_RXG_P02_0_IN
                0x00000000800007f0                IfxAsclin2_RXF_P32_6_IN
                0x0000000080000800                IfxAsclin2_RXE_P33_8_IN
                0x0000000080000810                IfxAsclin2_RXD_P10_6_IN
                0x0000000080000820                IfxAsclin2_RXC_P02_10_IN
                0x0000000080000830                IfxAsclin2_RXB_P02_1_IN
                0x0000000080000840                IfxAsclin2_RXA_P14_3_IN
                0x0000000080000850                IfxAsclin1_RXG_P02_3_IN
                0x0000000080000860                IfxAsclin1_RXF_P33_13_IN
                0x0000000080000870                IfxAsclin1_RXE_P11_10_IN
                0x0000000080000880                IfxAsclin1_RXD_P14_8_IN
                0x0000000080000890                IfxAsclin1_RXC_P20_9_IN
                0x00000000800008a0                IfxAsclin1_RXB_P15_5_IN
                0x00000000800008b0                IfxAsclin1_RXA_P15_1_IN
                0x00000000800008c0                IfxAsclin0_RXD_P34_2_IN
                0x00000000800008d0                IfxAsclin0_RXB_P15_3_IN
                0x00000000800008e0                IfxAsclin0_RXA_P14_1_IN
                0x00000000800008f0                IfxAsclin3_RTS_P00_9_OUT
                0x0000000080000900                IfxAsclin2_RTS_P33_4_OUT
                0x0000000080000910                IfxAsclin2_RTS_P10_8_OUT
                0x0000000080000920                IfxAsclin1_RTS_P23_1_OUT
                0x0000000080000930                IfxAsclin1_RTS_P20_6_OUT
                0x0000000080000940                IfxAsclin0_RTS_P14_7_OUT
                0x0000000080000950                IfxAsclin3_CTSA_P00_12_IN
                0x0000000080000960                IfxAsclin2_CTSB_P33_5_IN
                0x0000000080000970                IfxAsclin2_CTSA_P10_7_IN
                0x0000000080000980                IfxAsclin1_CTSB_P32_4_IN
                0x0000000080000990                IfxAsclin1_CTSA_P20_7_IN
                0x00000000800009a0                IfxAsclin0_CTSA_P14_9_IN
 .rodata        0x00000000800009b0       0x20 obj/illd/src/IfxAsclin_cfg.c.o
                0x00000000800009b0                IfxAsclin_cfg_indexMap
 .rodata        0x00000000800009d0      0x100 obj/illd/src/IfxPort_cfg.c.o
                0x00000000800009d0                IfxPort_cfg_indexMap
                0x0000000080000a50                IfxPort_cfg_esrMasks
 .rodata        0x0000000080000ad0       0x80 obj/illd/src/IfxScuCcu.c.o
                0x0000000080000ad0                IfxScuCcu_defaultErayPllConfig
                0x0000000080000ad8                IfxScuCcu_defaultClockConfig
 .rodata        0x0000000080000b50      0x278 obj/illd/src/IfxScu_PinMap.c.o
                0x0000000080000b50                IfxScu_WDTSLCK_P20_9_OUT
                0x0000000080000b60                IfxScu_WDT2LCK_P20_6_OUT
                0x0000000080000b70                IfxScu_WDT1LCK_P20_7_OUT
                0x0000000080000b80                IfxScu_WDT0LCK_P20_8_OUT
                0x0000000080000b90                IfxScu_REQ9_P20_0_IN
                0x0000000080000ba4                IfxScu_REQ8_P33_7_IN
                0x0000000080000bb8                IfxScu_REQ7_P00_4_IN
                0x0000000080000bcc                IfxScu_REQ6_P02_0_IN
                0x0000000080000be0                IfxScu_REQ5_P10_8_IN
                0x0000000080000bf4                IfxScu_REQ4_P10_7_IN
                0x0000000080000c08                IfxScu_REQ3_P10_3_IN
                0x0000000080000c1c                IfxScu_REQ2_P10_2_IN
                0x0000000080000c30                IfxScu_REQ1_P15_8_IN
                0x0000000080000c44                IfxScu_REQ16_P15_1_IN
                0x0000000080000c58                IfxScu_REQ15_P14_1_IN
                0x0000000080000c6c                IfxScu_REQ14_P02_1_IN
                0x0000000080000c80                IfxScu_REQ13_P15_5_IN
                0x0000000080000c94                IfxScu_REQ12_P11_10_IN
                0x0000000080000ca8                IfxScu_REQ11_P20_9_IN
                0x0000000080000cbc                IfxScu_REQ10_P14_3_IN
                0x0000000080000cd0                IfxScu_REQ0_P15_4_IN
                0x0000000080000ce4                IfxScu_HWCFG6_P14_4_IN
                0x0000000080000cf0                IfxScu_HWCFG5_P10_6_IN
                0x0000000080000cfc                IfxScu_HWCFG4_P10_5_IN
                0x0000000080000d08                IfxScu_HWCFG3_BMI_P14_3_IN
                0x0000000080000d14                IfxScu_HWCFG2EVR13_P14_2_IN
                0x0000000080000d20                IfxScu_HWCFG1EVR33_P14_5_IN
                0x0000000080000d2c                IfxScu_HWCFG0DCLDO_P14_6_IN
                0x0000000080000d38                IfxScu_EXTCLK1_P32_4_OUT
                0x0000000080000d48                IfxScu_EXTCLK1_P11_12_OUT
                0x0000000080000d58                IfxScu_EXTCLK0_P23_1_OUT
                0x0000000080000d68                IfxScu_EVRWUPB_P15_1_IN
                0x0000000080000d78                IfxScu_EVRWUPA_P14_1_IN
                0x0000000080000d88                IfxScu_EMGSTOPB_P21_2_IN
                0x0000000080000d98                IfxScu_EMGSTOPA_P33_8_IN
                0x0000000080000da8                IfxScu_DCDCSYNC_P33_13_OUT
                0x0000000080000db8                IfxScu_DCDCSYNC_P32_2_OUT
 .rodata        0x0000000080000dc8       0x40 obj/illd/src/IfxVadc_Adc.c.o
 .rodata        0x0000000080000e08      0x10c obj/uart_Driver.c.o
 .rodata        0x0000000080000f14       0x14 c:/hightec/toolchains/tricore/v4.9.3.0-infineon-1.0/bin/../lib/gcc/tricore/4.9.4/tc161\libgcc.a(_thenan_df.o)
                0x0000000080000f14                __thenan_df
 .rodata        0x0000000080000f28        0x8 c:/hightec/toolchains/tricore/v4.9.3.0-infineon-1.0/bin/../lib/gcc/tricore/4.9.4/../../../../tricore/lib/tc161\libc.a(lib_a-impure.o)
                0x0000000080000f28                _global_impure_ptr
 .rodata        0x0000000080000f30       0x54 c:/hightec/toolchains/tricore/v4.9.3.0-infineon-1.0/bin/../lib/gcc/tricore/4.9.4/../../../../tricore/lib/tc161\libc.a(lib_a-svfprintf.o)
 .rodata        0x0000000080000f84        0xf c:/hightec/toolchains/tricore/v4.9.3.0-infineon-1.0/bin/../lib/gcc/tricore/4.9.4/../../../../tricore/lib/tc161\libc.a(lib_a-dtoa.o)
 *fill*         0x0000000080000f93        0x1 00
 .rodata        0x0000000080000f94       0x44 c:/hightec/toolchains/tricore/v4.9.3.0-infineon-1.0/bin/../lib/gcc/tricore/4.9.4/../../../../tricore/lib/tc161\libc.a(lib_a-locale.o)
 .rodata        0x0000000080000fd8      0x124 c:/hightec/toolchains/tricore/v4.9.3.0-infineon-1.0/bin/../lib/gcc/tricore/4.9.4/../../../../tricore/lib/tc161\libc.a(lib_a-mprec.o)
                0x0000000080000fe4                __mprec_tinytens
                0x000000008000100c                __mprec_bigtens
                0x0000000080001034                __mprec_tens
 *(.rodata.*)
 *(.gnu.linkonce.r.*)
                0x00000000800010fc                . = ALIGN (0x4)
                0x00000000800010fc                PROVIDE (__clear_table, .)
                0x00000000800010fc        0x4 LONG 0x50000000 (0x0 + ADDR (.CPU2.zbss))
                0x0000000080001100        0x4 LONG 0x0 SIZEOF (.CPU2.zbss)
                0x0000000080001104        0x4 LONG 0x50000000 (0x0 + ADDR (.CPU2.bss))
                0x0000000080001108        0x4 LONG 0x0 SIZEOF (.CPU2.bss)
                0x000000008000110c        0x4 LONG 0x60000000 (0x0 + ADDR (.CPU1.zbss))
                0x0000000080001110        0x4 LONG 0x0 SIZEOF (.CPU1.zbss)
                0x0000000080001114        0x4 LONG 0x60000000 (0x0 + ADDR (.CPU1.bss))
                0x0000000080001118        0x4 LONG 0x0 SIZEOF (.CPU1.bss)
                0x000000008000111c        0x4 LONG 0x70000fd0 (0x0 + ADDR (.CPU0.zbss))
                0x0000000080001120        0x4 LONG 0x0 SIZEOF (.CPU0.zbss)
                0x0000000080001124        0x4 LONG 0x70000fd0 (0x0 + ADDR (.CPU0.bss))
                0x0000000080001128        0x4 LONG 0x0 SIZEOF (.CPU0.bss)
                0x000000008000112c        0x4 LONG 0x70000000 (0x0 + ADDR (.zbss))
                0x0000000080001130        0x4 LONG 0x0 SIZEOF (.zbss)
                0x0000000080001134        0x4 LONG 0x70000000 (0x0 + ADDR (.sbss))
                0x0000000080001138        0x4 LONG 0x0 SIZEOF (.sbss)
                0x000000008000113c        0x4 LONG 0x700009e8 (0x0 + ADDR (.bss))
                0x0000000080001140        0x4 LONG 0x5e8 SIZEOF (.bss)
                0x0000000080001144        0x4 LONG 0xb0000000 (0x0 + ADDR (.lmu_zbss))
                0x0000000080001148        0x4 LONG 0x0 SIZEOF (.lmu_zbss)
                0x000000008000114c        0x4 LONG 0xb0000000 (0x0 + ADDR (.lmu_sbss))
                0x0000000080001150        0x4 LONG 0x0 SIZEOF (.lmu_sbss)
                0x0000000080001154        0x4 LONG 0xb0000000 (0x0 + ADDR (.lmu_bss))
                0x0000000080001158        0x4 LONG 0x0 SIZEOF (.lmu_bss)
                0x000000008000115c        0x4 LONG 0xffffffffffffffff
                0x0000000080001160        0x4 LONG 0xffffffffffffffff
                0x0000000080001164                PROVIDE (__copy_table, .)
                0x0000000080001164        0x4 LONG 0x8000f310 LOADADDR (.CPU2.zdata)
                0x0000000080001168        0x4 LONG 0x50000000 ADDR (.CPU2.zdata)
                0x000000008000116c        0x4 LONG 0x0 SIZEOF (.CPU2.zdata)
                0x0000000080001170        0x4 LONG 0x8000f310 LOADADDR (.CPU2.data)
                0x0000000080001174        0x4 LONG 0x50000000 ADDR (.CPU2.data)
                0x0000000080001178        0x4 LONG 0x0 SIZEOF (.CPU2.data)
                0x000000008000117c        0x4 LONG 0x8000f310 LOADADDR (.CPU1.zdata)
                0x0000000080001180        0x4 LONG 0x60000000 ADDR (.CPU1.zdata)
                0x0000000080001184        0x4 LONG 0x0 SIZEOF (.CPU1.zdata)
                0x0000000080001188        0x4 LONG 0x8000f310 LOADADDR (.CPU1.data)
                0x000000008000118c        0x4 LONG 0x60000000 ADDR (.CPU1.data)
                0x0000000080001190        0x4 LONG 0x0 SIZEOF (.CPU1.data)
                0x0000000080001194        0x4 LONG 0x8000f310 LOADADDR (.CPU0.zdata)
                0x0000000080001198        0x4 LONG 0x70000fd0 ADDR (.CPU0.zdata)
                0x000000008000119c        0x4 LONG 0x0 SIZEOF (.CPU0.zdata)
                0x00000000800011a0        0x4 LONG 0x8000f310 LOADADDR (.CPU0.data)
                0x00000000800011a4        0x4 LONG 0x70000fd0 ADDR (.CPU0.data)
                0x00000000800011a8        0x4 LONG 0x0 SIZEOF (.CPU0.data)
                0x00000000800011ac        0x4 LONG 0x8000e928 LOADADDR (.zdata)
                0x00000000800011b0        0x4 LONG 0x70000000 ADDR (.zdata)
                0x00000000800011b4        0x4 LONG 0x0 SIZEOF (.zdata)
                0x00000000800011b8        0x4 LONG 0x8000e928 LOADADDR (.sdata)
                0x00000000800011bc        0x4 LONG 0x70000000 ADDR (.sdata)
                0x00000000800011c0        0x4 LONG 0x0 SIZEOF (.sdata)
                0x00000000800011c4        0x4 LONG 0x8000e928 LOADADDR (.data)
                0x00000000800011c8        0x4 LONG 0x70000000 ADDR (.data)
                0x00000000800011cc        0x4 LONG 0x9e8 SIZEOF (.data)
                0x00000000800011d0        0x4 LONG 0x8000f310 LOADADDR (.lmu_zdata)
                0x00000000800011d4        0x4 LONG 0xb0000000 ADDR (.lmu_zdata)
                0x00000000800011d8        0x4 LONG 0x0 SIZEOF (.lmu_zdata)
                0x00000000800011dc        0x4 LONG 0x8000f310 LOADADDR (.lmu_sdata)
                0x00000000800011e0        0x4 LONG 0xb0000000 ADDR (.lmu_sdata)
                0x00000000800011e4        0x4 LONG 0x0 SIZEOF (.lmu_sdata)
                0x00000000800011e8        0x4 LONG 0x8000f310 LOADADDR (.lmu_data)
                0x00000000800011ec        0x4 LONG 0xb0000000 ADDR (.lmu_data)
                0x00000000800011f0        0x4 LONG 0x0 SIZEOF (.lmu_data)
                0x00000000800011f4        0x4 LONG 0x8000f310 LOADADDR (.CPU0.psram_text)
                0x00000000800011f8        0x4 LONG 0x70100000 ADDR (.CPU0.psram_text)
                0x00000000800011fc        0x4 LONG 0x0 SIZEOF (.CPU0.psram_text)
                0x0000000080001200        0x4 LONG 0x8000f310 LOADADDR (.CPU1.psram_text)
                0x0000000080001204        0x4 LONG 0x60100000 ADDR (.CPU1.psram_text)
                0x0000000080001208        0x4 LONG 0x0 SIZEOF (.CPU1.psram_text)
                0x000000008000120c        0x4 LONG 0x8000f310 LOADADDR (.CPU2.psram_text)
                0x0000000080001210        0x4 LONG 0x50100000 ADDR (.CPU2.psram_text)
                0x0000000080001214        0x4 LONG 0x0 SIZEOF (.CPU2.psram_text)
                0x0000000080001218        0x4 LONG 0xffffffffffffffff
                0x000000008000121c        0x4 LONG 0xffffffffffffffff
                0x0000000080001220        0x4 LONG 0xffffffffffffffff
                0x0000000080001228                . = ALIGN (0x8)
 *fill*         0x0000000080001224        0x4 00

.traptab        memory region -> PMU_PFLASH
                0x0000000080001300      0x100
 *(.traptab)
 *(.traptab*)
 .traptab_cpu0  0x0000000080001300      0x100 C:\project\SHIPAR~1\TC275\erika\lib\libee.a(ee_tc_trapvec.c.o)
                0x0000000080001300                osEE_tc_trap_mmu
                0x0000000080001300                __TRAPTAB
                0x0000000080001320                osEE_tc_trap_protection
                0x0000000080001340                osEE_tc_trap_instruction
                0x0000000080001360                osEE_tc_trap_context
                0x0000000080001380                osEE_tc_trap_bus
                0x00000000800013a0                osEE_tc_trap_assertion
                0x00000000800013c0                osEE_tc_trap_system
                0x00000000800013e0                osEE_tc_trap_nmi
                0x0000000080001400                . = ALIGN (0x8)

.eh_frame       memory region -> PMU_PFLASH
                0x0000000080001400        0x0
 *(.gcc_except_table)
                0x0000000080001400                __EH_FRAME_BEGIN__ = .
 *(.eh_frame)
                0x0000000080001400                __EH_FRAME_END__ = .
 *(.jcr)
                0x0000000080001400                . = ALIGN (0x8)

.ctors          memory region -> PMU_PFLASH
                0x0000000080001400        0x8
                0x0000000080001400                __CTOR_LIST__ = .
                0x0000000080001400        0x4 LONG 0x0 (((__CTOR_END__ - __CTOR_LIST__) / 0x4) - 0x2)
 *(.ctors)
                0x0000000080001404        0x4 LONG 0x0
                0x0000000080001408                __CTOR_END__ = .
                0x0000000080001408                . = ALIGN (0x8)

.dtors          memory region -> PMU_PFLASH
                0x0000000080001408        0x8
                0x0000000080001408                __DTOR_LIST__ = .
                0x0000000080001408        0x4 LONG 0x0 (((__DTOR_END__ - __DTOR_LIST__) / 0x4) - 0x2)
 *(.dtors)
                0x000000008000140c        0x4 LONG 0x0
                0x0000000080001410                __DTOR_END__ = .
                0x0000000080001410                . = ALIGN (0x8)

.inttab_cpu0    memory region -> PMU_PFLASH
                0x0000000080002000     0x2000
 *(.inttab_cpu0)
 .inttab_cpu0   0x0000000080002000     0x2000 C:\project\SHIPAR~1\TC275\erika\lib\libee.a(ee_tc_intvec.c.o)
                0x0000000080002000                __INTTAB0
                0x0000000080002020                osEE_tc_isr_dummy_entry_1
                0x0000000080002040                osEE_tc_isr_dummy_entry_2
                0x0000000080002060                osEE_tc_isr_dummy_entry_3
                0x0000000080002080                osEE_tc_isr_dummy_entry_4
                0x00000000800020a0                osEE_tc_isr_dummy_entry_5
                0x00000000800020c0                osEE_tc_isr2_entry_6
                0x00000000800020e0                osEE_tc_isr_dummy_entry_7
                0x0000000080002100                osEE_tc_isr_dummy_entry_8
                0x0000000080002120                osEE_tc_isr_dummy_entry_9
                0x0000000080002140                osEE_tc_isr2_entry_10
                0x0000000080002160                osEE_tc_isr2_entry_11
                0x0000000080002180                osEE_tc_isr2_entry_12
                0x00000000800021a0                osEE_tc_isr2_entry_13
                0x00000000800021c0                osEE_tc_isr2_entry_14
                0x00000000800021e0                osEE_tc_isr2_entry_15
                0x0000000080002200                osEE_tc_isr_dummy_entry_16
                0x0000000080002220                osEE_tc_isr2_entry_17
                0x0000000080002240                osEE_tc_isr_dummy_entry_18
                0x0000000080002260                osEE_tc_isr_dummy_entry_19
                0x0000000080002280                osEE_tc_isr_dummy_entry_20
                0x00000000800022a0                osEE_tc_isr_dummy_entry_21
                0x00000000800022c0                osEE_tc_isr_dummy_entry_22
                0x00000000800022e0                osEE_tc_isr_dummy_entry_23
                0x0000000080002300                osEE_tc_isr_dummy_entry_24
                0x0000000080002320                osEE_tc_isr_dummy_entry_25
                0x0000000080002340                osEE_tc_isr_dummy_entry_26
                0x0000000080002360                osEE_tc_isr_dummy_entry_27
                0x0000000080002380                osEE_tc_isr_dummy_entry_28
                0x00000000800023a0                osEE_tc_isr_dummy_entry_29
                0x00000000800023c0                osEE_tc_isr_dummy_entry_30
                0x00000000800023e0                osEE_tc_isr_dummy_entry_31
                0x0000000080002400                osEE_tc_isr_dummy_entry_32
                0x0000000080002420                osEE_tc_isr_dummy_entry_33
                0x0000000080002440                osEE_tc_isr_dummy_entry_34
                0x0000000080002460                osEE_tc_isr_dummy_entry_35
                0x0000000080002480                osEE_tc_isr_dummy_entry_36
                0x00000000800024a0                osEE_tc_isr_dummy_entry_37
                0x00000000800024c0                osEE_tc_isr_dummy_entry_38
                0x00000000800024e0                osEE_tc_isr_dummy_entry_39
                0x0000000080002500                osEE_tc_isr_dummy_entry_40
                0x0000000080002520                osEE_tc_isr_dummy_entry_41
                0x0000000080002540                osEE_tc_isr_dummy_entry_42
                0x0000000080002560                osEE_tc_isr_dummy_entry_43
                0x0000000080002580                osEE_tc_isr_dummy_entry_44
                0x00000000800025a0                osEE_tc_isr_dummy_entry_45
                0x00000000800025c0                osEE_tc_isr_dummy_entry_46
                0x00000000800025e0                osEE_tc_isr_dummy_entry_47
                0x0000000080002600                osEE_tc_isr_dummy_entry_48
                0x0000000080002620                osEE_tc_isr_dummy_entry_49
                0x0000000080002640                osEE_tc_isr_dummy_entry_50
                0x0000000080002660                osEE_tc_isr_dummy_entry_51
                0x0000000080002680                osEE_tc_isr_dummy_entry_52
                0x00000000800026a0                osEE_tc_isr_dummy_entry_53
                0x00000000800026c0                osEE_tc_isr_dummy_entry_54
                0x00000000800026e0                osEE_tc_isr_dummy_entry_55
                0x0000000080002700                osEE_tc_isr_dummy_entry_56
                0x0000000080002720                osEE_tc_isr_dummy_entry_57
                0x0000000080002740                osEE_tc_isr_dummy_entry_58
                0x0000000080002760                osEE_tc_isr_dummy_entry_59
                0x0000000080002780                osEE_tc_isr_dummy_entry_60
                0x00000000800027a0                osEE_tc_isr_dummy_entry_61
                0x00000000800027c0                osEE_tc_isr_dummy_entry_62
                0x00000000800027e0                osEE_tc_isr_dummy_entry_63
                0x0000000080002800                osEE_tc_isr_dummy_entry_64
                0x0000000080002820                osEE_tc_isr_dummy_entry_65
                0x0000000080002840                osEE_tc_isr_dummy_entry_66
                0x0000000080002860                osEE_tc_isr_dummy_entry_67
                0x0000000080002880                osEE_tc_isr_dummy_entry_68
                0x00000000800028a0                osEE_tc_isr_dummy_entry_69
                0x00000000800028c0                osEE_tc_isr_dummy_entry_70
                0x00000000800028e0                osEE_tc_isr_dummy_entry_71
                0x0000000080002900                osEE_tc_isr_dummy_entry_72
                0x0000000080002920                osEE_tc_isr_dummy_entry_73
                0x0000000080002940                osEE_tc_isr_dummy_entry_74
                0x0000000080002960                osEE_tc_isr_dummy_entry_75
                0x0000000080002980                osEE_tc_isr_dummy_entry_76
                0x00000000800029a0                osEE_tc_isr_dummy_entry_77
                0x00000000800029c0                osEE_tc_isr_dummy_entry_78
                0x00000000800029e0                osEE_tc_isr_dummy_entry_79
                0x0000000080002a00                osEE_tc_isr_dummy_entry_80
                0x0000000080002a20                osEE_tc_isr_dummy_entry_81
                0x0000000080002a40                osEE_tc_isr_dummy_entry_82
                0x0000000080002a60                osEE_tc_isr_dummy_entry_83
                0x0000000080002a80                osEE_tc_isr_dummy_entry_84
                0x0000000080002aa0                osEE_tc_isr_dummy_entry_85
                0x0000000080002ac0                osEE_tc_isr_dummy_entry_86
                0x0000000080002ae0                osEE_tc_isr_dummy_entry_87
                0x0000000080002b00                osEE_tc_isr_dummy_entry_88
                0x0000000080002b20                osEE_tc_isr_dummy_entry_89
                0x0000000080002b40                osEE_tc_isr_dummy_entry_90
                0x0000000080002b60                osEE_tc_isr_dummy_entry_91
                0x0000000080002b80                osEE_tc_isr_dummy_entry_92
                0x0000000080002ba0                osEE_tc_isr_dummy_entry_93
                0x0000000080002bc0                osEE_tc_isr_dummy_entry_94
                0x0000000080002be0                osEE_tc_isr_dummy_entry_95
                0x0000000080002c00                osEE_tc_isr_dummy_entry_96
                0x0000000080002c20                osEE_tc_isr_dummy_entry_97
                0x0000000080002c40                osEE_tc_isr_dummy_entry_98
                0x0000000080002c60                osEE_tc_isr_dummy_entry_99
                0x0000000080002c80                osEE_tc_isr_dummy_entry_100
                0x0000000080002ca0                osEE_tc_isr_dummy_entry_101
                0x0000000080002cc0                osEE_tc_isr_dummy_entry_102
                0x0000000080002ce0                osEE_tc_isr_dummy_entry_103
                0x0000000080002d00                osEE_tc_isr_dummy_entry_104
                0x0000000080002d20                osEE_tc_isr_dummy_entry_105
                0x0000000080002d40                osEE_tc_isr_dummy_entry_106
                0x0000000080002d60                osEE_tc_isr_dummy_entry_107
                0x0000000080002d80                osEE_tc_isr_dummy_entry_108
                0x0000000080002da0                osEE_tc_isr_dummy_entry_109
                0x0000000080002dc0                osEE_tc_isr_dummy_entry_110
                0x0000000080002de0                osEE_tc_isr_dummy_entry_111
                0x0000000080002e00                osEE_tc_isr_dummy_entry_112
                0x0000000080002e20                osEE_tc_isr_dummy_entry_113
                0x0000000080002e40                osEE_tc_isr_dummy_entry_114
                0x0000000080002e60                osEE_tc_isr_dummy_entry_115
                0x0000000080002e80                osEE_tc_isr_dummy_entry_116
                0x0000000080002ea0                osEE_tc_isr_dummy_entry_117
                0x0000000080002ec0                osEE_tc_isr_dummy_entry_118
                0x0000000080002ee0                osEE_tc_isr_dummy_entry_119
                0x0000000080002f00                osEE_tc_isr_dummy_entry_120
                0x0000000080002f20                osEE_tc_isr_dummy_entry_121
                0x0000000080002f40                osEE_tc_isr_dummy_entry_122
                0x0000000080002f60                osEE_tc_isr_dummy_entry_123
                0x0000000080002f80                osEE_tc_isr_dummy_entry_124
                0x0000000080002fa0                osEE_tc_isr_dummy_entry_125
                0x0000000080002fc0                osEE_tc_isr_dummy_entry_126
                0x0000000080002fe0                osEE_tc_isr_dummy_entry_127
                0x0000000080003000                osEE_tc_isr_dummy_entry_128
                0x0000000080003020                osEE_tc_isr_dummy_entry_129
                0x0000000080003040                osEE_tc_isr_dummy_entry_130
                0x0000000080003060                osEE_tc_isr_dummy_entry_131
                0x0000000080003080                osEE_tc_isr_dummy_entry_132
                0x00000000800030a0                osEE_tc_isr_dummy_entry_133
                0x00000000800030c0                osEE_tc_isr_dummy_entry_134
                0x00000000800030e0                osEE_tc_isr_dummy_entry_135
                0x0000000080003100                osEE_tc_isr_dummy_entry_136
                0x0000000080003120                osEE_tc_isr_dummy_entry_137
                0x0000000080003140                osEE_tc_isr_dummy_entry_138
                0x0000000080003160                osEE_tc_isr_dummy_entry_139
                0x0000000080003180                osEE_tc_isr_dummy_entry_140
                0x00000000800031a0                osEE_tc_isr_dummy_entry_141
                0x00000000800031c0                osEE_tc_isr_dummy_entry_142
                0x00000000800031e0                osEE_tc_isr_dummy_entry_143
                0x0000000080003200                osEE_tc_isr_dummy_entry_144
                0x0000000080003220                osEE_tc_isr_dummy_entry_145
                0x0000000080003240                osEE_tc_isr_dummy_entry_146
                0x0000000080003260                osEE_tc_isr_dummy_entry_147
                0x0000000080003280                osEE_tc_isr_dummy_entry_148
                0x00000000800032a0                osEE_tc_isr_dummy_entry_149
                0x00000000800032c0                osEE_tc_isr_dummy_entry_150
                0x00000000800032e0                osEE_tc_isr_dummy_entry_151
                0x0000000080003300                osEE_tc_isr_dummy_entry_152
                0x0000000080003320                osEE_tc_isr_dummy_entry_153
                0x0000000080003340                osEE_tc_isr_dummy_entry_154
                0x0000000080003360                osEE_tc_isr_dummy_entry_155
                0x0000000080003380                osEE_tc_isr_dummy_entry_156
                0x00000000800033a0                osEE_tc_isr_dummy_entry_157
                0x00000000800033c0                osEE_tc_isr_dummy_entry_158
                0x00000000800033e0                osEE_tc_isr_dummy_entry_159
                0x0000000080003400                osEE_tc_isr_dummy_entry_160
                0x0000000080003420                osEE_tc_isr_dummy_entry_161
                0x0000000080003440                osEE_tc_isr_dummy_entry_162
                0x0000000080003460                osEE_tc_isr_dummy_entry_163
                0x0000000080003480                osEE_tc_isr_dummy_entry_164
                0x00000000800034a0                osEE_tc_isr_dummy_entry_165
                0x00000000800034c0                osEE_tc_isr_dummy_entry_166
                0x00000000800034e0                osEE_tc_isr_dummy_entry_167
                0x0000000080003500                osEE_tc_isr_dummy_entry_168
                0x0000000080003520                osEE_tc_isr_dummy_entry_169
                0x0000000080003540                osEE_tc_isr_dummy_entry_170
                0x0000000080003560                osEE_tc_isr_dummy_entry_171
                0x0000000080003580                osEE_tc_isr_dummy_entry_172
                0x00000000800035a0                osEE_tc_isr_dummy_entry_173
                0x00000000800035c0                osEE_tc_isr_dummy_entry_174
                0x00000000800035e0                osEE_tc_isr_dummy_entry_175
                0x0000000080003600                osEE_tc_isr_dummy_entry_176
                0x0000000080003620                osEE_tc_isr_dummy_entry_177
                0x0000000080003640                osEE_tc_isr_dummy_entry_178
                0x0000000080003660                osEE_tc_isr_dummy_entry_179
                0x0000000080003680                osEE_tc_isr_dummy_entry_180
                0x00000000800036a0                osEE_tc_isr_dummy_entry_181
                0x00000000800036c0                osEE_tc_isr_dummy_entry_182
                0x00000000800036e0                osEE_tc_isr_dummy_entry_183
                0x0000000080003700                osEE_tc_isr_dummy_entry_184
                0x0000000080003720                osEE_tc_isr_dummy_entry_185
                0x0000000080003740                osEE_tc_isr_dummy_entry_186
                0x0000000080003760                osEE_tc_isr_dummy_entry_187
                0x0000000080003780                osEE_tc_isr_dummy_entry_188
                0x00000000800037a0                osEE_tc_isr_dummy_entry_189
                0x00000000800037c0                osEE_tc_isr_dummy_entry_190
                0x00000000800037e0                osEE_tc_isr_dummy_entry_191
                0x0000000080003800                osEE_tc_isr_dummy_entry_192
                0x0000000080003820                osEE_tc_isr_dummy_entry_193
                0x0000000080003840                osEE_tc_isr_dummy_entry_194
                0x0000000080003860                osEE_tc_isr_dummy_entry_195
                0x0000000080003880                osEE_tc_isr_dummy_entry_196
                0x00000000800038a0                osEE_tc_isr_dummy_entry_197
                0x00000000800038c0                osEE_tc_isr_dummy_entry_198
                0x00000000800038e0                osEE_tc_isr_dummy_entry_199
                0x0000000080003900                osEE_tc_isr_dummy_entry_200
                0x0000000080003920                osEE_tc_isr_dummy_entry_201
                0x0000000080003940                osEE_tc_isr_dummy_entry_202
                0x0000000080003960                osEE_tc_isr_dummy_entry_203
                0x0000000080003980                osEE_tc_isr_dummy_entry_204
                0x00000000800039a0                osEE_tc_isr_dummy_entry_205
                0x00000000800039c0                osEE_tc_isr_dummy_entry_206
                0x00000000800039e0                osEE_tc_isr_dummy_entry_207
                0x0000000080003a00                osEE_tc_isr_dummy_entry_208
                0x0000000080003a20                osEE_tc_isr_dummy_entry_209
                0x0000000080003a40                osEE_tc_isr_dummy_entry_210
                0x0000000080003a60                osEE_tc_isr_dummy_entry_211
                0x0000000080003a80                osEE_tc_isr_dummy_entry_212
                0x0000000080003aa0                osEE_tc_isr_dummy_entry_213
                0x0000000080003ac0                osEE_tc_isr_dummy_entry_214
                0x0000000080003ae0                osEE_tc_isr_dummy_entry_215
                0x0000000080003b00                osEE_tc_isr_dummy_entry_216
                0x0000000080003b20                osEE_tc_isr_dummy_entry_217
                0x0000000080003b40                osEE_tc_isr_dummy_entry_218
                0x0000000080003b60                osEE_tc_isr_dummy_entry_219
                0x0000000080003b80                osEE_tc_isr_dummy_entry_220
                0x0000000080003ba0                osEE_tc_isr_dummy_entry_221
                0x0000000080003bc0                osEE_tc_isr_dummy_entry_222
                0x0000000080003be0                osEE_tc_isr_dummy_entry_223
                0x0000000080003c00                osEE_tc_isr_dummy_entry_224
                0x0000000080003c20                osEE_tc_isr_dummy_entry_225
                0x0000000080003c40                osEE_tc_isr_dummy_entry_226
                0x0000000080003c60                osEE_tc_isr_dummy_entry_227
                0x0000000080003c80                osEE_tc_isr_dummy_entry_228
                0x0000000080003ca0                osEE_tc_isr_dummy_entry_229
                0x0000000080003cc0                osEE_tc_isr_dummy_entry_230
                0x0000000080003ce0                osEE_tc_isr_dummy_entry_231
                0x0000000080003d00                osEE_tc_isr_dummy_entry_232
                0x0000000080003d20                osEE_tc_isr_dummy_entry_233
                0x0000000080003d40                osEE_tc_isr_dummy_entry_234
                0x0000000080003d60                osEE_tc_isr_dummy_entry_235
                0x0000000080003d80                osEE_tc_isr_dummy_entry_236
                0x0000000080003da0                osEE_tc_isr_dummy_entry_237
                0x0000000080003dc0                osEE_tc_isr_dummy_entry_238
                0x0000000080003de0                osEE_tc_isr_dummy_entry_239
                0x0000000080003e00                osEE_tc_isr_dummy_entry_240
                0x0000000080003e20                osEE_tc_isr_dummy_entry_241
                0x0000000080003e40                osEE_tc_isr_dummy_entry_242
                0x0000000080003e60                osEE_tc_isr_dummy_entry_243
                0x0000000080003e80                osEE_tc_isr_dummy_entry_244
                0x0000000080003ea0                osEE_tc_isr_dummy_entry_245
                0x0000000080003ec0                osEE_tc_isr_dummy_entry_246
                0x0000000080003ee0                osEE_tc_isr_dummy_entry_247
                0x0000000080003f00                osEE_tc_isr_dummy_entry_248
                0x0000000080003f20                osEE_tc_isr_dummy_entry_249
                0x0000000080003f40                osEE_tc_isr_dummy_entry_250
                0x0000000080003f60                osEE_tc_isr_dummy_entry_251
                0x0000000080003f80                osEE_tc_isr_dummy_entry_252
                0x0000000080003fa0                osEE_tc_isr_dummy_entry_253
                0x0000000080003fc0                osEE_tc_isr_dummy_entry_254
                0x0000000080003fe0                osEE_tc_isr_dummy_entry_255
 *(.*.inttab_cpu0)
                0x0000000080004000                . = ALIGN (0x8)

.text           memory region -> PMU_PFLASH
                0x0000000080004000     0xa928
                0x0000000080004000                PROVIDE (__text_start, .)
 *(.text)
 .text          0x0000000080004000       0xe0 obj/asw.c.o
                0x0000000080004000                FuncTestTask
                0x000000008000404e                FRHallISR
                0x0000000080004066                FLHallISR
                0x000000008000407e                RRHallISR
                0x0000000080004096                RLHallISR
                0x00000000800040ae                TimerISR
 .text          0x00000000800040e0      0x46a obj/bsw.c.o
                0x00000000800040e0                delay_ms
                0x000000008000414a                delay_us
                0x00000000800041b8                UART_init
                0x000000008000422a                printfSerial
                0x000000008000429c                printDouble
                0x00000000800042ea                initVADCModule
                0x0000000080004308                initVADCGroup
                0x000000008000433a                initVADCChannels
                0x00000000800043b8                initADC
                0x00000000800043da                readADCValue
                0x0000000080004400                initPeripheralsAndERU
                0x00000000800044a2                asclin3TxISR
                0x00000000800044ae                main
 .text          0x000000008000454a      0x290 obj/hall_Driver.c.o
                0x000000008000454a                initHall
                0x00000000800047c4                getFRHallCnt
                0x00000000800047ce                resetFRHallCnt
 *fill*         0x00000000800047da        0x2 00
 .text          0x00000000800047dc      0x5d4 obj/illd/Libraries/iLLD/TC27D/Tricore/Vadc/std/IfxVadc.c.o
                0x00000000800047dc                IfxVadc_disableAccess
                0x0000000080004814                IfxVadc_enableAccess
                0x000000008000484c                IfxVadc_configExternalMultiplexerMode
                0x0000000080004892                IfxVadc_disablePostCalibration
                0x00000000800048ce                IfxVadc_enableGroupSync
                0x0000000080004978                IfxVadc_getAdcAnalogFrequency
                0x0000000080004990                IfxVadc_getAdcDigitalFrequency
                0x00000000800049aa                IfxVadc_getAdcModuleFrequency
                0x00000000800049ae                IfxVadc_getBackgroundScanStatus
                0x00000000800049c8                IfxVadc_getQueueStatus
                0x00000000800049d8                IfxVadc_getResultBasedOnRequestSource
                0x0000000080004a6c                IfxVadc_getScanStatus
                0x0000000080004a76                IfxVadc_getSrcAddress
                0x0000000080004a9e                IfxVadc_initialiseAdcArbiterClock
                0x0000000080004ac2                IfxVadc_initialiseAdcConverterClock
                0x0000000080004ae6                IfxVadc_initializeFAdcD
                0x0000000080004b10                IfxVadc_initializeFAdcI
                0x0000000080004b76                IfxVadc_isPostCalibration
                0x0000000080004be0                IfxVadc_getChannelConversionTime
                0x0000000080004c8a                IfxVadc_resetKernel
                0x0000000080004cdc                IfxVadc_selectPowerSupplyVoltage
                0x0000000080004d00                IfxVadc_setArbiterPriority
                0x0000000080004d56                IfxVadc_setScan
                0x0000000080004d6a                IfxVadc_startupCalibration
 .text          0x0000000080004db0      0x450 obj/illd/src/IfxAsclin.c.o
                0x0000000080004db0                IfxAsclin_disableModule
                0x0000000080004dcc                IfxAsclin_enableAscErrorFlags
                0x0000000080004dfa                IfxAsclin_enableModule
                0x0000000080004e16                IfxAsclin_getAddress
                0x0000000080004e2c                IfxAsclin_getFaFrequency
                0x0000000080004ea0                IfxAsclin_getIndex
                0x0000000080004ec2                IfxAsclin_getPdFrequency
                0x0000000080004eda                IfxAsclin_getOvsFrequency
                0x0000000080004efe                IfxAsclin_getShiftFrequency
                0x0000000080004f14                IfxAsclin_getSrcPointerEr
                0x0000000080004f28                IfxAsclin_getSrcPointerRx
                0x0000000080004f3c                IfxAsclin_getSrcPointerTx
                0x0000000080004f50                IfxAsclin_read16
                0x0000000080004f62                IfxAsclin_read32
                0x0000000080004f74                IfxAsclin_read8
                0x0000000080004f86                IfxAsclin_resetModule
                0x0000000080004fd2                IfxAsclin_setClockSource
                0x0000000080004ff4                IfxAsclin_setBaudrateBitFields
                0x0000000080005046                IfxAsclin_setBitTiming
                0x00000000800051c8                IfxAsclin_write16
                0x00000000800051dc                IfxAsclin_write32
                0x00000000800051ee                IfxAsclin_write8
 .text          0x0000000080005200      0x8d0 obj/illd/src/IfxAsclin_Asc.c.o
                0x0000000080005200                IfxAsclin_Asc_getReadCount
                0x0000000080005206                IfxAsclin_Asc_getReadEvent
                0x0000000080005210                IfxAsclin_Asc_getSendCount
                0x0000000080005216                IfxAsclin_Asc_getTxTimeStamp
                0x000000008000521c                IfxAsclin_Asc_getWriteCount
                0x000000008000522a                IfxAsclin_Asc_getWriteEvent
                0x0000000080005234                IfxAsclin_Asc_isrError
                0x00000000800052a6                IfxAsclin_Asc_resetSendCount
                0x00000000800052ac                IfxAsclin_Asc_canReadCount
                0x00000000800052b4                IfxAsclin_Asc_flushTx
                0x0000000080005350                IfxAsclin_Asc_canWriteCount
                0x0000000080005358                IfxAsclin_Asc_clearRx
                0x0000000080005368                IfxAsclin_Asc_clearTx
                0x000000008000537c                IfxAsclin_Asc_read
                0x0000000080005398                IfxAsclin_Asc_isrTransmit
                0x0000000080005436                IfxAsclin_Asc_isrReceive
                0x00000000800054cc                IfxAsclin_Asc_blockingRead
                0x00000000800054f2                IfxAsclin_Asc_disableModule
                0x000000008000550e                IfxAsclin_Asc_initModule
                0x00000000800058bc                IfxAsclin_Asc_initModuleConfig
                0x0000000080005944                IfxAsclin_Asc_initiateTransmission
                0x000000008000598c                IfxAsclin_Asc_write
                0x00000000800059ee                IfxAsclin_Asc_blockingWrite
                0x0000000080005a0a                IfxAsclin_Asc_stdIfDPipeInit
 .text          0x0000000080005ad0      0x40e obj/illd/src/IfxPort.c.o
                0x0000000080005ad0                IfxPort_getAddress
                0x0000000080005b00                IfxPort_getIndex
                0x0000000080005b22                IfxPort_resetESR
                0x0000000080005b4a                IfxPort_disableEmergencyStop
                0x0000000080005b7a                IfxPort_setESR
                0x0000000080005ba4                IfxPort_enableEmergencyStop
                0x0000000080005be0                IfxPort_setGroupModeInput
                0x0000000080005c70                IfxPort_setGroupModeOutput
                0x0000000080005d02                IfxPort_setGroupPadDriver
                0x0000000080005da6                IfxPort_setPinMode
                0x0000000080005dfc                IfxPort_setPinModeLvdsHigh
                0x0000000080005e60                IfxPort_setPinModeLvdsMedium
                0x0000000080005ea2                IfxPort_setPinPadDriver
 *fill*         0x0000000080005ede        0x2 00
 .text          0x0000000080005ee0      0xf70 obj/illd/src/IfxScuCcu.c.o
                0x0000000080005ee0                IfxScuCcu_calculateSysPllDividers
                0x0000000080005fd8                IfxScuCcu_getOsc0Frequency
                0x0000000080005fe6                IfxScuCcu_getOscFrequency
                0x0000000080006016                IfxScuCcu_getPllErayFrequency
                0x000000008000607a                IfxScuCcu_getPllErayVcoFrequency
                0x00000000800060be                IfxScuCcu_getPllFrequency
                0x0000000080006130                IfxScuCcu_getPllVcoFrequency
                0x0000000080006174                IfxScuCcu_getSourceFrequency
                0x00000000800061cc                IfxScuCcu_getBbbFrequency
                0x0000000080006244                IfxScuCcu_getMaxFrequency
                0x00000000800062b4                IfxScuCcu_getBaud1Frequency
                0x00000000800062d4                IfxScuCcu_getBaud2Frequency
                0x00000000800062f6                IfxScuCcu_getSpbFrequency
                0x000000008000636e                IfxScuCcu_getModuleFrequency
                0x00000000800063b8                IfxScuCcu_getSriFrequency
                0x0000000080006432                IfxScuCcu_getCpuFrequency
                0x0000000080006474                IfxScuCcu_getFsi2Frequency
                0x00000000800064aa                IfxScuCcu_getFsiFrequency
                0x00000000800064e0                IfxScuCcu_init
                0x000000008000689e                IfxScuCcu_initConfig
                0x00000000800068b2                IfxScuCcu_initErayPll
                0x0000000080006a54                IfxScuCcu_initErayPllConfig
                0x0000000080006a66                IfxScuCcu_setCpuFrequency
                0x0000000080006adc                IfxScuCcu_setGtmFrequency
                0x0000000080006b6a                IfxScuCcu_setPll2ErayFrequency
                0x0000000080006bba                IfxScuCcu_setPll2Frequency
                0x0000000080006c0a                IfxScuCcu_setSpbFrequency
                0x0000000080006cbe                IfxScuCcu_setSriFrequency
                0x0000000080006d3e                IfxScuCcu_switchToBackupClock
 .text          0x0000000080006e50      0x356 obj/illd/src/IfxScuEru.c.o
                0x0000000080006e50                IfxScuEru_clearAllEventFlags
                0x0000000080006e62                IfxScuEru_clearEventFlag
                0x0000000080006e78                IfxScuEru_clearInputChannelConfiguration
                0x0000000080006ea0                IfxScuEru_clearOutputChannelConfiguration
                0x0000000080006ec8                IfxScuEru_connectTrigger
                0x0000000080006efe                IfxScuEru_disableAutoClear
                0x0000000080006f24                IfxScuEru_disableFallingEdgeDetection
                0x0000000080006f4a                IfxScuEru_disablePatternDetectionTrigger
                0x0000000080006f70                IfxScuEru_disableRisingEdgeDetection
                0x0000000080006f96                IfxScuEru_disableTriggerPulse
                0x0000000080006fbc                IfxScuEru_enableAutoClear
                0x0000000080006fe2                IfxScuEru_enableFallingEdgeDetection
                0x0000000080007008                IfxScuEru_enablePatternDetectionTrigger
                0x000000008000702e                IfxScuEru_enableRisingEdgeDetection
                0x0000000080007054                IfxScuEru_enableTriggerPulse
                0x000000008000707a                IfxScuEru_getAllEventFlagsStatus
                0x0000000080007088                IfxScuEru_getEventFlagStatus
                0x000000008000709a                IfxScuEru_getInputChannelConfiguration
                0x00000000800070be                IfxScuEru_getOutputChannelConfiguration
                0x00000000800070e2                IfxScuEru_getPatternDetectionResult
                0x00000000800070f4                IfxScuEru_getWholePatternDetectionResult
                0x0000000080007102                IfxScuEru_selectExternalInput
                0x0000000080007136                IfxScuEru_setEventFlag
                0x0000000080007148                IfxScuEru_setFlagPatternDetection
                0x0000000080007174                IfxScuEru_setInterruptGatingPattern
 .text          0x00000000800071a6      0x53a obj/illd/src/IfxScuWdt.c.o
                0x00000000800071a6                IfxScuWdt_changeCpuWatchdogPassword
                0x00000000800071de                IfxScuWdt_changeCpuWatchdogReload
                0x0000000080007216                IfxScuWdt_changeSafetyWatchdogPassword
                0x000000008000724a                IfxScuWdt_changeSafetyWatchdogReload
                0x000000008000727e                IfxScuWdt_clearCpuEndinit
                0x00000000800072b4                IfxScuWdt_clearSafetyEndinit
                0x00000000800072e6                IfxScuWdt_disableCpuWatchdog
                0x0000000080007340                IfxScuWdt_disableSafetyWatchdog
                0x00000000800073b0                IfxScuWdt_enableCpuWatchdog
                0x000000008000740c                IfxScuWdt_enableSafetyWatchdog
                0x000000008000747e                IfxScuWdt_getCpuWatchdogPassword
                0x000000008000749e                IfxScuWdt_getCpuWatchdogEndInit
                0x00000000800074ba                IfxScuWdt_getSafetyWatchdogPassword
                0x00000000800074ce                IfxScuWdt_initConfig
                0x00000000800074e8                IfxScuWdt_setCpuEndinit
                0x000000008000751e                IfxScuWdt_initCpuWatchdog
                0x00000000800075bc                IfxScuWdt_serviceCpuWatchdog
                0x00000000800075c0                IfxScuWdt_setSafetyEndinit
                0x00000000800075f2                IfxScuWdt_initSafetyWatchdog
                0x000000008000769c                IfxScuWdt_serviceSafetyWatchdog
                0x00000000800076a0                IfxScuWdt_enableWatchdogWithDebugger
 .text          0x00000000800076e0      0xb70 obj/illd/src/IfxVadc_Adc.c.o
                0x00000000800076e0                IfxVadc_Adc_deInitGroup
                0x0000000080007706                IfxVadc_Adc_disableModule
                0x0000000080007722                IfxVadc_Adc_getChannelConfig
                0x000000008000782a                IfxVadc_Adc_getChannelConversionTime
                0x0000000080007862                IfxVadc_Adc_getGroupConfig
                0x0000000080007aa0                IfxVadc_Adc_initChannel
                0x0000000080007c8c                IfxVadc_Adc_initChannelConfig
                0x0000000080007ca2                IfxVadc_Adc_initGroup
                0x000000008000802c                IfxVadc_Adc_initGroupConfig
                0x000000008000805a                IfxVadc_Adc_initModule
                0x0000000080008142                IfxVadc_Adc_initModuleConfig
                0x000000008000817c                IfxVadc_Adc_initExternalMultiplexerModeConfig
                0x00000000800081be                IfxVadc_Adc_initExternalMultiplexerMode
 .text          0x0000000080008250      0x1be obj/illd/src/Ifx_CircularBuffer.c.o
                0x0000000080008250                Ifx_CircularBuffer_get32
                0x0000000080008270                Ifx_CircularBuffer_get16
                0x0000000080008292                Ifx_CircularBuffer_addDataIncr
                0x00000000800082b2                Ifx_CircularBuffer_read8
                0x0000000080008310                Ifx_CircularBuffer_read32
                0x0000000080008360                Ifx_CircularBuffer_write8
                0x00000000800083be                Ifx_CircularBuffer_write32
 .text          0x000000008000840e      0x55c obj/illd/src/Ifx_Fifo.c.o
                0x000000008000840e                Ifx_Fifo_destroy
                0x0000000080008412                Ifx_Fifo_init
                0x000000008000844c                Ifx_Fifo_create
                0x000000008000846e                Ifx_Fifo_canReadCount
                0x0000000080008548                Ifx_Fifo_read
                0x00000000800086be                Ifx_Fifo_clear
                0x00000000800086f4                Ifx_Fifo_canWriteCount
                0x00000000800087e4                Ifx_Fifo_write
 .text          0x000000008000896a      0x568 obj/uart_Driver.c.o
                0x000000008000896a                initUartDriver
                0x00000000800089ec                myprintfSerial
                0x0000000080008a5a                asclin0TxISR
                0x0000000080008a66                calculateChecksum
                0x0000000080008a7a                serializePacket
                0x0000000080008a98                sendPacket
                0x0000000080008c88                deserializePacket
                0x0000000080008c94                readPacket
                0x0000000080008eaa                asclin0RxISR
 .text          0x0000000080008ed2      0x1e4 obj/ultrasonic_Driver.c.o
                0x0000000080008ed2                initUltrasonic
                0x0000000080008f26                sendTrigger
                0x0000000080008f8c                measureEchoTick
                0x000000008000905a                calculateDistanceCm
                0x0000000080009098                getUltrasonic
 .text          0x00000000800090b6      0x46c C:\project\SHIPAR~1\TC275\erika\lib\libee.a(ee_tc_cstart.c.o)
                0x00000000800090b6                osEE_tc_core0_start
 .text          0x0000000080009522      0x4d0 C:\project\SHIPAR~1\TC275\erika\lib\libee.a(ee_tc_system.c.o)
                0x0000000080009576                osEE_tc_set_pll_fsource
                0x00000000800097a4                osEE_tc_get_fsource
                0x0000000080009848                osEE_tc_stm_set_clockpersec
                0x000000008000987c                osEE_tc_stm_set_sr0
                0x0000000080009900                osEE_tc_stm_set_sr0_next_match
                0x000000008000991e                osEE_tc_stm_set_sr1
                0x00000000800099ac                osEE_tc_stm_set_sr1_next_match
                0x00000000800099ca                osEE_tc_delay
 .text          0x00000000800099f2        0xe C:\project\SHIPAR~1\TC275\erika\lib\libee.a(ee_tc_intvec.c.o)
 .text          0x0000000080009a00      0x8c4 C:\project\SHIPAR~1\TC275\erika\lib\libee.a(ee_oo_api_osek.c.o)
                0x0000000080009a1e                DisableAllInterrupts
                0x0000000080009a34                EnableAllInterrupts
                0x0000000080009a50                SuspendAllInterrupts
                0x0000000080009a92                ResumeAllInterrupts
                0x0000000080009ab8                SuspendOSInterrupts
                0x0000000080009b14                ResumeOSInterrupts
                0x0000000080009b50                StartOS
                0x0000000080009bfc                GetActiveApplicationMode
                0x0000000080009c16                ActivateTask
                0x0000000080009c9a                ChainTask
                0x0000000080009d70                TerminateTask
                0x0000000080009dca                Schedule
                0x0000000080009e3e                GetResource
                0x0000000080009ef0                ReleaseResource
                0x0000000080009fdc                ShutdownOS
                0x000000008000a040                GetTaskID
                0x000000008000a098                GetTaskState
                0x000000008000a110                WaitEvent
                0x000000008000a18a                SetEvent
                0x000000008000a220                GetEvent
                0x000000008000a252                ClearEvent
                0x000000008000a2aa                GetISRID
 .text          0x000000008000a2c4       0xf8 C:\project\SHIPAR~1\TC275\erika\lib\libee.a(ee_oo_sched_entry_points.c.o)
                0x000000008000a2e6                osEE_scheduler_task_wrapper_restore
                0x000000008000a2f0                osEE_scheduler_task_wrapper_run
                0x000000008000a39a                osEE_idle_hook_wrapper
 .text          0x000000008000a3bc       0xec C:\project\SHIPAR~1\TC275\erika\lib\libee.a(ee_oo_scheduler.c.o)
                0x000000008000a3bc                osEE_scheduler_core_rq_preempt_stk
                0x000000008000a42c                osEE_sn_priority_insert
                0x000000008000a474                osEE_scheduler_rq_insert
                0x000000008000a482                osEE_scheduler_core_pop_running
 .text          0x000000008000a4a8       0x7a C:\project\SHIPAR~1\TC275\erika\lib\libee.a(ee_oo_kernel.c.o)
                0x000000008000a4a8                osEE_task_activated
                0x000000008000a4c0                osEE_task_end
                0x000000008000a4de                osEE_task_event_set_mask
                0x000000008000a500                osEE_activate_isr2
 .text          0x000000008000a522      0x1c0 C:\project\SHIPAR~1\TC275\erika\lib\libee.a(ee_oo_sched_partitioned.c.o)
                0x000000008000a522                osEE_scheduler_task_activated
                0x000000008000a58a                osEE_scheduler_task_insert
                0x000000008000a5b8                osEE_scheduler_task_unblocked
                0x000000008000a5f4                osEE_scheduler_task_terminated
                0x000000008000a67e                osEE_scheduler_task_preemption_point
                0x000000008000a6a4                osEE_scheduler_task_set_running
 .text          0x000000008000a6e2       0x6e C:\project\SHIPAR~1\TC275\erika\lib\libee.a(ee_std_change_context.c.o)
                0x000000008000a6e2                osEE_change_context_from_running
                0x000000008000a70a                osEE_change_context_from_task_end
                0x000000008000a72a                osEE_idle_task_terminate
 .text          0x000000008000a750       0x6a C:\project\SHIPAR~1\TC275\erika\lib\libee.a(ee_tc_hal.c.o)
                0x000000008000a750                osEE_cpu_startos
 .text          0x000000008000a7ba      0x134 C:\project\SHIPAR~1\TC275\erika\lib\libee.a(ee_tc_ctx.c.o)
                0x000000008000a7dc                osEE_hal_save_ctx_and_restore_ctx
                0x000000008000a800                osEE_hal_restore_ctx
                0x000000008000a81a                osEE_hal_save_ctx_and_ready2stacked
                0x000000008000a83e                osEE_hal_ready2stacked
                0x000000008000a86a                osEE_tc_change_context_from_isr2_end
                0x000000008000a888                osEE_hal_terminate_ctx
 *(.text.*)
 .text.libgcc   0x000000008000a8ee       0x26 c:/hightec/toolchains/tricore/v4.9.3.0-infineon-1.0/bin/../lib/gcc/tricore/4.9.4/tc161\libgcc.a(_lshrdi3.o)
                0x000000008000a8ee                __lshrdi3
 .text.__extendsfdf2
                0x000000008000a914       0x32 c:/hightec/toolchains/tricore/v4.9.3.0-infineon-1.0/bin/../lib/gcc/tricore/4.9.4/tc161\libgcc.a(_sf_to_df.o)
                0x000000008000a914                __extendsfdf2
 .text._fpadd_parts
                0x000000008000a946      0x19c c:/hightec/toolchains/tricore/v4.9.3.0-infineon-1.0/bin/../lib/gcc/tricore/4.9.4/tc161\libgcc.a(_addsub_df.o)
 .text.__adddf3
                0x000000008000aae2       0x38 c:/hightec/toolchains/tricore/v4.9.3.0-infineon-1.0/bin/../lib/gcc/tricore/4.9.4/tc161\libgcc.a(_addsub_df.o)
                0x000000008000aae2                __adddf3
 .text.__subdf3
                0x000000008000ab1a       0x40 c:/hightec/toolchains/tricore/v4.9.3.0-infineon-1.0/bin/../lib/gcc/tricore/4.9.4/tc161\libgcc.a(_addsub_df.o)
                0x000000008000ab1a                __subdf3
 .text.__muldf3
                0x000000008000ab5a      0x1a4 c:/hightec/toolchains/tricore/v4.9.3.0-infineon-1.0/bin/../lib/gcc/tricore/4.9.4/tc161\libgcc.a(_mul_df.o)
                0x000000008000ab5a                __muldf3
 .text.__divdf3
                0x000000008000acfe      0x118 c:/hightec/toolchains/tricore/v4.9.3.0-infineon-1.0/bin/../lib/gcc/tricore/4.9.4/tc161\libgcc.a(_div_df.o)
                0x000000008000acfe                __divdf3
 .text.__gtdf2  0x000000008000ae16       0x40 c:/hightec/toolchains/tricore/v4.9.3.0-infineon-1.0/bin/../lib/gcc/tricore/4.9.4/tc161\libgcc.a(_gt_df.o)
                0x000000008000ae16                __gtdf2
 .text.__floatsidf
                0x000000008000ae56       0x48 c:/hightec/toolchains/tricore/v4.9.3.0-infineon-1.0/bin/../lib/gcc/tricore/4.9.4/tc161\libgcc.a(_si_to_df.o)
                0x000000008000ae56                __floatsidf
 .text.__fixdfsi
                0x000000008000ae9e       0x4e c:/hightec/toolchains/tricore/v4.9.3.0-infineon-1.0/bin/../lib/gcc/tricore/4.9.4/tc161\libgcc.a(_df_to_si.o)
                0x000000008000ae9e                __fixdfsi
 .text.__make_dp
                0x000000008000aeec       0x1e c:/hightec/toolchains/tricore/v4.9.3.0-infineon-1.0/bin/../lib/gcc/tricore/4.9.4/tc161\libgcc.a(_make_df.o)
                0x000000008000aeec                __make_dp
 .text.__truncdfsf2
                0x000000008000af0a       0x3c c:/hightec/toolchains/tricore/v4.9.3.0-infineon-1.0/bin/../lib/gcc/tricore/4.9.4/tc161\libgcc.a(_df_to_sf.o)
                0x000000008000af0a                __truncdfsf2
 .text.__floatunsidf
                0x000000008000af46       0x32 c:/hightec/toolchains/tricore/v4.9.3.0-infineon-1.0/bin/../lib/gcc/tricore/4.9.4/tc161\libgcc.a(_usi_to_df.o)
                0x000000008000af46                __floatunsidf
 .text.__udivdi3
                0x000000008000af78       0xa0 c:/hightec/toolchains/tricore/v4.9.3.0-infineon-1.0/bin/../lib/gcc/tricore/4.9.4/tc161\libgcc.a(udivdi3.o)
                0x000000008000af78                __udivdi3
 .text.libgcc   0x000000008000b018       0x1a c:/hightec/toolchains/tricore/v4.9.3.0-infineon-1.0/bin/../lib/gcc/tricore/4.9.4/tc161\libgcc.a(_ashldi3.o)
                0x000000008000b018                __ashldi3
 .text.__unpack_f
                0x000000008000b032       0x7a c:/hightec/toolchains/tricore/v4.9.3.0-infineon-1.0/bin/../lib/gcc/tricore/4.9.4/tc161\libgcc.a(_unpack_sf.o)
                0x000000008000b032                __unpack_f
 .text.__make_fp
                0x000000008000b0ac       0x16 c:/hightec/toolchains/tricore/v4.9.3.0-infineon-1.0/bin/../lib/gcc/tricore/4.9.4/tc161\libgcc.a(_make_sf.o)
                0x000000008000b0ac                __make_fp
 .text.__pack_d
                0x000000008000b0c2      0x112 c:/hightec/toolchains/tricore/v4.9.3.0-infineon-1.0/bin/../lib/gcc/tricore/4.9.4/tc161\libgcc.a(_pack_df.o)
                0x000000008000b0c2                __pack_d
 .text.__unpack_d
                0x000000008000b1d4       0xac c:/hightec/toolchains/tricore/v4.9.3.0-infineon-1.0/bin/../lib/gcc/tricore/4.9.4/tc161\libgcc.a(_unpack_df.o)
                0x000000008000b1d4                __unpack_d
 .text.__fpcmp_parts_d
                0x000000008000b280       0xa6 c:/hightec/toolchains/tricore/v4.9.3.0-infineon-1.0/bin/../lib/gcc/tricore/4.9.4/tc161\libgcc.a(_fpcmp_parts_df.o)
                0x000000008000b280                __fpcmp_parts_d
 .text.__udiv6432
                0x000000008000b326       0x9c c:/hightec/toolchains/tricore/v4.9.3.0-infineon-1.0/bin/../lib/gcc/tricore/4.9.4/tc161\libgcc.a(udiv6432.o)
                0x000000008000b326                __udiv6432
 .text.__pack_f
                0x000000008000b3c2       0xc6 c:/hightec/toolchains/tricore/v4.9.3.0-infineon-1.0/bin/../lib/gcc/tricore/4.9.4/tc161\libgcc.a(_pack_sf.o)
                0x000000008000b3c2                __pack_f
 .text.malloc   0x000000008000b488        0xc c:/hightec/toolchains/tricore/v4.9.3.0-infineon-1.0/bin/../lib/gcc/tricore/4.9.4/../../../../tricore/lib/tc161\libc.a(lib_a-malloc.o)
                0x000000008000b488                malloc
 .text.free     0x000000008000b494        0xe c:/hightec/toolchains/tricore/v4.9.3.0-infineon-1.0/bin/../lib/gcc/tricore/4.9.4/../../../../tricore/lib/tc161\libc.a(lib_a-malloc.o)
                0x000000008000b494                free
 .text._malloc_r
                0x000000008000b4a2      0x49a c:/hightec/toolchains/tricore/v4.9.3.0-infineon-1.0/bin/../lib/gcc/tricore/4.9.4/../../../../tricore/lib/tc161\libc.a(lib_a-mallocr.o)
                0x000000008000b4a2                _malloc_r
 .text.__malloc_lock
                0x000000008000b93c        0x2 c:/hightec/toolchains/tricore/v4.9.3.0-infineon-1.0/bin/../lib/gcc/tricore/4.9.4/../../../../tricore/lib/tc161\libc.a(lib_a-mlock.o)
                0x000000008000b93c                __malloc_lock
 .text.__malloc_unlock
                0x000000008000b93e        0x2 c:/hightec/toolchains/tricore/v4.9.3.0-infineon-1.0/bin/../lib/gcc/tricore/4.9.4/../../../../tricore/lib/tc161\libc.a(lib_a-mlock.o)
                0x000000008000b93e                __malloc_unlock
 .text._sbrk_r  0x000000008000b940       0x1e c:/hightec/toolchains/tricore/v4.9.3.0-infineon-1.0/bin/../lib/gcc/tricore/4.9.4/../../../../tricore/lib/tc161\libc.a(lib_a-sbrkr.o)
                0x000000008000b940                _sbrk_r
 .text.strlen   0x000000008000b95e       0x14 c:/hightec/toolchains/tricore/v4.9.3.0-infineon-1.0/bin/../lib/gcc/tricore/4.9.4/../../../../tricore/lib/tc161\libc.a(lib_a-strlen.o)
                0x000000008000b95e                strlen
 .text._vsnprintf_r
                0x000000008000b972       0x4a c:/hightec/toolchains/tricore/v4.9.3.0-infineon-1.0/bin/../lib/gcc/tricore/4.9.4/../../../../tricore/lib/tc161\libc.a(lib_a-vsnprintf.o)
                0x000000008000b972                _vsnprintf_r
 .text.vsnprintf
                0x000000008000b9bc       0x16 c:/hightec/toolchains/tricore/v4.9.3.0-infineon-1.0/bin/../lib/gcc/tricore/4.9.4/../../../../tricore/lib/tc161\libc.a(lib_a-vsnprintf.o)
                0x000000008000b9bc                vsnprintf
 .text._malloc_trim_r
                0x000000008000b9d2       0xba c:/hightec/toolchains/tricore/v4.9.3.0-infineon-1.0/bin/../lib/gcc/tricore/4.9.4/../../../../tricore/lib/tc161\libc.a(lib_a-freer.o)
                0x000000008000b9d2                _malloc_trim_r
 .text._free_r  0x000000008000ba8c      0x1ac c:/hightec/toolchains/tricore/v4.9.3.0-infineon-1.0/bin/../lib/gcc/tricore/4.9.4/../../../../tricore/lib/tc161\libc.a(lib_a-freer.o)
                0x000000008000ba8c                _free_r
 .text._svfprintf_r
                0x000000008000bc38     0x11a4 c:/hightec/toolchains/tricore/v4.9.3.0-infineon-1.0/bin/../lib/gcc/tricore/4.9.4/../../../../tricore/lib/tc161\libc.a(lib_a-svfprintf.o)
                0x000000008000bc38                _svfprintf_r
 .text.quorem   0x000000008000cddc      0x11a c:/hightec/toolchains/tricore/v4.9.3.0-infineon-1.0/bin/../lib/gcc/tricore/4.9.4/../../../../tricore/lib/tc161\libc.a(lib_a-dtoa.o)
 *fill*         0x000000008000cef6        0x2 00
 .text._dtoa_r  0x000000008000cef8      0xcd4 c:/hightec/toolchains/tricore/v4.9.3.0-infineon-1.0/bin/../lib/gcc/tricore/4.9.4/../../../../tricore/lib/tc161\libc.a(lib_a-dtoa.o)
                0x000000008000cef8                _dtoa_r
 .text._localeconv_r
                0x000000008000dbcc        0xa c:/hightec/toolchains/tricore/v4.9.3.0-infineon-1.0/bin/../lib/gcc/tricore/4.9.4/../../../../tricore/lib/tc161\libc.a(lib_a-locale.o)
                0x000000008000dbcc                _localeconv_r
 .text.memchr   0x000000008000dbd6       0x18 c:/hightec/toolchains/tricore/v4.9.3.0-infineon-1.0/bin/../lib/gcc/tricore/4.9.4/../../../../tricore/lib/tc161\libc.a(lib_a-memchr.o)
                0x000000008000dbd6                memchr
 .text.memcpy   0x000000008000dbee       0x1c c:/hightec/toolchains/tricore/v4.9.3.0-infineon-1.0/bin/../lib/gcc/tricore/4.9.4/../../../../tricore/lib/tc161\libc.a(lib_a-memcpy.o)
                0x000000008000dbee                memcpy
 .text._Balloc  0x000000008000dc0a       0x56 c:/hightec/toolchains/tricore/v4.9.3.0-infineon-1.0/bin/../lib/gcc/tricore/4.9.4/../../../../tricore/lib/tc161\libc.a(lib_a-mprec.o)
                0x000000008000dc0a                _Balloc
 .text._Bfree   0x000000008000dc60       0x12 c:/hightec/toolchains/tricore/v4.9.3.0-infineon-1.0/bin/../lib/gcc/tricore/4.9.4/../../../../tricore/lib/tc161\libc.a(lib_a-mprec.o)
                0x000000008000dc60                _Bfree
 .text.__multadd
                0x000000008000dc72       0x82 c:/hightec/toolchains/tricore/v4.9.3.0-infineon-1.0/bin/../lib/gcc/tricore/4.9.4/../../../../tricore/lib/tc161\libc.a(lib_a-mprec.o)
                0x000000008000dc72                __multadd
 .text.__hi0bits
                0x000000008000dcf4       0x42 c:/hightec/toolchains/tricore/v4.9.3.0-infineon-1.0/bin/../lib/gcc/tricore/4.9.4/../../../../tricore/lib/tc161\libc.a(lib_a-mprec.o)
                0x000000008000dcf4                __hi0bits
 .text.__lo0bits
                0x000000008000dd36       0x66 c:/hightec/toolchains/tricore/v4.9.3.0-infineon-1.0/bin/../lib/gcc/tricore/4.9.4/../../../../tricore/lib/tc161\libc.a(lib_a-mprec.o)
                0x000000008000dd36                __lo0bits
 .text.__i2b    0x000000008000dd9c       0x10 c:/hightec/toolchains/tricore/v4.9.3.0-infineon-1.0/bin/../lib/gcc/tricore/4.9.4/../../../../tricore/lib/tc161\libc.a(lib_a-mprec.o)
                0x000000008000dd9c                __i2b
 .text.__multiply
                0x000000008000ddac      0x11a c:/hightec/toolchains/tricore/v4.9.3.0-infineon-1.0/bin/../lib/gcc/tricore/4.9.4/../../../../tricore/lib/tc161\libc.a(lib_a-mprec.o)
                0x000000008000ddac                __multiply
 .text.__pow5mult
                0x000000008000dec6       0x7c c:/hightec/toolchains/tricore/v4.9.3.0-infineon-1.0/bin/../lib/gcc/tricore/4.9.4/../../../../tricore/lib/tc161\libc.a(lib_a-mprec.o)
                0x000000008000dec6                __pow5mult
 .text.__lshift
                0x000000008000df42       0xba c:/hightec/toolchains/tricore/v4.9.3.0-infineon-1.0/bin/../lib/gcc/tricore/4.9.4/../../../../tricore/lib/tc161\libc.a(lib_a-mprec.o)
                0x000000008000df42                __lshift
 .text.__mcmp   0x000000008000dffc       0x42 c:/hightec/toolchains/tricore/v4.9.3.0-infineon-1.0/bin/../lib/gcc/tricore/4.9.4/../../../../tricore/lib/tc161\libc.a(lib_a-mprec.o)
                0x000000008000dffc                __mcmp
 .text.__mdiff  0x000000008000e03e       0xca c:/hightec/toolchains/tricore/v4.9.3.0-infineon-1.0/bin/../lib/gcc/tricore/4.9.4/../../../../tricore/lib/tc161\libc.a(lib_a-mprec.o)
                0x000000008000e03e                __mdiff
 .text.__d2b    0x000000008000e108       0xa8 c:/hightec/toolchains/tricore/v4.9.3.0-infineon-1.0/bin/../lib/gcc/tricore/4.9.4/../../../../tricore/lib/tc161\libc.a(lib_a-mprec.o)
                0x000000008000e108                __d2b
 .text.__fpclassifyd
                0x000000008000e1b0       0x42 c:/hightec/toolchains/tricore/v4.9.3.0-infineon-1.0/bin/../lib/gcc/tricore/4.9.4/../../../../tricore/lib/tc161\libc.a(lib_a-s_fpclassify.o)
                0x000000008000e1b0                __fpclassifyd
 .text.__ssprint_r
                0x000000008000e1f2       0xf0 c:/hightec/toolchains/tricore/v4.9.3.0-infineon-1.0/bin/../lib/gcc/tricore/4.9.4/../../../../tricore/lib/tc161\libc.a(lib_a-svfiprintf.o)
                0x000000008000e1f2                __ssprint_r
 .text._calloc_r
                0x000000008000e2e2       0x62 c:/hightec/toolchains/tricore/v4.9.3.0-infineon-1.0/bin/../lib/gcc/tricore/4.9.4/../../../../tricore/lib/tc161\libc.a(lib_a-callocr.o)
                0x000000008000e2e2                _calloc_r
 .text.memmove  0x000000008000e344       0x50 c:/hightec/toolchains/tricore/v4.9.3.0-infineon-1.0/bin/../lib/gcc/tricore/4.9.4/../../../../tricore/lib/tc161\libc.a(lib_a-memmove.o)
                0x000000008000e344                memmove
 .text.memset   0x000000008000e394       0x10 c:/hightec/toolchains/tricore/v4.9.3.0-infineon-1.0/bin/../lib/gcc/tricore/4.9.4/../../../../tricore/lib/tc161\libc.a(lib_a-memset.o)
                0x000000008000e394                memset
 .text._realloc_r
                0x000000008000e3a4      0x3f0 c:/hightec/toolchains/tricore/v4.9.3.0-infineon-1.0/bin/../lib/gcc/tricore/4.9.4/../../../../tricore/lib/tc161\libc.a(lib_a-reallocr.o)
                0x000000008000e3a4                _realloc_r
 .text._exit    0x000000008000e794       0x10 c:/hightec/toolchains/tricore/v4.9.3.0-infineon-1.0/bin/../lib/gcc/tricore/4.9.4/../../../../tricore/lib/tc161\libos.a(libos_exit.o)
                0x000000008000e794                _exit
 .text.sbrk     0x000000008000e7a4       0x3c c:/hightec/toolchains/tricore/v4.9.3.0-infineon-1.0/bin/../lib/gcc/tricore/4.9.4/../../../../tricore/lib/tc161\libos.a(libos_sbrk.o)
                0x000000008000e7a4                sbrk
 .text.__errno  0x000000008000e7e0        0xa c:/hightec/toolchains/tricore/v4.9.3.0-infineon-1.0/bin/../lib/gcc/tricore/4.9.4/../../../../tricore/lib/tc161\libos.a(libos.o)
                0x000000008000e7e0                __errno
 .text.abort    0x000000008000e7ea       0x12 c:/hightec/toolchains/tricore/v4.9.3.0-infineon-1.0/bin/../lib/gcc/tricore/4.9.4/../../../../tricore/lib/tc161\libos.a(libos_abort.o)
                0x000000008000e7ea                abort
 .text.__eqdf2  0x000000008000e7fc       0x40 c:/hightec/toolchains/tricore/v4.9.3.0-infineon-1.0/bin/../lib/gcc/tricore/4.9.4/tc161\libgcc.a(_eq_df.o)
                0x000000008000e7fc                __eqdf2
 .text.__nedf2  0x000000008000e83c       0x40 c:/hightec/toolchains/tricore/v4.9.3.0-infineon-1.0/bin/../lib/gcc/tricore/4.9.4/tc161\libgcc.a(_ne_df.o)
                0x000000008000e83c                __nedf2
 .text.__gedf2  0x000000008000e87c       0x40 c:/hightec/toolchains/tricore/v4.9.3.0-infineon-1.0/bin/../lib/gcc/tricore/4.9.4/tc161\libgcc.a(_ge_df.o)
                0x000000008000e87c                __gedf2
 .text.__ltdf2  0x000000008000e8bc       0x40 c:/hightec/toolchains/tricore/v4.9.3.0-infineon-1.0/bin/../lib/gcc/tricore/4.9.4/tc161\libgcc.a(_lt_df.o)
                0x000000008000e8bc                __ltdf2
 .text.__umoddi3
                0x000000008000e8fc       0x26 c:/hightec/toolchains/tricore/v4.9.3.0-infineon-1.0/bin/../lib/gcc/tricore/4.9.4/tc161\libgcc.a(umoddi3.o)
                0x000000008000e8fc                __umoddi3
 *(.gnu.linkonce.t.*)
 *(.gnu.warning)
                0x000000008000e928                . = ALIGN (0x8)
 *fill*         0x000000008000e922        0x6 00

.sdata3         memory region -> PMU_PFLASH
                0x000000008000e928        0x0
 *(.rodata_a8)
 *(.rodata_a8.*)
                0x0000000080008000                _SMALL_DATA3_ = SIZEOF (.sdata3)?(ADDR (.sdata3) + 0x8000):((ADDR (.sdata3) & 0xf0000000) + 0x8000)
                0x0000000080008000                __A8_MEM = _SMALL_DATA3_

.inttab_cpu1    memory region -> PMU_PFLASH
                0x0000000080010000        0x0
                0x0000000080010000                PROVIDE (__INTTAB1, .)
 *(.inttab_cpu1)
 *(.*.inttab_cpu1)
                0x0000000080010000                . = ALIGN (0x8)

.inttab_cpu2    memory region -> PMU_PFLASH
                0x0000000080010000        0x0
                0x0000000080010000                PROVIDE (__INTTAB2, .)
 *(.inttab_cpu2)
 *(.*.inttab_cpu2)
                0x0000000080010000                . = ALIGN (0x8)

.zdata          memory region -> DMI_DSPR0
                0x0000000070000000        0x0 load address 0x000000008000e928
 *(.zdata)
 *(.zdata.*)
 *(.gnu.linkonce.z.*)

.zbss           memory region -> DMI_DSPR0
                0x0000000070000000        0x0 load address 0x000000008000e928
 *(.zbss)
 *(.zbss.*)
 *(.bbss)
 *(.bbss.*)
 *(.gnu.linkonce.zb.*)

.sdata          memory region -> DMI_DSPR0
                0x0000000070000000        0x0 load address 0x000000008000e928
 *(.sdata)
 *(.sdata.*)
                0x0000000070008000                _SMALL_DATA_ = SIZEOF (.sdata)?(ADDR (.sdata) + 0x8000):((ADDR (.sdata) & 0xf0000000) + 0x8000)
                0x0000000070008000                __A0_MEM = _SMALL_DATA_

.sbss           memory region -> DMI_DSPR0
                0x0000000070000000        0x0 load address 0x000000008000e928
 *(.sbss)
 *(.sbss.*)

.data           memory region -> DMI_DSPR0
                0x0000000070000000      0x9e8 load address 0x000000008000e928
 *(.data)
 .data          0x0000000070000000       0x28 obj/asw.c.o
                0x0000000070000004                testSendPacket
 .data          0x0000000070000028        0x8 obj/bsw.c.o
                0x0000000070000028                g_vadcChannelIDs
 .data          0x0000000070000030      0x130 obj/ee_applcfg.c.o
                0x0000000070000030                osEE_ccb_var
 .data          0x0000000070000160        0x8 obj/illd/src/IfxScuCcu.c.o
 .data          0x0000000070000168       0x40 obj/ultrasonic_Driver.c.o
                0x0000000070000168                g_Ultrasonic_R
                0x0000000070000172                g_Ultrasonic_SR
                0x000000007000017c                g_Ultrasonic_SL
                0x0000000070000186                g_Ultrasonic_FR
                0x0000000070000190                g_Ultrasonic_F
                0x000000007000019a                g_Ultrasonic_FL
 .data          0x00000000700001a8      0x410 c:/hightec/toolchains/tricore/v4.9.3.0-infineon-1.0/bin/../lib/gcc/tricore/4.9.4/../../../../tricore/lib/tc161\libc.a(lib_a-mallocr.o)
                0x00000000700001a8                __malloc_sbrk_base
                0x00000000700001ac                __malloc_trim_threshold
                0x00000000700001b0                __malloc_av_
 .data          0x00000000700005b8      0x428 c:/hightec/toolchains/tricore/v4.9.3.0-infineon-1.0/bin/../lib/gcc/tricore/4.9.4/../../../../tricore/lib/tc161\libc.a(lib_a-impure.o)
                0x00000000700005b8                _impure_ptr
 .data          0x00000000700009e0        0x8 c:/hightec/toolchains/tricore/v4.9.3.0-infineon-1.0/bin/../lib/gcc/tricore/4.9.4/../../../../tricore/lib/tc161\libos.a(libos_sbrk.o)
 *(.data.*)
 *(.gnu.linkonce.d.*)

.bss            memory region -> DMI_DSPR0
                0x00000000700009e8      0x5e8 load address 0x000000008000f310
 *(.bss)
 .bss           0x00000000700009e8      0x2b0 obj/bsw.c.o
                0x00000000700009e8                g_vadcChannel
                0x0000000070000a08                g_vadcGroup
                0x0000000070000a14                g_vadc
                0x0000000070000a18                g_ERUconfig
                0x0000000070000a24                g_AsclinAsc
 .bss           0x0000000070000c98       0x18 obj/ee_applcfg.c.o
                0x0000000070000c98                osEE_kcb_var
 .bss           0x0000000070000cb0       0x38 obj/hall_Driver.c.o
                0x0000000070000ce0                g_RLHallCnt
                0x0000000070000ce2                g_RRHallCnt
                0x0000000070000ce4                g_FLHallCnt
                0x0000000070000ce6                g_FRHallCnt
 .bss           0x0000000070000ce8      0x298 obj/uart_Driver.c.o