Archive member included because of file (symbol)

C:\SHIPAR~1\TC275\erika\lib\libee.a(ee_tc_cstart.c.o)
                              (__TRICORE_DERIVATE_NAME__)
C:\SHIPAR~1\TC275\erika\lib\libee.a(ee_tc_system.c.o)
                              C:\SHIPAR~1\TC275\erika\lib\libee.a(ee_tc_cstart.c.o) (osEE_tc_set_pll_fsource)
C:\SHIPAR~1\TC275\erika\lib\libee.a(ee_tc_trapvec.c.o)
                              C:\SHIPAR~1\TC275\erika\lib\libee.a(ee_tc_cstart.c.o) (__TRAPTAB)
C:\SHIPAR~1\TC275\erika\lib\libee.a(ee_tc_intvec.c.o)
                              C:\SHIPAR~1\TC275\erika\lib\libee.a(ee_tc_cstart.c.o) (__INTTAB0)
C:\SHIPAR~1\TC275\erika\lib\libee.a(ee_oo_api_osek.c.o)
                              obj/bsw.c.o (DisableAllInterrupts)
C:\SHIPAR~1\TC275\erika\lib\libee.a(ee_oo_sched_entry_points.c.o)
                              obj/ee_applcfg.c.o (osEE_idle_hook_wrapper)
C:\SHIPAR~1\TC275\erika\lib\libee.a(ee_oo_scheduler.c.o)
                              C:\SHIPAR~1\TC275\erika\lib\libee.a(ee_oo_api_osek.c.o) (osEE_scheduler_core_pop_running)
C:\SHIPAR~1\TC275\erika\lib\libee.a(ee_oo_kernel.c.o)
                              C:\SHIPAR~1\TC275\erika\lib\libee.a(ee_oo_api_osek.c.o) (osEE_task_activated)
C:\SHIPAR~1\TC275\erika\lib\libee.a(ee_oo_sched_partitioned.c.o)
                              C:\SHIPAR~1\TC275\erika\lib\libee.a(ee_oo_api_osek.c.o) (osEE_scheduler_task_activated)
C:\SHIPAR~1\TC275\erika\lib\libee.a(ee_oo_counter.c.o)
                              C:\SHIPAR~1\TC275\erika\lib\libee.a(ee_oo_api_osek.c.o) (osEE_counter_increment)
C:\SHIPAR~1\TC275\erika\lib\libee.a(ee_oo_alarm.c.o)
                              C:\SHIPAR~1\TC275\erika\lib\libee.a(ee_oo_api_osek.c.o) (osEE_alarm_set_rel)
C:\SHIPAR~1\TC275\erika\lib\libee.a(ee_std_change_context.c.o)
                              C:\SHIPAR~1\TC275\erika\lib\libee.a(ee_oo_api_osek.c.o) (osEE_change_context_from_running)
C:\SHIPAR~1\TC275\erika\lib\libee.a(ee_tc_hal.c.o)
                              C:\SHIPAR~1\TC275\erika\lib\libee.a(ee_oo_api_osek.c.o) (osEE_cpu_startos)
C:\SHIPAR~1\TC275\erika\lib\libee.a(ee_tc_ctx.c.o)
                              C:\SHIPAR~1\TC275\erika\lib\libee.a(ee_std_change_context.c.o) (osEE_hal_ready2stacked)
c:/hightec/toolchains/tricore/v4.9.3.0-infineon-1.0/bin/../lib/gcc/tricore/4.9.4/tc161\libgcc.a(_lshrdi3.o)
                              obj/illd/src/IfxStm.c.o (__lshrdi3)
c:/hightec/toolchains/tricore/v4.9.3.0-infineon-1.0/bin/../lib/gcc/tricore/4.9.4/tc161\libgcc.a(_floatundidf.o)
                              obj/steering_Pid.c.o (__floatundidf)
c:/hightec/toolchains/tricore/v4.9.3.0-infineon-1.0/bin/../lib/gcc/tricore/4.9.4/tc161\libgcc.a(_sf_to_df.o)
                              obj/illd/Libraries/iLLD/TC27D/Tricore/Vadc/std/IfxVadc.c.o (__extendsfdf2)
c:/hightec/toolchains/tricore/v4.9.3.0-infineon-1.0/bin/../lib/gcc/tricore/4.9.4/tc161\libgcc.a(_addsub_df.o)
                              obj/illd/Libraries/iLLD/TC27D/Tricore/Vadc/std/IfxVadc.c.o (__adddf3)
c:/hightec/toolchains/tricore/v4.9.3.0-infineon-1.0/bin/../lib/gcc/tricore/4.9.4/tc161\libgcc.a(_mul_df.o)
                              obj/bsw.c.o (__muldf3)
c:/hightec/toolchains/tricore/v4.9.3.0-infineon-1.0/bin/../lib/gcc/tricore/4.9.4/tc161\libgcc.a(_div_df.o)
                              obj/illd/Libraries/iLLD/TC27D/Tricore/Vadc/std/IfxVadc.c.o (__divdf3)
c:/hightec/toolchains/tricore/v4.9.3.0-infineon-1.0/bin/../lib/gcc/tricore/4.9.4/tc161\libgcc.a(_gt_df.o)
                              obj/steering_Pid.c.o (__gtdf2)
c:/hightec/toolchains/tricore/v4.9.3.0-infineon-1.0/bin/../lib/gcc/tricore/4.9.4/tc161\libgcc.a(_si_to_df.o)
                              obj/bsw.c.o (__floatsidf)
c:/hightec/toolchains/tricore/v4.9.3.0-infineon-1.0/bin/../lib/gcc/tricore/4.9.4/tc161\libgcc.a(_df_to_si.o)
                              obj/bsw.c.o (__fixdfsi)
c:/hightec/toolchains/tricore/v4.9.3.0-infineon-1.0/bin/../lib/gcc/tricore/4.9.4/tc161\libgcc.a(_make_df.o)
                              c:/hightec/toolchains/tricore/v4.9.3.0-infineon-1.0/bin/../lib/gcc/tricore/4.9.4/tc161\libgcc.a(_sf_to_df.o) (__make_dp)
c:/hightec/toolchains/tricore/v4.9.3.0-infineon-1.0/bin/../lib/gcc/tricore/4.9.4/tc161\libgcc.a(_df_to_sf.o)
                              obj/illd/Libraries/iLLD/TC27D/Tricore/Vadc/std/IfxVadc.c.o (__truncdfsf2)
c:/hightec/toolchains/tricore/v4.9.3.0-infineon-1.0/bin/../lib/gcc/tricore/4.9.4/tc161\libgcc.a(_thenan_df.o)
                              c:/hightec/toolchains/tricore/v4.9.3.0-infineon-1.0/bin/../lib/gcc/tricore/4.9.4/tc161\libgcc.a(_addsub_df.o) (__thenan_df)
c:/hightec/toolchains/tricore/v4.9.3.0-infineon-1.0/bin/../lib/gcc/tricore/4.9.4/tc161\libgcc.a(_usi_to_df.o)
                              c:/hightec/toolchains/tricore/v4.9.3.0-infineon-1.0/bin/../lib/gcc/tricore/4.9.4/tc161\libgcc.a(_floatundidf.o) (__floatunsidf)
c:/hightec/toolchains/tricore/v4.9.3.0-infineon-1.0/bin/../lib/gcc/tricore/4.9.4/tc161\libgcc.a(udivdi3.o)
[...]
Memory Configuration

Name             Origin             Length             Used               Free               Attributes
DMI_DSPR2_local  0x00000000d0000000 0x000000000001e000         0x0000000000000000         0x000000000001e000 w !xpc2
DMI_DSPR2        0x0000000050000000 0x000000000001e000         0x000000000001dc00         0x0000000000000400 w !xpc2
PMI_PSPR2        0x0000000050100000 0x0000000000006000         0x0000000000000000         0x0000000000006000 xw !pc2
DMI_DSPR1_local  0x00000000d0000000 0x000000000001e000         0x0000000000000000         0x000000000001e000 w !xpc1
DMI_DSPR1        0x0000000060000000 0x000000000001e000         0x000000000001dc00         0x0000000000000400 w !xpc1
PMI_PSPR1        0x0000000060100000 0x0000000000006000         0x0000000000000000         0x0000000000006000 xw !pc1
DMI_DSPR0_local  0x00000000d0000000 0x000000000001c000         0x0000000000000000         0x000000000001c000 w !xpc0
DMI_DSPR0        0x0000000070000000 0x000000000001c000         0x000000000001bc00         0x0000000000000400 w !xpc0
PMI_PSPR0        0x0000000070100000 0x0000000000006000         0x0000000000000000         0x0000000000006000 xw !pc0
PMI_PSRAM_local  0x00000000c0000000 0x0000000000006000         0x0000000000000000         0x0000000000006000 xw !p
PMU_PFLASH       0x0000000080000000 0x0000000000400000         0x000000000000f968         0x00000000003f0698 xr !p
PMU_PFLASH_nc    0x00000000a0000000 0x0000000000400000         0x0000000000000000         0x0000000000400000 xr !p
PMU_DFLASH0      0x00000000af000000 0x0000000000104000         0x0000000000000000         0x0000000000104000 r !xp
PMU_DFLASH1      0x00000000af110000 0x0000000000010000         0x0000000000000000         0x0000000000010000 r !xp
LMU_SRAM         0x0000000090000000 0x0000000000008000         0x0000000000000000         0x0000000000008000 w !xp
LMU_SRAM_nc      0x00000000b0000000 0x0000000000008000         0x0000000000000000         0x0000000000008000 w !xp
EDMEM            0x000000009f000000 0x0000000000100000         0x0000000000000000         0x0000000000100000 w !xp
EDMEM_nc         0x00000000bf000000 0x0000000000100000         0x0000000000000000         0x0000000000100000 w !xp
BROM             0x000000008fff8000 0x0000000000008000         0x0000000000000000         0x0000000000008000 xr !p
*default*        0x0000000000000000 0xffffffffffffffff         0x0000000000000000         0xffffffffffffffff

List of aliases

DMI_DSPR0       : GLOBAL_RAM

Memory region maps:

CORE     Local Region   Global Region
CPU0     0xd0000000     0x70000000
CPU1     0xd0000000     0x60000000
CPU2     0xd0000000     0x50000000


Linker script and memory map

LOAD obj/asw.c.o
LOAD obj/bsw.c.o
LOAD obj/ee_applcfg.c.o
LOAD obj/illd/Libraries/iLLD/TC27D/Tricore/Vadc/std/IfxVadc.c.o
LOAD obj/illd/Libraries/iLLD/TC27D/Tricore/_Impl/IfxVadc_cfg.c.o
LOAD obj/illd/src/Bsp.c.o
LOAD obj/illd/src/CompilerGnuc.c.o
LOAD obj/illd/src/IfxAsclin.c.o
LOAD obj/illd/src/IfxAsclin_Asc.c.o
LOAD obj/illd/src/IfxAsclin_PinMap.c.o
LOAD obj/illd/src/IfxAsclin_cfg.c.o
LOAD obj/illd/src/IfxCpu.c.o
LOAD obj/illd/src/IfxCpu_Irq.c.o
LOAD obj/illd/src/IfxCpu_cfg.c.o
LOAD obj/illd/src/IfxPort.c.o
LOAD obj/illd/src/IfxPort_cfg.c.o
LOAD obj/illd/src/IfxScuCcu.c.o
LOAD obj/illd/src/IfxScuEru.c.o
LOAD obj/illd/src/IfxScuWdt.c.o
LOAD obj/illd/src/IfxScu_PinMap.c.o
LOAD obj/illd/src/IfxScu_cfg.c.o
LOAD obj/illd/src/IfxSrc.c.o
LOAD obj/illd/src/IfxSrc_cfg.c.o
LOAD obj/illd/src/IfxStdIf_DPipe.c.o
LOAD obj/illd/src/IfxStm.c.o
LOAD obj/illd/src/IfxStm_cfg.c.o
LOAD obj/illd/src/IfxVadc_Adc.c.o
LOAD obj/illd/src/Ifx_CircularBuffer.c.o
LOAD obj/illd/src/Ifx_Fifo.c.o
LOAD obj/shiparker_App.c.o
LOAD obj/steering_Pid.c.o
LOAD obj/uart_Driver.c.o
LOAD obj/ultrasonic_Driver.c.o
START GROUP
LOAD C:\SHIPAR~1\TC275\erika\lib\libee.a
END GROUP
LOAD c:/hightec/toolchains/tricore/v4.9.3.0-infineon-1.0/bin/../lib/gcc/tricore/4.9.4/tc161\libgcc.a
LOAD c:/hightec/toolchains/tricore/v4.9.3.0-infineon-1.0/bin/../lib/gcc/tricore/4.9.4/../../../../tricore/lib/tc161\libc.a
LOAD c:/hightec/toolchains/tricore/v4.9.3.0-infineon-1.0/bin/../lib/gcc/tricore/4.9.4/../../../../tricore/lib/tc161\libos.a
LOAD c:/hightec/toolchains/tricore/v4.9.3.0-infineon-1.0/bin/../lib/gcc/tricore/4.9.4/../../../../tricore/lib/tc161\libm.a
LOAD c:/hightec/toolchains/tricore/v4.9.3.0-infineon-1.0/bin/../lib/gcc/tricore/4.9.4/../../../../tricore/lib/tc161\libc.a
LOAD c:/hightec/toolchains/tricore/v4.9.3.0-infineon-1.0/bin/../lib/gcc/tricore/4.9.4/tc161\libgcc.a
                0x0000000000002700                __TRICORE_DERIVATE_MEMORY_MAP__ = 0x2700
                [0x0000000000002000]                __CSA_SIZE = DEFINED (__CSA_SIZE)?__CSA_SIZE:0x2000
                [0x0000000000000400]                __ISTACK_SIZE = DEFINED (__ISTACK_SIZE)?__ISTACK_SIZE:0x400
                [0x0000000000001000]                __USTACK_SIZE = DEFINED (__USTACK_SIZE)?__USTACK_SIZE:0x1000
                [0x0000000000000000]                __HEAP_SIZE = DEFINED (__HEAP_SIZE)?__HEAP_SIZE:0x0
                [0x0000000000002000]                __CSA0_SIZE = DEFINED (__CSA0_SIZE)?__CSA0_SIZE:__CSA_SIZE
                [0x0000000000000400]                __ISTACK0_SIZE = DEFINED (__ISTACK0_SIZE)?__ISTACK0_SIZE:__ISTACK_SIZE
                [0x0000000000001000]                __USTACK0_SIZE = DEFINED (__USTACK0_SIZE)?__USTACK0_SIZE:__USTACK_SIZE
                [0x0000000000002000]                __CSA1_SIZE = DEFINED (__CSA1_SIZE)?__CSA1_SIZE:__CSA_SIZE
                [0x0000000000000400]                __ISTACK1_SIZE = DEFINED (__ISTACK1_SIZE)?__ISTACK1_SIZE:__ISTACK_SIZE
                [0x0000000000001000]                __USTACK1_SIZE = DEFINED (__USTACK1_SIZE)?__USTACK1_SIZE:__USTACK_SIZE
                [0x0000000000002000]                __CSA2_SIZE = DEFINED (__CSA2_SIZE)?__CSA2_SIZE:__CSA_SIZE
                [0x0000000000000400]                __ISTACK2_SIZE = DEFINED (__ISTACK2_SIZE)?__ISTACK2_SIZE:__ISTACK_SIZE
                [0x0000000000001000]                __USTACK2_SIZE = DEFINED (__USTACK2_SIZE)?__USTACK2_SIZE:__USTACK_SIZE
                0x0000000050000000                __DSPR2_START = 0x50000000
                0x0000000060000000                __DSPR1_START = 0x60000000
                0x0000000070000000                __DSPR0_START = 0x70000000
                0x000000000001e000                __DSPR2_SIZE = 0x1e000
                0x000000000001e000                __DSPR1_SIZE = 0x1e000
                0x000000000001c000                __DSPR0_SIZE = 0x1c000
                0x0000000000019c00                __CSA0_OFFSET = ((__DSPR0_SIZE - 0x400) - __CSA0_SIZE)
                0x0000000000019700                __ISTACK0_OFFSET = ((__CSA0_OFFSET - 0x100) - __ISTACK0_SIZE)
                0x0000000000018600                __USTACK0_OFFSET = ((__ISTACK0_OFFSET - 0x100) - __USTACK0_SIZE)
                0x000000000001bc00                __CSA1_OFFSET = ((__DSPR1_SIZE - 0x400) - __CSA1_SIZE)
                0x000000000001b700                __ISTACK1_OFFSET = ((__CSA1_OFFSET - 0x100) - __ISTACK1_SIZE)
                0x000000000001a600                __USTACK1_OFFSET = ((__ISTACK1_OFFSET - 0x100) - __USTACK1_SIZE)
                0x000000000001bc00                __CSA2_OFFSET = ((__DSPR2_SIZE - 0x400) - __CSA2_SIZE)
                0x000000000001b700                __ISTACK2_OFFSET = ((__CSA2_OFFSET - 0x100) - __ISTACK2_SIZE)
                0x000000000001a600                __USTACK2_OFFSET = ((__ISTACK2_OFFSET - 0x100) - __USTACK2_SIZE)

.bmhd0          memory region -> PMU_PFLASH
                0x0000000080000000        0x0
                0x0000000080000000                BootModeHeader0 = .
 *(.bmhd0)

.bmhd1          memory region -> PMU_PFLASH
                0x0000000080020000        0x0
                0x0000000080020000                BootModeHeader1 = .
 *(.bmhd1)

.startup        memory region -> PMU_PFLASH
                0x0000000080000020        0x6
                0x0000000080000020                BootModeIndex = .
 *(.startup)
 .startup       0x0000000080000020        0x6 C:\SHIPAR~1\TC275\erika\lib\libee.a(ee_tc_cstart.c.o)
                0x0000000080000020                _start

.zrodata
 *(.zrodata)
 *(.zrodata.*)

.sdata2         memory region -> PMU_PFLASH
                0x0000000080000026        0x0
 *(.srodata)
 *(.srodata.*)
                0x0000000080008000                _SMALL_DATA2_ = SIZEOF (.sdata2)?(ADDR (.sdata2) + 0x8000):((ADDR (.sdata2) & 0xf0000000) + 0x8000)
                0x0000000080008000                __A1_MEM = _SMALL_DATA2_

.rodata         memory region -> PMU_PFLASH
                0x0000000080000028     0x13a8
 *(.rodata)
 .rodata        0x0000000080000028        0x8 obj/asw.c.o
 .rodata        0x0000000080000030       0x64 obj/bsw.c.o
 .rodata        0x0000000080000094      0x1b0 obj/ee_applcfg.c.o
                0x0000000080000094                osEE_kdb_var
                0x00000000800000b8                osEE_cdb_var
 .rodata        0x0000000080000244        0x6 obj/illd/Libraries/iLLD/TC27D/Tricore/Vadc/std/IfxVadc.c.o
 *fill*         0x000000008000024a        0x2 00
 .rodata        0x000000008000024c       0xa0 obj/illd/Libraries/iLLD/TC27D/Tricore/_Impl/IfxVadc_cfg.c.o
                0x000000008000024c                IfxVadc_cfg_srcAddresses
 .rodata        0x00000000800002ec      0x6b0 obj/illd/src/IfxAsclin_PinMap.c.o
                0x00000000800002ec                IfxAsclin3_TX_P32_3_OUT
                0x00000000800002fc                IfxAsclin3_TX_P32_2_OUT
                0x000000008000030c                IfxAsclin3_TX_P22_1_OUT
                0x000000008000031c                IfxAsclin3_TX_P22_0_OUT
                0x000000008000032c                IfxAsclin3_TX_P21_7_OUT
                0x000000008000033c                IfxAsclin3_TX_P20_3_OUT
                0x000000008000034c                IfxAsclin3_TX_P20_0_OUT
                0x000000008000035c                IfxAsclin3_TX_P15_7_OUT
                0x000000008000036c                IfxAsclin3_TX_P15_6_OUT
                0x000000008000037c                IfxAsclin3_TX_P11_1_OUT
                0x000000008000038c                IfxAsclin3_TX_P11_0_OUT
                0x000000008000039c                IfxAsclin3_TX_P00_1_OUT
                0x00000000800003ac                IfxAsclin3_TX_P00_0_OUT
                0x00000000800003bc                IfxAsclin2_TX_P33_9_OUT
                0x00000000800003cc                IfxAsclin2_TX_P33_8_OUT
                0x00000000800003dc                IfxAsclin2_TX_P32_5_OUT
                0x00000000800003ec                IfxAsclin2_TX_P14_3_OUT
                0x00000000800003fc                IfxAsclin2_TX_P14_2_OUT
                0x000000008000040c                IfxAsclin2_TX_P10_5_OUT
                0x000000008000041c                IfxAsclin2_TX_P02_9_OUT
                0x000000008000042c                IfxAsclin2_TX_P02_0_OUT
                0x000000008000043c                IfxAsclin1_TX_P33_13_OUT
                0x000000008000044c                IfxAsclin1_TX_P33_12_OUT
                0x000000008000045c                IfxAsclin1_TX_P20_10_OUT
                0x000000008000046c                IfxAsclin1_TX_P15_5_OUT
                0x000000008000047c                IfxAsclin1_TX_P15_4_OUT
                0x000000008000048c                IfxAsclin1_TX_P15_1_OUT
                0x000000008000049c                IfxAsclin1_TX_P15_0_OUT
                0x00000000800004ac                IfxAsclin1_TX_P14_10_OUT
                0x00000000800004bc                IfxAsclin1_TX_P11_12_OUT
                0x00000000800004cc                IfxAsclin1_TX_P02_2_OUT
                0x00000000800004dc                IfxAsclin0_TX_P34_1_OUT
                0x00000000800004ec                IfxAsclin0_TX_P15_3_OUT
                0x00000000800004fc                IfxAsclin0_TX_P15_2_OUT
                0x000000008000050c                IfxAsclin0_TX_P14_1_OUT
                0x000000008000051c                IfxAsclin0_TX_P14_0_OUT
                0x000000008000052c                IfxAsclin3_SLSO_P33_1_OUT
                0x000000008000053c                IfxAsclin3_SLSO_P21_6_OUT
                0x000000008000054c                IfxAsclin3_SLSO_P21_2_OUT
                0x000000008000055c                IfxAsclin3_SLSO_P14_3_OUT
                0x000000008000056c                IfxAsclin3_SLSO_P12_1_OUT
                0x000000008000057c                IfxAsclin3_SLSO_P00_3_OUT
                0x000000008000058c                IfxAsclin2_SLSO_P33_6_OUT
                0x000000008000059c                IfxAsclin2_SLSO_P10_5_OUT
                0x00000000800005ac                IfxAsclin2_SLSO_P02_3_OUT
                0x00000000800005bc                IfxAsclin1_SLSO_P33_10_OUT
                0x00000000800005cc                IfxAsclin1_SLSO_P20_8_OUT
                0x00000000800005dc                IfxAsclin1_SLSO_P14_3_OUT
                0x00000000800005ec                IfxAsclin3_SCLK_P33_2_OUT
                0x00000000800005fc                IfxAsclin3_SCLK_P32_3_OUT
                0x000000008000060c                IfxAsclin3_SCLK_P21_7_OUT
                0x000000008000061c                IfxAsclin3_SCLK_P21_5_OUT
                0x000000008000062c                IfxAsclin3_SCLK_P20_0_OUT
                0x000000008000063c                IfxAsclin3_SCLK_P15_8_OUT
                0x000000008000064c                IfxAsclin3_SCLK_P15_6_OUT
                0x000000008000065c                IfxAsclin3_SCLK_P11_4_OUT
                0x000000008000066c                IfxAsclin3_SCLK_P11_1_OUT
                0x000000008000067c                IfxAsclin3_SCLK_P00_2_OUT
                0x000000008000068c                IfxAsclin3_SCLK_P00_0_OUT
                0x000000008000069c                IfxAsclin2_SCLK_P33_9_OUT
                0x00000000800006ac                IfxAsclin2_SCLK_P33_7_OUT
                0x00000000800006bc                IfxAsclin2_SCLK_P14_2_OUT
                0x00000000800006cc                IfxAsclin2_SCLK_P10_6_OUT
                0x00000000800006dc                IfxAsclin2_SCLK_P02_4_OUT
                0x00000000800006ec                IfxAsclin1_SCLK_P33_12_OUT
                0x00000000800006fc                IfxAsclin1_SCLK_P33_11_OUT
                0x000000008000070c                IfxAsclin1_SCLK_P20_10_OUT
                0x000000008000071c                IfxAsclin1_SCLK_P15_0_OUT
                0x000000008000072c                IfxAsclin0_SCLK_P15_2_OUT
                0x000000008000073c                IfxAsclin0_SCLK_P14_0_OUT
                0x000000008000074c                IfxAsclin3_RXG_P21_3_IN
                0x000000008000075c                IfxAsclin3_RXG_P21_2_IN
                0x000000008000076c                IfxAsclin3_RXF_P21_6_IN
                0x000000008000077c                IfxAsclin3_RXE_P00_1_IN
                0x000000008000078c                IfxAsclin3_RXD_P32_2_IN
                0x000000008000079c                IfxAsclin3_RXC_P20_3_IN
                0x00000000800007ac                IfxAsclin3_RXB_P11_0_IN
                0x00000000800007bc                IfxAsclin3_RXA_P15_7_IN
                0x00000000800007cc                IfxAsclin2_RXG_P02_0_IN
                0x00000000800007dc                IfxAsclin2_RXF_P32_6_IN
                0x00000000800007ec                IfxAsclin2_RXE_P33_8_IN
                0x00000000800007fc                IfxAsclin2_RXD_P10_6_IN
                0x000000008000080c                IfxAsclin2_RXC_P02_10_IN
                0x000000008000081c                IfxAsclin2_RXB_P02_1_IN
                0x000000008000082c                IfxAsclin2_RXA_P14_3_IN
                0x000000008000083c                IfxAsclin1_RXG_P02_3_IN
                0x000000008000084c                IfxAsclin1_RXF_P33_13_IN
                0x000000008000085c                IfxAsclin1_RXE_P11_10_IN
                0x000000008000086c                IfxAsclin1_RXD_P14_8_IN
                0x000000008000087c                IfxAsclin1_RXC_P20_9_IN
                0x000000008000088c                IfxAsclin1_RXB_P15_5_IN
                0x000000008000089c                IfxAsclin1_RXA_P15_1_IN
                0x00000000800008ac                IfxAsclin0_RXD_P34_2_IN
                0x00000000800008bc                IfxAsclin0_RXB_P15_3_IN
                0x00000000800008cc                IfxAsclin0_RXA_P14_1_IN
                0x00000000800008dc                IfxAsclin3_RTS_P00_9_OUT
                0x00000000800008ec                IfxAsclin2_RTS_P33_4_OUT
                0x00000000800008fc                IfxAsclin2_RTS_P10_8_OUT
                0x000000008000090c                IfxAsclin1_RTS_P23_1_OUT
                0x000000008000091c                IfxAsclin1_RTS_P20_6_OUT
                0x000000008000092c                IfxAsclin0_RTS_P14_7_OUT
                0x000000008000093c                IfxAsclin3_CTSA_P00_12_IN
                0x000000008000094c                IfxAsclin2_CTSB_P33_5_IN
                0x000000008000095c                IfxAsclin2_CTSA_P10_7_IN
                0x000000008000096c                IfxAsclin1_CTSB_P32_4_IN
                0x000000008000097c                IfxAsclin1_CTSA_P20_7_IN
                0x000000008000098c                IfxAsclin0_CTSA_P14_9_IN
 .rodata        0x000000008000099c       0x20 obj/illd/src/IfxAsclin_cfg.c.o
                0x000000008000099c                IfxAsclin_cfg_indexMap
 .rodata        0x00000000800009bc      0x100 obj/illd/src/IfxPort_cfg.c.o
                0x00000000800009bc                IfxPort_cfg_indexMap
                0x0000000080000a3c                IfxPort_cfg_esrMasks
 .rodata        0x0000000080000abc       0x80 obj/illd/src/IfxScuCcu.c.o
                0x0000000080000abc                IfxScuCcu_defaultErayPllConfig
                0x0000000080000ac4                IfxScuCcu_defaultClockConfig
 .rodata        0x0000000080000b3c      0x278 obj/illd/src/IfxScu_PinMap.c.o
                0x0000000080000b3c                IfxScu_WDTSLCK_P20_9_OUT
                0x0000000080000b4c                IfxScu_WDT2LCK_P20_6_OUT
                0x0000000080000b5c                IfxScu_WDT1LCK_P20_7_OUT
                0x0000000080000b6c                IfxScu_WDT0LCK_P20_8_OUT
                0x0000000080000b7c                IfxScu_REQ9_P20_0_IN
                0x0000000080000b90                IfxScu_REQ8_P33_7_IN
                0x0000000080000ba4                IfxScu_REQ7_P00_4_IN
                0x0000000080000bb8                IfxScu_REQ6_P02_0_IN
                0x0000000080000bcc                IfxScu_REQ5_P10_8_IN
                0x0000000080000be0                IfxScu_REQ4_P10_7_IN
                0x0000000080000bf4                IfxScu_REQ3_P10_3_IN
                0x0000000080000c08                IfxScu_REQ2_P10_2_IN
                0x0000000080000c1c                IfxScu_REQ1_P15_8_IN
                0x0000000080000c30                IfxScu_REQ16_P15_1_IN
                0x0000000080000c44                IfxScu_REQ15_P14_1_IN
                0x0000000080000c58                IfxScu_REQ14_P02_1_IN
                0x0000000080000c6c                IfxScu_REQ13_P15_5_IN
                0x0000000080000c80                IfxScu_REQ12_P11_10_IN
                0x0000000080000c94                IfxScu_REQ11_P20_9_IN
                0x0000000080000ca8                IfxScu_REQ10_P14_3_IN
                0x0000000080000cbc                IfxScu_REQ0_P15_4_IN
                0x0000000080000cd0                IfxScu_HWCFG6_P14_4_IN
                0x0000000080000cdc                IfxScu_HWCFG5_P10_6_IN
                0x0000000080000ce8                IfxScu_HWCFG4_P10_5_IN
                0x0000000080000cf4                IfxScu_HWCFG3_BMI_P14_3_IN
                0x0000000080000d00                IfxScu_HWCFG2EVR13_P14_2_IN
                0x0000000080000d0c                IfxScu_HWCFG1EVR33_P14_5_IN
                0x0000000080000d18                IfxScu_HWCFG0DCLDO_P14_6_IN
                0x0000000080000d24                IfxScu_EXTCLK1_P32_4_OUT
                0x0000000080000d34                IfxScu_EXTCLK1_P11_12_OUT
                0x0000000080000d44                IfxScu_EXTCLK0_P23_1_OUT
                0x0000000080000d54                IfxScu_EVRWUPB_P15_1_IN
                0x0000000080000d64                IfxScu_EVRWUPA_P14_1_IN
                0x0000000080000d74                IfxScu_EMGSTOPB_P21_2_IN
                0x0000000080000d84                IfxScu_EMGSTOPA_P33_8_IN
                0x0000000080000d94                IfxScu_DCDCSYNC_P33_13_OUT
                0x0000000080000da4                IfxScu_DCDCSYNC_P32_2_OUT
 .rodata        0x0000000080000db4       0x40 obj/illd/src/IfxVadc_Adc.c.o
 .rodata        0x0000000080000df4      0x1bc obj/shiparker_App.c.o
 .rodata        0x0000000080000fb0      0x10c obj/uart_Driver.c.o
 .rodata        0x00000000800010bc       0x14 c:/hightec/toolchains/tricore/v4.9.3.0-infineon-1.0/bin/../lib/gcc/tricore/4.9.4/tc161\libgcc.a(_thenan_df.o)
                0x00000000800010bc                __thenan_df
 .rodata        0x00000000800010d0        0x8 c:/hightec/toolchains/tricore/v4.9.3.0-infineon-1.0/bin/../lib/gcc/tricore/4.9.4/../../../../tricore/lib/tc161\libc.a(lib_a-impure.o)
                0x00000000800010d0                _global_impure_ptr
 .rodata        0x00000000800010d8       0x54 c:/hightec/toolchains/tricore/v4.9.3.0-infineon-1.0/bin/../lib/gcc/tricore/4.9.4/../../../../tricore/lib/tc161\libc.a(lib_a-svfprintf.o)
 .rodata        0x000000008000112c        0xf c:/hightec/toolchains/tricore/v4.9.3.0-infineon-1.0/bin/../lib/gcc/tricore/4.9.4/../../../../tricore/lib/tc161\libc.a(lib_a-dtoa.o)
 *fill*         0x000000008000113b        0x1 00
 .rodata        0x000000008000113c       0x44 c:/hightec/toolchains/tricore/v4.9.3.0-infineon-1.0/bin/../lib/gcc/tricore/4.9.4/../../../../tricore/lib/tc161\libc.a(lib_a-locale.o)
 .rodata        0x0000000080001180      0x124 c:/hightec/toolchains/tricore/v4.9.3.0-infineon-1.0/bin/../lib/gcc/tricore/4.9.4/../../../../tricore/lib/tc161\libc.a(lib_a-mprec.o)
                0x000000008000118c                __mprec_tinytens
                0x00000000800011b4                __mprec_bigtens
                0x00000000800011dc                __mprec_tens
 *(.rodata.*)
 *(.gnu.linkonce.r.*)
                0x00000000800012a4                . = ALIGN (0x4)
                0x00000000800012a4                PROVIDE (__clear_table, .)
                0x00000000800012a4        0x4 LONG 0x50000000 (0x0 + ADDR (.CPU2.zbss))
                0x00000000800012a8        0x4 LONG 0x0 SIZEOF (.CPU2.zbss)
                0x00000000800012ac        0x4 LONG 0x50000000 (0x0 + ADDR (.CPU2.bss))
                0x00000000800012b0        0x4 LONG 0x0 SIZEOF (.CPU2.bss)
                0x00000000800012b4        0x4 LONG 0x60000000 (0x0 + ADDR (.CPU1.zbss))
                0x00000000800012b8        0x4 LONG 0x0 SIZEOF (.CPU1.zbss)
                0x00000000800012bc        0x4 LONG 0x60000000 (0x0 + ADDR (.CPU1.bss))
                0x00000000800012c0        0x4 LONG 0x0 SIZEOF (.CPU1.bss)
                0x00000000800012c4        0x4 LONG 0x70000fd0 (0x0 + ADDR (.CPU0.zbss))
                0x00000000800012c8        0x4 LONG 0x0 SIZEOF (.CPU0.zbss)
                0x00000000800012cc        0x4 LONG 0x70000fd0 (0x0 + ADDR (.CPU0.bss))
                0x00000000800012d0        0x4 LONG 0x0 SIZEOF (.CPU0.bss)
                0x00000000800012d4        0x4 LONG 0x70000000 (0x0 + ADDR (.zbss))
                0x00000000800012d8        0x4 LONG 0x0 SIZEOF (.zbss)
                0x00000000800012dc        0x4 LONG 0x70000000 (0x0 + ADDR (.sbss))
                0x00000000800012e0        0x4 LONG 0x0 SIZEOF (.sbss)
                0x00000000800012e4        0x4 LONG 0x700009b0 (0x0 + ADDR (.bss))
                0x00000000800012e8        0x4 LONG 0x620 SIZEOF (.bss)
                0x00000000800012ec        0x4 LONG 0xb0000000 (0x0 + ADDR (.lmu_zbss))
                0x00000000800012f0        0x4 LONG 0x0 SIZEOF (.lmu_zbss)
                0x00000000800012f4        0x4 LONG 0xb0000000 (0x0 + ADDR (.lmu_sbss))
                0x00000000800012f8        0x4 LONG 0x0 SIZEOF (.lmu_sbss)
                0x00000000800012fc        0x4 LONG 0xb0000000 (0x0 + ADDR (.lmu_bss))
                0x0000000080001300        0x4 LONG 0x0 SIZEOF (.lmu_bss)
                0x0000000080001304        0x4 LONG 0xffffffffffffffff
                0x0000000080001308        0x4 LONG 0xffffffffffffffff
                0x000000008000130c                PROVIDE (__copy_table, .)
                0x000000008000130c        0x4 LONG 0x8000f968 LOADADDR (.CPU2.zdata)
                0x0000000080001310        0x4 LONG 0x50000000 ADDR (.CPU2.zdata)
                0x0000000080001314        0x4 LONG 0x0 SIZEOF (.CPU2.zdata)
                0x0000000080001318        0x4 LONG 0x8000f968 LOADADDR (.CPU2.data)
                0x000000008000131c        0x4 LONG 0x50000000 ADDR (.CPU2.data)
                0x0000000080001320        0x4 LONG 0x0 SIZEOF (.CPU2.data)
                0x0000000080001324        0x4 LONG 0x8000f968 LOADADDR (.CPU1.zdata)
                0x0000000080001328        0x4 LONG 0x60000000 ADDR (.CPU1.zdata)
                0x000000008000132c        0x4 LONG 0x0 SIZEOF (.CPU1.zdata)
                0x0000000080001330        0x4 LONG 0x8000f968 LOADADDR (.CPU1.data)
                0x0000000080001334        0x4 LONG 0x60000000 ADDR (.CPU1.data)
                0x0000000080001338        0x4 LONG 0x0 SIZEOF (.CPU1.data)
                0x000000008000133c        0x4 LONG 0x8000f968 LOADADDR (.CPU0.zdata)
                0x0000000080001340        0x4 LONG 0x70000fd0 ADDR (.CPU0.zdata)
                0x0000000080001344        0x4 LONG 0x0 SIZEOF (.CPU0.zdata)
                0x0000000080001348        0x4 LONG 0x8000f968 LOADADDR (.CPU0.data)
                0x000000008000134c        0x4 LONG 0x70000fd0 ADDR (.CPU0.data)
                0x0000000080001350        0x4 LONG 0x0 SIZEOF (.CPU0.data)
                0x0000000080001354        0x4 LONG 0x8000efb8 LOADADDR (.zdata)
                0x0000000080001358        0x4 LONG 0x70000000 ADDR (.zdata)
                0x000000008000135c        0x4 LONG 0x0 SIZEOF (.zdata)
                0x0000000080001360        0x4 LONG 0x8000efb8 LOADADDR (.sdata)
                0x0000000080001364        0x4 LONG 0x70000000 ADDR (.sdata)
                0x0000000080001368        0x4 LONG 0x0 SIZEOF (.sdata)
                0x000000008000136c        0x4 LONG 0x8000efb8 LOADADDR (.data)
                0x0000000080001370        0x4 LONG 0x70000000 ADDR (.data)
                0x0000000080001374        0x4 LONG 0x9b0 SIZEOF (.data)
                0x0000000080001378        0x4 LONG 0x8000f968 LOADADDR (.lmu_zdata)
                0x000000008000137c        0x4 LONG 0xb0000000 ADDR (.lmu_zdata)
                0x0000000080001380        0x4 LONG 0x0 SIZEOF (.lmu_zdata)
                0x0000000080001384        0x4 LONG 0x8000f968 LOADADDR (.lmu_sdata)
                0x0000000080001388        0x4 LONG 0xb0000000 ADDR (.lmu_sdata)
                0x000000008000138c        0x4 LONG 0x0 SIZEOF (.lmu_sdata)
                0x0000000080001390        0x4 LONG 0x8000f968 LOADADDR (.lmu_data)
                0x0000000080001394        0x4 LONG 0xb0000000 ADDR (.lmu_data)
                0x0000000080001398        0x4 LONG 0x0 SIZEOF (.lmu_data)
                0x000000008000139c        0x4 LONG 0x8000f968 LOADADDR (.CPU0.psram_text)
                0x00000000800013a0        0x4 LONG 0x70100000 ADDR (.CPU0.psram_text)
                0x00000000800013a4        0x4 LONG 0x0 SIZEOF (.CPU0.psram_text)
                0x00000000800013a8        0x4 LONG 0x8000f968 LOADADDR (.CPU1.psram_text)
                0x00000000800013ac        0x4 LONG 0x60100000 ADDR (.CPU1.psram_text)
                0x00000000800013b0        0x4 LONG 0x0 SIZEOF (.CPU1.psram_text)
                0x00000000800013b4        0x4 LONG 0x8000f968 LOADADDR (.CPU2.psram_text)
                0x00000000800013b8        0x4 LONG 0x50100000 ADDR (.CPU2.psram_text)
                0x00000000800013bc        0x4 LONG 0x0 SIZEOF (.CPU2.psram_text)
                0x00000000800013c0        0x4 LONG 0xffffffffffffffff
                0x00000000800013c4        0x4 LONG 0xffffffffffffffff
                0x00000000800013c8        0x4 LONG 0xffffffffffffffff
                0x00000000800013d0                . = ALIGN (0x8)
 *fill*         0x00000000800013cc        0x4 00

.traptab        memory region -> PMU_PFLASH
                0x0000000080001400      0x100
 *(.traptab)
 *(.traptab*)
 .traptab_cpu0  0x0000000080001400      0x100 C:\SHIPAR~1\TC275\erika\lib\libee.a(ee_tc_trapvec.c.o)
                0x0000000080001400                osEE_tc_trap_mmu
                0x0000000080001400                __TRAPTAB
                0x0000000080001420                osEE_tc_trap_protection
                0x0000000080001440                osEE_tc_trap_instruction
                0x0000000080001460                osEE_tc_trap_context
                0x0000000080001480                osEE_tc_trap_bus
                0x00000000800014a0                osEE_tc_trap_assertion
                0x00000000800014c0                osEE_tc_trap_system
                0x00000000800014e0                osEE_tc_trap_nmi
                0x0000000080001500                . = ALIGN (0x8)

.eh_frame       memory region -> PMU_PFLASH
                0x0000000080001500        0x0
 *(.gcc_except_table)
                0x0000000080001500                __EH_FRAME_BEGIN__ = .
 *(.eh_frame)
                0x0000000080001500                __EH_FRAME_END__ = .
 *(.jcr)
                0x0000000080001500                . = ALIGN (0x8)

.ctors          memory region -> PMU_PFLASH
                0x0000000080001500        0x8
                0x0000000080001500                __CTOR_LIST__ = .
                0x0000000080001500        0x4 LONG 0x0 (((__CTOR_END__ - __CTOR_LIST__) / 0x4) - 0x2)
 *(.ctors)
                0x0000000080001504        0x4 LONG 0x0
                0x0000000080001508                __CTOR_END__ = .
                0x0000000080001508                . = ALIGN (0x8)

.dtors          memory region -> PMU_PFLASH
                0x0000000080001508        0x8
                0x0000000080001508                __DTOR_LIST__ = .
                0x0000000080001508        0x4 LONG 0x0 (((__DTOR_END__ - __DTOR_LIST__) / 0x4) - 0x2)
 *(.dtors)
                0x000000008000150c        0x4 LONG 0x0
                0x0000000080001510                __DTOR_END__ = .
                0x0000000080001510                . = ALIGN (0x8)

.inttab_cpu0    memory region -> PMU_PFLASH
                0x0000000080002000     0x2000
 *(.inttab_cpu0)
 .inttab_cpu0   0x0000000080002000     0x2000 C:\SHIPAR~1\TC275\erika\lib\libee.a(ee_tc_intvec.c.o)
                0x0000000080002000                __INTTAB0
                0x0000000080002020                osEE_tc_isr_dummy_entry_1
                0x0000000080002040                osEE_tc_isr_dummy_entry_2
                0x0000000080002060                osEE_tc_isr_dummy_entry_3
                0x0000000080002080                osEE_tc_isr_dummy_entry_4
                0x00000000800020a0                osEE_tc_isr_dummy_entry_5
                0x00000000800020c0                osEE_tc_isr2_entry_6
                0x00000000800020e0                osEE_tc_isr_dummy_entry_7
                0x0000000080002100                osEE_tc_isr_dummy_entry_8
                0x0000000080002120                osEE_tc_isr_dummy_entry_9
                0x0000000080002140                osEE_tc_isr_dummy_entry_10
                0x0000000080002160                osEE_tc_isr_dummy_entry_11
                0x0000000080002180                osEE_tc_isr_dummy_entry_12
                0x00000000800021a0                osEE_tc_isr2_entry_13
                0x00000000800021c0                osEE_tc_isr2_entry_14
                0x00000000800021e0                osEE_tc_isr_dummy_entry_15
                0x0000000080002200                osEE_tc_isr_dummy_entry_16
                0x0000000080002220                osEE_tc_isr2_entry_17
                0x0000000080002240                osEE_tc_isr_dummy_entry_18
                0x0000000080002260                osEE_tc_isr_dummy_entry_19
                0x0000000080002280                osEE_tc_isr_dummy_entry_20
                0x00000000800022a0                osEE_tc_isr_dummy_entry_21
                0x00000000800022c0                osEE_tc_isr_dummy_entry_22
                0x00000000800022e0                osEE_tc_isr_dummy_entry_23
                0x0000000080002300                osEE_tc_isr_dummy_entry_24
                0x0000000080002320                osEE_tc_isr_dummy_entry_25
                0x0000000080002340                osEE_tc_isr_dummy_entry_26
                0x0000000080002360                osEE_tc_isr_dummy_entry_27
                0x0000000080002380                osEE_tc_isr_dummy_entry_28
                0x00000000800023a0                osEE_tc_isr_dummy_entry_29
                0x00000000800023c0                osEE_tc_isr_dummy_entry_30
                0x00000000800023e0                osEE_tc_isr_dummy_entry_31
                0x0000000080002400                osEE_tc_isr_dummy_entry_32
                0x0000000080002420                osEE_tc_isr_dummy_entry_33
                0x0000000080002440                osEE_tc_isr_dummy_entry_34
                0x0000000080002460                osEE_tc_isr_dummy_entry_35
                0x0000000080002480                osEE_tc_isr_dummy_entry_36
                0x00000000800024a0                osEE_tc_isr_dummy_entry_37
                0x00000000800024c0                osEE_tc_isr_dummy_entry_38
                0x00000000800024e0                osEE_tc_isr_dummy_entry_39
                0x0000000080002500                osEE_tc_isr_dummy_entry_40
                0x0000000080002520                osEE_tc_isr_dummy_entry_41
                0x0000000080002540                osEE_tc_isr_dummy_entry_42
                0x0000000080002560                osEE_tc_isr_dummy_entry_43
                0x0000000080002580                osEE_tc_isr_dummy_entry_44
                0x00000000800025a0                osEE_tc_isr_dummy_entry_45
                0x00000000800025c0                osEE_tc_isr_dummy_entry_46
                0x00000000800025e0                osEE_tc_isr_dummy_entry_47
                0x0000000080002600                osEE_tc_isr_dummy_entry_48
                0x0000000080002620                osEE_tc_isr_dummy_entry_49
                0x0000000080002640                osEE_tc_isr_dummy_entry_50
                0x0000000080002660                osEE_tc_isr_dummy_entry_51
                0x0000000080002680                osEE_tc_isr_dummy_entry_52
                0x00000000800026a0                osEE_tc_isr_dummy_entry_53
                0x00000000800026c0                osEE_tc_isr_dummy_entry_54
                0x00000000800026e0                osEE_tc_isr_dummy_entry_55
                0x0000000080002700                osEE_tc_isr_dummy_entry_56
                0x0000000080002720                osEE_tc_isr_dummy_entry_57
                0x0000000080002740                osEE_tc_isr_dummy_entry_58
                0x0000000080002760                osEE_tc_isr_dummy_entry_59
                0x0000000080002780                osEE_tc_isr_dummy_entry_60
                0x00000000800027a0                osEE_tc_isr_dummy_entry_61
                0x00000000800027c0                osEE_tc_isr_dummy_entry_62
                0x00000000800027e0                osEE_tc_isr_dummy_entry_63
                0x0000000080002800                osEE_tc_isr_dummy_entry_64
                0x0000000080002820                osEE_tc_isr_dummy_entry_65
                0x0000000080002840                osEE_tc_isr_dummy_entry_66
                0x0000000080002860                osEE_tc_isr_dummy_entry_67
                0x0000000080002880                osEE_tc_isr_dummy_entry_68
                0x00000000800028a0                osEE_tc_isr_dummy_entry_69
                0x00000000800028c0                osEE_tc_isr_dummy_entry_70
                0x00000000800028e0                osEE_tc_isr_dummy_entry_71
                0x0000000080002900                osEE_tc_isr_dummy_entry_72
                0x0000000080002920                osEE_tc_isr_dummy_entry_73
                0x0000000080002940                osEE_tc_isr_dummy_entry_74
                0x0000000080002960                osEE_tc_isr_dummy_entry_75
                0x0000000080002980                osEE_tc_isr_dummy_entry_76
                0x00000000800029a0                osEE_tc_isr_dummy_entry_77
                0x00000000800029c0                osEE_tc_isr_dummy_entry_78
                0x00000000800029e0                osEE_tc_isr_dummy_entry_79
                0x0000000080002a00                osEE_tc_isr_dummy_entry_80
                0x0000000080002a20                osEE_tc_isr_dummy_entry_81
                0x0000000080002a40                osEE_tc_isr_dummy_entry_82
                0x0000000080002a60                osEE_tc_isr_dummy_entry_83
                0x0000000080002a80                osEE_tc_isr_dummy_entry_84
                0x0000000080002aa0                osEE_tc_isr_dummy_entry_85
                0x0000000080002ac0                osEE_tc_isr_dummy_entry_86
                0x0000000080002ae0                osEE_tc_isr_dummy_entry_87
                0x0000000080002b00                osEE_tc_isr_dummy_entry_88
                0x0000000080002b20                osEE_tc_isr_dummy_entry_89
                0x0000000080002b40                osEE_tc_isr_dummy_entry_90
                0x0000000080002b60                osEE_tc_isr_dummy_entry_91
                0x0000000080002b80                osEE_tc_isr_dummy_entry_92
                0x0000000080002ba0                osEE_tc_isr_dummy_entry_93
                0x0000000080002bc0                osEE_tc_isr_dummy_entry_94
                0x0000000080002be0                osEE_tc_isr_dummy_entry_95
                0x0000000080002c00                osEE_tc_isr_dummy_entry_96
                0x0000000080002c20                osEE_tc_isr_dummy_entry_97
                0x0000000080002c40                osEE_tc_isr_dummy_entry_98
                0x0000000080002c60                osEE_tc_isr_dummy_entry_99
                0x0000000080002c80                osEE_tc_isr_dummy_entry_100
                0x0000000080002ca0                osEE_tc_isr_dummy_entry_101
                0x0000000080002cc0                osEE_tc_isr_dummy_entry_102
                0x0000000080002ce0                osEE_tc_isr_dummy_entry_103
                0x0000000080002d00                osEE_tc_isr_dummy_entry_104
                0x0000000080002d20                osEE_tc_isr_dummy_entry_105
                0x0000000080002d40                osEE_tc_isr_dummy_entry_106
                0x0000000080002d60                osEE_tc_isr_dummy_entry_107
                0x0000000080002d80                osEE_tc_isr_dummy_entry_108
                0x0000000080002da0                osEE_tc_isr_dummy_entry_109
                0x0000000080002dc0                osEE_tc_isr_dummy_entry_110
                0x0000000080002de0                osEE_tc_isr_dummy_entry_111
                0x0000000080002e00                osEE_tc_isr_dummy_entry_112
                0x0000000080002e20                osEE_tc_isr_dummy_entry_113
                0x0000000080002e40                osEE_tc_isr_dummy_entry_114
                0x0000000080002e60                osEE_tc_isr_dummy_entry_115
                0x0000000080002e80                osEE_tc_isr_dummy_entry_116
                0x0000000080002ea0                osEE_tc_isr_dummy_entry_117
                0x0000000080002ec0                osEE_tc_isr_dummy_entry_118
                0x0000000080002ee0                osEE_tc_isr_dummy_entry_119
                0x0000000080002f00                osEE_tc_isr_dummy_entry_120
                0x0000000080002f20                osEE_tc_isr_dummy_entry_121
                0x0000000080002f40                osEE_tc_isr_dummy_entry_122
                0x0000000080002f60                osEE_tc_isr_dummy_entry_123
                0x0000000080002f80                osEE_tc_isr_dummy_entry_124
                0x0000000080002fa0                osEE_tc_isr_dummy_entry_125
                0x0000000080002fc0                osEE_tc_isr_dummy_entry_126
                0x0000000080002fe0                osEE_tc_isr_dummy_entry_127
                0x0000000080003000                osEE_tc_isr_dummy_entry_128
                0x0000000080003020                osEE_tc_isr_dummy_entry_129
                0x0000000080003040                osEE_tc_isr_dummy_entry_130
                0x0000000080003060                osEE_tc_isr_dummy_entry_131
                0x0000000080003080                osEE_tc_isr_dummy_entry_132
                0x00000000800030a0                osEE_tc_isr_dummy_entry_133
                0x00000000800030c0                osEE_tc_isr_dummy_entry_134
                0x00000000800030e0                osEE_tc_isr_dummy_entry_135
                0x0000000080003100                osEE_tc_isr_dummy_entry_136
                0x0000000080003120                osEE_tc_isr_dummy_entry_137
                0x0000000080003140                osEE_tc_isr_dummy_entry_138
                0x0000000080003160                osEE_tc_isr_dummy_entry_139
                0x0000000080003180                osEE_tc_isr_dummy_entry_140
                0x00000000800031a0                osEE_tc_isr_dummy_entry_141
                0x00000000800031c0                osEE_tc_isr_dummy_entry_142
                0x00000000800031e0                osEE_tc_isr_dummy_entry_143
                0x0000000080003200                osEE_tc_isr_dummy_entry_144
                0x0000000080003220                osEE_tc_isr_dummy_entry_145
                0x0000000080003240                osEE_tc_isr_dummy_entry_146
                0x0000000080003260                osEE_tc_isr_dummy_entry_147
                0x0000000080003280                osEE_tc_isr_dummy_entry_148
                0x00000000800032a0                osEE_tc_isr_dummy_entry_149
                0x00000000800032c0                osEE_tc_isr_dummy_entry_150
                0x00000000800032e0                osEE_tc_isr_dummy_entry_151
                0x0000000080003300                osEE_tc_isr_dummy_entry_152
                0x0000000080003320                osEE_tc_isr_dummy_entry_153
                0x0000000080003340                osEE_tc_isr_dummy_entry_154
                0x0000000080003360                osEE_tc_isr_dummy_entry_155
                0x0000000080003380                osEE_tc_isr_dummy_entry_156
                0x00000000800033a0                osEE_tc_isr_dummy_entry_157
                0x00000000800033c0                osEE_tc_isr_dummy_entry_158
                0x00000000800033e0                osEE_tc_isr_dummy_entry_159
                0x0000000080003400                osEE_tc_isr_dummy_entry_160
                0x0000000080003420                osEE_tc_isr_dummy_entry_161
                0x0000000080003440                osEE_tc_isr_dummy_entry_162
                0x0000000080003460                osEE_tc_isr_dummy_entry_163
                0x0000000080003480                osEE_tc_isr_dummy_entry_164
                0x00000000800034a0                osEE_tc_isr_dummy_entry_165
                0x00000000800034c0                osEE_tc_isr_dummy_entry_166
                0x00000000800034e0                osEE_tc_isr_dummy_entry_167
                0x0000000080003500                osEE_tc_isr_dummy_entry_168
                0x0000000080003520                osEE_tc_isr_dummy_entry_169
                0x0000000080003540                osEE_tc_isr_dummy_entry_170
                0x0000000080003560                osEE_tc_isr_dummy_entry_171
                0x0000000080003580                osEE_tc_isr_dummy_entry_172
                0x00000000800035a0                osEE_tc_isr_dummy_entry_173
                0x00000000800035c0                osEE_tc_isr_dummy_entry_174
                0x00000000800035e0                osEE_tc_isr_dummy_entry_175
                0x0000000080003600                osEE_tc_isr_dummy_entry_176
                0x0000000080003620                osEE_tc_isr_dummy_entry_177
                0x0000000080003640                osEE_tc_isr_dummy_entry_178
                0x0000000080003660                osEE_tc_isr_dummy_entry_179
                0x0000000080003680                osEE_tc_isr_dummy_entry_180
                0x00000000800036a0                osEE_tc_isr_dummy_entry_181
                0x00000000800036c0                osEE_tc_isr_dummy_entry_182
                0x00000000800036e0                osEE_tc_isr_dummy_entry_183
                0x0000000080003700                osEE_tc_isr_dummy_entry_184
                0x0000000080003720                osEE_tc_isr_dummy_entry_185
                0x0000000080003740                osEE_tc_isr_dummy_entry_186
                0x0000000080003760                osEE_tc_isr_dummy_entry_187
                0x0000000080003780                osEE_tc_isr_dummy_entry_188
                0x00000000800037a0                osEE_tc_isr_dummy_entry_189
                0x00000000800037c0                osEE_tc_isr_dummy_entry_190
                0x00000000800037e0                osEE_tc_isr_dummy_entry_191
                0x0000000080003800                osEE_tc_isr_dummy_entry_192
                0x0000000080003820                osEE_tc_isr_dummy_entry_193
                0x0000000080003840                osEE_tc_isr_dummy_entry_194
                0x0000000080003860                osEE_tc_isr_dummy_entry_195
                0x0000000080003880                osEE_tc_isr_dummy_entry_196
                0x00000000800038a0                osEE_tc_isr_dummy_entry_197
                0x00000000800038c0                osEE_tc_isr_dummy_entry_198
                0x00000000800038e0                osEE_tc_isr_dummy_entry_199
                0x0000000080003900                osEE_tc_isr_dummy_entry_200
                0x0000000080003920                osEE_tc_isr_dummy_entry_201
                0x0000000080003940                osEE_tc_isr_dummy_entry_202
                0x0000000080003960                osEE_tc_isr_dummy_entry_203
                0x0000000080003980                osEE_tc_isr_dummy_entry_204
                0x00000000800039a0                osEE_tc_isr_dummy_entry_205
                0x00000000800039c0                osEE_tc_isr_dummy_entry_206
                0x00000000800039e0                osEE_tc_isr_dummy_entry_207
                0x0000000080003a00                osEE_tc_isr_dummy_entry_208
                0x0000000080003a20                osEE_tc_isr_dummy_entry_209
                0x0000000080003a40                osEE_tc_isr_dummy_entry_210
                0x0000000080003a60                osEE_tc_isr_dummy_entry_211
                0x0000000080003a80                osEE_tc_isr_dummy_entry_212
                0x0000000080003aa0                osEE_tc_isr_dummy_entry_213
                0x0000000080003ac0                osEE_tc_isr_dummy_entry_214
                0x0000000080003ae0                osEE_tc_isr_dummy_entry_215
                0x0000000080003b00                osEE_tc_isr_dummy_entry_216
                0x0000000080003b20                osEE_tc_isr_dummy_entry_217
                0x0000000080003b40                osEE_tc_isr_dummy_entry_218
                0x0000000080003b60                osEE_tc_isr_dummy_entry_219
                0x0000000080003b80                osEE_tc_isr_dummy_entry_220
                0x0000000080003ba0                osEE_tc_isr_dummy_entry_221
                0x0000000080003bc0                osEE_tc_isr_dummy_entry_222
                0x0000000080003be0                osEE_tc_isr_dummy_entry_223
                0x0000000080003c00                osEE_tc_isr_dummy_entry_224
                0x0000000080003c20                osEE_tc_isr_dummy_entry_225
                0x0000000080003c40                osEE_tc_isr_dummy_entry_226
                0x0000000080003c60                osEE_tc_isr_dummy_entry_227
                0x0000000080003c80                osEE_tc_isr_dummy_entry_228
                0x0000000080003ca0                osEE_tc_isr_dummy_entry_229
                0x0000000080003cc0                osEE_tc_isr_dummy_entry_230
                0x0000000080003ce0                osEE_tc_isr_dummy_entry_231
                0x0000000080003d00                osEE_tc_isr_dummy_entry_232
                0x0000000080003d20                osEE_tc_isr_dummy_entry_233
                0x0000000080003d40                osEE_tc_isr_dummy_entry_234
                0x0000000080003d60                osEE_tc_isr_dummy_entry_235
                0x0000000080003d80                osEE_tc_isr_dummy_entry_236
                0x0000000080003da0                osEE_tc_isr_dummy_entry_237
                0x0000000080003dc0                osEE_tc_isr_dummy_entry_238
                0x0000000080003de0                osEE_tc_isr_dummy_entry_239
                0x0000000080003e00                osEE_tc_isr_dummy_entry_240
                0x0000000080003e20                osEE_tc_isr_dummy_entry_241
                0x0000000080003e40                osEE_tc_isr_dummy_entry_242
                0x0000000080003e60                osEE_tc_isr_dummy_entry_243
                0x0000000080003e80                osEE_tc_isr_dummy_entry_244
                0x0000000080003ea0                osEE_tc_isr_dummy_entry_245
                0x0000000080003ec0                osEE_tc_isr_dummy_entry_246
                0x0000000080003ee0                osEE_tc_isr_dummy_entry_247
                0x0000000080003f00                osEE_tc_isr_dummy_entry_248
                0x0000000080003f20                osEE_tc_isr_dummy_entry_249
                0x0000000080003f40                osEE_tc_isr_dummy_entry_250
                0x0000000080003f60                osEE_tc_isr_dummy_entry_251
                0x0000000080003f80                osEE_tc_isr_dummy_entry_252
                0x0000000080003fa0                osEE_tc_isr_dummy_entry_253
                0x0000000080003fc0                osEE_tc_isr_dummy_entry_254
                0x0000000080003fe0                osEE_tc_isr_dummy_entry_255
 *(.*.inttab_cpu0)
                0x0000000080004000                . = ALIGN (0x8)

.text           memory region -> PMU_PFLASH
                0x0000000080004000     0xafb8
                0x0000000080004000                PROVIDE (__text_start, .)
 *(.text)
 .text          0x0000000080004000       0x52 obj/asw.c.o
                0x0000000080004000                FuncTestTask
                0x0000000080004014                TimerISR
 .text          0x0000000080004052      0x466 obj/bsw.c.o
                0x0000000080004052                delay_ms
                0x00000000800040bc                delay_us
                0x000000008000412a                UART_init
                0x000000008000419c                printfSerial
                0x000000008000420e                printDouble
                0x000000008000425c                initVADCModule
                0x000000008000427a                initVADCGroup
                0x00000000800042ac                initVADCChannels
                0x000000008000432a                initADC
                0x000000008000434c                readADCValue
                0x0000000080004372                initPeripheralsAndERU
                0x0000000080004414                asclin3TxISR
                0x0000000080004420                main
 .text          0x00000000800044b8      0x5d4 obj/illd/Libraries/iLLD/TC27D/Tricore/Vadc/std/IfxVadc.c.o
                0x00000000800044b8                IfxVadc_disableAccess
                0x00000000800044f0                IfxVadc_enableAccess
                0x0000000080004528                IfxVadc_configExternalMultiplexerMode
                0x000000008000456e                IfxVadc_disablePostCalibration
                0x00000000800045aa                IfxVadc_enableGroupSync
                0x0000000080004654                IfxVadc_getAdcAnalogFrequency
                0x000000008000466c                IfxVadc_getAdcDigitalFrequency
                0x0000000080004686                IfxVadc_getAdcModuleFrequency
                0x000000008000468a                IfxVadc_getBackgroundScanStatus
                0x00000000800046a4                IfxVadc_getQueueStatus
                0x00000000800046b4                IfxVadc_getResultBasedOnRequestSource
                0x0000000080004748                IfxVadc_getScanStatus
                0x0000000080004752                IfxVadc_getSrcAddress
                0x000000008000477a                IfxVadc_initialiseAdcArbiterClock
                0x000000008000479e                IfxVadc_initialiseAdcConverterClock
                0x00000000800047c2                IfxVadc_initializeFAdcD
                0x00000000800047ec                IfxVadc_initializeFAdcI
                0x0000000080004852                IfxVadc_isPostCalibration
                0x00000000800048bc                IfxVadc_getChannelConversionTime
                0x0000000080004966                IfxVadc_resetKernel
                0x00000000800049b8                IfxVadc_selectPowerSupplyVoltage
                0x00000000800049dc                IfxVadc_setArbiterPriority
                0x0000000080004a32                IfxVadc_setScan
                0x0000000080004a46                IfxVadc_startupCalibration
 .text          0x0000000080004a8c      0x450 obj/illd/src/IfxAsclin.c.o
                0x0000000080004a8c                IfxAsclin_disableModule
                0x0000000080004aa8                IfxAsclin_enableAscErrorFlags
                0x0000000080004ad6                IfxAsclin_enableModule
                0x0000000080004af2                IfxAsclin_getAddress
                0x0000000080004b08                IfxAsclin_getFaFrequency
                0x0000000080004b7c                IfxAsclin_getIndex
                0x0000000080004b9e                IfxAsclin_getPdFrequency
                0x0000000080004bb6                IfxAsclin_getOvsFrequency
                0x0000000080004bda                IfxAsclin_getShiftFrequency
                0x0000000080004bf0                IfxAsclin_getSrcPointerEr
                0x0000000080004c04                IfxAsclin_getSrcPointerRx
                0x0000000080004c18                IfxAsclin_getSrcPointerTx
                0x0000000080004c2c                IfxAsclin_read16
                0x0000000080004c3e                IfxAsclin_read32
                0x0000000080004c50                IfxAsclin_read8
                0x0000000080004c62                IfxAsclin_resetModule
                0x0000000080004cae                IfxAsclin_setClockSource
                0x0000000080004cd0                IfxAsclin_setBaudrateBitFields
                0x0000000080004d22                IfxAsclin_setBitTiming
                0x0000000080004ea4                IfxAsclin_write16
                0x0000000080004eb8                IfxAsclin_write32
                0x0000000080004eca                IfxAsclin_write8
 .text          0x0000000080004edc      0x8d0 obj/illd/src/IfxAsclin_Asc.c.o
                0x0000000080004edc                IfxAsclin_Asc_getReadCount
                0x0000000080004ee2                IfxAsclin_Asc_getReadEvent
                0x0000000080004eec                IfxAsclin_Asc_getSendCount
                0x0000000080004ef2                IfxAsclin_Asc_getTxTimeStamp
                0x0000000080004ef8                IfxAsclin_Asc_getWriteCount
                0x0000000080004f06                IfxAsclin_Asc_getWriteEvent
                0x0000000080004f10                IfxAsclin_Asc_isrError
                0x0000000080004f82                IfxAsclin_Asc_resetSendCount
                0x0000000080004f88                IfxAsclin_Asc_canReadCount
                0x0000000080004f90                IfxAsclin_Asc_flushTx
                0x000000008000502c                IfxAsclin_Asc_canWriteCount
                0x0000000080005034                IfxAsclin_Asc_clearRx
                0x0000000080005044                IfxAsclin_Asc_clearTx
                0x0000000080005058                IfxAsclin_Asc_read
                0x0000000080005074                IfxAsclin_Asc_isrTransmit
                0x0000000080005112                IfxAsclin_Asc_isrReceive
                0x00000000800051a8                IfxAsclin_Asc_blockingRead
                0x00000000800051ce                IfxAsclin_Asc_disableModule
                0x00000000800051ea                IfxAsclin_Asc_initModule
                0x0000000080005598                IfxAsclin_Asc_initModuleConfig
                0x0000000080005620                IfxAsclin_Asc_initiateTransmission
                0x0000000080005668                IfxAsclin_Asc_write
                0x00000000800056ca                IfxAsclin_Asc_blockingWrite
                0x00000000800056e6                IfxAsclin_Asc_stdIfDPipeInit
 .text          0x00000000800057ac      0x40e obj/illd/src/IfxPort.c.o
                0x00000000800057ac                IfxPort_getAddress
                0x00000000800057dc                IfxPort_getIndex
                0x00000000800057fe                IfxPort_resetESR
                0x0000000080005826                IfxPort_disableEmergencyStop
                0x0000000080005856                IfxPort_setESR
                0x0000000080005880                IfxPort_enableEmergencyStop
                0x00000000800058bc                IfxPort_setGroupModeInput
                0x000000008000594c                IfxPort_setGroupModeOutput
                0x00000000800059de                IfxPort_setGroupPadDriver
                0x0000000080005a82                IfxPort_setPinMode
                0x0000000080005ad8                IfxPort_setPinModeLvdsHigh
                0x0000000080005b3c                IfxPort_setPinModeLvdsMedium
                0x0000000080005b7e                IfxPort_setPinPadDriver
 *fill*         0x0000000080005bba        0x2 00
 .text          0x0000000080005bbc      0xf70 obj/illd/src/IfxScuCcu.c.o
                0x0000000080005bbc                IfxScuCcu_calculateSysPllDividers
                0x0000000080005cb4                IfxScuCcu_getOsc0Frequency
                0x0000000080005cc2                IfxScuCcu_getOscFrequency
                0x0000000080005cf2                IfxScuCcu_getPllErayFrequency
                0x0000000080005d56                IfxScuCcu_getPllErayVcoFrequency
                0x0000000080005d9a                IfxScuCcu_getPllFrequency
                0x0000000080005e0c                IfxScuCcu_getPllVcoFrequency
                0x0000000080005e50                IfxScuCcu_getSourceFrequency
                0x0000000080005ea8                IfxScuCcu_getBbbFrequency
                0x0000000080005f20                IfxScuCcu_getMaxFrequency
                0x0000000080005f90                IfxScuCcu_getBaud1Frequency
                0x0000000080005fb0                IfxScuCcu_getBaud2Frequency
                0x0000000080005fd2                IfxScuCcu_getSpbFrequency
                0x000000008000604a                IfxScuCcu_getModuleFrequency
                0x0000000080006094                IfxScuCcu_getSriFrequency
                0x000000008000610e                IfxScuCcu_getCpuFrequency
                0x0000000080006150                IfxScuCcu_getFsi2Frequency
                0x0000000080006186                IfxScuCcu_getFsiFrequency
                0x00000000800061bc                IfxScuCcu_init
                0x000000008000657a                IfxScuCcu_initConfig
                0x000000008000658e                IfxScuCcu_initErayPll
                0x0000000080006730                IfxScuCcu_initErayPllConfig
                0x0000000080006742                IfxScuCcu_setCpuFrequency
                0x00000000800067b8                IfxScuCcu_setGtmFrequency
                0x0000000080006846                IfxScuCcu_setPll2ErayFrequency
                0x0000000080006896                IfxScuCcu_setPll2Frequency
                0x00000000800068e6                IfxScuCcu_setSpbFrequency
                0x000000008000699a                IfxScuCcu_setSriFrequency
                0x0000000080006a1a                IfxScuCcu_switchToBackupClock
 .text          0x0000000080006b2c      0x356 obj/illd/src/IfxScuEru.c.o
                0x0000000080006b2c                IfxScuEru_clearAllEventFlags
                0x0000000080006b3e                IfxScuEru_clearEventFlag
                0x0000000080006b54                IfxScuEru_clearInputChannelConfiguration
                0x0000000080006b7c                IfxScuEru_clearOutputChannelConfiguration
                0x0000000080006ba4                IfxScuEru_connectTrigger
                0x0000000080006bda                IfxScuEru_disableAutoClear
                0x0000000080006c00                IfxScuEru_disableFallingEdgeDetection
                0x0000000080006c26                IfxScuEru_disablePatternDetectionTrigger
                0x0000000080006c4c                IfxScuEru_disableRisingEdgeDetection
                0x0000000080006c72                IfxScuEru_disableTriggerPulse
                0x0000000080006c98                IfxScuEru_enableAutoClear
                0x0000000080006cbe                IfxScuEru_enableFallingEdgeDetection
                0x0000000080006ce4                IfxScuEru_enablePatternDetectionTrigger
                0x0000000080006d0a                IfxScuEru_enableRisingEdgeDetection
                0x0000000080006d30                IfxScuEru_enableTriggerPulse
                0x0000000080006d56                IfxScuEru_getAllEventFlagsStatus
                0x0000000080006d64                IfxScuEru_getEventFlagStatus
                0x0000000080006d76                IfxScuEru_getInputChannelConfiguration
                0x0000000080006d9a                IfxScuEru_getOutputChannelConfiguration
                0x0000000080006dbe                IfxScuEru_getPatternDetectionResult
                0x0000000080006dd0                IfxScuEru_getWholePatternDetectionResult
                0x0000000080006dde                IfxScuEru_selectExternalInput
                0x0000000080006e12                IfxScuEru_setEventFlag
                0x0000000080006e24                IfxScuEru_setFlagPatternDetection
                0x0000000080006e50                IfxScuEru_setInterruptGatingPattern
 .text          0x0000000080006e82      0x53a obj/illd/src/IfxScuWdt.c.o
                0x0000000080006e82                IfxScuWdt_changeCpuWatchdogPassword
                0x0000000080006eba                IfxScuWdt_changeCpuWatchdogReload
                0x0000000080006ef2                IfxScuWdt_changeSafetyWatchdogPassword
                0x0000000080006f26                IfxScuWdt_changeSafetyWatchdogReload
                0x0000000080006f5a                IfxScuWdt_clearCpuEndinit
                0x0000000080006f90                IfxScuWdt_clearSafetyEndinit
                0x0000000080006fc2                IfxScuWdt_disableCpuWatchdog
                0x000000008000701c                IfxScuWdt_disableSafetyWatchdog
                0x000000008000708c                IfxScuWdt_enableCpuWatchdog
                0x00000000800070e8                IfxScuWdt_enableSafetyWatchdog
                0x000000008000715a                IfxScuWdt_getCpuWatchdogPassword
                0x000000008000717a                IfxScuWdt_getCpuWatchdogEndInit
                0x0000000080007196                IfxScuWdt_getSafetyWatchdogPassword
                0x00000000800071aa                IfxScuWdt_initConfig
                0x00000000800071c4                IfxScuWdt_setCpuEndinit
                0x00000000800071fa                IfxScuWdt_initCpuWatchdog
                0x0000000080007298                IfxScuWdt_serviceCpuWatchdog
                0x000000008000729c                IfxScuWdt_setSafetyEndinit
                0x00000000800072ce                IfxScuWdt_initSafetyWatchdog
                0x0000000080007378                IfxScuWdt_serviceSafetyWatchdog
                0x000000008000737c                IfxScuWdt_enableWatchdogWithDebugger
 .text          0x00000000800073bc      0xb70 obj/illd/src/IfxVadc_Adc.c.o
                0x00000000800073bc                IfxVadc_Adc_deInitGroup
                0x00000000800073e2                IfxVadc_Adc_disableModule
                0x00000000800073fe                IfxVadc_Adc_getChannelConfig
                0x0000000080007506                IfxVadc_Adc_getChannelConversionTime
                0x000000008000753e                IfxVadc_Adc_getGroupConfig
                0x000000008000777c                IfxVadc_Adc_initChannel
                0x0000000080007968                IfxVadc_Adc_initChannelConfig
                0x000000008000797e                IfxVadc_Adc_initGroup
                0x0000000080007d08                IfxVadc_Adc_initGroupConfig
                0x0000000080007d36                IfxVadc_Adc_initModule
                0x0000000080007e1e                IfxVadc_Adc_initModuleConfig
                0x0000000080007e58                IfxVadc_Adc_initExternalMultiplexerModeConfig
                0x0000000080007e9a                IfxVadc_Adc_initExternalMultiplexerMode
 .text          0x0000000080007f2c      0x1be obj/illd/src/Ifx_CircularBuffer.c.o
                0x0000000080007f2c                Ifx_CircularBuffer_get32
                0x0000000080007f4c                Ifx_CircularBuffer_get16
                0x0000000080007f6e                Ifx_CircularBuffer_addDataIncr
                0x0000000080007f8e                Ifx_CircularBuffer_read8
                0x0000000080007fec                Ifx_CircularBuffer_read32
                0x000000008000803c                Ifx_CircularBuffer_write8
                0x000000008000809a                Ifx_CircularBuffer_write32
 .text          0x00000000800080ea      0x55c obj/illd/src/Ifx_Fifo.c.o
                0x00000000800080ea                Ifx_Fifo_destroy
                0x00000000800080ee                Ifx_Fifo_init
                0x0000000080008128                Ifx_Fifo_create
                0x000000008000814a                Ifx_Fifo_canReadCount
                0x0000000080008224                Ifx_Fifo_read
                0x000000008000839a                Ifx_Fifo_clear
                0x00000000800083d0                Ifx_Fifo_canWriteCount
                0x00000000800084c0                Ifx_Fifo_write
 *fill*         0x0000000080008646        0x2 00
 .text          0x0000000080008648      0x440 obj/shiparker_App.c.o
                0x0000000080008648                startShiParkerApp
                0x00000000800086b8                makePacket
                0x00000000800087c6                FuncPacketSendTask
                0x00000000800087da                updateStatus
                0x000000008000893c                handleError
                0x000000008000897c                FuncShiParkerAppTask
 .text          0x0000000080008a88      0x568 obj/uart_Driver.c.o
                0x0000000080008a88                initUartDriver
                0x0000000080008b0a                myprintfSerial
                0x0000000080008b78                asclin0TxISR
                0x0000000080008b84                calculateChecksum
                0x0000000080008b98                serializePacket
                0x0000000080008bb6                sendPacket
                0x0000000080008da6                deserializePacket
                0x0000000080008db2                readPacket
                0x0000000080008fc8                asclin0RxISR
 .text          0x0000000080008ff0      0x1e4 obj/ultrasonic_Driver.c.o
                0x0000000080008ff0                initUltrasonic
                0x0000000080009044                sendTrigger
                0x00000000800090aa                measureEchoTick
                0x0000000080009178                calculateDistanceCm
                0x00000000800091b6                getUltrasonic
 .text          0x00000000800091d4      0x46c C:\SHIPAR~1\TC275\erika\lib\libee.a(ee_tc_cstart.c.o)
                0x00000000800091d4                osEE_tc_core0_start
 .text          0x0000000080009640      0x4d0 C:\SHIPAR~1\TC275\erika\lib\libee.a(ee_tc_system.c.o)
                0x0000000080009694                osEE_tc_set_pll_fsource
                0x00000000800098c2                osEE_tc_get_fsource
                0x0000000080009966                osEE_tc_stm_set_clockpersec
                0x000000008000999a                osEE_tc_stm_set_sr0
                0x0000000080009a1e                osEE_tc_stm_set_sr0_next_match
                0x0000000080009a3c                osEE_tc_stm_set_sr1
                0x0000000080009aca                osEE_tc_stm_set_sr1_next_match
                0x0000000080009ae8                osEE_tc_delay
 .text          0x0000000080009b10        0xe C:\SHIPAR~1\TC275\erika\lib\libee.a(ee_tc_intvec.c.o)
 *fill*         0x0000000080009b1e        0x2 00
 .text          0x0000000080009b20      0xbb8 C:\SHIPAR~1\TC275\erika\lib\libee.a(ee_oo_api_osek.c.o)
                0x0000000080009b3e                DisableAllInterrupts
                0x0000000080009b54                EnableAllInterrupts
                0x0000000080009b70                SuspendAllInterrupts
                0x0000000080009bb2                ResumeAllInterrupts
                0x0000000080009bd8                SuspendOSInterrupts
                0x0000000080009c34                ResumeOSInterrupts
                0x0000000080009c70                StartOS
                0x0000000080009d1c                GetActiveApplicationMode
                0x0000000080009d36                ActivateTask
                0x0000000080009dba                ChainTask
                0x0000000080009e90                TerminateTask
                0x0000000080009eea                Schedule
                0x0000000080009f5e                GetResource
                0x000000008000a010                ReleaseResource
                0x000000008000a0fc                ShutdownOS
                0x000000008000a160                GetTaskID
                0x000000008000a1b8                GetTaskState
                0x000000008000a230                SetRelAlarm
                0x000000008000a29e                SetAbsAlarm
                0x000000008000a30c                CancelAlarm
                0x000000008000a372                GetAlarm
                0x000000008000a3e4                GetAlarmBase
                0x000000008000a41a                WaitEvent
                0x000000008000a494                SetEvent
                0x000000008000a52a                GetEvent
                0x000000008000a55c                ClearEvent
                0x000000008000a5b4                GetCounterValue
                0x000000008000a5e6                GetElapsedValue
                0x000000008000a638                IncrementCounter
                0x000000008000a6be                GetISRID
 .text          0x000000008000a6d8       0xf8 C:\SHIPAR~1\TC275\erika\lib\libee.a(ee_oo_sched_entry_points.c.o)
                0x000000008000a6fa                osEE_scheduler_task_wrapper_restore
                0x000000008000a704                osEE_scheduler_task_wrapper_run
                0x000000008000a7ae                osEE_idle_hook_wrapper
 .text          0x000000008000a7d0       0xec C:\SHIPAR~1\TC275\erika\lib\libee.a(ee_oo_scheduler.c.o)
                0x000000008000a7d0                osEE_scheduler_core_rq_preempt_stk
                0x000000008000a840                osEE_sn_priority_insert
                0x000000008000a888                osEE_scheduler_rq_insert
                0x000000008000a896                osEE_scheduler_core_pop_running
 .text          0x000000008000a8bc       0x7a C:\SHIPAR~1\TC275\erika\lib\libee.a(ee_oo_kernel.c.o)
                0x000000008000a8bc                osEE_task_activated
                0x000000008000a8d4                osEE_task_end
                0x000000008000a8f2                osEE_task_event_set_mask
                0x000000008000a914                osEE_activate_isr2
 .text          0x000000008000a936      0x1c0 C:\SHIPAR~1\TC275\erika\lib\libee.a(ee_oo_sched_partitioned.c.o)
                0x000000008000a936                osEE_scheduler_task_activated
                0x000000008000a99e                osEE_scheduler_task_insert
                0x000000008000a9cc                osEE_scheduler_task_unblocked
                0x000000008000aa08                osEE_scheduler_task_terminated
                0x000000008000aa92                osEE_scheduler_task_preemption_point
                0x000000008000aab8                osEE_scheduler_task_set_running
 *fill*         0x000000008000aaf6        0x2 00
 .text          0x000000008000aaf8      0x1b4 C:\SHIPAR~1\TC275\erika\lib\libee.a(ee_oo_counter.c.o)
                0x000000008000aaf8                osEE_counter_insert_abs_trigger
                0x000000008000ab5a                osEE_counter_insert_rel_trigger
                0x000000008000ab7c                osEE_counter_cancel_trigger
                0x000000008000abac                osEE_counter_increment
 .text          0x000000008000acac       0xca C:\SHIPAR~1\TC275\erika\lib\libee.a(ee_oo_alarm.c.o)
                0x000000008000acac                osEE_alarm_set_rel
                0x000000008000acf0                osEE_alarm_set_abs
                0x000000008000ad18                osEE_alarm_cancel
                0x000000008000ad44                osEE_alarm_get
 .text          0x000000008000ad76       0x6e C:\SHIPAR~1\TC275\erika\lib\libee.a(ee_std_change_context.c.o)
                0x000000008000ad76                osEE_change_context_from_running
                0x000000008000ad9e                osEE_change_context_from_task_end
                0x000000008000adbe                osEE_idle_task_terminate
 .text          0x000000008000ade4       0x6a C:\SHIPAR~1\TC275\erika\lib\libee.a(ee_tc_hal.c.o)
                0x000000008000ade4                osEE_cpu_startos
 .text          0x000000008000ae4e      0x134 C:\SHIPAR~1\TC275\erika\lib\libee.a(ee_tc_ctx.c.o)
                0x000000008000ae70                osEE_hal_save_ctx_and_restore_ctx
                0x000000008000ae94                osEE_hal_restore_ctx
                0x000000008000aeae                osEE_hal_save_ctx_and_ready2stacked
                0x000000008000aed2                osEE_hal_ready2stacked
                0x000000008000aefe                osEE_tc_change_context_from_isr2_end
                0x000000008000af1c                osEE_hal_terminate_ctx
 *(.text.*)
 .text.libgcc   0x000000008000af82       0x26 c:/hightec/toolchains/tricore/v4.9.3.0-infineon-1.0/bin/../lib/gcc/tricore/4.9.4/tc161\libgcc.a(_lshrdi3.o)
                0x000000008000af82                __lshrdi3
 .text.__extendsfdf2
                0x000000008000afa8       0x32 c:/hightec/toolchains/tricore/v4.9.3.0-infineon-1.0/bin/../lib/gcc/tricore/4.9.4/tc161\libgcc.a(_sf_to_df.o)
                0x000000008000afa8                __extendsfdf2
 .text._fpadd_parts
                0x000000008000afda      0x19c c:/hightec/toolchains/tricore/v4.9.3.0-infineon-1.0/bin/../lib/gcc/tricore/4.9.4/tc161\libgcc.a(_addsub_df.o)
 .text.__adddf3
                0x000000008000b176       0x38 c:/hightec/toolchains/tricore/v4.9.3.0-infineon-1.0/bin/../lib/gcc/tricore/4.9.4/tc161\libgcc.a(_addsub_df.o)
                0x000000008000b176                __adddf3
 .text.__subdf3
                0x000000008000b1ae       0x40 c:/hightec/toolchains/tricore/v4.9.3.0-infineon-1.0/bin/../lib/gcc/tricore/4.9.4/tc161\libgcc.a(_addsub_df.o)
                0x000000008000b1ae                __subdf3
 .text.__muldf3
                0x000000008000b1ee      0x1a4 c:/hightec/toolchains/tricore/v4.9.3.0-infineon-1.0/bin/../lib/gcc/tricore/4.9.4/tc161\libgcc.a(_mul_df.o)
                0x000000008000b1ee                __muldf3
 .text.__divdf3
                0x000000008000b392      0x118 c:/hightec/toolchains/tricore/v4.9.3.0-infineon-1.0/bin/../lib/gcc/tricore/4.9.4/tc161\libgcc.a(_div_df.o)
                0x000000008000b392                __divdf3
 .text.__gtdf2  0x000000008000b4aa       0x40 c:/hightec/toolchains/tricore/v4.9.3.0-infineon-1.0/bin/../lib/gcc/tricore/4.9.4/tc161\libgcc.a(_gt_df.o)
                0x000000008000b4aa                __gtdf2
 .text.__floatsidf
                0x000000008000b4ea       0x48 c:/hightec/toolchains/tricore/v4.9.3.0-infineon-1.0/bin/../lib/gcc/tricore/4.9.4/tc161\libgcc.a(_si_to_df.o)
                0x000000008000b4ea                __floatsidf
 .text.__fixdfsi
                0x000000008000b532       0x4e c:/hightec/toolchains/tricore/v4.9.3.0-infineon-1.0/bin/../lib/gcc/tricore/4.9.4/tc161\libgcc.a(_df_to_si.o)
                0x000000008000b532                __fixdfsi
 .text.__make_dp
                0x000000008000b580       0x1e c:/hightec/toolchains/tricore/v4.9.3.0-infineon-1.0/bin/../lib/gcc/tricore/4.9.4/tc161\libgcc.a(_make_df.o)
                0x000000008000b580                __make_dp
 .text.__truncdfsf2
                0x000000008000b59e       0x3c c:/hightec/toolchains/tricore/v4.9.3.0-infineon-1.0/bin/../lib/gcc/tricore/4.9.4/tc161\libgcc.a(_df_to_sf.o)
                0x000000008000b59e                __truncdfsf2
 .text.__floatunsidf
                0x000000008000b5da       0x32 c:/hightec/toolchains/tricore/v4.9.3.0-infineon-1.0/bin/../lib/gcc/tricore/4.9.4/tc161\libgcc.a(_usi_to_df.o)
                0x000000008000b5da                __floatunsidf
 .text.__udivdi3
                0x000000008000b60c       0xa0 c:/hightec/toolchains/tricore/v4.9.3.0-infineon-1.0/bin/../lib/gcc/tricore/4.9.4/tc161\libgcc.a(udivdi3.o)
                0x000000008000b60c                __udivdi3
 .text.libgcc   0x000000008000b6ac       0x1a c:/hightec/toolchains/tricore/v4.9.3.0-infineon-1.0/bin/../lib/gcc/tricore/4.9.4/tc161\libgcc.a(_ashldi3.o)
                0x000000008000b6ac                __ashldi3
 .text.__unpack_f
                0x000000008000b6c6       0x7a c:/hightec/toolchains/tricore/v4.9.3.0-infineon-1.0/bin/../lib/gcc/tricore/4.9.4/tc161\libgcc.a(_unpack_sf.o)
                0x000000008000b6c6                __unpack_f
 .text.__make_fp
                0x000000008000b740       0x16 c:/hightec/toolchains/tricore/v4.9.3.0-infineon-1.0/bin/../lib/gcc/tricore/4.9.4/tc161\libgcc.a(_make_sf.o)
                0x000000008000b740                __make_fp
 .text.__pack_d
                0x000000008000b756      0x112 c:/hightec/toolchains/tricore/v4.9.3.0-infineon-1.0/bin/../lib/gcc/tricore/4.9.4/tc161\libgcc.a(_pack_df.o)
                0x000000008000b756                __pack_d
 .text.__unpack_d
                0x000000008000b868       0xac c:/hightec/toolchains/tricore/v4.9.3.0-infineon-1.0/bin/../lib/gcc/tricore/4.9.4/tc161\libgcc.a(_unpack_df.o)
                0x000000008000b868                __unpack_d
 .text.__fpcmp_parts_d
                0x000000008000b914       0xa6 c:/hightec/toolchains/tricore/v4.9.3.0-infineon-1.0/bin/../lib/gcc/tricore/4.9.4/tc161\libgcc.a(_fpcmp_parts_df.o)
                0x000000008000b914                __fpcmp_parts_d
 .text.__udiv6432
                0x000000008000b9ba       0x9c c:/hightec/toolchains/tricore/v4.9.3.0-infineon-1.0/bin/../lib/gcc/tricore/4.9.4/tc161\libgcc.a(udiv6432.o)
                0x000000008000b9ba                __udiv6432
 .text.__pack_f
                0x000000008000ba56       0xc6 c:/hightec/toolchains/tricore/v4.9.3.0-infineon-1.0/bin/../lib/gcc/tricore/4.9.4/tc161\libgcc.a(_pack_sf.o)
                0x000000008000ba56                __pack_f
 .text.malloc   0x000000008000bb1c        0xc c:/hightec/toolchains/tricore/v4.9.3.0-infineon-1.0/bin/../lib/gcc/tricore/4.9.4/../../../../tricore/lib/tc161\libc.a(lib_a-malloc.o)
                0x000000008000bb1c                malloc
 .text.free     0x000000008000bb28        0xe c:/hightec/toolchains/tricore/v4.9.3.0-infineon-1.0/bin/../lib/gcc/tricore/4.9.4/../../../../tricore/lib/tc161\libc.a(lib_a-malloc.o)
                0x000000008000bb28                free
 .text._malloc_r
                0x000000008000bb36      0x49a c:/hightec/toolchains/tricore/v4.9.3.0-infineon-1.0/bin/../lib/gcc/tricore/4.9.4/../../../../tricore/lib/tc161\libc.a(lib_a-mallocr.o)
                0x000000008000bb36                _malloc_r
 .text.__malloc_lock
                0x000000008000bfd0        0x2 c:/hightec/toolchains/tricore/v4.9.3.0-infineon-1.0/bin/../lib/gcc/tricore/4.9.4/../../../../tricore/lib/tc161\libc.a(lib_a-mlock.o)
                0x000000008000bfd0                __malloc_lock
 .text.__malloc_unlock
                0x000000008000bfd2        0x2 c:/hightec/toolchains/tricore/v4.9.3.0-infineon-1.0/bin/../lib/gcc/tricore/4.9.4/../../../../tricore/lib/tc161\libc.a(lib_a-mlock.o)
                0x000000008000bfd2                __malloc_unlock
 .text._sbrk_r  0x000000008000bfd4       0x1e c:/hightec/toolchains/tricore/v4.9.3.0-infineon-1.0/bin/../lib/gcc/tricore/4.9.4/../../../../tricore/lib/tc161\libc.a(lib_a-sbrkr.o)
                0x000000008000bfd4                _sbrk_r
 .text.strlen   0x000000008000bff2       0x14 c:/hightec/toolchains/tricore/v4.9.3.0-infineon-1.0/bin/../lib/gcc/tricore/4.9.4/../../../../tricore/lib/tc161\libc.a(lib_a-strlen.o)
                0x000000008000bff2                strlen
 .text._vsnprintf_r
                0x000000008000c006       0x4a c:/hightec/toolchains/tricore/v4.9.3.0-infineon-1.0/bin/../lib/gcc/tricore/4.9.4/../../../../tricore/lib/tc161\libc.a(lib_a-vsnprintf.o)
                0x000000008000c006                _vsnprintf_r
 .text.vsnprintf
                0x000000008000c050       0x16 c:/hightec/toolchains/tricore/v4.9.3.0-infineon-1.0/bin/../lib/gcc/tricore/4.9.4/../../../../tricore/lib/tc161\libc.a(lib_a-vsnprintf.o)
                0x000000008000c050                vsnprintf
 .text._malloc_trim_r
                0x000000008000c066       0xba c:/hightec/toolchains/tricore/v4.9.3.0-infineon-1.0/bin/../lib/gcc/tricore/4.9.4/../../../../tricore/lib/tc161\libc.a(lib_a-freer.o)
                0x000000008000c066                _malloc_trim_r
 .text._free_r  0x000000008000c120      0x1ac c:/hightec/toolchains/tricore/v4.9.3.0-infineon-1.0/bin/../lib/gcc/tricore/4.9.4/../../../../tricore/lib/tc161\libc.a(lib_a-freer.o)
                0x000000008000c120                _free_r
 .text._svfprintf_r
                0x000000008000c2cc     0x11a4 c:/hightec/toolchains/tricore/v4.9.3.0-infineon-1.0/bin/../lib/gcc/tricore/4.9.4/../../../../tricore/lib/tc161\libc.a(lib_a-svfprintf.o)
                0x000000008000c2cc                _svfprintf_r
 .text.quorem   0x000000008000d470      0x11a c:/hightec/toolchains/tricore/v4.9.3.0-infineon-1.0/bin/../lib/gcc/tricore/4.9.4/../../../../tricore/lib/tc161\libc.a(lib_a-dtoa.o)
 *fill*         0x000000008000d58a        0x2 00
 .text._dtoa_r  0x000000008000d58c      0xcd4 c:/hightec/toolchains/tricore/v4.9.3.0-infineon-1.0/bin/../lib/gcc/tricore/4.9.4/../../../../tricore/lib/tc161\libc.a(lib_a-dtoa.o)
                0x000000008000d58c                _dtoa_r
 .text._localeconv_r
                0x000000008000e260        0xa c:/hightec/toolchains/tricore/v4.9.3.0-infineon-1.0/bin/../lib/gcc/tricore/4.9.4/../../../../tricore/lib/tc161\libc.a(lib_a-locale.o)
                0x000000008000e260                _localeconv_r
 .text.memchr   0x000000008000e26a       0x18 c:/hightec/toolchains/tricore/v4.9.3.0-infineon-1.0/bin/../lib/gcc/tricore/4.9.4/../../../../tricore/lib/tc161\libc.a(lib_a-memchr.o)
                0x000000008000e26a                memchr
 .text.memcpy   0x000000008000e282       0x1c c:/hightec/toolchains/tricore/v4.9.3.0-infineon-1.0/bin/../lib/gcc/tricore/4.9.4/../../../../tricore/lib/tc161\libc.a(lib_a-memcpy.o)
                0x000000008000e282                memcpy
 .text._Balloc  0x000000008000e29e       0x56 c:/hightec/toolchains/tricore/v4.9.3.0-infineon-1.0/bin/../lib/gcc/tricore/4.9.4/../../../../tricore/lib/tc161\libc.a(lib_a-mprec.o)
                0x000000008000e29e                _Balloc
 .text._Bfree   0x000000008000e2f4       0x12 c:/hightec/toolchains/tricore/v4.9.3.0-infineon-1.0/bin/../lib/gcc/tricore/4.9.4/../../../../tricore/lib/tc161\libc.a(lib_a-mprec.o)
                0x000000008000e2f4                _Bfree
 .text.__multadd
                0x000000008000e306       0x82 c:/hightec/toolchains/tricore/v4.9.3.0-infineon-1.0/bin/../lib/gcc/tricore/4.9.4/../../../../tricore/lib/tc161\libc.a(lib_a-mprec.o)
                0x000000008000e306                __multadd
 .text.__hi0bits
                0x000000008000e388       0x42 c:/hightec/toolchains/tricore/v4.9.3.0-infineon-1.0/bin/../lib/gcc/tricore/4.9.4/../../../../tricore/lib/tc161\libc.a(lib_a-mprec.o)
                0x000000008000e388                __hi0bits
 .text.__lo0bits
                0x000000008000e3ca       0x66 c:/hightec/toolchains/tricore/v4.9.3.0-infineon-1.0/bin/../lib/gcc/tricore/4.9.4/../../../../tricore/lib/tc161\libc.a(lib_a-mprec.o)
                0x000000008000e3ca                __lo0bits
 .text.__i2b    0x000000008000e430       0x10 c:/hightec/toolchains/tricore/v4.9.3.0-infineon-1.0/bin/../lib/gcc/tricore/4.9.4/../../../../tricore/lib/tc161\libc.a(lib_a-mprec.o)
                0x000000008000e430                __i2b
 .text.__multiply
                0x000000008000e440      0x11a c:/hightec/toolchains/tricore/v4.9.3.0-infineon-1.0/bin/../lib/gcc/tricore/4.9.4/../../../../tricore/lib/tc161\libc.a(lib_a-mprec.o)
                0x000000008000e440                __multiply
 .text.__pow5mult
                0x000000008000e55a       0x7c c:/hightec/toolchains/tricore/v4.9.3.0-infineon-1.0/bin/../lib/gcc/tricore/4.9.4/../../../../tricore/lib/tc161\libc.a(lib_a-mprec.o)
                0x000000008000e55a                __pow5mult
 .text.__lshift
                0x000000008000e5d6       0xba c:/hightec/toolchains/tricore/v4.9.3.0-infineon-1.0/bin/../lib/gcc/tricore/4.9.4/../../../../tricore/lib/tc161\libc.a(lib_a-mprec.o)
                0x000000008000e5d6                __lshift
 .text.__mcmp   0x000000008000e690       0x42 c:/hightec/toolchains/tricore/v4.9.3.0-infineon-1.0/bin/../lib/gcc/tricore/4.9.4/../../../../tricore/lib/tc161\libc.a(lib_a-mprec.o)
                0x000000008000e690                __mcmp
 .text.__mdiff  0x000000008000e6d2       0xca c:/hightec/toolchains/tricore/v4.9.3.0-infineon-1.0/bin/../lib/gcc/tricore/4.9.4/../../../../tricore/lib/tc161\libc.a(lib_a-mprec.o)
                0x000000008000e6d2                __mdiff
 .text.__d2b    0x000000008000e79c       0xa8 c:/hightec/toolchains/tricore/v4.9.3.0-infineon-1.0/bin/../lib/gcc/tricore/4.9.4/../../../../tricore/lib/tc161\libc.a(lib_a-mprec.o)
                0x000000008000e79c                __d2b
 .text.__fpclassifyd
                0x000000008000e844       0x42 c:/hightec/toolchains/tricore/v4.9.3.0-infineon-1.0/bin/../lib/gcc/tricore/4.9.4/../../../../tricore/lib/tc161\libc.a(lib_a-s_fpclassify.o)
                0x000000008000e844                __fpclassifyd
 .text.__ssprint_r
                0x000000008000e886       0xf0 c:/hightec/toolchains/tricore/v4.9.3.0-infineon-1.0/bin/../lib/gcc/tricore/4.9.4/../../../../tricore/lib/tc161\libc.a(lib_a-svfiprintf.o)
                0x000000008000e886                __ssprint_r
 .text._calloc_r
                0x000000008000e976       0x62 c:/hightec/toolchains/tricore/v4.9.3.0-infineon-1.0/bin/../lib/gcc/tricore/4.9.4/../../../../tricore/lib/tc161\libc.a(lib_a-callocr.o)
                0x000000008000e976                _calloc_r
 .text.memmove  0x000000008000e9d8       0x50 c:/hightec/toolchains/tricore/v4.9.3.0-infineon-1.0/bin/../lib/gcc/tricore/4.9.4/../../../../tricore/lib/tc161\libc.a(lib_a-memmove.o)
                0x000000008000e9d8                memmove
 .text.memset   0x000000008000ea28       0x10 c:/hightec/toolchains/tricore/v4.9.3.0-infineon-1.0/bin/../lib/gcc/tricore/4.9.4/../../../../tricore/lib/tc161\libc.a(lib_a-memset.o)
                0x000000008000ea28                memset
 .text._realloc_r
                0x000000008000ea38      0x3f0 c:/hightec/toolchains/tricore/v4.9.3.0-infineon-1.0/bin/../lib/gcc/tricore/4.9.4/../../../../tricore/lib/tc161\libc.a(lib_a-reallocr.o)
                0x000000008000ea38                _realloc_r
 .text._exit    0x000000008000ee28       0x10 c:/hightec/toolchains/tricore/v4.9.3.0-infineon-1.0/bin/../lib/gcc/tricore/4.9.4/../../../../tricore/lib/tc161\libos.a(libos_exit.o)
                0x000000008000ee28                _exit
 .text.sbrk     0x000000008000ee38       0x3c c:/hightec/toolchains/tricore/v4.9.3.0-infineon-1.0/bin/../lib/gcc/tricore/4.9.4/../../../../tricore/lib/tc161\libos.a(libos_sbrk.o)
                0x000000008000ee38                sbrk
 .text.__errno  0x000000008000ee74        0xa c:/hightec/toolchains/tricore/v4.9.3.0-infineon-1.0/bin/../lib/gcc/tricore/4.9.4/../../../../tricore/lib/tc161\libos.a(libos.o)
                0x000000008000ee74                __errno
 .text.abort    0x000000008000ee7e       0x12 c:/hightec/toolchains/tricore/v4.9.3.0-infineon-1.0/bin/../lib/gcc/tricore/4.9.4/../../../../tricore/lib/tc161\libos.a(libos_abort.o)
                0x000000008000ee7e                abort
 .text.__eqdf2  0x000000008000ee90       0x40 c:/hightec/toolchains/tricore/v4.9.3.0-infineon-1.0/bin/../lib/gcc/tricore/4.9.4/tc161\libgcc.a(_eq_df.o)
                0x000000008000ee90                __eqdf2
 .text.__nedf2  0x000000008000eed0       0x40 c:/hightec/toolchains/tricore/v4.9.3.0-infineon-1.0/bin/../lib/gcc/tricore/4.9.4/tc161\libgcc.a(_ne_df.o)
                0x000000008000eed0                __nedf2
 .text.__gedf2  0x000000008000ef10       0x40 c:/hightec/toolchains/tricore/v4.9.3.0-infineon-1.0/bin/../lib/gcc/tricore/4.9.4/tc161\libgcc.a(_ge_df.o)
                0x000000008000ef10                __gedf2
 .text.__ltdf2  0x000000008000ef50       0x40 c:/hightec/toolchains/tricore/v4.9.3.0-infineon-1.0/bin/../lib/gcc/tricore/4.9.4/tc161\libgcc.a(_lt_df.o)
                0x000000008000ef50                __ltdf2
 .text.__umoddi3
                0x000000008000ef90       0x26 c:/hightec/toolchains/tricore/v4.9.3.0-infineon-1.0/bin/../lib/gcc/tricore/4.9.4/tc161\libgcc.a(umoddi3.o)
                0x000000008000ef90                __umoddi3
 *(.gnu.linkonce.t.*)
 *(.gnu.warning)
                0x000000008000efb8                . = ALIGN (0x8)
 *fill*         0x000000008000efb6        0x2 00

.sdata3         memory region -> PMU_PFLASH
                0x000000008000efb8        0x0
 *(.rodata_a8)
 *(.rodata_a8.*)
                0x0000000080008000                _SMALL_DATA3_ = SIZEOF (.sdata3)?(ADDR (.sdata3) + 0x8000):((ADDR (.sdata3) & 0xf0000000) + 0x8000)
                0x0000000080008000                __A8_MEM = _SMALL_DATA3_

.inttab_cpu1    memory region -> PMU_PFLASH
                0x0000000080010000        0x0
                0x0000000080010000                PROVIDE (__INTTAB1, .)
 *(.inttab_cpu1)
 *(.*.inttab_cpu1)
                0x0000000080010000                . = ALIGN (0x8)

.inttab_cpu2    memory region -> PMU_PFLASH
                0x0000000080010000        0x0
                0x0000000080010000                PROVIDE (__INTTAB2, .)
 *(.inttab_cpu2)
 *(.*.inttab_cpu2)
                0x0000000080010000                . = ALIGN (0x8)

.zdata          memory region -> DMI_DSPR0
                0x0000000070000000        0x0 load address 0x000000008000efb8
 *(.zdata)
 *(.zdata.*)
 *(.gnu.linkonce.z.*)

.zbss           memory region -> DMI_DSPR0
                0x0000000070000000        0x0 load address 0x000000008000efb8
 *(.zbss)
 *(.zbss.*)
 *(.bbss)
 *(.bbss.*)
 *(.gnu.linkonce.zb.*)

.sdata          memory region -> DMI_DSPR0
                0x0000000070000000        0x0 load address 0x000000008000efb8
 *(.sdata)
 *(.sdata.*)
                0x0000000070008000                _SMALL_DATA_ = SIZEOF (.sdata)?(ADDR (.sdata) + 0x8000):((ADDR (.sdata) & 0xf0000000) + 0x8000)
                0x0000000070008000                __A0_MEM = _SMALL_DATA_

.sbss           memory region -> DMI_DSPR0
                0x0000000070000000        0x0 load address 0x000000008000efb8
 *(.sbss)
 *(.sbss.*)

.data           memory region -> DMI_DSPR0
                0x0000000070000000      0x9b0 load address 0x000000008000efb8
 *(.data)
 .data          0x0000000070000000       0x28 obj/asw.c.o
                0x0000000070000004                testSendPacket
 .data          0x0000000070000028        0x8 obj/bsw.c.o
                0x0000000070000028                g_vadcChannelIDs
 .data          0x0000000070000030       0xf8 obj/ee_applcfg.c.o
                0x0000000070000030                osEE_ccb_var
 .data          0x0000000070000128        0x8 obj/illd/src/IfxScuCcu.c.o
 .data          0x0000000070000130       0x40 obj/ultrasonic_Driver.c.o
                0x0000000070000130                g_Ultrasonic_R
                0x000000007000013a                g_Ultrasonic_SR
                0x0000000070000144                g_Ultrasonic_SL
                0x000000007000014e                g_Ultrasonic_FR
                0x0000000070000158                g_Ultrasonic_F
                0x0000000070000162                g_Ultrasonic_FL
 .data          0x0000000070000170      0x410 c:/hightec/toolchains/tricore/v4.9.3.0-infineon-1.0/bin/../lib/gcc/tricore/4.9.4/../../../../tricore/lib/tc161\libc.a(lib_a-mallocr.o)
                0x0000000070000170                __malloc_sbrk_base
                0x0000000070000174                __malloc_trim_threshold
                0x0000000070000178                __malloc_av_
 .data          0x0000000070000580      0x428 c:/hightec/toolchains/tricore/v4.9.3.0-infineon-1.0/bin/../lib/gcc/tricore/4.9.4/../../../../tricore/lib/tc161\libc.a(lib_a-impure.o)