Archive member included because of file (symbol)

C:\Users\USER\Desktop\AUTODR~1\TC275\erika\lib\libee.a(ee_tc_cstart.c.o)
                              (__TRICORE_DERIVATE_NAME__)
C:\Users\USER\Desktop\AUTODR~1\TC275\erika\lib\libee.a(ee_tc_system.c.o)
                              C:\Users\USER\Desktop\AUTODR~1\TC275\erika\lib\libee.a(ee_tc_cstart.c.o) (osEE_tc_set_pll_fsource)
C:\Users\USER\Desktop\AUTODR~1\TC275\erika\lib\libee.a(ee_tc_trapvec.c.o)
                              C:\Users\USER\Desktop\AUTODR~1\TC275\erika\lib\libee.a(ee_tc_cstart.c.o) (__TRAPTAB)
C:\Users\USER\Desktop\AUTODR~1\TC275\erika\lib\libee.a(ee_tc_intvec.c.o)
                              C:\Users\USER\Desktop\AUTODR~1\TC275\erika\lib\libee.a(ee_tc_cstart.c.o) (__INTTAB0)
C:\Users\USER\Desktop\AUTODR~1\TC275\erika\lib\libee.a(ee_oo_api_osek.c.o)
                              obj/bsw.c.o (DisableAllInterrupts)
C:\Users\USER\Desktop\AUTODR~1\TC275\erika\lib\libee.a(ee_oo_sched_entry_points.c.o)
                              obj/ee_applcfg.c.o (osEE_idle_hook_wrapper)
C:\Users\USER\Desktop\AUTODR~1\TC275\erika\lib\libee.a(ee_oo_scheduler.c.o)
                              C:\Users\USER\Desktop\AUTODR~1\TC275\erika\lib\libee.a(ee_oo_api_osek.c.o) (osEE_scheduler_core_pop_running)
C:\Users\USER\Desktop\AUTODR~1\TC275\erika\lib\libee.a(ee_oo_kernel.c.o)
                              C:\Users\USER\Desktop\AUTODR~1\TC275\erika\lib\libee.a(ee_oo_api_osek.c.o) (osEE_task_activated)
C:\Users\USER\Desktop\AUTODR~1\TC275\erika\lib\libee.a(ee_oo_sched_partitioned.c.o)
                              C:\Users\USER\Desktop\AUTODR~1\TC275\erika\lib\libee.a(ee_oo_api_osek.c.o) (osEE_scheduler_task_activated)
C:\Users\USER\Desktop\AUTODR~1\TC275\erika\lib\libee.a(ee_oo_counter.c.o)
                              C:\Users\USER\Desktop\AUTODR~1\TC275\erika\lib\libee.a(ee_oo_api_osek.c.o) (osEE_counter_increment)
C:\Users\USER\Desktop\AUTODR~1\TC275\erika\lib\libee.a(ee_oo_alarm.c.o)
                              C:\Users\USER\Desktop\AUTODR~1\TC275\erika\lib\libee.a(ee_oo_api_osek.c.o) (osEE_alarm_set_rel)
C:\Users\USER\Desktop\AUTODR~1\TC275\erika\lib\libee.a(ee_std_change_context.c.o)
                              C:\Users\USER\Desktop\AUTODR~1\TC275\erika\lib\libee.a(ee_oo_api_osek.c.o) (osEE_change_context_from_running)
C:\Users\USER\Desktop\AUTODR~1\TC275\erika\lib\libee.a(ee_tc_hal.c.o)
                              C:\Users\USER\Desktop\AUTODR~1\TC275\erika\lib\libee.a(ee_oo_api_osek.c.o) (osEE_cpu_startos)
C:\Users\USER\Desktop\AUTODR~1\TC275\erika\lib\libee.a(ee_tc_ctx.c.o)
                              C:\Users\USER\Desktop\AUTODR~1\TC275\erika\lib\libee.a(ee_std_change_context.c.o) (osEE_hal_ready2stacked)
c:/hightec/toolchains/tricore/v4.9.3.0-infineon-1.0/bin/../lib/gcc/tricore/4.9.4/tc161\libgcc.a(_lshrdi3.o)
                              obj/illd/src/IfxStm.c.o (__lshrdi3)
c:/hightec/toolchains/tricore/v4.9.3.0-infineon-1.0/bin/../lib/gcc/tricore/4.9.4/tc161\libgcc.a(_fixunsdfsi.o)
                              obj/motor_driver.c.o (__fixunsdfsi)
c:/hightec/toolchains/tricore/v4.9.3.0-infineon-1.0/bin/../lib/gcc/tricore/4.9.4/tc161\libgcc.a(_floatundidf.o)
                              obj/steering_Pid.c.o (__floatundidf)
c:/hightec/toolchains/tricore/v4.9.3.0-infineon-1.0/bin/../lib/gcc/tricore/4.9.4/tc161\libgcc.a(_sf_to_df.o)
                              obj/illd/Libraries/iLLD/TC27D/Tricore/Gtm/Std/IfxGtm_Cmu.c.o (__extendsfdf2)
c:/hightec/toolchains/tricore/v4.9.3.0-infineon-1.0/bin/../lib/gcc/tricore/4.9.4/tc161\libgcc.a(_addsub_df.o)
                              obj/illd/Libraries/iLLD/TC27D/Tricore/Vadc/std/IfxVadc.c.o (__adddf3)
c:/hightec/toolchains/tricore/v4.9.3.0-infineon-1.0/bin/../lib/gcc/tricore/4.9.4/tc161\libgcc.a(_mul_df.o)
                              obj/bsw.c.o (__muldf3)
c:/hightec/toolchains/tricore/v4.9.3.0-infineon-1.0/bin/../lib/gcc/tricore/4.9.4/tc161\libgcc.a(_div_df.o)
                              obj/illd/Libraries/iLLD/TC27D/Tricore/Vadc/std/IfxVadc.c.o (__divdf3)
c:/hightec/toolchains/tricore/v4.9.3.0-infineon-1.0/bin/../lib/gcc/tricore/4.9.4/tc161\libgcc.a(_gt_df.o)
                              obj/motor_driver.c.o (__gtdf2)
c:/hightec/toolchains/tricore/v4.9.3.0-infineon-1.0/bin/../lib/gcc/tricore/4.9.4/tc161\libgcc.a(_ge_df.o)
                              obj/shiparker_App.c.o (__gedf2)
c:/hightec/toolchains/tricore/v4.9.3.0-infineon-1.0/bin/../lib/gcc/tricore/4.9.4/tc161\libgcc.a(_lt_df.o)
                              obj/illd/Libraries/iLLD/TC27D/Tricore/Gtm/Std/IfxGtm_Cmu.c.o (__ltdf2)
c:/hightec/toolchains/tricore/v4.9.3.0-infineon-1.0/bin/../lib/gcc/tricore/4.9.4/tc161\libgcc.a(_si_to_df.o)
                              obj/bsw.c.o (__floatsidf)
c:/hightec/toolchains/tricore/v4.9.3.0-infineon-1.0/bin/../lib/gcc/tricore/4.9.4/tc161\libgcc.a(_df_to_si.o)
                              obj/bsw.c.o (__fixdfsi)
[...]
Memory Configuration

Name             Origin             Length             Used               Free               Attributes
DMI_DSPR2_local  0x00000000d0000000 0x000000000001e000         0x0000000000000000         0x000000000001e000 w !xpc2
DMI_DSPR2        0x0000000050000000 0x000000000001e000         0x000000000001dc00         0x0000000000000400 w !xpc2
PMI_PSPR2        0x0000000050100000 0x0000000000006000         0x0000000000000000         0x0000000000006000 xw !pc2
DMI_DSPR1_local  0x00000000d0000000 0x000000000001e000         0x0000000000000000         0x000000000001e000 w !xpc1
DMI_DSPR1        0x0000000060000000 0x000000000001e000         0x000000000001dc00         0x0000000000000400 w !xpc1
PMI_PSPR1        0x0000000060100000 0x0000000000006000         0x0000000000000000         0x0000000000006000 xw !pc1
DMI_DSPR0_local  0x00000000d0000000 0x000000000001c000         0x0000000000000000         0x000000000001c000 w !xpc0
DMI_DSPR0        0x0000000070000000 0x000000000001c000         0x000000000001bc00         0x0000000000000400 w !xpc0
PMI_PSPR0        0x0000000070100000 0x0000000000006000         0x0000000000000000         0x0000000000006000 xw !pc0
PMI_PSRAM_local  0x00000000c0000000 0x0000000000006000         0x0000000000000000         0x0000000000006000 xw !p
PMU_PFLASH       0x0000000080000000 0x0000000000400000         0x00000000000173a0         0x00000000003e8c60 xr !p
PMU_PFLASH_nc    0x00000000a0000000 0x0000000000400000         0x0000000000000000         0x0000000000400000 xr !p
PMU_DFLASH0      0x00000000af000000 0x0000000000104000         0x0000000000000000         0x0000000000104000 r !xp
PMU_DFLASH1      0x00000000af110000 0x0000000000010000         0x0000000000000000         0x0000000000010000 r !xp
LMU_SRAM         0x0000000090000000 0x0000000000008000         0x0000000000000000         0x0000000000008000 w !xp
LMU_SRAM_nc      0x00000000b0000000 0x0000000000008000         0x0000000000000000         0x0000000000008000 w !xp
EDMEM            0x000000009f000000 0x0000000000100000         0x0000000000000000         0x0000000000100000 w !xp
EDMEM_nc         0x00000000bf000000 0x0000000000100000         0x0000000000000000         0x0000000000100000 w !xp
BROM             0x000000008fff8000 0x0000000000008000         0x0000000000000000         0x0000000000008000 xr !p
*default*        0x0000000000000000 0xffffffffffffffff         0x0000000000000000         0xffffffffffffffff

List of aliases

DMI_DSPR0       : GLOBAL_RAM

Memory region maps:

CORE     Local Region   Global Region
CPU0     0xd0000000     0x70000000
CPU1     0xd0000000     0x60000000
CPU2     0xd0000000     0x50000000


Linker script and memory map

LOAD obj/asw.c.o
LOAD obj/bsw.c.o
LOAD obj/ee_applcfg.c.o
LOAD obj/hall_Driver.c.o
LOAD obj/illd/Libraries/iLLD/TC27D/Tricore/Gtm/Std/IfxGtm.c.o
LOAD obj/illd/Libraries/iLLD/TC27D/Tricore/Gtm/Std/IfxGtm_Cmu.c.o
LOAD obj/illd/Libraries/iLLD/TC27D/Tricore/Gtm/Std/IfxGtm_Dpll.c.o
LOAD obj/illd/Libraries/iLLD/TC27D/Tricore/Gtm/Std/IfxGtm_Tom.c.o
LOAD obj/illd/Libraries/iLLD/TC27D/Tricore/Gtm/Tom/Pwm/IfxGtm_Tom_Pwm.c.o
LOAD obj/illd/Libraries/iLLD/TC27D/Tricore/Vadc/std/IfxVadc.c.o
LOAD obj/illd/Libraries/iLLD/TC27D/Tricore/_Impl/IfxVadc_cfg.c.o
LOAD obj/illd/Libraries/iLLD/TC27D/Tricore/_PinMap/IfxGtm_PinMap.c.o
LOAD obj/illd/Libraries/iLLD/TC27D/Tricore/_PinMap/IfxPort_PinMap.c.o
LOAD obj/illd/src/Bsp.c.o
LOAD obj/illd/src/CompilerGnuc.c.o
LOAD obj/illd/src/IfxAsclin.c.o
LOAD obj/illd/src/IfxAsclin_Asc.c.o
LOAD obj/illd/src/IfxAsclin_PinMap.c.o
LOAD obj/illd/src/IfxAsclin_cfg.c.o
LOAD obj/illd/src/IfxCpu.c.o
LOAD obj/illd/src/IfxCpu_Irq.c.o
LOAD obj/illd/src/IfxCpu_cfg.c.o
LOAD obj/illd/src/IfxPort.c.o
LOAD obj/illd/src/IfxPort_cfg.c.o
LOAD obj/illd/src/IfxScuCcu.c.o
LOAD obj/illd/src/IfxScuEru.c.o
LOAD obj/illd/src/IfxScuWdt.c.o
LOAD obj/illd/src/IfxScu_PinMap.c.o
LOAD obj/illd/src/IfxScu_cfg.c.o
LOAD obj/illd/src/IfxSrc.c.o
LOAD obj/illd/src/IfxSrc_cfg.c.o
LOAD obj/illd/src/IfxStdIf_DPipe.c.o
LOAD obj/illd/src/IfxStm.c.o
LOAD obj/illd/src/IfxStm_cfg.c.o
LOAD obj/illd/src/IfxVadc_Adc.c.o
LOAD obj/illd/src/Ifx_CircularBuffer.c.o
LOAD obj/illd/src/Ifx_Fifo.c.o
LOAD obj/motor_driver.c.o
LOAD obj/shiparker_App.c.o
LOAD obj/steering_Pid.c.o
LOAD obj/uart_Driver.c.o
LOAD obj/ultrasonic_Driver.c.o
START GROUP
LOAD C:\Users\USER\Desktop\AUTODR~1\TC275\erika\lib\libee.a
END GROUP
LOAD c:/hightec/toolchains/tricore/v4.9.3.0-infineon-1.0/bin/../lib/gcc/tricore/4.9.4/tc161\libgcc.a
LOAD c:/hightec/toolchains/tricore/v4.9.3.0-infineon-1.0/bin/../lib/gcc/tricore/4.9.4/../../../../tricore/lib/tc161\libc.a
LOAD c:/hightec/toolchains/tricore/v4.9.3.0-infineon-1.0/bin/../lib/gcc/tricore/4.9.4/../../../../tricore/lib/tc161\libos.a
LOAD c:/hightec/toolchains/tricore/v4.9.3.0-infineon-1.0/bin/../lib/gcc/tricore/4.9.4/../../../../tricore/lib/tc161\libm.a
LOAD c:/hightec/toolchains/tricore/v4.9.3.0-infineon-1.0/bin/../lib/gcc/tricore/4.9.4/../../../../tricore/lib/tc161\libc.a
LOAD c:/hightec/toolchains/tricore/v4.9.3.0-infineon-1.0/bin/../lib/gcc/tricore/4.9.4/tc161\libgcc.a
                0x0000000000002700                __TRICORE_DERIVATE_MEMORY_MAP__ = 0x2700
                [0x0000000000002000]                __CSA_SIZE = DEFINED (__CSA_SIZE)?__CSA_SIZE:0x2000
                [0x0000000000000400]                __ISTACK_SIZE = DEFINED (__ISTACK_SIZE)?__ISTACK_SIZE:0x400
                [0x0000000000001000]                __USTACK_SIZE = DEFINED (__USTACK_SIZE)?__USTACK_SIZE:0x1000
                [0x0000000000000000]                __HEAP_SIZE = DEFINED (__HEAP_SIZE)?__HEAP_SIZE:0x0
                [0x0000000000002000]                __CSA0_SIZE = DEFINED (__CSA0_SIZE)?__CSA0_SIZE:__CSA_SIZE
                [0x0000000000000400]                __ISTACK0_SIZE = DEFINED (__ISTACK0_SIZE)?__ISTACK0_SIZE:__ISTACK_SIZE
                [0x0000000000001000]                __USTACK0_SIZE = DEFINED (__USTACK0_SIZE)?__USTACK0_SIZE:__USTACK_SIZE
                [0x0000000000002000]                __CSA1_SIZE = DEFINED (__CSA1_SIZE)?__CSA1_SIZE:__CSA_SIZE
                [0x0000000000000400]                __ISTACK1_SIZE = DEFINED (__ISTACK1_SIZE)?__ISTACK1_SIZE:__ISTACK_SIZE
                [0x0000000000001000]                __USTACK1_SIZE = DEFINED (__USTACK1_SIZE)?__USTACK1_SIZE:__USTACK_SIZE
                [0x0000000000002000]                __CSA2_SIZE = DEFINED (__CSA2_SIZE)?__CSA2_SIZE:__CSA_SIZE
                [0x0000000000000400]                __ISTACK2_SIZE = DEFINED (__ISTACK2_SIZE)?__ISTACK2_SIZE:__ISTACK_SIZE
                [0x0000000000001000]                __USTACK2_SIZE = DEFINED (__USTACK2_SIZE)?__USTACK2_SIZE:__USTACK_SIZE
                0x0000000050000000                __DSPR2_START = 0x50000000
                0x0000000060000000                __DSPR1_START = 0x60000000
                0x0000000070000000                __DSPR0_START = 0x70000000
                0x000000000001e000                __DSPR2_SIZE = 0x1e000
                0x000000000001e000                __DSPR1_SIZE = 0x1e000
                0x000000000001c000                __DSPR0_SIZE = 0x1c000
                0x0000000000019c00                __CSA0_OFFSET = ((__DSPR0_SIZE - 0x400) - __CSA0_SIZE)
                0x0000000000019700                __ISTACK0_OFFSET = ((__CSA0_OFFSET - 0x100) - __ISTACK0_SIZE)
                0x0000000000018600                __USTACK0_OFFSET = ((__ISTACK0_OFFSET - 0x100) - __USTACK0_SIZE)
                0x000000000001bc00                __CSA1_OFFSET = ((__DSPR1_SIZE - 0x400) - __CSA1_SIZE)
                0x000000000001b700                __ISTACK1_OFFSET = ((__CSA1_OFFSET - 0x100) - __ISTACK1_SIZE)
                0x000000000001a600                __USTACK1_OFFSET = ((__ISTACK1_OFFSET - 0x100) - __USTACK1_SIZE)
                0x000000000001bc00                __CSA2_OFFSET = ((__DSPR2_SIZE - 0x400) - __CSA2_SIZE)
                0x000000000001b700                __ISTACK2_OFFSET = ((__CSA2_OFFSET - 0x100) - __ISTACK2_SIZE)
                0x000000000001a600                __USTACK2_OFFSET = ((__ISTACK2_OFFSET - 0x100) - __USTACK2_SIZE)

.bmhd0          memory region -> PMU_PFLASH
                0x0000000080000000        0x0
                0x0000000080000000                BootModeHeader0 = .
 *(.bmhd0)

.bmhd1          memory region -> PMU_PFLASH
                0x0000000080020000        0x0
                0x0000000080020000                BootModeHeader1 = .
 *(.bmhd1)

.startup        memory region -> PMU_PFLASH
                0x0000000080000020        0x6
                0x0000000080000020                BootModeIndex = .
 *(.startup)
 .startup       0x0000000080000020        0x6 C:\Users\USER\Desktop\AUTODR~1\TC275\erika\lib\libee.a(ee_tc_cstart.c.o)
                0x0000000080000020                _start

.zrodata
 *(.zrodata)
 *(.zrodata.*)

.sdata2         memory region -> PMU_PFLASH
                0x0000000080000026        0x0
 *(.srodata)
 *(.srodata.*)
                0x0000000080008000                _SMALL_DATA2_ = SIZEOF (.sdata2)?(ADDR (.sdata2) + 0x8000):((ADDR (.sdata2) & 0xf0000000) + 0x8000)
                0x0000000080008000                __A1_MEM = _SMALL_DATA2_

.rodata         memory region -> PMU_PFLASH
                0x0000000080000028     0x4ea8
 *(.rodata)
 .rodata        0x0000000080000028        0x8 obj/asw.c.o
 .rodata        0x0000000080000030       0x60 obj/bsw.c.o
 .rodata        0x0000000080000090      0x2ec obj/ee_applcfg.c.o
                0x0000000080000090                osEE_kdb_var
                0x00000000800000b4                osEE_cdb_var
 .rodata        0x000000008000037c        0x5 obj/illd/Libraries/iLLD/TC27D/Tricore/Gtm/Std/IfxGtm_Tom.c.o
 .rodata        0x0000000080000381        0x6 obj/illd/Libraries/iLLD/TC27D/Tricore/Vadc/std/IfxVadc.c.o
 *fill*         0x0000000080000387        0x1 00
 .rodata        0x0000000080000388       0xa0 obj/illd/Libraries/iLLD/TC27D/Tricore/_Impl/IfxVadc_cfg.c.o
                0x0000000080000388                IfxVadc_cfg_srcAddresses
 .rodata        0x0000000080000428     0x35cc obj/illd/Libraries/iLLD/TC27D/Tricore/_PinMap/IfxGtm_PinMap.c.o
                0x0000000080000428                IfxGtm_TOM2_9_TOUT69_P20_13_OUT
                0x000000008000043c                IfxGtm_TOM2_9_TOUT52_P21_1_OUT
                0x0000000080000450                IfxGtm_TOM2_9_TOUT132_P22_6_OUT
                0x0000000080000464                IfxGtm_TOM2_9_TOUT103_P10_1_OUT
                0x0000000080000478                IfxGtm_TOM2_8_TOUT68_P20_12_OUT
                0x000000008000048c                IfxGtm_TOM2_8_TOUT51_P21_0_OUT
                0x00000000800004a0                IfxGtm_TOM2_8_TOUT131_P22_5_OUT
                0x00000000800004b4                IfxGtm_TOM2_8_TOUT127_P11_15_OUT
                0x00000000800004c8                IfxGtm_TOM2_8_TOUT109_P10_7_OUT
                0x00000000800004dc                IfxGtm_TOM2_7_TOUT93_P13_2_OUT
                0x00000000800004f0                IfxGtm_TOM2_7_TOUT64_P20_8_OUT
                0x0000000080000504                IfxGtm_TOM2_7_TOUT130_P22_4_OUT
                0x0000000080000518                IfxGtm_TOM2_7_TOUT126_P11_14_OUT
                0x000000008000052c                IfxGtm_TOM2_7_TOUT101_P11_12_OUT
                0x0000000080000540                IfxGtm_TOM2_6_TOUT92_P13_1_OUT
                0x0000000080000554                IfxGtm_TOM2_6_TOUT59_P20_0_OUT
                0x0000000080000568                IfxGtm_TOM2_6_TOUT125_P11_13_OUT
                0x000000008000057c                IfxGtm_TOM2_6_TOUT106_P10_4_OUT
                0x0000000080000590                IfxGtm_TOM2_6_TOUT100_P11_11_OUT
                0x00000000800005a4                IfxGtm_TOM2_5_TOUT99_P11_10_OUT
                0x00000000800005b8                IfxGtm_TOM2_5_TOUT91_P13_0_OUT
                0x00000000800005cc                IfxGtm_TOM2_5_TOUT58_P21_7_OUT
                0x00000000800005e0                IfxGtm_TOM2_5_TOUT124_P11_8_OUT
                0x00000000800005f4                IfxGtm_TOM2_4_TOUT98_P11_9_OUT
                0x0000000080000608                IfxGtm_TOM2_4_TOUT90_P14_10_OUT
                0x000000008000061c                IfxGtm_TOM2_4_TOUT61_P20_3_OUT
                0x0000000080000630                IfxGtm_TOM2_4_TOUT57_P21_6_OUT
                0x0000000080000644                IfxGtm_TOM2_4_TOUT50_P22_3_OUT
                0x0000000080000658                IfxGtm_TOM2_4_TOUT123_P11_7_OUT
                0x000000008000066c                IfxGtm_TOM2_3_TOUT97_P11_6_OUT
                0x0000000080000680                IfxGtm_TOM2_3_TOUT89_P14_9_OUT
                0x0000000080000694                IfxGtm_TOM2_3_TOUT60_P20_1_OUT
                0x00000000800006a8                IfxGtm_TOM2_3_TOUT56_P21_5_OUT
                0x00000000800006bc                IfxGtm_TOM2_3_TOUT49_P22_2_OUT
                0x00000000800006d0                IfxGtm_TOM2_3_TOUT122_P11_5_OUT
                0x00000000800006e4                IfxGtm_TOM2_2_TOUT96_P11_3_OUT
                0x00000000800006f8                IfxGtm_TOM2_2_TOUT88_P14_8_OUT
                0x000000008000070c                IfxGtm_TOM2_2_TOUT55_P21_4_OUT
                0x0000000080000720                IfxGtm_TOM2_2_TOUT46_P23_5_OUT
                0x0000000080000734                IfxGtm_TOM2_2_TOUT121_P11_4_OUT
                0x0000000080000748                IfxGtm_TOM2_1_TOUT95_P11_2_OUT
                0x000000008000075c                IfxGtm_TOM2_1_TOUT54_P21_3_OUT
                0x0000000080000770                IfxGtm_TOM2_1_TOUT47_P22_0_OUT
                0x0000000080000784                IfxGtm_TOM2_1_TOUT120_P11_1_OUT
                0x0000000080000798                IfxGtm_TOM2_15_TOUT75_P15_4_OUT
                0x00000000800007ac                IfxGtm_TOM2_15_TOUT67_P20_11_OUT
                0x00000000800007c0                IfxGtm_TOM2_15_TOUT149_P34_4_OUT
                0x00000000800007d4                IfxGtm_TOM2_14_TOUT74_P15_3_OUT
                0x00000000800007e8                IfxGtm_TOM2_14_TOUT66_P20_10_OUT
                0x00000000800007fc                IfxGtm_TOM2_14_TOUT36_P32_0_OUT
                0x0000000080000810                IfxGtm_TOM2_14_TOUT137_P22_11_OUT
                0x0000000080000824                IfxGtm_TOM2_13_TOUT73_P15_2_OUT
                0x0000000080000838                IfxGtm_TOM2_13_TOUT65_P20_9_OUT
                0x000000008000084c                IfxGtm_TOM2_13_TOUT35_P33_13_OUT
                0x0000000080000860                IfxGtm_TOM2_13_TOUT136_P22_10_OUT
                0x0000000080000874                IfxGtm_TOM2_13_TOUT110_P10_8_OUT
                0x0000000080000888                IfxGtm_TOM2_12_TOUT72_P15_1_OUT
                0x000000008000089c                IfxGtm_TOM2_12_TOUT34_P33_12_OUT
                0x00000000800008b0                IfxGtm_TOM2_12_TOUT135_P22_9_OUT
                0x00000000800008c4                IfxGtm_TOM2_12_TOUT102_P10_0_OUT
                0x00000000800008d8                IfxGtm_TOM2_11_TOUT71_P15_0_OUT
                0x00000000800008ec                IfxGtm_TOM2_11_TOUT63_P20_7_OUT
                0x0000000080000900                IfxGtm_TOM2_11_TOUT134_P22_8_OUT
                0x0000000080000914                IfxGtm_TOM2_11_TOUT108_P10_6_OUT
                0x0000000080000928                IfxGtm_TOM2_11_TOUT105_P10_3_OUT
                0x000000008000093c                IfxGtm_TOM2_10_TOUT70_P20_14_OUT
                0x0000000080000950                IfxGtm_TOM2_10_TOUT62_P20_6_OUT
                0x0000000080000964                IfxGtm_TOM2_10_TOUT133_P22_7_OUT
                0x0000000080000978                IfxGtm_TOM2_10_TOUT107_P10_5_OUT
                0x000000008000098c                IfxGtm_TOM2_10_TOUT104_P10_2_OUT
                0x00000000800009a0                IfxGtm_TOM2_0_TOUT94_P13_3_OUT
                0x00000000800009b4                IfxGtm_TOM2_0_TOUT87_P14_7_OUT
                0x00000000800009c8                IfxGtm_TOM2_0_TOUT53_P21_2_OUT
                0x00000000800009dc                IfxGtm_TOM2_0_TOUT48_P22_1_OUT
                0x00000000800009f0                IfxGtm_TOM2_0_TOUT119_P11_0_OUT
                0x0000000080000a04                IfxGtm_TOM1_9_TOUT1_P02_1_OUT
                0x0000000080000a18                IfxGtm_TOM1_9_TOUT142_P32_7_OUT
                0x0000000080000a2c                IfxGtm_TOM1_9_TOUT129_P12_1_OUT
                0x0000000080000a40                IfxGtm_TOM1_8_TOUT141_P32_6_OUT
                0x0000000080000a54                IfxGtm_TOM1_8_TOUT128_P12_0_OUT
                0x0000000080000a68                IfxGtm_TOM1_8_TOUT0_P02_0_OUT
                0x0000000080000a7c                IfxGtm_TOM1_7_TOUT84_P14_4_OUT
                0x0000000080000a90                IfxGtm_TOM1_7_TOUT75_P15_4_OUT
                0x0000000080000aa4                IfxGtm_TOM1_7_TOUT64_P20_8_OUT
                0x0000000080000ab8                IfxGtm_TOM1_7_TOUT45_P23_4_OUT
                0x0000000080000acc                IfxGtm_TOM1_7_TOUT44_P23_3_OUT
                0x0000000080000ae0                IfxGtm_TOM1_7_TOUT25_P33_3_OUT
                0x0000000080000af4                IfxGtm_TOM1_7_TOUT17_P00_8_OUT
                0x0000000080000b08                IfxGtm_TOM1_6_TOUT83_P14_3_OUT
                0x0000000080000b1c                IfxGtm_TOM1_6_TOUT74_P15_3_OUT
                0x0000000080000b30                IfxGtm_TOM1_6_TOUT43_P23_2_OUT
                0x0000000080000b44                IfxGtm_TOM1_6_TOUT24_P33_2_OUT
                0x0000000080000b58                IfxGtm_TOM1_6_TOUT16_P00_7_OUT
                0x0000000080000b6c                IfxGtm_TOM1_5_TOUT82_P14_2_OUT
                0x0000000080000b80                IfxGtm_TOM1_5_TOUT73_P15_2_OUT
                0x0000000080000b94                IfxGtm_TOM1_5_TOUT41_P23_0_OUT
                0x0000000080000ba8                IfxGtm_TOM1_5_TOUT40_P32_4_OUT
                0x0000000080000bbc                IfxGtm_TOM1_5_TOUT23_P33_1_OUT
                0x0000000080000bd0                IfxGtm_TOM1_5_TOUT15_P00_6_OUT
                0x0000000080000be4                IfxGtm_TOM1_4_TOUT81_P14_1_OUT
                0x0000000080000bf8                IfxGtm_TOM1_4_TOUT72_P15_1_OUT
                0x0000000080000c0c                IfxGtm_TOM1_4_TOUT39_P32_3_OUT
                0x0000000080000c20                IfxGtm_TOM1_4_TOUT30_P33_8_OUT
                0x0000000080000c34                IfxGtm_TOM1_4_TOUT22_P33_0_OUT
                0x0000000080000c48                IfxGtm_TOM1_4_TOUT14_P00_5_OUT
                0x0000000080000c5c                IfxGtm_TOM1_3_TOUT80_P14_0_OUT
                0x0000000080000c70                IfxGtm_TOM1_3_TOUT71_P15_0_OUT
                0x0000000080000c84                IfxGtm_TOM1_3_TOUT38_P32_2_OUT
                0x0000000080000c98                IfxGtm_TOM1_3_TOUT29_P33_7_OUT
                0x0000000080000cac                IfxGtm_TOM1_3_TOUT21_P00_12_OUT
                0x0000000080000cc0                IfxGtm_TOM1_3_TOUT13_P00_4_OUT
                0x0000000080000cd4                IfxGtm_TOM1_2_TOUT79_P15_8_OUT
                0x0000000080000ce8                IfxGtm_TOM1_2_TOUT70_P20_14_OUT
                0x0000000080000cfc                IfxGtm_TOM1_2_TOUT33_P33_11_OUT
                0x0000000080000d10                IfxGtm_TOM1_2_TOUT28_P33_6_OUT
                0x0000000080000d24                IfxGtm_TOM1_2_TOUT20_P00_11_OUT
                0x0000000080000d38                IfxGtm_TOM1_2_TOUT12_P00_3_OUT
                0x0000000080000d4c                IfxGtm_TOM1_1_TOUT86_P14_6_OUT
                0x0000000080000d60                IfxGtm_TOM1_1_TOUT78_P15_7_OUT
                0x0000000080000d74                IfxGtm_TOM1_1_TOUT69_P20_13_OUT
                0x0000000080000d88                IfxGtm_TOM1_1_TOUT31_P33_9_OUT
                0x0000000080000d9c                IfxGtm_TOM1_1_TOUT27_P33_5_OUT
                0x0000000080000db0                IfxGtm_TOM1_1_TOUT19_P00_10_OUT
                0x0000000080000dc4                IfxGtm_TOM1_1_TOUT11_P00_2_OUT
                0x0000000080000dd8                IfxGtm_TOM1_1_TOUT10_P00_1_OUT
                0x0000000080000dec                IfxGtm_TOM1_15_TOUT7_P02_7_OUT
                0x0000000080000e00                IfxGtm_TOM1_15_TOUT67_P20_11_OUT
                0x0000000080000e14                IfxGtm_TOM1_15_TOUT150_P34_5_OUT
                0x0000000080000e28                IfxGtm_TOM1_15_TOUT148_P34_3_OUT
                0x0000000080000e3c                IfxGtm_TOM1_14_TOUT6_P02_6_OUT
                0x0000000080000e50                IfxGtm_TOM1_14_TOUT66_P20_10_OUT
                0x0000000080000e64                IfxGtm_TOM1_14_TOUT36_P32_0_OUT
                0x0000000080000e78                IfxGtm_TOM1_14_TOUT147_P34_2_OUT
                0x0000000080000e8c                IfxGtm_TOM1_13_TOUT65_P20_9_OUT
                0x0000000080000ea0                IfxGtm_TOM1_13_TOUT5_P02_5_OUT
                0x0000000080000eb4                IfxGtm_TOM1_13_TOUT35_P33_13_OUT
                0x0000000080000ec8                IfxGtm_TOM1_13_TOUT146_P34_1_OUT
                0x0000000080000edc                IfxGtm_TOM1_12_TOUT61_P20_3_OUT
                0x0000000080000ef0                IfxGtm_TOM1_12_TOUT4_P02_4_OUT
                0x0000000080000f04                IfxGtm_TOM1_12_TOUT34_P33_12_OUT
                0x0000000080000f18                IfxGtm_TOM1_11_TOUT63_P20_7_OUT
                0x0000000080000f2c                IfxGtm_TOM1_11_TOUT60_P20_1_OUT
                0x0000000080000f40                IfxGtm_TOM1_11_TOUT3_P02_3_OUT
                0x0000000080000f54                IfxGtm_TOM1_11_TOUT144_P33_15_OUT
                0x0000000080000f68                IfxGtm_TOM1_10_TOUT62_P20_6_OUT
                0x0000000080000f7c                IfxGtm_TOM1_10_TOUT2_P02_2_OUT
                0x0000000080000f90                IfxGtm_TOM1_10_TOUT143_P33_14_OUT
                0x0000000080000fa4                IfxGtm_TOM1_0_TOUT9_P00_0_OUT
                0x0000000080000fb8                IfxGtm_TOM1_0_TOUT8_P02_8_OUT
                0x0000000080000fcc                IfxGtm_TOM1_0_TOUT85_P14_5_OUT
                0x0000000080000fe0                IfxGtm_TOM1_0_TOUT77_P15_6_OUT
                0x0000000080000ff4                IfxGtm_TOM1_0_TOUT76_P15_5_OUT
                0x0000000080001008                IfxGtm_TOM1_0_TOUT68_P20_12_OUT
                0x000000008000101c                IfxGtm_TOM1_0_TOUT32_P33_10_OUT
                0x0000000080001030                IfxGtm_TOM1_0_TOUT26_P33_4_OUT
                0x0000000080001044                IfxGtm_TOM1_0_TOUT18_P00_9_OUT
                0x0000000080001058                IfxGtm_TOM0_9_TOUT52_P21_1_OUT
                0x000000008000106c                IfxGtm_TOM0_9_TOUT47_P22_0_OUT
                0x0000000080001080                IfxGtm_TOM0_9_TOUT1_P02_1_OUT
                0x0000000080001094                IfxGtm_TOM0_9_TOUT11_P00_2_OUT
                0x00000000800010a8                IfxGtm_TOM0_9_TOUT10_P00_1_OUT
                0x00000000800010bc                IfxGtm_TOM0_8_TOUT9_P00_0_OUT
                0x00000000800010d0                IfxGtm_TOM0_8_TOUT95_P11_2_OUT
                0x00000000800010e4                IfxGtm_TOM0_8_TOUT94_P13_3_OUT
                0x00000000800010f8                IfxGtm_TOM0_8_TOUT8_P02_8_OUT
                0x000000008000110c                IfxGtm_TOM0_8_TOUT51_P21_0_OUT
                0x0000000080001120                IfxGtm_TOM0_8_TOUT48_P22_1_OUT
                0x0000000080001134                IfxGtm_TOM0_8_TOUT0_P02_0_OUT
                0x0000000080001148                IfxGtm_TOM0_7_TOUT93_P13_2_OUT
                0x000000008000115c                IfxGtm_TOM0_7_TOUT84_P14_4_OUT
                0x0000000080001170                IfxGtm_TOM0_7_TOUT45_P23_4_OUT
                0x0000000080001184                IfxGtm_TOM0_7_TOUT25_P33_3_OUT
                0x0000000080001198                IfxGtm_TOM0_6_TOUT92_P13_1_OUT
                0x00000000800011ac                IfxGtm_TOM0_6_TOUT83_P14_3_OUT
                0x00000000800011c0                IfxGtm_TOM0_6_TOUT59_P20_0_OUT
                0x00000000800011d4                IfxGtm_TOM0_6_TOUT42_P23_1_OUT
                0x00000000800011e8                IfxGtm_TOM0_6_TOUT24_P33_2_OUT
                0x00000000800011fc                IfxGtm_TOM0_6_TOUT106_P10_4_OUT
                0x0000000080001210                IfxGtm_TOM0_5_TOUT91_P13_0_OUT
                0x0000000080001224                IfxGtm_TOM0_5_TOUT82_P14_2_OUT
                0x0000000080001238                IfxGtm_TOM0_5_TOUT58_P21_7_OUT
                0x000000008000124c                IfxGtm_TOM0_5_TOUT40_P32_4_OUT
                0x0000000080001260                IfxGtm_TOM0_5_TOUT23_P33_1_OUT
                0x0000000080001274                IfxGtm_TOM0_5_TOUT110_P10_8_OUT
                0x0000000080001288                IfxGtm_TOM0_4_TOUT90_P14_10_OUT
                0x000000008000129c                IfxGtm_TOM0_4_TOUT81_P14_1_OUT
                0x00000000800012b0                IfxGtm_TOM0_4_TOUT57_P21_6_OUT
                0x00000000800012c4                IfxGtm_TOM0_4_TOUT39_P32_3_OUT
                0x00000000800012d8                IfxGtm_TOM0_4_TOUT30_P33_8_OUT
                0x00000000800012ec                IfxGtm_TOM0_4_TOUT22_P33_0_OUT
                0x0000000080001300                IfxGtm_TOM0_4_TOUT102_P10_0_OUT
                0x0000000080001314                IfxGtm_TOM0_3_TOUT89_P14_9_OUT
                0x0000000080001328                IfxGtm_TOM0_3_TOUT80_P14_0_OUT
                0x000000008000133c                IfxGtm_TOM0_3_TOUT56_P21_5_OUT
                0x0000000080001350                IfxGtm_TOM0_3_TOUT38_P32_2_OUT
                0x0000000080001364                IfxGtm_TOM0_3_TOUT29_P33_7_OUT
                0x0000000080001378                IfxGtm_TOM0_3_TOUT21_P00_12_OUT
                0x000000008000138c                IfxGtm_TOM0_3_TOUT108_P10_6_OUT
                0x00000000800013a0                IfxGtm_TOM0_3_TOUT105_P10_3_OUT
                0x00000000800013b4                IfxGtm_TOM0_2_TOUT88_P14_8_OUT
                0x00000000800013c8                IfxGtm_TOM0_2_TOUT79_P15_8_OUT
                0x00000000800013dc                IfxGtm_TOM0_2_TOUT55_P21_4_OUT
                0x00000000800013f0                IfxGtm_TOM0_2_TOUT33_P33_11_OUT
                0x0000000080001404                IfxGtm_TOM0_2_TOUT28_P33_6_OUT
                0x0000000080001418                IfxGtm_TOM0_2_TOUT20_P00_11_OUT
                0x000000008000142c                IfxGtm_TOM0_2_TOUT107_P10_5_OUT
                0x0000000080001440                IfxGtm_TOM0_2_TOUT104_P10_2_OUT
                0x0000000080001454                IfxGtm_TOM0_1_TOUT86_P14_6_OUT
                0x0000000080001468                IfxGtm_TOM0_1_TOUT78_P15_7_OUT
                0x000000008000147c                IfxGtm_TOM0_1_TOUT54_P21_3_OUT
                0x0000000080001490                IfxGtm_TOM0_1_TOUT31_P33_9_OUT
                0x00000000800014a4                IfxGtm_TOM0_1_TOUT27_P33_5_OUT
                0x00000000800014b8                IfxGtm_TOM0_1_TOUT19_P00_10_OUT
                0x00000000800014cc                IfxGtm_TOM0_1_TOUT103_P10_1_OUT
                0x00000000800014e0                IfxGtm_TOM0_15_TOUT7_P02_7_OUT
                0x00000000800014f4                IfxGtm_TOM0_15_TOUT42_P23_1_OUT
                0x0000000080001508                IfxGtm_TOM0_15_TOUT17_P00_8_OUT
                0x000000008000151c                IfxGtm_TOM0_15_TOUT101_P11_12_OUT
                0x0000000080001530                IfxGtm_TOM0_14_TOUT6_P02_6_OUT
                0x0000000080001544                IfxGtm_TOM0_14_TOUT16_P00_7_OUT
                0x0000000080001558                IfxGtm_TOM0_14_TOUT100_P11_11_OUT
                0x000000008000156c                IfxGtm_TOM0_13_TOUT99_P11_10_OUT
                0x0000000080001580                IfxGtm_TOM0_13_TOUT5_P02_5_OUT
                0x0000000080001594                IfxGtm_TOM0_13_TOUT15_P00_6_OUT
                0x00000000800015a8                IfxGtm_TOM0_12_TOUT98_P11_9_OUT
                0x00000000800015bc                IfxGtm_TOM0_12_TOUT50_P22_3_OUT
                0x00000000800015d0                IfxGtm_TOM0_12_TOUT4_P02_4_OUT
                0x00000000800015e4                IfxGtm_TOM0_12_TOUT44_P23_3_OUT
                0x00000000800015f8                IfxGtm_TOM0_12_TOUT14_P00_5_OUT
                0x000000008000160c                IfxGtm_TOM0_11_TOUT97_P11_6_OUT
                0x0000000080001620                IfxGtm_TOM0_11_TOUT49_P22_2_OUT
                0x0000000080001634                IfxGtm_TOM0_11_TOUT43_P23_2_OUT
                0x0000000080001648                IfxGtm_TOM0_11_TOUT3_P02_3_OUT
                0x000000008000165c                IfxGtm_TOM0_11_TOUT13_P00_4_OUT
                0x0000000080001670                IfxGtm_TOM0_10_TOUT96_P11_3_OUT
                0x0000000080001684                IfxGtm_TOM0_10_TOUT46_P23_5_OUT
                0x0000000080001698                IfxGtm_TOM0_10_TOUT41_P23_0_OUT
                0x00000000800016ac                IfxGtm_TOM0_10_TOUT2_P02_2_OUT
                0x00000000800016c0                IfxGtm_TOM0_10_TOUT12_P00_3_OUT
                0x00000000800016d4                IfxGtm_TOM0_0_TOUT87_P14_7_OUT
                0x00000000800016e8                IfxGtm_TOM0_0_TOUT85_P14_5_OUT
                0x00000000800016fc                IfxGtm_TOM0_0_TOUT77_P15_6_OUT
                0x0000000080001710                IfxGtm_TOM0_0_TOUT76_P15_5_OUT
                0x0000000080001724                IfxGtm_TOM0_0_TOUT53_P21_2_OUT
                0x0000000080001738                IfxGtm_TOM0_0_TOUT32_P33_10_OUT
                0x000000008000174c                IfxGtm_TOM0_0_TOUT26_P33_4_OUT
                0x0000000080001760                IfxGtm_TOM0_0_TOUT18_P00_9_OUT
                0x0000000080001774                IfxGtm_TOM0_0_TOUT109_P10_7_OUT
                0x0000000080001788                IfxGtm_TIM3_7_TIN93_P13_2_IN
                0x0000000080001798                IfxGtm_TIM3_7_TIN75_P15_4_IN
                0x00000000800017a8                IfxGtm_TIM3_7_TIN67_P20_11_IN
                0x00000000800017b8                IfxGtm_TIM3_7_TIN63_P20_7_IN
                0x00000000800017c8                IfxGtm_TIM3_7_TIN17_P00_8_IN
                0x00000000800017d8                IfxGtm_TIM3_7_TIN142_P32_7_IN
                0x00000000800017e8                IfxGtm_TIM3_7_TIN137_P22_11_IN
                0x00000000800017f8                IfxGtm_TIM3_7_TIN101_P11_12_IN
                0x0000000080001808                IfxGtm_TIM3_6_TIN92_P13_1_IN
                0x0000000080001818                IfxGtm_TIM3_6_TIN74_P15_3_IN
                0x0000000080001828                IfxGtm_TIM3_6_TIN66_P20_10_IN
                0x0000000080001838                IfxGtm_TIM3_6_TIN62_P20_6_IN
                0x0000000080001848                IfxGtm_TIM3_6_TIN16_P00_7_IN
                0x0000000080001858                IfxGtm_TIM3_6_TIN141_P32_6_IN
                0x0000000080001868                IfxGtm_TIM3_6_TIN136_P22_10_IN
                0x0000000080001878                IfxGtm_TIM3_6_TIN100_P11_11_IN
                0x0000000080001888                IfxGtm_TIM3_5_TIN99_P11_10_IN
                0x0000000080001898                IfxGtm_TIM3_5_TIN91_P13_0_IN
                0x00000000800018a8                IfxGtm_TIM3_5_TIN73_P15_2_IN
                0x00000000800018b8                IfxGtm_TIM3_5_TIN65_P20_9_IN
                0x00000000800018c8                IfxGtm_TIM3_5_TIN52_P21_1_IN
                0x00000000800018d8                IfxGtm_TIM3_5_TIN15_P00_6_IN
                0x00000000800018e8                IfxGtm_TIM3_5_TIN140_P32_5_IN
                0x00000000800018f8                IfxGtm_TIM3_5_TIN135_P22_9_IN
                0x0000000080001908                IfxGtm_TIM3_4_TIN98_P11_9_IN
                0x0000000080001918                IfxGtm_TIM3_4_TIN90_P14_10_IN
                0x0000000080001928                IfxGtm_TIM3_4_TIN72_P15_1_IN
                0x0000000080001938                IfxGtm_TIM3_4_TIN61_P20_3_IN
                0x0000000080001948                IfxGtm_TIM3_4_TIN51_P21_0_IN
                0x0000000080001958                IfxGtm_TIM3_4_TIN14_P00_5_IN
                0x0000000080001968                IfxGtm_TIM3_4_TIN134_P22_8_IN
                0x0000000080001978                IfxGtm_TIM3_3_TIN97_P11_6_IN
                0x0000000080001988                IfxGtm_TIM3_3_TIN89_P14_9_IN
                0x0000000080001998                IfxGtm_TIM3_3_TIN71_P15_0_IN
                0x00000000800019a8                IfxGtm_TIM3_3_TIN60_P20_1_IN
                0x00000000800019b8                IfxGtm_TIM3_3_TIN13_P00_4_IN
                0x00000000800019c8                IfxGtm_TIM3_3_TIN133_P22_7_IN
                0x00000000800019d8                IfxGtm_TIM3_2_TIN96_P11_3_IN
                0x00000000800019e8                IfxGtm_TIM3_2_TIN88_P14_8_IN
                0x00000000800019f8                IfxGtm_TIM3_2_TIN70_P20_14_IN
                0x0000000080001a08                IfxGtm_TIM3_2_TIN36_P32_0_IN
                0x0000000080001a18                IfxGtm_TIM3_2_TIN132_P22_6_IN
                0x0000000080001a28                IfxGtm_TIM3_2_TIN12_P00_3_IN
                0x0000000080001a38                IfxGtm_TIM3_1_TIN95_P11_2_IN
                0x0000000080001a48                IfxGtm_TIM3_1_TIN69_P20_13_IN
                0x0000000080001a58                IfxGtm_TIM3_1_TIN35_P33_13_IN
                0x0000000080001a68                IfxGtm_TIM3_1_TIN131_P22_5_IN
                0x0000000080001a78                IfxGtm_TIM3_1_TIN129_P12_1_IN
                0x0000000080001a88                IfxGtm_TIM3_1_TIN11_P00_2_IN
                0x0000000080001a98                IfxGtm_TIM3_1_TIN10_P00_1_IN
                0x0000000080001aa8                IfxGtm_TIM3_0_TIN9_P00_0_IN
                0x0000000080001ab8                IfxGtm_TIM3_0_TIN94_P13_3_IN
                0x0000000080001ac8                IfxGtm_TIM3_0_TIN8_P02_8_IN
                0x0000000080001ad8                IfxGtm_TIM3_0_TIN76_P15_5_IN
                0x0000000080001ae8                IfxGtm_TIM3_0_TIN68_P20_12_IN
                0x0000000080001af8                IfxGtm_TIM3_0_TIN34_P33_12_IN
                0x0000000080001b08                IfxGtm_TIM3_0_TIN130_P22_4_IN
                0x0000000080001b18                IfxGtm_TIM3_0_TIN128_P12_0_IN
                0x0000000080001b28                IfxGtm_TIM2_7_TIN93_P13_2_IN
                0x0000000080001b38                IfxGtm_TIM2_7_TIN75_P15_4_IN
                0x0000000080001b48                IfxGtm_TIM2_7_TIN67_P20_11_IN
                0x0000000080001b58                IfxGtm_TIM2_7_TIN63_P20_7_IN
                0x0000000080001b68                IfxGtm_TIM2_7_TIN17_P00_8_IN
                0x0000000080001b78                IfxGtm_TIM2_7_TIN150_P34_5_IN
                0x0000000080001b88                IfxGtm_TIM2_7_TIN126_P11_14_IN
                0x0000000080001b98                IfxGtm_TIM2_7_TIN115_P01_7_IN
                0x0000000080001ba8                IfxGtm_TIM2_7_TIN101_P11_12_IN
                0x0000000080001bb8                IfxGtm_TIM2_6_TIN92_P13_1_IN
                0x0000000080001bc8                IfxGtm_TIM2_6_TIN74_P15_3_IN
                0x0000000080001bd8                IfxGtm_TIM2_6_TIN66_P20_10_IN
                0x0000000080001be8                IfxGtm_TIM2_6_TIN62_P20_6_IN
                0x0000000080001bf8                IfxGtm_TIM2_6_TIN16_P00_7_IN
                0x0000000080001c08                IfxGtm_TIM2_6_TIN149_P34_4_IN
                0x0000000080001c18                IfxGtm_TIM2_6_TIN125_P11_13_IN
                0x0000000080001c28                IfxGtm_TIM2_6_TIN100_P11_11_IN
                0x0000000080001c38                IfxGtm_TIM2_5_TIN99_P11_10_IN
                0x0000000080001c48                IfxGtm_TIM2_5_TIN91_P13_0_IN
                0x0000000080001c58                IfxGtm_TIM2_5_TIN73_P15_2_IN
                0x0000000080001c68                IfxGtm_TIM2_5_TIN65_P20_9_IN
                0x0000000080001c78                IfxGtm_TIM2_5_TIN52_P21_1_IN
                0x0000000080001c88                IfxGtm_TIM2_5_TIN15_P00_6_IN
                0x0000000080001c98                IfxGtm_TIM2_5_TIN148_P34_3_IN
                0x0000000080001ca8                IfxGtm_TIM2_5_TIN124_P11_8_IN
                0x0000000080001cb8                IfxGtm_TIM2_5_TIN114_P01_6_IN
                0x0000000080001cc8                IfxGtm_TIM2_4_TIN98_P11_9_IN
                0x0000000080001cd8                IfxGtm_TIM2_4_TIN90_P14_10_IN
                0x0000000080001ce8                IfxGtm_TIM2_4_TIN72_P15_1_IN
                0x0000000080001cf8                IfxGtm_TIM2_4_TIN61_P20_3_IN
                0x0000000080001d08                IfxGtm_TIM2_4_TIN51_P21_0_IN
                0x0000000080001d18                IfxGtm_TIM2_4_TIN14_P00_5_IN
                0x0000000080001d28                IfxGtm_TIM2_4_TIN147_P34_2_IN
                0x0000000080001d38                IfxGtm_TIM2_4_TIN123_P11_7_IN
                0x0000000080001d48                IfxGtm_TIM2_3_TIN97_P11_6_IN
                0x0000000080001d58                IfxGtm_TIM2_3_TIN89_P14_9_IN
                0x0000000080001d68                IfxGtm_TIM2_3_TIN71_P15_0_IN
                0x0000000080001d78                IfxGtm_TIM2_3_TIN60_P20_1_IN
                0x0000000080001d88                IfxGtm_TIM2_3_TIN146_P34_1_IN
                0x0000000080001d98                IfxGtm_TIM2_3_TIN13_P00_4_IN
                0x0000000080001da8                IfxGtm_TIM2_3_TIN122_P11_5_IN
                0x0000000080001db8                IfxGtm_TIM2_3_TIN113_P01_5_IN
                0x0000000080001dc8                IfxGtm_TIM2_2_TIN96_P11_3_IN
                0x0000000080001dd8                IfxGtm_TIM2_2_TIN88_P14_8_IN
                0x0000000080001de8                IfxGtm_TIM2_2_TIN70_P20_14_IN
                0x0000000080001df8                IfxGtm_TIM2_2_TIN36_P32_0_IN
                0x0000000080001e08                IfxGtm_TIM2_2_TIN12_P00_3_IN
                0x0000000080001e18                IfxGtm_TIM2_2_TIN121_P11_4_IN
                0x0000000080001e28                IfxGtm_TIM2_1_TIN95_P11_2_IN
                0x0000000080001e38                IfxGtm_TIM2_1_TIN69_P20_13_IN
                0x0000000080001e48                IfxGtm_TIM2_1_TIN35_P33_13_IN
                0x0000000080001e58                IfxGtm_TIM2_1_TIN144_P33_15_IN
                0x0000000080001e68                IfxGtm_TIM2_1_TIN120_P11_1_IN
                0x0000000080001e78                IfxGtm_TIM2_1_TIN11_P00_2_IN
                0x0000000080001e88                IfxGtm_TIM2_1_TIN10_P00_1_IN
                0x0000000080001e98                IfxGtm_TIM2_0_TIN9_P00_0_IN
                0x0000000080001ea8                IfxGtm_TIM2_0_TIN94_P13_3_IN
                0x0000000080001eb8                IfxGtm_TIM2_0_TIN8_P02_8_IN
                0x0000000080001ec8                IfxGtm_TIM2_0_TIN76_P15_5_IN
                0x0000000080001ed8                IfxGtm_TIM2_0_TIN68_P20_12_IN
                0x0000000080001ee8                IfxGtm_TIM2_0_TIN34_P33_12_IN
                0x0000000080001ef8                IfxGtm_TIM2_0_TIN143_P33_14_IN
                0x0000000080001f08                IfxGtm_TIM2_0_TIN119_P11_0_IN
                0x0000000080001f18                IfxGtm_TIM1_7_TIN84_P14_4_IN
                0x0000000080001f28                IfxGtm_TIM1_7_TIN7_P02_7_IN
                0x0000000080001f38                IfxGtm_TIM1_7_TIN64_P20_8_IN
                0x0000000080001f48                IfxGtm_TIM1_7_TIN45_P23_4_IN
                0x0000000080001f58                IfxGtm_TIM1_7_TIN44_P23_3_IN
                0x0000000080001f68                IfxGtm_TIM1_7_TIN25_P33_3_IN
                0x0000000080001f78                IfxGtm_TIM1_6_TIN83_P14_3_IN
                0x0000000080001f88                IfxGtm_TIM1_6_TIN6_P02_6_IN
                0x0000000080001f98                IfxGtm_TIM1_6_TIN59_P20_0_IN
                0x0000000080001fa8                IfxGtm_TIM1_6_TIN43_P23_2_IN
                0x0000000080001fb8                IfxGtm_TIM1_6_TIN42_P23_1_IN
                0x0000000080001fc8                IfxGtm_TIM1_6_TIN24_P33_2_IN
                0x0000000080001fd8                IfxGtm_TIM1_6_TIN106_P10_4_IN
                0x0000000080001fe8                IfxGtm_TIM1_5_TIN82_P14_2_IN
                0x0000000080001ff8                IfxGtm_TIM1_5_TIN5_P02_5_IN
                0x0000000080002008                IfxGtm_TIM1_5_TIN58_P21_7_IN
                0x0000000080002018                IfxGtm_TIM1_5_TIN41_P23_0_IN
                0x0000000080002028                IfxGtm_TIM1_5_TIN40_P32_4_IN
                0x0000000080002038                IfxGtm_TIM1_5_TIN23_P33_1_IN
                0x0000000080002048                IfxGtm_TIM1_5_TIN110_P10_8_IN
                0x0000000080002058                IfxGtm_TIM1_4_TIN81_P14_1_IN
                0x0000000080002068                IfxGtm_TIM1_4_TIN57_P21_6_IN
                0x0000000080002078                IfxGtm_TIM1_4_TIN50_P22_3_IN
                0x0000000080002088                IfxGtm_TIM1_4_TIN4_P02_4_IN
                0x0000000080002098                IfxGtm_TIM1_4_TIN39_P32_3_IN
                0x00000000800020a8                IfxGtm_TIM1_4_TIN30_P33_8_IN
                0x00000000800020b8                IfxGtm_TIM1_4_TIN22_P33_0_IN
                0x00000000800020c8                IfxGtm_TIM1_4_TIN102_P10_0_IN
                0x00000000800020d8                IfxGtm_TIM1_3_TIN80_P14_0_IN
                0x00000000800020e8                IfxGtm_TIM1_3_TIN56_P21_5_IN
                0x00000000800020f8                IfxGtm_TIM1_3_TIN49_P22_2_IN
                0x0000000080002108                IfxGtm_TIM1_3_TIN3_P02_3_IN
                0x0000000080002118                IfxGtm_TIM1_3_TIN38_P32_2_IN
                0x0000000080002128                IfxGtm_TIM1_3_TIN29_P33_7_IN
                0x0000000080002138                IfxGtm_TIM1_3_TIN21_P00_12_IN
                0x0000000080002148                IfxGtm_TIM1_3_TIN139_P23_7_IN
                0x0000000080002158                IfxGtm_TIM1_3_TIN108_P10_6_IN
                0x0000000080002168                IfxGtm_TIM1_3_TIN105_P10_3_IN
                0x0000000080002178                IfxGtm_TIM1_2_TIN79_P15_8_IN
                0x0000000080002188                IfxGtm_TIM1_2_TIN55_P21_4_IN
                0x0000000080002198                IfxGtm_TIM1_2_TIN46_P23_5_IN
                0x00000000800021a8                IfxGtm_TIM1_2_TIN33_P33_11_IN
                0x00000000800021b8                IfxGtm_TIM1_2_TIN2_P02_2_IN
                0x00000000800021c8                IfxGtm_TIM1_2_TIN28_P33_6_IN
                0x00000000800021d8                IfxGtm_TIM1_2_TIN20_P00_11_IN
                0x00000000800021e8                IfxGtm_TIM1_2_TIN138_P23_6_IN
                0x00000000800021f8                IfxGtm_TIM1_2_TIN107_P10_5_IN
                0x0000000080002208                IfxGtm_TIM1_2_TIN104_P10_2_IN
                0x0000000080002218                IfxGtm_TIM1_1_TIN86_P14_6_IN
                0x0000000080002228                IfxGtm_TIM1_1_TIN78_P15_7_IN
                0x0000000080002238                IfxGtm_TIM1_1_TIN54_P21_3_IN
                0x0000000080002248                IfxGtm_TIM1_1_TIN47_P22_0_IN
                0x0000000080002258                IfxGtm_TIM1_1_TIN31_P33_9_IN
                0x0000000080002268                IfxGtm_TIM1_1_TIN27_P33_5_IN
                0x0000000080002278                IfxGtm_TIM1_1_TIN1_P02_1_IN
                0x0000000080002288                IfxGtm_TIM1_1_TIN19_P00_10_IN
                0x0000000080002298                IfxGtm_TIM1_1_TIN103_P10_1_IN
                0x00000000800022a8                IfxGtm_TIM1_0_TIN87_P14_7_IN
                0x00000000800022b8                IfxGtm_TIM1_0_TIN85_P14_5_IN
                0x00000000800022c8                IfxGtm_TIM1_0_TIN77_P15_6_IN
                0x00000000800022d8                IfxGtm_TIM1_0_TIN53_P21_2_IN
                0x00000000800022e8                IfxGtm_TIM1_0_TIN48_P22_1_IN
                0x00000000800022f8                IfxGtm_TIM1_0_TIN32_P33_10_IN
                0x0000000080002308                IfxGtm_TIM1_0_TIN26_P33_4_IN
                0x0000000080002318                IfxGtm_TIM1_0_TIN18_P00_9_IN
                0x0000000080002328                IfxGtm_TIM1_0_TIN109_P10_7_IN
                0x0000000080002338                IfxGtm_TIM1_0_TIN0_P02_0_IN
                0x0000000080002348                IfxGtm_TIM0_7_TIN84_P14_4_IN
                0x0000000080002358                IfxGtm_TIM0_7_TIN7_P02_7_IN
                0x0000000080002368                IfxGtm_TIM0_7_TIN64_P20_8_IN
                0x0000000080002378                IfxGtm_TIM0_7_TIN45_P23_4_IN
                0x0000000080002388                IfxGtm_TIM0_7_TIN44_P23_3_IN
                0x0000000080002398                IfxGtm_TIM0_7_TIN25_P33_3_IN
                0x00000000800023a8                IfxGtm_TIM0_7_TIN127_P11_15_IN
                0x00000000800023b8                IfxGtm_TIM0_7_TIN118_P02_11_IN
                0x00000000800023c8                IfxGtm_TIM0_6_TIN83_P14_3_IN
                0x00000000800023d8                IfxGtm_TIM0_6_TIN6_P02_6_IN
                0x00000000800023e8                IfxGtm_TIM0_6_TIN59_P20_0_IN
                0x00000000800023f8                IfxGtm_TIM0_6_TIN43_P23_2_IN
                0x0000000080002408                IfxGtm_TIM0_6_TIN42_P23_1_IN
                0x0000000080002418                IfxGtm_TIM0_6_TIN24_P33_2_IN
                0x0000000080002428                IfxGtm_TIM0_6_TIN112_P01_4_IN
                0x0000000080002438                IfxGtm_TIM0_6_TIN106_P10_4_IN
                0x0000000080002448                IfxGtm_TIM0_5_TIN82_P14_2_IN
                0x0000000080002458                IfxGtm_TIM0_5_TIN5_P02_5_IN
                0x0000000080002468                IfxGtm_TIM0_5_TIN58_P21_7_IN
                0x0000000080002478                IfxGtm_TIM0_5_TIN41_P23_0_IN
                0x0000000080002488                IfxGtm_TIM0_5_TIN40_P32_4_IN
                0x0000000080002498                IfxGtm_TIM0_5_TIN23_P33_1_IN
                0x00000000800024a8                IfxGtm_TIM0_5_TIN111_P01_3_IN
                0x00000000800024b8                IfxGtm_TIM0_5_TIN110_P10_8_IN
                0x00000000800024c8                IfxGtm_TIM0_4_TIN81_P14_1_IN
                0x00000000800024d8                IfxGtm_TIM0_4_TIN57_P21_6_IN
                0x00000000800024e8                IfxGtm_TIM0_4_TIN50_P22_3_IN
                0x00000000800024f8                IfxGtm_TIM0_4_TIN4_P02_4_IN
                0x0000000080002508                IfxGtm_TIM0_4_TIN39_P32_3_IN
                0x0000000080002518                IfxGtm_TIM0_4_TIN30_P33_8_IN
                0x0000000080002528                IfxGtm_TIM0_4_TIN22_P33_0_IN
                0x0000000080002538                IfxGtm_TIM0_4_TIN102_P10_0_IN
                0x0000000080002548                IfxGtm_TIM0_3_TIN80_P14_0_IN
                0x0000000080002558                IfxGtm_TIM0_3_TIN56_P21_5_IN
                0x0000000080002568                IfxGtm_TIM0_3_TIN49_P22_2_IN
                0x0000000080002578                IfxGtm_TIM0_3_TIN3_P02_3_IN
                0x0000000080002588                IfxGtm_TIM0_3_TIN38_P32_2_IN
                0x0000000080002598                IfxGtm_TIM0_3_TIN29_P33_7_IN
                0x00000000800025a8                IfxGtm_TIM0_3_TIN21_P00_12_IN
                0x00000000800025b8                IfxGtm_TIM0_3_TIN117_P02_10_IN
                0x00000000800025c8                IfxGtm_TIM0_3_TIN108_P10_6_IN
                0x00000000800025d8                IfxGtm_TIM0_3_TIN105_P10_3_IN
                0x00000000800025e8                IfxGtm_TIM0_2_TIN79_P15_8_IN
                0x00000000800025f8                IfxGtm_TIM0_2_TIN55_P21_4_IN
                0x0000000080002608                IfxGtm_TIM0_2_TIN46_P23_5_IN
                0x0000000080002618                IfxGtm_TIM0_2_TIN33_P33_11_IN
                0x0000000080002628                IfxGtm_TIM0_2_TIN2_P02_2_IN
                0x0000000080002638                IfxGtm_TIM0_2_TIN28_P33_6_IN
                0x0000000080002648                IfxGtm_TIM0_2_TIN20_P00_11_IN
                0x0000000080002658                IfxGtm_TIM0_2_TIN116_P02_9_IN
                0x0000000080002668                IfxGtm_TIM0_2_TIN107_P10_5_IN
                0x0000000080002678                IfxGtm_TIM0_2_TIN104_P10_2_IN
                0x0000000080002688                IfxGtm_TIM0_1_TIN86_P14_6_IN
                0x0000000080002698                IfxGtm_TIM0_1_TIN78_P15_7_IN
                0x00000000800026a8                IfxGtm_TIM0_1_TIN54_P21_3_IN
                0x00000000800026b8                IfxGtm_TIM0_1_TIN47_P22_0_IN
                0x00000000800026c8                IfxGtm_TIM0_1_TIN31_P33_9_IN
                0x00000000800026d8                IfxGtm_TIM0_1_TIN27_P33_5_IN
                0x00000000800026e8                IfxGtm_TIM0_1_TIN1_P02_1_IN
                0x00000000800026f8                IfxGtm_TIM0_1_TIN19_P00_10_IN
                0x0000000080002708                IfxGtm_TIM0_1_TIN103_P10_1_IN
                0x0000000080002718                IfxGtm_TIM0_0_TIN87_P14_7_IN
                0x0000000080002728                IfxGtm_TIM0_0_TIN85_P14_5_IN
                0x0000000080002738                IfxGtm_TIM0_0_TIN77_P15_6_IN
                0x0000000080002748                IfxGtm_TIM0_0_TIN53_P21_2_IN
                0x0000000080002758                IfxGtm_TIM0_0_TIN48_P22_1_IN
                0x0000000080002768                IfxGtm_TIM0_0_TIN32_P33_10_IN
                0x0000000080002778                IfxGtm_TIM0_0_TIN26_P33_4_IN
                0x0000000080002788                IfxGtm_TIM0_0_TIN18_P00_9_IN
                0x0000000080002798                IfxGtm_TIM0_0_TIN109_P10_7_IN
                0x00000000800027a8                IfxGtm_TIM0_0_TIN0_P02_0_IN
                0x00000000800027b8                IfxGtm_CLK2_P11_12_OUT
                0x00000000800027c8                IfxGtm_CLK1_P32_4_OUT
                0x00000000800027d8                IfxGtm_CLK0_P23_1_OUT
                0x00000000800027e8                IfxGtm_ATOM4_7_TOUT75_P15_4_OUT
                0x00000000800027fc                IfxGtm_ATOM4_7_TOUT67_P20_11_OUT
                0x0000000080002810                IfxGtm_ATOM4_7_TOUT64_P20_8_OUT
                0x0000000080002824                IfxGtm_ATOM4_7_TOUT118_P02_11_OUT
                0x0000000080002838                IfxGtm_ATOM4_6_TOUT74_P15_3_OUT
                0x000000008000284c                IfxGtm_ATOM4_6_TOUT66_P20_10_OUT
                0x0000000080002860                IfxGtm_ATOM4_6_TOUT59_P20_0_OUT
                0x0000000080002874                IfxGtm_ATOM4_6_TOUT117_P02_10_OUT
                0x0000000080002888                IfxGtm_ATOM4_6_TOUT106_P10_4_OUT
                0x000000008000289c                IfxGtm_ATOM4_5_TOUT73_P15_2_OUT
                0x00000000800028b0                IfxGtm_ATOM4_5_TOUT65_P20_9_OUT
                0x00000000800028c4                IfxGtm_ATOM4_5_TOUT58_P21_7_OUT
                0x00000000800028d8                IfxGtm_ATOM4_5_TOUT116_P02_9_OUT
                0x00000000800028ec                IfxGtm_ATOM4_5_TOUT110_P10_8_OUT
                0x0000000080002900                IfxGtm_ATOM4_4_TOUT81_P14_1_OUT
                0x0000000080002914                IfxGtm_ATOM4_4_TOUT72_P15_1_OUT
                0x0000000080002928                IfxGtm_ATOM4_4_TOUT57_P21_6_OUT
                0x000000008000293c                IfxGtm_ATOM4_4_TOUT50_P22_3_OUT
                0x0000000080002950                IfxGtm_ATOM4_4_TOUT102_P10_0_OUT
                0x0000000080002964                IfxGtm_ATOM4_3_TOUT82_P14_2_OUT
                0x0000000080002978                IfxGtm_ATOM4_3_TOUT71_P15_0_OUT
                0x000000008000298c                IfxGtm_ATOM4_3_TOUT56_P21_5_OUT
                0x00000000800029a0                IfxGtm_ATOM4_3_TOUT49_P22_2_OUT
                0x00000000800029b4                IfxGtm_ATOM4_3_TOUT108_P10_6_OUT
                0x00000000800029c8                IfxGtm_ATOM4_3_TOUT105_P10_3_OUT
                0x00000000800029dc                IfxGtm_ATOM4_2_TOUT83_P14_3_OUT
                0x00000000800029f0                IfxGtm_ATOM4_2_TOUT80_P14_0_OUT
                0x0000000080002a04                IfxGtm_ATOM4_2_TOUT70_P20_14_OUT
                0x0000000080002a18                IfxGtm_ATOM4_2_TOUT55_P21_4_OUT
                0x0000000080002a2c                IfxGtm_ATOM4_2_TOUT46_P23_5_OUT
                0x0000000080002a40                IfxGtm_ATOM4_2_TOUT107_P10_5_OUT
                0x0000000080002a54                IfxGtm_ATOM4_2_TOUT104_P10_2_OUT
                0x0000000080002a68                IfxGtm_ATOM4_1_TOUT86_P14_6_OUT
                0x0000000080002a7c                IfxGtm_ATOM4_1_TOUT84_P14_4_OUT
                0x0000000080002a90                IfxGtm_ATOM4_1_TOUT79_P15_8_OUT
                0x0000000080002aa4                IfxGtm_ATOM4_1_TOUT78_P15_7_OUT
                0x0000000080002ab8                IfxGtm_ATOM4_1_TOUT69_P20_13_OUT
                0x0000000080002acc                IfxGtm_ATOM4_1_TOUT54_P21_3_OUT
                0x0000000080002ae0                IfxGtm_ATOM4_1_TOUT47_P22_0_OUT
                0x0000000080002af4                IfxGtm_ATOM4_1_TOUT103_P10_1_OUT
                0x0000000080002b08                IfxGtm_ATOM4_0_TOUT87_P14_7_OUT
                0x0000000080002b1c                IfxGtm_ATOM4_0_TOUT85_P14_5_OUT
                0x0000000080002b30                IfxGtm_ATOM4_0_TOUT77_P15_6_OUT
                0x0000000080002b44                IfxGtm_ATOM4_0_TOUT76_P15_5_OUT
                0x0000000080002b58                IfxGtm_ATOM4_0_TOUT68_P20_12_OUT
                0x0000000080002b6c                IfxGtm_ATOM4_0_TOUT53_P21_2_OUT
                0x0000000080002b80                IfxGtm_ATOM4_0_TOUT48_P22_1_OUT
                0x0000000080002b94                IfxGtm_ATOM4_0_TOUT109_P10_7_OUT
                0x0000000080002ba8                IfxGtm_ATOM3_7_TOUT93_P13_2_OUT
                0x0000000080002bbc                IfxGtm_ATOM3_7_TOUT63_P20_7_OUT
                0x0000000080002bd0                IfxGtm_ATOM3_7_TOUT101_P11_12_OUT
                0x0000000080002be4                IfxGtm_ATOM3_6_TOUT92_P13_1_OUT
                0x0000000080002bf8                IfxGtm_ATOM3_6_TOUT62_P20_6_OUT
                0x0000000080002c0c                IfxGtm_ATOM3_6_TOUT36_P32_0_OUT
                0x0000000080002c20                IfxGtm_ATOM3_6_TOUT100_P11_11_OUT
                0x0000000080002c34                IfxGtm_ATOM3_5_TOUT99_P11_10_OUT
                0x0000000080002c48                IfxGtm_ATOM3_5_TOUT91_P13_0_OUT
                0x0000000080002c5c                IfxGtm_ATOM3_5_TOUT52_P21_1_OUT
                0x0000000080002c70                IfxGtm_ATOM3_5_TOUT35_P33_13_OUT
                0x0000000080002c84                IfxGtm_ATOM3_5_TOUT115_P01_7_OUT
                0x0000000080002c98                IfxGtm_ATOM3_4_TOUT98_P11_9_OUT
                0x0000000080002cac                IfxGtm_ATOM3_4_TOUT90_P14_10_OUT
                0x0000000080002cc0                IfxGtm_ATOM3_4_TOUT51_P21_0_OUT
                0x0000000080002cd4                IfxGtm_ATOM3_4_TOUT34_P33_12_OUT
                0x0000000080002ce8                IfxGtm_ATOM3_4_TOUT30_P33_8_OUT
                0x0000000080002cfc                IfxGtm_ATOM3_4_TOUT22_P33_0_OUT
                0x0000000080002d10                IfxGtm_ATOM3_4_TOUT114_P01_6_OUT
                0x0000000080002d24                IfxGtm_ATOM3_3_TOUT97_P11_6_OUT
                0x0000000080002d38                IfxGtm_ATOM3_3_TOUT89_P14_9_OUT
                0x0000000080002d4c                IfxGtm_ATOM3_3_TOUT29_P33_7_OUT
                0x0000000080002d60                IfxGtm_ATOM3_3_TOUT21_P00_12_OUT
                0x0000000080002d74                IfxGtm_ATOM3_3_TOUT113_P01_5_OUT
                0x0000000080002d88                IfxGtm_ATOM3_2_TOUT96_P11_3_OUT
                0x0000000080002d9c                IfxGtm_ATOM3_2_TOUT88_P14_8_OUT
                0x0000000080002db0                IfxGtm_ATOM3_2_TOUT44_P23_3_OUT
                0x0000000080002dc4                IfxGtm_ATOM3_2_TOUT28_P33_6_OUT
                0x0000000080002dd8                IfxGtm_ATOM3_2_TOUT20_P00_11_OUT
                0x0000000080002dec                IfxGtm_ATOM3_2_TOUT112_P01_4_OUT
                0x0000000080002e00                IfxGtm_ATOM3_1_TOUT95_P11_2_OUT
                0x0000000080002e14                IfxGtm_ATOM3_1_TOUT43_P23_2_OUT
                0x0000000080002e28                IfxGtm_ATOM3_1_TOUT27_P33_5_OUT
                0x0000000080002e3c                IfxGtm_ATOM3_1_TOUT19_P00_10_OUT
                0x0000000080002e50                IfxGtm_ATOM3_1_TOUT111_P01_3_OUT
                0x0000000080002e64                IfxGtm_ATOM3_0_TOUT94_P13_3_OUT
                0x0000000080002e78                IfxGtm_ATOM3_0_TOUT32_P33_10_OUT
                0x0000000080002e8c                IfxGtm_ATOM3_0_TOUT26_P33_4_OUT
                0x0000000080002ea0                IfxGtm_ATOM3_0_TOUT18_P00_9_OUT
                0x0000000080002eb4                IfxGtm_ATOM2_7_TOUT93_P13_2_OUT
                0x0000000080002ec8                IfxGtm_ATOM2_7_TOUT63_P20_7_OUT
                0x0000000080002edc                IfxGtm_ATOM2_7_TOUT140_P32_5_OUT
                0x0000000080002ef0                IfxGtm_ATOM2_7_TOUT101_P11_12_OUT
                0x0000000080002f04                IfxGtm_ATOM2_6_TOUT92_P13_1_OUT
                0x0000000080002f18                IfxGtm_ATOM2_6_TOUT62_P20_6_OUT
                0x0000000080002f2c                IfxGtm_ATOM2_6_TOUT36_P32_0_OUT
                0x0000000080002f40                IfxGtm_ATOM2_6_TOUT139_P23_7_OUT
                0x0000000080002f54                IfxGtm_ATOM2_6_TOUT100_P11_11_OUT
                0x0000000080002f68                IfxGtm_ATOM2_5_TOUT99_P11_10_OUT
                0x0000000080002f7c                IfxGtm_ATOM2_5_TOUT91_P13_0_OUT
                0x0000000080002f90                IfxGtm_ATOM2_5_TOUT52_P21_1_OUT
                0x0000000080002fa4                IfxGtm_ATOM2_5_TOUT35_P33_13_OUT
                0x0000000080002fb8                IfxGtm_ATOM2_5_TOUT138_P23_6_OUT
                0x0000000080002fcc                IfxGtm_ATOM2_4_TOUT98_P11_9_OUT
                0x0000000080002fe0                IfxGtm_ATOM2_4_TOUT90_P14_10_OUT
                0x0000000080002ff4                IfxGtm_ATOM2_4_TOUT51_P21_0_OUT
                0x0000000080003008                IfxGtm_ATOM2_4_TOUT34_P33_12_OUT
                0x000000008000301c                IfxGtm_ATOM2_4_TOUT30_P33_8_OUT
                0x0000000080003030                IfxGtm_ATOM2_4_TOUT22_P33_0_OUT
                0x0000000080003044                IfxGtm_ATOM2_3_TOUT97_P11_6_OUT
                0x0000000080003058                IfxGtm_ATOM2_3_TOUT89_P14_9_OUT
                0x000000008000306c                IfxGtm_ATOM2_3_TOUT29_P33_7_OUT
                0x0000000080003080                IfxGtm_ATOM2_3_TOUT21_P00_12_OUT
                0x0000000080003094                IfxGtm_ATOM2_2_TOUT96_P11_3_OUT
                0x00000000800030a8                IfxGtm_ATOM2_2_TOUT88_P14_8_OUT
                0x00000000800030bc                IfxGtm_ATOM2_2_TOUT44_P23_3_OUT
                0x00000000800030d0                IfxGtm_ATOM2_2_TOUT28_P33_6_OUT
                0x00000000800030e4                IfxGtm_ATOM2_2_TOUT20_P00_11_OUT
                0x00000000800030f8                IfxGtm_ATOM2_1_TOUT95_P11_2_OUT
                0x000000008000310c                IfxGtm_ATOM2_1_TOUT43_P23_2_OUT
                0x0000000080003120                IfxGtm_ATOM2_1_TOUT27_P33_5_OUT
                0x0000000080003134                IfxGtm_ATOM2_1_TOUT19_P00_10_OUT
                0x0000000080003148                IfxGtm_ATOM2_0_TOUT94_P13_3_OUT
                0x000000008000315c                IfxGtm_ATOM2_0_TOUT32_P33_10_OUT
                0x0000000080003170                IfxGtm_ATOM2_0_TOUT26_P33_4_OUT
                0x0000000080003184                IfxGtm_ATOM2_0_TOUT18_P00_9_OUT
                0x0000000080003198                IfxGtm_ATOM1_7_TOUT7_P02_7_OUT
                0x00000000800031ac                IfxGtm_ATOM1_7_TOUT75_P15_4_OUT
                0x00000000800031c0                IfxGtm_ATOM1_7_TOUT67_P20_11_OUT
                0x00000000800031d4                IfxGtm_ATOM1_7_TOUT45_P23_4_OUT
                0x00000000800031e8                IfxGtm_ATOM1_7_TOUT25_P33_3_OUT
                0x00000000800031fc                IfxGtm_ATOM1_7_TOUT17_P00_8_OUT
                0x0000000080003210                IfxGtm_ATOM1_6_TOUT74_P15_3_OUT
                0x0000000080003224                IfxGtm_ATOM1_6_TOUT6_P02_6_OUT
                0x0000000080003238                IfxGtm_ATOM1_6_TOUT66_P20_10_OUT
                0x000000008000324c                IfxGtm_ATOM1_6_TOUT42_P23_1_OUT
                0x0000000080003260                IfxGtm_ATOM1_6_TOUT24_P33_2_OUT
                0x0000000080003274                IfxGtm_ATOM1_6_TOUT16_P00_7_OUT
                0x0000000080003288                IfxGtm_ATOM1_5_TOUT73_P15_2_OUT
                0x000000008000329c                IfxGtm_ATOM1_5_TOUT65_P20_9_OUT
                0x00000000800032b0                IfxGtm_ATOM1_5_TOUT5_P02_5_OUT
                0x00000000800032c4                IfxGtm_ATOM1_5_TOUT41_P23_0_OUT
                0x00000000800032d8                IfxGtm_ATOM1_5_TOUT40_P32_4_OUT
                0x00000000800032ec                IfxGtm_ATOM1_5_TOUT23_P33_1_OUT
                0x0000000080003300                IfxGtm_ATOM1_5_TOUT15_P00_6_OUT
                0x0000000080003314                IfxGtm_ATOM1_5_TOUT110_P10_8_OUT
                0x0000000080003328                IfxGtm_ATOM1_4_TOUT72_P15_1_OUT
                0x000000008000333c                IfxGtm_ATOM1_4_TOUT61_P20_3_OUT
                0x0000000080003350                IfxGtm_ATOM1_4_TOUT4_P02_4_OUT
                0x0000000080003364                IfxGtm_ATOM1_4_TOUT39_P32_3_OUT
                0x0000000080003378                IfxGtm_ATOM1_4_TOUT14_P00_5_OUT
                0x000000008000338c                IfxGtm_ATOM1_4_TOUT102_P10_0_OUT
                0x00000000800033a0                IfxGtm_ATOM1_3_TOUT71_P15_0_OUT
                0x00000000800033b4                IfxGtm_ATOM1_3_TOUT60_P20_1_OUT
                0x00000000800033c8                IfxGtm_ATOM1_3_TOUT3_P02_3_OUT
                0x00000000800033dc                IfxGtm_ATOM1_3_TOUT38_P32_2_OUT
                0x00000000800033f0                IfxGtm_ATOM1_3_TOUT13_P00_4_OUT
                0x0000000080003404                IfxGtm_ATOM1_3_TOUT108_P10_6_OUT
                0x0000000080003418                IfxGtm_ATOM1_3_TOUT105_P10_3_OUT
                0x000000008000342c                IfxGtm_ATOM1_2_TOUT80_P14_0_OUT
                0x0000000080003440                IfxGtm_ATOM1_2_TOUT70_P20_14_OUT
                0x0000000080003454                IfxGtm_ATOM1_2_TOUT33_P33_11_OUT
                0x0000000080003468                IfxGtm_ATOM1_2_TOUT2_P02_2_OUT
                0x000000008000347c                IfxGtm_ATOM1_2_TOUT12_P00_3_OUT
                0x0000000080003490                IfxGtm_ATOM1_2_TOUT107_P10_5_OUT
                0x00000000800034a4                IfxGtm_ATOM1_2_TOUT104_P10_2_OUT
                0x00000000800034b8                IfxGtm_ATOM1_1_TOUT86_P14_6_OUT
                0x00000000800034cc                IfxGtm_ATOM1_1_TOUT79_P15_8_OUT
                0x00000000800034e0                IfxGtm_ATOM1_1_TOUT78_P15_7_OUT
                0x00000000800034f4                IfxGtm_ATOM1_1_TOUT69_P20_13_OUT
                0x0000000080003508                IfxGtm_ATOM1_1_TOUT31_P33_9_OUT
                0x000000008000351c                IfxGtm_ATOM1_1_TOUT1_P02_1_OUT
                0x0000000080003530                IfxGtm_ATOM1_1_TOUT11_P00_2_OUT
                0x0000000080003544                IfxGtm_ATOM1_1_TOUT10_P00_1_OUT
                0x0000000080003558                IfxGtm_ATOM1_1_TOUT103_P10_1_OUT
                0x000000008000356c                IfxGtm_ATOM1_0_TOUT9_P00_0_OUT
                0x0000000080003580                IfxGtm_ATOM1_0_TOUT8_P02_8_OUT
                0x0000000080003594                IfxGtm_ATOM1_0_TOUT87_P14_7_OUT
                0x00000000800035a8                IfxGtm_ATOM1_0_TOUT77_P15_6_OUT
                0x00000000800035bc                IfxGtm_ATOM1_0_TOUT76_P15_5_OUT
                0x00000000800035d0                IfxGtm_ATOM1_0_TOUT68_P20_12_OUT
                0x00000000800035e4                IfxGtm_ATOM1_0_TOUT109_P10_7_OUT
                0x00000000800035f8                IfxGtm_ATOM1_0_TOUT0_P02_0_OUT
                0x000000008000360c                IfxGtm_ATOM0_7_TOUT7_P02_7_OUT
                0x0000000080003620                IfxGtm_ATOM0_7_TOUT64_P20_8_OUT
                0x0000000080003634                IfxGtm_ATOM0_7_TOUT45_P23_4_OUT
                0x0000000080003648                IfxGtm_ATOM0_7_TOUT25_P33_3_OUT
                0x000000008000365c                IfxGtm_ATOM0_7_TOUT17_P00_8_OUT
                0x0000000080003670                IfxGtm_ATOM0_6_TOUT6_P02_6_OUT
                0x0000000080003684                IfxGtm_ATOM0_6_TOUT59_P20_0_OUT
                0x0000000080003698                IfxGtm_ATOM0_6_TOUT42_P23_1_OUT
                0x00000000800036ac                IfxGtm_ATOM0_6_TOUT24_P33_2_OUT
                0x00000000800036c0                IfxGtm_ATOM0_6_TOUT16_P00_7_OUT
                0x00000000800036d4                IfxGtm_ATOM0_6_TOUT106_P10_4_OUT
                0x00000000800036e8                IfxGtm_ATOM0_5_TOUT5_P02_5_OUT
                0x00000000800036fc                IfxGtm_ATOM0_5_TOUT58_P21_7_OUT
                0x0000000080003710                IfxGtm_ATOM0_5_TOUT41_P23_0_OUT
                0x0000000080003724                IfxGtm_ATOM0_5_TOUT40_P32_4_OUT
                0x0000000080003738                IfxGtm_ATOM0_5_TOUT23_P33_1_OUT
                0x000000008000374c                IfxGtm_ATOM0_5_TOUT15_P00_6_OUT
                0x0000000080003760                IfxGtm_ATOM0_4_TOUT81_P14_1_OUT
                0x0000000080003774                IfxGtm_ATOM0_4_TOUT61_P20_3_OUT
                0x0000000080003788                IfxGtm_ATOM0_4_TOUT57_P21_6_OUT
                0x000000008000379c                IfxGtm_ATOM0_4_TOUT50_P22_3_OUT
                0x00000000800037b0                IfxGtm_ATOM0_4_TOUT4_P02_4_OUT
                0x00000000800037c4                IfxGtm_ATOM0_4_TOUT39_P32_3_OUT
                0x00000000800037d8                IfxGtm_ATOM0_4_TOUT14_P00_5_OUT
                0x00000000800037ec                IfxGtm_ATOM0_3_TOUT82_P14_2_OUT
                0x0000000080003800                IfxGtm_ATOM0_3_TOUT60_P20_1_OUT
                0x0000000080003814                IfxGtm_ATOM0_3_TOUT56_P21_5_OUT
                0x0000000080003828                IfxGtm_ATOM0_3_TOUT49_P22_2_OUT
                0x000000008000383c                IfxGtm_ATOM0_3_TOUT3_P02_3_OUT
                0x0000000080003850                IfxGtm_ATOM0_3_TOUT38_P32_2_OUT
                0x0000000080003864                IfxGtm_ATOM0_3_TOUT13_P00_4_OUT
                0x0000000080003878                IfxGtm_ATOM0_2_TOUT83_P14_3_OUT
                0x000000008000388c                IfxGtm_ATOM0_2_TOUT55_P21_4_OUT
                0x00000000800038a0                IfxGtm_ATOM0_2_TOUT46_P23_5_OUT
                0x00000000800038b4                IfxGtm_ATOM0_2_TOUT33_P33_11_OUT
                0x00000000800038c8                IfxGtm_ATOM0_2_TOUT2_P02_2_OUT
                0x00000000800038dc                IfxGtm_ATOM0_2_TOUT12_P00_3_OUT
                0x00000000800038f0                IfxGtm_ATOM0_1_TOUT84_P14_4_OUT
                0x0000000080003904                IfxGtm_ATOM0_1_TOUT54_P21_3_OUT
                0x0000000080003918                IfxGtm_ATOM0_1_TOUT47_P22_0_OUT
                0x000000008000392c                IfxGtm_ATOM0_1_TOUT31_P33_9_OUT
                0x0000000080003940                IfxGtm_ATOM0_1_TOUT1_P02_1_OUT
                0x0000000080003954                IfxGtm_ATOM0_1_TOUT11_P00_2_OUT
                0x0000000080003968                IfxGtm_ATOM0_1_TOUT10_P00_1_OUT
                0x000000008000397c                IfxGtm_ATOM0_0_TOUT9_P00_0_OUT
                0x0000000080003990                IfxGtm_ATOM0_0_TOUT8_P02_8_OUT
                0x00000000800039a4                IfxGtm_ATOM0_0_TOUT85_P14_5_OUT
                0x00000000800039b8                IfxGtm_ATOM0_0_TOUT53_P21_2_OUT
                0x00000000800039cc                IfxGtm_ATOM0_0_TOUT48_P22_1_OUT
                0x00000000800039e0                IfxGtm_ATOM0_0_TOUT0_P02_0_OUT
 .rodata        0x00000000800039f4      0x6b0 obj/illd/src/IfxAsclin_PinMap.c.o
                0x00000000800039f4                IfxAsclin3_TX_P32_3_OUT
                0x0000000080003a04                IfxAsclin3_TX_P32_2_OUT
                0x0000000080003a14                IfxAsclin3_TX_P22_1_OUT
                0x0000000080003a24                IfxAsclin3_TX_P22_0_OUT
                0x0000000080003a34                IfxAsclin3_TX_P21_7_OUT
                0x0000000080003a44                IfxAsclin3_TX_P20_3_OUT
                0x0000000080003a54                IfxAsclin3_TX_P20_0_OUT
                0x0000000080003a64                IfxAsclin3_TX_P15_7_OUT
                0x0000000080003a74                IfxAsclin3_TX_P15_6_OUT
                0x0000000080003a84                IfxAsclin3_TX_P11_1_OUT
                0x0000000080003a94                IfxAsclin3_TX_P11_0_OUT
                0x0000000080003aa4                IfxAsclin3_TX_P00_1_OUT
                0x0000000080003ab4                IfxAsclin3_TX_P00_0_OUT
                0x0000000080003ac4                IfxAsclin2_TX_P33_9_OUT
                0x0000000080003ad4                IfxAsclin2_TX_P33_8_OUT
                0x0000000080003ae4                IfxAsclin2_TX_P32_5_OUT
                0x0000000080003af4                IfxAsclin2_TX_P14_3_OUT
                0x0000000080003b04                IfxAsclin2_TX_P14_2_OUT
                0x0000000080003b14                IfxAsclin2_TX_P10_5_OUT
                0x0000000080003b24                IfxAsclin2_TX_P02_9_OUT
                0x0000000080003b34                IfxAsclin2_TX_P02_0_OUT
                0x0000000080003b44                IfxAsclin1_TX_P33_13_OUT
                0x0000000080003b54                IfxAsclin1_TX_P33_12_OUT
                0x0000000080003b64                IfxAsclin1_TX_P20_10_OUT
                0x0000000080003b74                IfxAsclin1_TX_P15_5_OUT
                0x0000000080003b84                IfxAsclin1_TX_P15_4_OUT
                0x0000000080003b94                IfxAsclin1_TX_P15_1_OUT
                0x0000000080003ba4                IfxAsclin1_TX_P15_0_OUT
                0x0000000080003bb4                IfxAsclin1_TX_P14_10_OUT
                0x0000000080003bc4                IfxAsclin1_TX_P11_12_OUT
                0x0000000080003bd4                IfxAsclin1_TX_P02_2_OUT
                0x0000000080003be4                IfxAsclin0_TX_P34_1_OUT
                0x0000000080003bf4                IfxAsclin0_TX_P15_3_OUT
                0x0000000080003c04                IfxAsclin0_TX_P15_2_OUT
                0x0000000080003c14                IfxAsclin0_TX_P14_1_OUT
                0x0000000080003c24                IfxAsclin0_TX_P14_0_OUT
                0x0000000080003c34                IfxAsclin3_SLSO_P33_1_OUT
                0x0000000080003c44                IfxAsclin3_SLSO_P21_6_OUT
                0x0000000080003c54                IfxAsclin3_SLSO_P21_2_OUT
                0x0000000080003c64                IfxAsclin3_SLSO_P14_3_OUT
                0x0000000080003c74                IfxAsclin3_SLSO_P12_1_OUT
                0x0000000080003c84                IfxAsclin3_SLSO_P00_3_OUT
                0x0000000080003c94                IfxAsclin2_SLSO_P33_6_OUT
                0x0000000080003ca4                IfxAsclin2_SLSO_P10_5_OUT
                0x0000000080003cb4                IfxAsclin2_SLSO_P02_3_OUT
                0x0000000080003cc4                IfxAsclin1_SLSO_P33_10_OUT
                0x0000000080003cd4                IfxAsclin1_SLSO_P20_8_OUT
                0x0000000080003ce4                IfxAsclin1_SLSO_P14_3_OUT
                0x0000000080003cf4                IfxAsclin3_SCLK_P33_2_OUT
                0x0000000080003d04                IfxAsclin3_SCLK_P32_3_OUT
                0x0000000080003d14                IfxAsclin3_SCLK_P21_7_OUT
                0x0000000080003d24                IfxAsclin3_SCLK_P21_5_OUT
                0x0000000080003d34                IfxAsclin3_SCLK_P20_0_OUT
                0x0000000080003d44                IfxAsclin3_SCLK_P15_8_OUT
                0x0000000080003d54                IfxAsclin3_SCLK_P15_6_OUT
                0x0000000080003d64                IfxAsclin3_SCLK_P11_4_OUT
                0x0000000080003d74                IfxAsclin3_SCLK_P11_1_OUT
                0x0000000080003d84                IfxAsclin3_SCLK_P00_2_OUT
                0x0000000080003d94                IfxAsclin3_SCLK_P00_0_OUT
                0x0000000080003da4                IfxAsclin2_SCLK_P33_9_OUT
                0x0000000080003db4                IfxAsclin2_SCLK_P33_7_OUT
                0x0000000080003dc4                IfxAsclin2_SCLK_P14_2_OUT
                0x0000000080003dd4                IfxAsclin2_SCLK_P10_6_OUT
                0x0000000080003de4                IfxAsclin2_SCLK_P02_4_OUT
                0x0000000080003df4                IfxAsclin1_SCLK_P33_12_OUT
                0x0000000080003e04                IfxAsclin1_SCLK_P33_11_OUT
                0x0000000080003e14                IfxAsclin1_SCLK_P20_10_OUT
                0x0000000080003e24                IfxAsclin1_SCLK_P15_0_OUT
                0x0000000080003e34                IfxAsclin0_SCLK_P15_2_OUT
                0x0000000080003e44                IfxAsclin0_SCLK_P14_0_OUT
                0x0000000080003e54                IfxAsclin3_RXG_P21_3_IN
                0x0000000080003e64                IfxAsclin3_RXG_P21_2_IN
                0x0000000080003e74                IfxAsclin3_RXF_P21_6_IN
                0x0000000080003e84                IfxAsclin3_RXE_P00_1_IN
                0x0000000080003e94                IfxAsclin3_RXD_P32_2_IN
                0x0000000080003ea4                IfxAsclin3_RXC_P20_3_IN
                0x0000000080003eb4                IfxAsclin3_RXB_P11_0_IN
                0x0000000080003ec4                IfxAsclin3_RXA_P15_7_IN
                0x0000000080003ed4                IfxAsclin2_RXG_P02_0_IN
                0x0000000080003ee4                IfxAsclin2_RXF_P32_6_IN
                0x0000000080003ef4                IfxAsclin2_RXE_P33_8_IN
                0x0000000080003f04                IfxAsclin2_RXD_P10_6_IN
                0x0000000080003f14                IfxAsclin2_RXC_P02_10_IN
                0x0000000080003f24                IfxAsclin2_RXB_P02_1_IN
                0x0000000080003f34                IfxAsclin2_RXA_P14_3_IN
                0x0000000080003f44                IfxAsclin1_RXG_P02_3_IN
                0x0000000080003f54                IfxAsclin1_RXF_P33_13_IN
                0x0000000080003f64                IfxAsclin1_RXE_P11_10_IN
                0x0000000080003f74                IfxAsclin1_RXD_P14_8_IN
                0x0000000080003f84                IfxAsclin1_RXC_P20_9_IN
                0x0000000080003f94                IfxAsclin1_RXB_P15_5_IN
                0x0000000080003fa4                IfxAsclin1_RXA_P15_1_IN
                0x0000000080003fb4                IfxAsclin0_RXD_P34_2_IN
                0x0000000080003fc4                IfxAsclin0_RXB_P15_3_IN
                0x0000000080003fd4                IfxAsclin0_RXA_P14_1_IN
                0x0000000080003fe4                IfxAsclin3_RTS_P00_9_OUT
                0x0000000080003ff4                IfxAsclin2_RTS_P33_4_OUT
                0x0000000080004004                IfxAsclin2_RTS_P10_8_OUT
                0x0000000080004014                IfxAsclin1_RTS_P23_1_OUT
                0x0000000080004024                IfxAsclin1_RTS_P20_6_OUT
                0x0000000080004034                IfxAsclin0_RTS_P14_7_OUT
                0x0000000080004044                IfxAsclin3_CTSA_P00_12_IN
                0x0000000080004054                IfxAsclin2_CTSB_P33_5_IN
                0x0000000080004064                IfxAsclin2_CTSA_P10_7_IN
                0x0000000080004074                IfxAsclin1_CTSB_P32_4_IN
                0x0000000080004084                IfxAsclin1_CTSA_P20_7_IN
                0x0000000080004094                IfxAsclin0_CTSA_P14_9_IN
 .rodata        0x00000000800040a4       0x20 obj/illd/src/IfxAsclin_cfg.c.o
                0x00000000800040a4                IfxAsclin_cfg_indexMap
 .rodata        0x00000000800040c4      0x100 obj/illd/src/IfxPort_cfg.c.o
                0x00000000800040c4                IfxPort_cfg_indexMap
                0x0000000080004144                IfxPort_cfg_esrMasks
 .rodata        0x00000000800041c4       0x80 obj/illd/src/IfxScuCcu.c.o
                0x00000000800041c4                IfxScuCcu_defaultErayPllConfig
                0x00000000800041cc                IfxScuCcu_defaultClockConfig
 .rodata        0x0000000080004244      0x278 obj/illd/src/IfxScu_PinMap.c.o
                0x0000000080004244                IfxScu_WDTSLCK_P20_9_OUT
                0x0000000080004254                IfxScu_WDT2LCK_P20_6_OUT
                0x0000000080004264                IfxScu_WDT1LCK_P20_7_OUT
                0x0000000080004274                IfxScu_WDT0LCK_P20_8_OUT
                0x0000000080004284                IfxScu_REQ9_P20_0_IN
                0x0000000080004298                IfxScu_REQ8_P33_7_IN
                0x00000000800042ac                IfxScu_REQ7_P00_4_IN
                0x00000000800042c0                IfxScu_REQ6_P02_0_IN
                0x00000000800042d4                IfxScu_REQ5_P10_8_IN
                0x00000000800042e8                IfxScu_REQ4_P10_7_IN
                0x00000000800042fc                IfxScu_REQ3_P10_3_IN
                0x0000000080004310                IfxScu_REQ2_P10_2_IN
                0x0000000080004324                IfxScu_REQ1_P15_8_IN
                0x0000000080004338                IfxScu_REQ16_P15_1_IN
                0x000000008000434c                IfxScu_REQ15_P14_1_IN
                0x0000000080004360                IfxScu_REQ14_P02_1_IN
                0x0000000080004374                IfxScu_REQ13_P15_5_IN
                0x0000000080004388                IfxScu_REQ12_P11_10_IN
                0x000000008000439c                IfxScu_REQ11_P20_9_IN
                0x00000000800043b0                IfxScu_REQ10_P14_3_IN
                0x00000000800043c4                IfxScu_REQ0_P15_4_IN
                0x00000000800043d8                IfxScu_HWCFG6_P14_4_IN
                0x00000000800043e4                IfxScu_HWCFG5_P10_6_IN
                0x00000000800043f0                IfxScu_HWCFG4_P10_5_IN
                0x00000000800043fc                IfxScu_HWCFG3_BMI_P14_3_IN
                0x0000000080004408                IfxScu_HWCFG2EVR13_P14_2_IN
                0x0000000080004414                IfxScu_HWCFG1EVR33_P14_5_IN
                0x0000000080004420                IfxScu_HWCFG0DCLDO_P14_6_IN
                0x000000008000442c                IfxScu_EXTCLK1_P32_4_OUT
                0x000000008000443c                IfxScu_EXTCLK1_P11_12_OUT
                0x000000008000444c                IfxScu_EXTCLK0_P23_1_OUT
                0x000000008000445c                IfxScu_EVRWUPB_P15_1_IN
                0x000000008000446c                IfxScu_EVRWUPA_P14_1_IN
                0x000000008000447c                IfxScu_EMGSTOPB_P21_2_IN
                0x000000008000448c                IfxScu_EMGSTOPA_P33_8_IN
                0x000000008000449c                IfxScu_DCDCSYNC_P33_13_OUT
                0x00000000800044ac                IfxScu_DCDCSYNC_P32_2_OUT
 .rodata        0x00000000800044bc       0x40 obj/illd/src/IfxVadc_Adc.c.o
 .rodata        0x00000000800044fc      0x210 obj/shiparker_App.c.o
                0x0000000080004594                Kp_rad_to_delta_power
                0x000000008000459c                motor_power_normal
                0x00000000800045a4                motor_power_turn
 .rodata        0x000000008000470c       0xa0 obj/uart_Driver.c.o
 .rodata        0x00000000800047ac       0x14 c:/hightec/toolchains/tricore/v4.9.3.0-infineon-1.0/bin/../lib/gcc/tricore/4.9.4/tc161\libgcc.a(_thenan_df.o)
                0x00000000800047ac                __thenan_df
 .rodata        0x00000000800047c0        0x8 c:/hightec/toolchains/tricore/v4.9.3.0-infineon-1.0/bin/../lib/gcc/tricore/4.9.4/../../../../tricore/lib/tc161\libc.a(lib_a-impure.o)
                0x00000000800047c0                _global_impure_ptr
 .rodata        0x00000000800047c8       0x54 c:/hightec/toolchains/tricore/v4.9.3.0-infineon-1.0/bin/../lib/gcc/tricore/4.9.4/../../../../tricore/lib/tc161\libc.a(lib_a-svfprintf.o)
 .rodata        0x000000008000481c        0xf c:/hightec/toolchains/tricore/v4.9.3.0-infineon-1.0/bin/../lib/gcc/tricore/4.9.4/../../../../tricore/lib/tc161\libc.a(lib_a-dtoa.o)
 *fill*         0x000000008000482b        0x1 00
 .rodata        0x000000008000482c       0x44 c:/hightec/toolchains/tricore/v4.9.3.0-infineon-1.0/bin/../lib/gcc/tricore/4.9.4/../../../../tricore/lib/tc161\libc.a(lib_a-locale.o)
 .rodata        0x0000000080004870      0x124 c:/hightec/toolchains/tricore/v4.9.3.0-infineon-1.0/bin/../lib/gcc/tricore/4.9.4/../../../../tricore/lib/tc161\libc.a(lib_a-mprec.o)
                0x000000008000487c                __mprec_tinytens
                0x00000000800048a4                __mprec_bigtens
                0x00000000800048cc                __mprec_tens
 .rodata        0x0000000080004994       0x40 c:/hightec/toolchains/tricore/v4.9.3.0-infineon-1.0/bin/../lib/gcc/tricore/4.9.4/../../../../tricore/lib/tc161\libm.a(lib_a-s_atan.o)
 .rodata        0x00000000800049d4      0x398 c:/hightec/toolchains/tricore/v4.9.3.0-infineon-1.0/bin/../lib/gcc/tricore/4.9.4/../../../../tricore/lib/tc161\libm.a(lib_a-ef_rem_pio2.o)
 .rodata        0x0000000080004d6c       0x38 c:/hightec/toolchains/tricore/v4.9.3.0-infineon-1.0/bin/../lib/gcc/tricore/4.9.4/../../../../tricore/lib/tc161\libm.a(lib_a-kf_rem_pio2.o)
 *(.rodata.*)
 *(.gnu.linkonce.r.*)
                0x0000000080004da4                . = ALIGN (0x4)
                0x0000000080004da4                PROVIDE (__clear_table, .)
                0x0000000080004da4        0x4 LONG 0x50000000 (0x0 + ADDR (.CPU2.zbss))
                0x0000000080004da8        0x4 LONG 0x0 SIZEOF (.CPU2.zbss)
                0x0000000080004dac        0x4 LONG 0x50000000 (0x0 + ADDR (.CPU2.bss))
                0x0000000080004db0        0x4 LONG 0x0 SIZEOF (.CPU2.bss)
                0x0000000080004db4        0x4 LONG 0x60000000 (0x0 + ADDR (.CPU1.zbss))
                0x0000000080004db8        0x4 LONG 0x0 SIZEOF (.CPU1.zbss)
                0x0000000080004dbc        0x4 LONG 0x60000000 (0x0 + ADDR (.CPU1.bss))
                0x0000000080004dc0        0x4 LONG 0x0 SIZEOF (.CPU1.bss)
                0x0000000080004dc4        0x4 LONG 0x70002130 (0x0 + ADDR (.CPU0.zbss))
                0x0000000080004dc8        0x4 LONG 0x0 SIZEOF (.CPU0.zbss)
                0x0000000080004dcc        0x4 LONG 0x70002130 (0x0 + ADDR (.CPU0.bss))
                0x0000000080004dd0        0x4 LONG 0x0 SIZEOF (.CPU0.bss)
                0x0000000080004dd4        0x4 LONG 0x70000000 (0x0 + ADDR (.zbss))
                0x0000000080004dd8        0x4 LONG 0x0 SIZEOF (.zbss)
                0x0000000080004ddc        0x4 LONG 0x70000000 (0x0 + ADDR (.sbss))
                0x0000000080004de0        0x4 LONG 0x0 SIZEOF (.sbss)
                0x0000000080004de4        0x4 LONG 0x700019b8 (0x0 + ADDR (.bss))
                0x0000000080004de8        0x4 LONG 0x778 SIZEOF (.bss)
                0x0000000080004dec        0x4 LONG 0xb0000000 (0x0 + ADDR (.lmu_zbss))
                0x0000000080004df0        0x4 LONG 0x0 SIZEOF (.lmu_zbss)
                0x0000000080004df4        0x4 LONG 0xb0000000 (0x0 + ADDR (.lmu_sbss))
                0x0000000080004df8        0x4 LONG 0x0 SIZEOF (.lmu_sbss)
                0x0000000080004dfc        0x4 LONG 0xb0000000 (0x0 + ADDR (.lmu_bss))
                0x0000000080004e00        0x4 LONG 0x0 SIZEOF (.lmu_bss)
                0x0000000080004e04        0x4 LONG 0xffffffffffffffff
                0x0000000080004e08        0x4 LONG 0xffffffffffffffff
                0x0000000080004e0c                PROVIDE (__copy_table, .)
                0x0000000080004e0c        0x4 LONG 0x800173a0 LOADADDR (.CPU2.zdata)
                0x0000000080004e10        0x4 LONG 0x50000000 ADDR (.CPU2.zdata)
                0x0000000080004e14        0x4 LONG 0x0 SIZEOF (.CPU2.zdata)
                0x0000000080004e18        0x4 LONG 0x800173a0 LOADADDR (.CPU2.data)
                0x0000000080004e1c        0x4 LONG 0x50000000 ADDR (.CPU2.data)
                0x0000000080004e20        0x4 LONG 0x0 SIZEOF (.CPU2.data)
                0x0000000080004e24        0x4 LONG 0x800173a0 LOADADDR (.CPU1.zdata)
                0x0000000080004e28        0x4 LONG 0x60000000 ADDR (.CPU1.zdata)
                0x0000000080004e2c        0x4 LONG 0x0 SIZEOF (.CPU1.zdata)
                0x0000000080004e30        0x4 LONG 0x800173a0 LOADADDR (.CPU1.data)
                0x0000000080004e34        0x4 LONG 0x60000000 ADDR (.CPU1.data)
                0x0000000080004e38        0x4 LONG 0x0 SIZEOF (.CPU1.data)
                0x0000000080004e3c        0x4 LONG 0x800173a0 LOADADDR (.CPU0.zdata)
                0x0000000080004e40        0x4 LONG 0x70002130 ADDR (.CPU0.zdata)
                0x0000000080004e44        0x4 LONG 0x0 SIZEOF (.CPU0.zdata)
                0x0000000080004e48        0x4 LONG 0x800173a0 LOADADDR (.CPU0.data)
                0x0000000080004e4c        0x4 LONG 0x70002130 ADDR (.CPU0.data)
                0x0000000080004e50        0x4 LONG 0x0 SIZEOF (.CPU0.data)
                0x0000000080004e54        0x4 LONG 0x800159e8 LOADADDR (.zdata)
                0x0000000080004e58        0x4 LONG 0x70000000 ADDR (.zdata)
                0x0000000080004e5c        0x4 LONG 0x0 SIZEOF (.zdata)
                0x0000000080004e60        0x4 LONG 0x800159e8 LOADADDR (.sdata)
                0x0000000080004e64        0x4 LONG 0x70000000 ADDR (.sdata)
                0x0000000080004e68        0x4 LONG 0x0 SIZEOF (.sdata)
                0x0000000080004e6c        0x4 LONG 0x800159e8 LOADADDR (.data)
                0x0000000080004e70        0x4 LONG 0x70000000 ADDR (.data)
                0x0000000080004e74        0x4 LONG 0x19b8 SIZEOF (.data)
                0x0000000080004e78        0x4 LONG 0x800173a0 LOADADDR (.lmu_zdata)
                0x0000000080004e7c        0x4 LONG 0xb0000000 ADDR (.lmu_zdata)
                0x0000000080004e80        0x4 LONG 0x0 SIZEOF (.lmu_zdata)
                0x0000000080004e84        0x4 LONG 0x800173a0 LOADADDR (.lmu_sdata)
                0x0000000080004e88        0x4 LONG 0xb0000000 ADDR (.lmu_sdata)
                0x0000000080004e8c        0x4 LONG 0x0 SIZEOF (.lmu_sdata)
                0x0000000080004e90        0x4 LONG 0x800173a0 LOADADDR (.lmu_data)
                0x0000000080004e94        0x4 LONG 0xb0000000 ADDR (.lmu_data)
                0x0000000080004e98        0x4 LONG 0x0 SIZEOF (.lmu_data)
                0x0000000080004e9c        0x4 LONG 0x800173a0 LOADADDR (.CPU0.psram_text)
                0x0000000080004ea0        0x4 LONG 0x70100000 ADDR (.CPU0.psram_text)
                0x0000000080004ea4        0x4 LONG 0x0 SIZEOF (.CPU0.psram_text)
                0x0000000080004ea8        0x4 LONG 0x800173a0 LOADADDR (.CPU1.psram_text)
                0x0000000080004eac        0x4 LONG 0x60100000 ADDR (.CPU1.psram_text)
                0x0000000080004eb0        0x4 LONG 0x0 SIZEOF (.CPU1.psram_text)
                0x0000000080004eb4        0x4 LONG 0x800173a0 LOADADDR (.CPU2.psram_text)
                0x0000000080004eb8        0x4 LONG 0x50100000 ADDR (.CPU2.psram_text)
                0x0000000080004ebc        0x4 LONG 0x0 SIZEOF (.CPU2.psram_text)
                0x0000000080004ec0        0x4 LONG 0xffffffffffffffff
                0x0000000080004ec4        0x4 LONG 0xffffffffffffffff
                0x0000000080004ec8        0x4 LONG 0xffffffffffffffff
                0x0000000080004ed0                . = ALIGN (0x8)
 *fill*         0x0000000080004ecc        0x4 00

.traptab        memory region -> PMU_PFLASH
                0x0000000080004f00      0x100
 *(.traptab)
 *(.traptab*)
 .traptab_cpu0  0x0000000080004f00      0x100 C:\Users\USER\Desktop\AUTODR~1\TC275\erika\lib\libee.a(ee_tc_trapvec.c.o)
                0x0000000080004f00                osEE_tc_trap_mmu
                0x0000000080004f00                __TRAPTAB
                0x0000000080004f20                osEE_tc_trap_protection
                0x0000000080004f40                osEE_tc_trap_instruction
                0x0000000080004f60                osEE_tc_trap_context
                0x0000000080004f80                osEE_tc_trap_bus
                0x0000000080004fa0                osEE_tc_trap_assertion
                0x0000000080004fc0                osEE_tc_trap_system
                0x0000000080004fe0                osEE_tc_trap_nmi
                0x0000000080005000                . = ALIGN (0x8)

.eh_frame       memory region -> PMU_PFLASH
                0x0000000080005000        0x0
 *(.gcc_except_table)
                0x0000000080005000                __EH_FRAME_BEGIN__ = .
 *(.eh_frame)
                0x0000000080005000                __EH_FRAME_END__ = .
 *(.jcr)
                0x0000000080005000                . = ALIGN (0x8)

.ctors          memory region -> PMU_PFLASH
                0x0000000080005000        0x8
                0x0000000080005000                __CTOR_LIST__ = .
                0x0000000080005000        0x4 LONG 0x0 (((__CTOR_END__ - __CTOR_LIST__) / 0x4) - 0x2)
 *(.ctors)
                0x0000000080005004        0x4 LONG 0x0
                0x0000000080005008                __CTOR_END__ = .
                0x0000000080005008                . = ALIGN (0x8)

.dtors          memory region -> PMU_PFLASH
                0x0000000080005008        0x8
                0x0000000080005008                __DTOR_LIST__ = .
                0x0000000080005008        0x4 LONG 0x0 (((__DTOR_END__ - __DTOR_LIST__) / 0x4) - 0x2)
 *(.dtors)
                0x000000008000500c        0x4 LONG 0x0
                0x0000000080005010                __DTOR_END__ = .
                0x0000000080005010                . = ALIGN (0x8)

.inttab_cpu0    memory region -> PMU_PFLASH
                0x0000000080006000     0x2000
 *(.inttab_cpu0)
 .inttab_cpu0   0x0000000080006000     0x2000 C:\Users\USER\Desktop\AUTODR~1\TC275\erika\lib\libee.a(ee_tc_intvec.c.o)
                0x0000000080006000                __INTTAB0
                0x0000000080006020                osEE_tc_isr_dummy_entry_1
                0x0000000080006040                osEE_tc_isr_dummy_entry_2
                0x0000000080006060                osEE_tc_isr_dummy_entry_3
                0x0000000080006080                osEE_tc_isr_dummy_entry_4
                0x00000000800060a0                osEE_tc_isr_dummy_entry_5
                0x00000000800060c0                osEE_tc_isr2_entry_6
                0x00000000800060e0                osEE_tc_isr2_entry_7
                0x0000000080006100                osEE_tc_isr_dummy_entry_8
                0x0000000080006120                osEE_tc_isr_dummy_entry_9
                0x0000000080006140                osEE_tc_isr2_entry_10
                0x0000000080006160                osEE_tc_isr2_entry_11
                0x0000000080006180                osEE_tc_isr2_entry_12
                0x00000000800061a0                osEE_tc_isr2_entry_13
                0x00000000800061c0                osEE_tc_isr2_entry_14
                0x00000000800061e0                osEE_tc_isr2_entry_15
                0x0000000080006200                osEE_tc_isr_dummy_entry_16
                0x0000000080006220                osEE_tc_isr2_entry_17
                0x0000000080006240                osEE_tc_isr_dummy_entry_18
                0x0000000080006260                osEE_tc_isr_dummy_entry_19
                0x0000000080006280                osEE_tc_isr_dummy_entry_20
                0x00000000800062a0                osEE_tc_isr_dummy_entry_21
                0x00000000800062c0                osEE_tc_isr_dummy_entry_22
                0x00000000800062e0                osEE_tc_isr_dummy_entry_23
                0x0000000080006300                osEE_tc_isr_dummy_entry_24
                0x0000000080006320                osEE_tc_isr_dummy_entry_25
                0x0000000080006340                osEE_tc_isr_dummy_entry_26
                0x0000000080006360                osEE_tc_isr_dummy_entry_27
                0x0000000080006380                osEE_tc_isr_dummy_entry_28
                0x00000000800063a0                osEE_tc_isr_dummy_entry_29
                0x00000000800063c0                osEE_tc_isr_dummy_entry_30