Archive member included because of file (symbol)

C:\Users\USER\Desktop\WORKSP~1\SHIPAR~1\TC275\erika\lib\libee.a(ee_tc_cstart.c.o)
                              (__TRICORE_DERIVATE_NAME__)
C:\Users\USER\Desktop\WORKSP~1\SHIPAR~1\TC275\erika\lib\libee.a(ee_tc_system.c.o)
                              C:\Users\USER\Desktop\WORKSP~1\SHIPAR~1\TC275\erika\lib\libee.a(ee_tc_cstart.c.o) (osEE_tc_set_pll_fsource)
C:\Users\USER\Desktop\WORKSP~1\SHIPAR~1\TC275\erika\lib\libee.a(ee_tc_trapvec.c.o)
                              C:\Users\USER\Desktop\WORKSP~1\SHIPAR~1\TC275\erika\lib\libee.a(ee_tc_cstart.c.o) (__TRAPTAB)
C:\Users\USER\Desktop\WORKSP~1\SHIPAR~1\TC275\erika\lib\libee.a(ee_tc_intvec.c.o)
                              C:\Users\USER\Desktop\WORKSP~1\SHIPAR~1\TC275\erika\lib\libee.a(ee_tc_cstart.c.o) (__INTTAB0)
C:\Users\USER\Desktop\WORKSP~1\SHIPAR~1\TC275\erika\lib\libee.a(ee_oo_api_osek.c.o)
                              obj/bsw.c.o (DisableAllInterrupts)
C:\Users\USER\Desktop\WORKSP~1\SHIPAR~1\TC275\erika\lib\libee.a(ee_oo_sched_entry_points.c.o)
                              obj/ee_applcfg.c.o (osEE_idle_hook_wrapper)
C:\Users\USER\Desktop\WORKSP~1\SHIPAR~1\TC275\erika\lib\libee.a(ee_oo_scheduler.c.o)
                              C:\Users\USER\Desktop\WORKSP~1\SHIPAR~1\TC275\erika\lib\libee.a(ee_oo_api_osek.c.o) (osEE_scheduler_core_pop_running)
C:\Users\USER\Desktop\WORKSP~1\SHIPAR~1\TC275\erika\lib\libee.a(ee_oo_kernel.c.o)
                              C:\Users\USER\Desktop\WORKSP~1\SHIPAR~1\TC275\erika\lib\libee.a(ee_oo_api_osek.c.o) (osEE_task_activated)
C:\Users\USER\Desktop\WORKSP~1\SHIPAR~1\TC275\erika\lib\libee.a(ee_oo_sched_partitioned.c.o)
                              C:\Users\USER\Desktop\WORKSP~1\SHIPAR~1\TC275\erika\lib\libee.a(ee_oo_api_osek.c.o) (osEE_scheduler_task_activated)
C:\Users\USER\Desktop\WORKSP~1\SHIPAR~1\TC275\erika\lib\libee.a(ee_std_change_context.c.o)
                              C:\Users\USER\Desktop\WORKSP~1\SHIPAR~1\TC275\erika\lib\libee.a(ee_oo_api_osek.c.o) (osEE_change_context_from_running)
C:\Users\USER\Desktop\WORKSP~1\SHIPAR~1\TC275\erika\lib\libee.a(ee_tc_hal.c.o)
                              C:\Users\USER\Desktop\WORKSP~1\SHIPAR~1\TC275\erika\lib\libee.a(ee_oo_api_osek.c.o) (osEE_cpu_startos)
C:\Users\USER\Desktop\WORKSP~1\SHIPAR~1\TC275\erika\lib\libee.a(ee_tc_ctx.c.o)
                              C:\Users\USER\Desktop\WORKSP~1\SHIPAR~1\TC275\erika\lib\libee.a(ee_std_change_context.c.o) (osEE_hal_ready2stacked)
c:/hightec/toolchains/tricore/v4.9.3.0-infineon-1.0/bin/../lib/gcc/tricore/4.9.4/tc161\libgcc.a(_lshrdi3.o)
                              obj/illd/src/IfxStm.c.o (__lshrdi3)
c:/hightec/toolchains/tricore/v4.9.3.0-infineon-1.0/bin/../lib/gcc/tricore/4.9.4/tc161\libgcc.a(_floatundidf.o)
                              obj/steering_Pid.c.o (__floatundidf)
c:/hightec/toolchains/tricore/v4.9.3.0-infineon-1.0/bin/../lib/gcc/tricore/4.9.4/tc161\libgcc.a(_sf_to_df.o)
                              obj/illd/Libraries/iLLD/TC27D/Tricore/Vadc/std/IfxVadc.c.o (__extendsfdf2)
c:/hightec/toolchains/tricore/v4.9.3.0-infineon-1.0/bin/../lib/gcc/tricore/4.9.4/tc161\libgcc.a(_addsub_df.o)
                              obj/illd/Libraries/iLLD/TC27D/Tricore/Vadc/std/IfxVadc.c.o (__adddf3)
c:/hightec/toolchains/tricore/v4.9.3.0-infineon-1.0/bin/../lib/gcc/tricore/4.9.4/tc161\libgcc.a(_mul_df.o)
                              obj/bsw.c.o (__muldf3)
c:/hightec/toolchains/tricore/v4.9.3.0-infineon-1.0/bin/../lib/gcc/tricore/4.9.4/tc161\libgcc.a(_div_df.o)
                              obj/illd/Libraries/iLLD/TC27D/Tricore/Vadc/std/IfxVadc.c.o (__divdf3)
c:/hightec/toolchains/tricore/v4.9.3.0-infineon-1.0/bin/../lib/gcc/tricore/4.9.4/tc161\libgcc.a(_gt_df.o)
                              obj/steering_Pid.c.o (__gtdf2)
c:/hightec/toolchains/tricore/v4.9.3.0-infineon-1.0/bin/../lib/gcc/tricore/4.9.4/tc161\libgcc.a(_si_to_df.o)
                              obj/bsw.c.o (__floatsidf)
c:/hightec/toolchains/tricore/v4.9.3.0-infineon-1.0/bin/../lib/gcc/tricore/4.9.4/tc161\libgcc.a(_df_to_si.o)
                              obj/bsw.c.o (__fixdfsi)
c:/hightec/toolchains/tricore/v4.9.3.0-infineon-1.0/bin/../lib/gcc/tricore/4.9.4/tc161\libgcc.a(_make_df.o)
                              c:/hightec/toolchains/tricore/v4.9.3.0-infineon-1.0/bin/../lib/gcc/tricore/4.9.4/tc161\libgcc.a(_sf_to_df.o) (__make_dp)
c:/hightec/toolchains/tricore/v4.9.3.0-infineon-1.0/bin/../lib/gcc/tricore/4.9.4/tc161\libgcc.a(_df_to_sf.o)
                              obj/illd/Libraries/iLLD/TC27D/Tricore/Vadc/std/IfxVadc.c.o (__truncdfsf2)
c:/hightec/toolchains/tricore/v4.9.3.0-infineon-1.0/bin/../lib/gcc/tricore/4.9.4/tc161\libgcc.a(_thenan_df.o)
                              c:/hightec/toolchains/tricore/v4.9.3.0-infineon-1.0/bin/../lib/gcc/tricore/4.9.4/tc161\libgcc.a(_addsub_df.o) (__thenan_df)
c:/hightec/toolchains/tricore/v4.9.3.0-infineon-1.0/bin/../lib/gcc/tricore/4.9.4/tc161\libgcc.a(_usi_to_df.o)
[...]
Memory Configuration

Name             Origin             Length             Used               Free               Attributes
DMI_DSPR2_local  0x00000000d0000000 0x000000000001e000         0x0000000000000000         0x000000000001e000 w !xpc2
DMI_DSPR2        0x0000000050000000 0x000000000001e000         0x000000000001dc00         0x0000000000000400 w !xpc2
PMI_PSPR2        0x0000000050100000 0x0000000000006000         0x0000000000000000         0x0000000000006000 xw !pc2
DMI_DSPR1_local  0x00000000d0000000 0x000000000001e000         0x0000000000000000         0x000000000001e000 w !xpc1
DMI_DSPR1        0x0000000060000000 0x000000000001e000         0x000000000001dc00         0x0000000000000400 w !xpc1
PMI_PSPR1        0x0000000060100000 0x0000000000006000         0x0000000000000000         0x0000000000006000 xw !pc1
DMI_DSPR0_local  0x00000000d0000000 0x000000000001c000         0x0000000000000000         0x000000000001c000 w !xpc0
DMI_DSPR0        0x0000000070000000 0x000000000001c000         0x000000000001bc00         0x0000000000000400 w !xpc0
PMI_PSPR0        0x0000000070100000 0x0000000000006000         0x0000000000000000         0x0000000000006000 xw !pc0
PMI_PSRAM_local  0x00000000c0000000 0x0000000000006000         0x0000000000000000         0x0000000000006000 xw !p
PMU_PFLASH       0x0000000080000000 0x0000000000400000         0x000000000000ef70         0x00000000003f1090 xr !p
PMU_PFLASH_nc    0x00000000a0000000 0x0000000000400000         0x0000000000000000         0x0000000000400000 xr !p
PMU_DFLASH0      0x00000000af000000 0x0000000000104000         0x0000000000000000         0x0000000000104000 r !xp
PMU_DFLASH1      0x00000000af110000 0x0000000000010000         0x0000000000000000         0x0000000000010000 r !xp
LMU_SRAM         0x0000000090000000 0x0000000000008000         0x0000000000000000         0x0000000000008000 w !xp
LMU_SRAM_nc      0x00000000b0000000 0x0000000000008000         0x0000000000000000         0x0000000000008000 w !xp
EDMEM            0x000000009f000000 0x0000000000100000         0x0000000000000000         0x0000000000100000 w !xp
EDMEM_nc         0x00000000bf000000 0x0000000000100000         0x0000000000000000         0x0000000000100000 w !xp
BROM             0x000000008fff8000 0x0000000000008000         0x0000000000000000         0x0000000000008000 xr !p
*default*        0x0000000000000000 0xffffffffffffffff         0x0000000000000000         0xffffffffffffffff

List of aliases

DMI_DSPR0       : GLOBAL_RAM

Memory region maps:

CORE     Local Region   Global Region
CPU0     0xd0000000     0x70000000
CPU1     0xd0000000     0x60000000
CPU2     0xd0000000     0x50000000


Linker script and memory map

LOAD obj/asw.c.o
LOAD obj/bsw.c.o
LOAD obj/ee_applcfg.c.o
LOAD obj/illd/Libraries/iLLD/TC27D/Tricore/Vadc/std/IfxVadc.c.o
LOAD obj/illd/Libraries/iLLD/TC27D/Tricore/_Impl/IfxVadc_cfg.c.o
LOAD obj/illd/src/Bsp.c.o
LOAD obj/illd/src/CompilerGnuc.c.o
LOAD obj/illd/src/IfxAsclin.c.o
LOAD obj/illd/src/IfxAsclin_Asc.c.o
LOAD obj/illd/src/IfxAsclin_PinMap.c.o
LOAD obj/illd/src/IfxAsclin_cfg.c.o
LOAD obj/illd/src/IfxCpu.c.o
LOAD obj/illd/src/IfxCpu_Irq.c.o
LOAD obj/illd/src/IfxCpu_cfg.c.o
LOAD obj/illd/src/IfxPort.c.o
LOAD obj/illd/src/IfxPort_cfg.c.o
LOAD obj/illd/src/IfxScuCcu.c.o
LOAD obj/illd/src/IfxScuEru.c.o
LOAD obj/illd/src/IfxScuWdt.c.o
LOAD obj/illd/src/IfxScu_PinMap.c.o
LOAD obj/illd/src/IfxScu_cfg.c.o
LOAD obj/illd/src/IfxSrc.c.o
LOAD obj/illd/src/IfxSrc_cfg.c.o
LOAD obj/illd/src/IfxStdIf_DPipe.c.o
LOAD obj/illd/src/IfxStm.c.o
LOAD obj/illd/src/IfxStm_cfg.c.o
LOAD obj/illd/src/IfxVadc_Adc.c.o
LOAD obj/illd/src/Ifx_CircularBuffer.c.o
LOAD obj/illd/src/Ifx_Fifo.c.o
LOAD obj/steering_Pid.c.o
LOAD obj/uart_Driver.c.o
LOAD obj/ultrasonic_Driver.c.o
START GROUP
LOAD C:\Users\USER\Desktop\WORKSP~1\SHIPAR~1\TC275\erika\lib\libee.a
END GROUP
LOAD c:/hightec/toolchains/tricore/v4.9.3.0-infineon-1.0/bin/../lib/gcc/tricore/4.9.4/tc161\libgcc.a
LOAD c:/hightec/toolchains/tricore/v4.9.3.0-infineon-1.0/bin/../lib/gcc/tricore/4.9.4/../../../../tricore/lib/tc161\libc.a
LOAD c:/hightec/toolchains/tricore/v4.9.3.0-infineon-1.0/bin/../lib/gcc/tricore/4.9.4/../../../../tricore/lib/tc161\libos.a
LOAD c:/hightec/toolchains/tricore/v4.9.3.0-infineon-1.0/bin/../lib/gcc/tricore/4.9.4/../../../../tricore/lib/tc161\libm.a
LOAD c:/hightec/toolchains/tricore/v4.9.3.0-infineon-1.0/bin/../lib/gcc/tricore/4.9.4/../../../../tricore/lib/tc161\libc.a
LOAD c:/hightec/toolchains/tricore/v4.9.3.0-infineon-1.0/bin/../lib/gcc/tricore/4.9.4/tc161\libgcc.a
                0x0000000000002700                __TRICORE_DERIVATE_MEMORY_MAP__ = 0x2700
                [0x0000000000002000]                __CSA_SIZE = DEFINED (__CSA_SIZE)?__CSA_SIZE:0x2000
                [0x0000000000000400]                __ISTACK_SIZE = DEFINED (__ISTACK_SIZE)?__ISTACK_SIZE:0x400
                [0x0000000000001000]                __USTACK_SIZE = DEFINED (__USTACK_SIZE)?__USTACK_SIZE:0x1000
                [0x0000000000000000]                __HEAP_SIZE = DEFINED (__HEAP_SIZE)?__HEAP_SIZE:0x0
                [0x0000000000002000]                __CSA0_SIZE = DEFINED (__CSA0_SIZE)?__CSA0_SIZE:__CSA_SIZE
                [0x0000000000000400]                __ISTACK0_SIZE = DEFINED (__ISTACK0_SIZE)?__ISTACK0_SIZE:__ISTACK_SIZE
                [0x0000000000001000]                __USTACK0_SIZE = DEFINED (__USTACK0_SIZE)?__USTACK0_SIZE:__USTACK_SIZE
                [0x0000000000002000]                __CSA1_SIZE = DEFINED (__CSA1_SIZE)?__CSA1_SIZE:__CSA_SIZE
                [0x0000000000000400]                __ISTACK1_SIZE = DEFINED (__ISTACK1_SIZE)?__ISTACK1_SIZE:__ISTACK_SIZE
                [0x0000000000001000]                __USTACK1_SIZE = DEFINED (__USTACK1_SIZE)?__USTACK1_SIZE:__USTACK_SIZE
                [0x0000000000002000]                __CSA2_SIZE = DEFINED (__CSA2_SIZE)?__CSA2_SIZE:__CSA_SIZE
                [0x0000000000000400]                __ISTACK2_SIZE = DEFINED (__ISTACK2_SIZE)?__ISTACK2_SIZE:__ISTACK_SIZE
                [0x0000000000001000]                __USTACK2_SIZE = DEFINED (__USTACK2_SIZE)?__USTACK2_SIZE:__USTACK_SIZE
                0x0000000050000000                __DSPR2_START = 0x50000000
                0x0000000060000000                __DSPR1_START = 0x60000000
                0x0000000070000000                __DSPR0_START = 0x70000000
                0x000000000001e000                __DSPR2_SIZE = 0x1e000
                0x000000000001e000                __DSPR1_SIZE = 0x1e000
                0x000000000001c000                __DSPR0_SIZE = 0x1c000
                0x0000000000019c00                __CSA0_OFFSET = ((__DSPR0_SIZE - 0x400) - __CSA0_SIZE)
                0x0000000000019700                __ISTACK0_OFFSET = ((__CSA0_OFFSET - 0x100) - __ISTACK0_SIZE)
                0x0000000000018600                __USTACK0_OFFSET = ((__ISTACK0_OFFSET - 0x100) - __USTACK0_SIZE)
                0x000000000001bc00                __CSA1_OFFSET = ((__DSPR1_SIZE - 0x400) - __CSA1_SIZE)
                0x000000000001b700                __ISTACK1_OFFSET = ((__CSA1_OFFSET - 0x100) - __ISTACK1_SIZE)
                0x000000000001a600                __USTACK1_OFFSET = ((__ISTACK1_OFFSET - 0x100) - __USTACK1_SIZE)
                0x000000000001bc00                __CSA2_OFFSET = ((__DSPR2_SIZE - 0x400) - __CSA2_SIZE)
                0x000000000001b700                __ISTACK2_OFFSET = ((__CSA2_OFFSET - 0x100) - __ISTACK2_SIZE)
                0x000000000001a600                __USTACK2_OFFSET = ((__ISTACK2_OFFSET - 0x100) - __USTACK2_SIZE)

.bmhd0          memory region -> PMU_PFLASH
                0x0000000080000000        0x0
                0x0000000080000000                BootModeHeader0 = .
 *(.bmhd0)

.bmhd1          memory region -> PMU_PFLASH
                0x0000000080020000        0x0
                0x0000000080020000                BootModeHeader1 = .
 *(.bmhd1)

.startup        memory region -> PMU_PFLASH
                0x0000000080000020        0x6
                0x0000000080000020                BootModeIndex = .
 *(.startup)
 .startup       0x0000000080000020        0x6 C:\Users\USER\Desktop\WORKSP~1\SHIPAR~1\TC275\erika\lib\libee.a(ee_tc_cstart.c.o)
                0x0000000080000020                _start

.zrodata
 *(.zrodata)
 *(.zrodata.*)

.sdata2         memory region -> PMU_PFLASH
                0x0000000080000026        0x0
 *(.srodata)
 *(.srodata.*)
                0x0000000080008000                _SMALL_DATA2_ = SIZEOF (.sdata2)?(ADDR (.sdata2) + 0x8000):((ADDR (.sdata2) & 0xf0000000) + 0x8000)
                0x0000000080008000                __A1_MEM = _SMALL_DATA2_

.rodata         memory region -> PMU_PFLASH
                0x0000000080000028     0x1140
 *(.rodata)
 .rodata        0x0000000080000028        0x8 obj/asw.c.o
 .rodata        0x0000000080000030       0x64 obj/bsw.c.o
 .rodata        0x0000000080000094      0x108 obj/ee_applcfg.c.o
                0x0000000080000094                osEE_kdb_var
                0x00000000800000a8                osEE_cdb_var
 .rodata        0x000000008000019c        0x6 obj/illd/Libraries/iLLD/TC27D/Tricore/Vadc/std/IfxVadc.c.o
 *fill*         0x00000000800001a2        0x2 00
 .rodata        0x00000000800001a4       0xa0 obj/illd/Libraries/iLLD/TC27D/Tricore/_Impl/IfxVadc_cfg.c.o
                0x00000000800001a4                IfxVadc_cfg_srcAddresses
 .rodata        0x0000000080000244      0x6b0 obj/illd/src/IfxAsclin_PinMap.c.o
                0x0000000080000244                IfxAsclin3_TX_P32_3_OUT
                0x0000000080000254                IfxAsclin3_TX_P32_2_OUT
                0x0000000080000264                IfxAsclin3_TX_P22_1_OUT
                0x0000000080000274                IfxAsclin3_TX_P22_0_OUT
                0x0000000080000284                IfxAsclin3_TX_P21_7_OUT
                0x0000000080000294                IfxAsclin3_TX_P20_3_OUT
                0x00000000800002a4                IfxAsclin3_TX_P20_0_OUT
                0x00000000800002b4                IfxAsclin3_TX_P15_7_OUT
                0x00000000800002c4                IfxAsclin3_TX_P15_6_OUT
                0x00000000800002d4                IfxAsclin3_TX_P11_1_OUT
                0x00000000800002e4                IfxAsclin3_TX_P11_0_OUT
                0x00000000800002f4                IfxAsclin3_TX_P00_1_OUT
                0x0000000080000304                IfxAsclin3_TX_P00_0_OUT
                0x0000000080000314                IfxAsclin2_TX_P33_9_OUT
                0x0000000080000324                IfxAsclin2_TX_P33_8_OUT
                0x0000000080000334                IfxAsclin2_TX_P32_5_OUT
                0x0000000080000344                IfxAsclin2_TX_P14_3_OUT
                0x0000000080000354                IfxAsclin2_TX_P14_2_OUT
                0x0000000080000364                IfxAsclin2_TX_P10_5_OUT
                0x0000000080000374                IfxAsclin2_TX_P02_9_OUT
                0x0000000080000384                IfxAsclin2_TX_P02_0_OUT
                0x0000000080000394                IfxAsclin1_TX_P33_13_OUT
                0x00000000800003a4                IfxAsclin1_TX_P33_12_OUT
                0x00000000800003b4                IfxAsclin1_TX_P20_10_OUT
                0x00000000800003c4                IfxAsclin1_TX_P15_5_OUT
                0x00000000800003d4                IfxAsclin1_TX_P15_4_OUT
                0x00000000800003e4                IfxAsclin1_TX_P15_1_OUT
                0x00000000800003f4                IfxAsclin1_TX_P15_0_OUT
                0x0000000080000404                IfxAsclin1_TX_P14_10_OUT
                0x0000000080000414                IfxAsclin1_TX_P11_12_OUT
                0x0000000080000424                IfxAsclin1_TX_P02_2_OUT
                0x0000000080000434                IfxAsclin0_TX_P34_1_OUT
                0x0000000080000444                IfxAsclin0_TX_P15_3_OUT
                0x0000000080000454                IfxAsclin0_TX_P15_2_OUT
                0x0000000080000464                IfxAsclin0_TX_P14_1_OUT
                0x0000000080000474                IfxAsclin0_TX_P14_0_OUT
                0x0000000080000484                IfxAsclin3_SLSO_P33_1_OUT
                0x0000000080000494                IfxAsclin3_SLSO_P21_6_OUT
                0x00000000800004a4                IfxAsclin3_SLSO_P21_2_OUT
                0x00000000800004b4                IfxAsclin3_SLSO_P14_3_OUT
                0x00000000800004c4                IfxAsclin3_SLSO_P12_1_OUT
                0x00000000800004d4                IfxAsclin3_SLSO_P00_3_OUT
                0x00000000800004e4                IfxAsclin2_SLSO_P33_6_OUT
                0x00000000800004f4                IfxAsclin2_SLSO_P10_5_OUT
                0x0000000080000504                IfxAsclin2_SLSO_P02_3_OUT
                0x0000000080000514                IfxAsclin1_SLSO_P33_10_OUT
                0x0000000080000524                IfxAsclin1_SLSO_P20_8_OUT
                0x0000000080000534                IfxAsclin1_SLSO_P14_3_OUT
                0x0000000080000544                IfxAsclin3_SCLK_P33_2_OUT
                0x0000000080000554                IfxAsclin3_SCLK_P32_3_OUT
                0x0000000080000564                IfxAsclin3_SCLK_P21_7_OUT
                0x0000000080000574                IfxAsclin3_SCLK_P21_5_OUT
                0x0000000080000584                IfxAsclin3_SCLK_P20_0_OUT
                0x0000000080000594                IfxAsclin3_SCLK_P15_8_OUT
                0x00000000800005a4                IfxAsclin3_SCLK_P15_6_OUT
                0x00000000800005b4                IfxAsclin3_SCLK_P11_4_OUT
                0x00000000800005c4                IfxAsclin3_SCLK_P11_1_OUT
                0x00000000800005d4                IfxAsclin3_SCLK_P00_2_OUT
                0x00000000800005e4                IfxAsclin3_SCLK_P00_0_OUT
                0x00000000800005f4                IfxAsclin2_SCLK_P33_9_OUT
                0x0000000080000604                IfxAsclin2_SCLK_P33_7_OUT
                0x0000000080000614                IfxAsclin2_SCLK_P14_2_OUT
                0x0000000080000624                IfxAsclin2_SCLK_P10_6_OUT
                0x0000000080000634                IfxAsclin2_SCLK_P02_4_OUT
                0x0000000080000644                IfxAsclin1_SCLK_P33_12_OUT
                0x0000000080000654                IfxAsclin1_SCLK_P33_11_OUT
                0x0000000080000664                IfxAsclin1_SCLK_P20_10_OUT
                0x0000000080000674                IfxAsclin1_SCLK_P15_0_OUT
                0x0000000080000684                IfxAsclin0_SCLK_P15_2_OUT
                0x0000000080000694                IfxAsclin0_SCLK_P14_0_OUT
                0x00000000800006a4                IfxAsclin3_RXG_P21_3_IN
                0x00000000800006b4                IfxAsclin3_RXG_P21_2_IN
                0x00000000800006c4                IfxAsclin3_RXF_P21_6_IN
                0x00000000800006d4                IfxAsclin3_RXE_P00_1_IN
                0x00000000800006e4                IfxAsclin3_RXD_P32_2_IN
                0x00000000800006f4                IfxAsclin3_RXC_P20_3_IN
                0x0000000080000704                IfxAsclin3_RXB_P11_0_IN
                0x0000000080000714                IfxAsclin3_RXA_P15_7_IN
                0x0000000080000724                IfxAsclin2_RXG_P02_0_IN
                0x0000000080000734                IfxAsclin2_RXF_P32_6_IN
                0x0000000080000744                IfxAsclin2_RXE_P33_8_IN
                0x0000000080000754                IfxAsclin2_RXD_P10_6_IN
                0x0000000080000764                IfxAsclin2_RXC_P02_10_IN
                0x0000000080000774                IfxAsclin2_RXB_P02_1_IN
                0x0000000080000784                IfxAsclin2_RXA_P14_3_IN
                0x0000000080000794                IfxAsclin1_RXG_P02_3_IN
                0x00000000800007a4                IfxAsclin1_RXF_P33_13_IN
                0x00000000800007b4                IfxAsclin1_RXE_P11_10_IN
                0x00000000800007c4                IfxAsclin1_RXD_P14_8_IN
                0x00000000800007d4                IfxAsclin1_RXC_P20_9_IN
                0x00000000800007e4                IfxAsclin1_RXB_P15_5_IN
                0x00000000800007f4                IfxAsclin1_RXA_P15_1_IN
                0x0000000080000804                IfxAsclin0_RXD_P34_2_IN
                0x0000000080000814                IfxAsclin0_RXB_P15_3_IN
                0x0000000080000824                IfxAsclin0_RXA_P14_1_IN
                0x0000000080000834                IfxAsclin3_RTS_P00_9_OUT
                0x0000000080000844                IfxAsclin2_RTS_P33_4_OUT
                0x0000000080000854                IfxAsclin2_RTS_P10_8_OUT
                0x0000000080000864                IfxAsclin1_RTS_P23_1_OUT
                0x0000000080000874                IfxAsclin1_RTS_P20_6_OUT
                0x0000000080000884                IfxAsclin0_RTS_P14_7_OUT
                0x0000000080000894                IfxAsclin3_CTSA_P00_12_IN
                0x00000000800008a4                IfxAsclin2_CTSB_P33_5_IN
                0x00000000800008b4                IfxAsclin2_CTSA_P10_7_IN
                0x00000000800008c4                IfxAsclin1_CTSB_P32_4_IN
                0x00000000800008d4                IfxAsclin1_CTSA_P20_7_IN
                0x00000000800008e4                IfxAsclin0_CTSA_P14_9_IN
 .rodata        0x00000000800008f4       0x20 obj/illd/src/IfxAsclin_cfg.c.o
                0x00000000800008f4                IfxAsclin_cfg_indexMap
 .rodata        0x0000000080000914      0x100 obj/illd/src/IfxPort_cfg.c.o
                0x0000000080000914                IfxPort_cfg_indexMap
                0x0000000080000994                IfxPort_cfg_esrMasks
 .rodata        0x0000000080000a14       0x80 obj/illd/src/IfxScuCcu.c.o
                0x0000000080000a14                IfxScuCcu_defaultErayPllConfig
                0x0000000080000a1c                IfxScuCcu_defaultClockConfig
 .rodata        0x0000000080000a94      0x278 obj/illd/src/IfxScu_PinMap.c.o
                0x0000000080000a94                IfxScu_WDTSLCK_P20_9_OUT
                0x0000000080000aa4                IfxScu_WDT2LCK_P20_6_OUT
                0x0000000080000ab4                IfxScu_WDT1LCK_P20_7_OUT
                0x0000000080000ac4                IfxScu_WDT0LCK_P20_8_OUT
                0x0000000080000ad4                IfxScu_REQ9_P20_0_IN
                0x0000000080000ae8                IfxScu_REQ8_P33_7_IN
                0x0000000080000afc                IfxScu_REQ7_P00_4_IN
                0x0000000080000b10                IfxScu_REQ6_P02_0_IN
                0x0000000080000b24                IfxScu_REQ5_P10_8_IN
                0x0000000080000b38                IfxScu_REQ4_P10_7_IN
                0x0000000080000b4c                IfxScu_REQ3_P10_3_IN
                0x0000000080000b60                IfxScu_REQ2_P10_2_IN
                0x0000000080000b74                IfxScu_REQ1_P15_8_IN
                0x0000000080000b88                IfxScu_REQ16_P15_1_IN
                0x0000000080000b9c                IfxScu_REQ15_P14_1_IN
                0x0000000080000bb0                IfxScu_REQ14_P02_1_IN
                0x0000000080000bc4                IfxScu_REQ13_P15_5_IN
                0x0000000080000bd8                IfxScu_REQ12_P11_10_IN
                0x0000000080000bec                IfxScu_REQ11_P20_9_IN
                0x0000000080000c00                IfxScu_REQ10_P14_3_IN
                0x0000000080000c14                IfxScu_REQ0_P15_4_IN
                0x0000000080000c28                IfxScu_HWCFG6_P14_4_IN
                0x0000000080000c34                IfxScu_HWCFG5_P10_6_IN
                0x0000000080000c40                IfxScu_HWCFG4_P10_5_IN
                0x0000000080000c4c                IfxScu_HWCFG3_BMI_P14_3_IN
                0x0000000080000c58                IfxScu_HWCFG2EVR13_P14_2_IN
                0x0000000080000c64                IfxScu_HWCFG1EVR33_P14_5_IN
                0x0000000080000c70                IfxScu_HWCFG0DCLDO_P14_6_IN
                0x0000000080000c7c                IfxScu_EXTCLK1_P32_4_OUT
                0x0000000080000c8c                IfxScu_EXTCLK1_P11_12_OUT
                0x0000000080000c9c                IfxScu_EXTCLK0_P23_1_OUT
                0x0000000080000cac                IfxScu_EVRWUPB_P15_1_IN
                0x0000000080000cbc                IfxScu_EVRWUPA_P14_1_IN
                0x0000000080000ccc                IfxScu_EMGSTOPB_P21_2_IN
                0x0000000080000cdc                IfxScu_EMGSTOPA_P33_8_IN
                0x0000000080000cec                IfxScu_DCDCSYNC_P33_13_OUT
                0x0000000080000cfc                IfxScu_DCDCSYNC_P32_2_OUT
 .rodata        0x0000000080000d0c       0x40 obj/illd/src/IfxVadc_Adc.c.o
 .rodata        0x0000000080000d4c      0x10c obj/uart_Driver.c.o
 .rodata        0x0000000080000e58       0x14 c:/hightec/toolchains/tricore/v4.9.3.0-infineon-1.0/bin/../lib/gcc/tricore/4.9.4/tc161\libgcc.a(_thenan_df.o)
                0x0000000080000e58                __thenan_df
 .rodata        0x0000000080000e6c        0x8 c:/hightec/toolchains/tricore/v4.9.3.0-infineon-1.0/bin/../lib/gcc/tricore/4.9.4/../../../../tricore/lib/tc161\libc.a(lib_a-impure.o)
                0x0000000080000e6c                _global_impure_ptr
 .rodata        0x0000000080000e74       0x54 c:/hightec/toolchains/tricore/v4.9.3.0-infineon-1.0/bin/../lib/gcc/tricore/4.9.4/../../../../tricore/lib/tc161\libc.a(lib_a-svfprintf.o)
 .rodata        0x0000000080000ec8        0xf c:/hightec/toolchains/tricore/v4.9.3.0-infineon-1.0/bin/../lib/gcc/tricore/4.9.4/../../../../tricore/lib/tc161\libc.a(lib_a-dtoa.o)
 *fill*         0x0000000080000ed7        0x1 00
 .rodata        0x0000000080000ed8       0x44 c:/hightec/toolchains/tricore/v4.9.3.0-infineon-1.0/bin/../lib/gcc/tricore/4.9.4/../../../../tricore/lib/tc161\libc.a(lib_a-locale.o)
 .rodata        0x0000000080000f1c      0x124 c:/hightec/toolchains/tricore/v4.9.3.0-infineon-1.0/bin/../lib/gcc/tricore/4.9.4/../../../../tricore/lib/tc161\libc.a(lib_a-mprec.o)
                0x0000000080000f28                __mprec_tinytens
                0x0000000080000f50                __mprec_bigtens
                0x0000000080000f78                __mprec_tens
 *(.rodata.*)
 *(.gnu.linkonce.r.*)
                0x0000000080001040                . = ALIGN (0x4)
                0x0000000080001040                PROVIDE (__clear_table, .)
                0x0000000080001040        0x4 LONG 0x50000000 (0x0 + ADDR (.CPU2.zbss))
                0x0000000080001044        0x4 LONG 0x0 SIZEOF (.CPU2.zbss)
                0x0000000080001048        0x4 LONG 0x50000000 (0x0 + ADDR (.CPU2.bss))
                0x000000008000104c        0x4 LONG 0x0 SIZEOF (.CPU2.bss)
                0x0000000080001050        0x4 LONG 0x60000000 (0x0 + ADDR (.CPU1.zbss))
                0x0000000080001054        0x4 LONG 0x0 SIZEOF (.CPU1.zbss)
                0x0000000080001058        0x4 LONG 0x60000000 (0x0 + ADDR (.CPU1.bss))
                0x000000008000105c        0x4 LONG 0x0 SIZEOF (.CPU1.bss)
                0x0000000080001060        0x4 LONG 0x70000f28 (0x0 + ADDR (.CPU0.zbss))
                0x0000000080001064        0x4 LONG 0x0 SIZEOF (.CPU0.zbss)
                0x0000000080001068        0x4 LONG 0x70000f28 (0x0 + ADDR (.CPU0.bss))
                0x000000008000106c        0x4 LONG 0x0 SIZEOF (.CPU0.bss)
                0x0000000080001070        0x4 LONG 0x70000000 (0x0 + ADDR (.zbss))
                0x0000000080001074        0x4 LONG 0x0 SIZEOF (.zbss)
                0x0000000080001078        0x4 LONG 0x70000000 (0x0 + ADDR (.sbss))
                0x000000008000107c        0x4 LONG 0x0 SIZEOF (.sbss)
                0x0000000080001080        0x4 LONG 0x70000978 (0x0 + ADDR (.bss))
                0x0000000080001084        0x4 LONG 0x5b0 SIZEOF (.bss)
                0x0000000080001088        0x4 LONG 0xb0000000 (0x0 + ADDR (.lmu_zbss))
                0x000000008000108c        0x4 LONG 0x0 SIZEOF (.lmu_zbss)
                0x0000000080001090        0x4 LONG 0xb0000000 (0x0 + ADDR (.lmu_sbss))
                0x0000000080001094        0x4 LONG 0x0 SIZEOF (.lmu_sbss)
                0x0000000080001098        0x4 LONG 0xb0000000 (0x0 + ADDR (.lmu_bss))
                0x000000008000109c        0x4 LONG 0x0 SIZEOF (.lmu_bss)
                0x00000000800010a0        0x4 LONG 0xffffffffffffffff
                0x00000000800010a4        0x4 LONG 0xffffffffffffffff
                0x00000000800010a8                PROVIDE (__copy_table, .)
                0x00000000800010a8        0x4 LONG 0x8000ef70 LOADADDR (.CPU2.zdata)
                0x00000000800010ac        0x4 LONG 0x50000000 ADDR (.CPU2.zdata)
                0x00000000800010b0        0x4 LONG 0x0 SIZEOF (.CPU2.zdata)
                0x00000000800010b4        0x4 LONG 0x8000ef70 LOADADDR (.CPU2.data)
                0x00000000800010b8        0x4 LONG 0x50000000 ADDR (.CPU2.data)
                0x00000000800010bc        0x4 LONG 0x0 SIZEOF (.CPU2.data)
                0x00000000800010c0        0x4 LONG 0x8000ef70 LOADADDR (.CPU1.zdata)
                0x00000000800010c4        0x4 LONG 0x60000000 ADDR (.CPU1.zdata)
                0x00000000800010c8        0x4 LONG 0x0 SIZEOF (.CPU1.zdata)
                0x00000000800010cc        0x4 LONG 0x8000ef70 LOADADDR (.CPU1.data)
                0x00000000800010d0        0x4 LONG 0x60000000 ADDR (.CPU1.data)
                0x00000000800010d4        0x4 LONG 0x0 SIZEOF (.CPU1.data)
                0x00000000800010d8        0x4 LONG 0x8000ef70 LOADADDR (.CPU0.zdata)
                0x00000000800010dc        0x4 LONG 0x70000f28 ADDR (.CPU0.zdata)
                0x00000000800010e0        0x4 LONG 0x0 SIZEOF (.CPU0.zdata)
                0x00000000800010e4        0x4 LONG 0x8000ef70 LOADADDR (.CPU0.data)
                0x00000000800010e8        0x4 LONG 0x70000f28 ADDR (.CPU0.data)
                0x00000000800010ec        0x4 LONG 0x0 SIZEOF (.CPU0.data)
                0x00000000800010f0        0x4 LONG 0x8000e5f8 LOADADDR (.zdata)
                0x00000000800010f4        0x4 LONG 0x70000000 ADDR (.zdata)
                0x00000000800010f8        0x4 LONG 0x0 SIZEOF (.zdata)
                0x00000000800010fc        0x4 LONG 0x8000e5f8 LOADADDR (.sdata)
                0x0000000080001100        0x4 LONG 0x70000000 ADDR (.sdata)
                0x0000000080001104        0x4 LONG 0x0 SIZEOF (.sdata)
                0x0000000080001108        0x4 LONG 0x8000e5f8 LOADADDR (.data)
                0x000000008000110c        0x4 LONG 0x70000000 ADDR (.data)
                0x0000000080001110        0x4 LONG 0x978 SIZEOF (.data)
                0x0000000080001114        0x4 LONG 0x8000ef70 LOADADDR (.lmu_zdata)
                0x0000000080001118        0x4 LONG 0xb0000000 ADDR (.lmu_zdata)
                0x000000008000111c        0x4 LONG 0x0 SIZEOF (.lmu_zdata)
                0x0000000080001120        0x4 LONG 0x8000ef70 LOADADDR (.lmu_sdata)
                0x0000000080001124        0x4 LONG 0xb0000000 ADDR (.lmu_sdata)
                0x0000000080001128        0x4 LONG 0x0 SIZEOF (.lmu_sdata)
                0x000000008000112c        0x4 LONG 0x8000ef70 LOADADDR (.lmu_data)
                0x0000000080001130        0x4 LONG 0xb0000000 ADDR (.lmu_data)
                0x0000000080001134        0x4 LONG 0x0 SIZEOF (.lmu_data)
                0x0000000080001138        0x4 LONG 0x8000ef70 LOADADDR (.CPU0.psram_text)
                0x000000008000113c        0x4 LONG 0x70100000 ADDR (.CPU0.psram_text)
                0x0000000080001140        0x4 LONG 0x0 SIZEOF (.CPU0.psram_text)
                0x0000000080001144        0x4 LONG 0x8000ef70 LOADADDR (.CPU1.psram_text)
                0x0000000080001148        0x4 LONG 0x60100000 ADDR (.CPU1.psram_text)
                0x000000008000114c        0x4 LONG 0x0 SIZEOF (.CPU1.psram_text)
                0x0000000080001150        0x4 LONG 0x8000ef70 LOADADDR (.CPU2.psram_text)
                0x0000000080001154        0x4 LONG 0x50100000 ADDR (.CPU2.psram_text)
                0x0000000080001158        0x4 LONG 0x0 SIZEOF (.CPU2.psram_text)
                0x000000008000115c        0x4 LONG 0xffffffffffffffff
                0x0000000080001160        0x4 LONG 0xffffffffffffffff
                0x0000000080001164        0x4 LONG 0xffffffffffffffff
                0x0000000080001168                . = ALIGN (0x8)

.traptab        memory region -> PMU_PFLASH
                0x0000000080001200      0x100
 *(.traptab)
 *(.traptab*)
 .traptab_cpu0  0x0000000080001200      0x100 C:\Users\USER\Desktop\WORKSP~1\SHIPAR~1\TC275\erika\lib\libee.a(ee_tc_trapvec.c.o)
                0x0000000080001200                osEE_tc_trap_mmu
                0x0000000080001200                __TRAPTAB
                0x0000000080001220                osEE_tc_trap_protection
                0x0000000080001240                osEE_tc_trap_instruction
                0x0000000080001260                osEE_tc_trap_context
                0x0000000080001280                osEE_tc_trap_bus
                0x00000000800012a0                osEE_tc_trap_assertion
                0x00000000800012c0                osEE_tc_trap_system
                0x00000000800012e0                osEE_tc_trap_nmi
                0x0000000080001300                . = ALIGN (0x8)

.eh_frame       memory region -> PMU_PFLASH
                0x0000000080001300        0x0
 *(.gcc_except_table)
                0x0000000080001300                __EH_FRAME_BEGIN__ = .
 *(.eh_frame)
                0x0000000080001300                __EH_FRAME_END__ = .
 *(.jcr)
                0x0000000080001300                . = ALIGN (0x8)

.ctors          memory region -> PMU_PFLASH
                0x0000000080001300        0x8
                0x0000000080001300                __CTOR_LIST__ = .
                0x0000000080001300        0x4 LONG 0x0 (((__CTOR_END__ - __CTOR_LIST__) / 0x4) - 0x2)
 *(.ctors)
                0x0000000080001304        0x4 LONG 0x0
                0x0000000080001308                __CTOR_END__ = .
                0x0000000080001308                . = ALIGN (0x8)

.dtors          memory region -> PMU_PFLASH
                0x0000000080001308        0x8
                0x0000000080001308                __DTOR_LIST__ = .
                0x0000000080001308        0x4 LONG 0x0 (((__DTOR_END__ - __DTOR_LIST__) / 0x4) - 0x2)
 *(.dtors)
                0x000000008000130c        0x4 LONG 0x0
                0x0000000080001310                __DTOR_END__ = .
                0x0000000080001310                . = ALIGN (0x8)

.inttab_cpu0    memory region -> PMU_PFLASH
                0x0000000080002000     0x2000
 *(.inttab_cpu0)
 .inttab_cpu0   0x0000000080002000     0x2000 C:\Users\USER\Desktop\WORKSP~1\SHIPAR~1\TC275\erika\lib\libee.a(ee_tc_intvec.c.o)
                0x0000000080002000                __INTTAB0
                0x0000000080002020                osEE_tc_isr_dummy_entry_1
                0x0000000080002040                osEE_tc_isr_dummy_entry_2
                0x0000000080002060                osEE_tc_isr_dummy_entry_3
                0x0000000080002080                osEE_tc_isr_dummy_entry_4
                0x00000000800020a0                osEE_tc_isr_dummy_entry_5
                0x00000000800020c0                osEE_tc_isr2_entry_6
                0x00000000800020e0                osEE_tc_isr_dummy_entry_7
                0x0000000080002100                osEE_tc_isr_dummy_entry_8
                0x0000000080002120                osEE_tc_isr_dummy_entry_9
                0x0000000080002140                osEE_tc_isr_dummy_entry_10
                0x0000000080002160                osEE_tc_isr_dummy_entry_11
                0x0000000080002180                osEE_tc_isr_dummy_entry_12
                0x00000000800021a0                osEE_tc_isr2_entry_13
                0x00000000800021c0                osEE_tc_isr2_entry_14
                0x00000000800021e0                osEE_tc_isr_dummy_entry_15
                0x0000000080002200                osEE_tc_isr_dummy_entry_16
                0x0000000080002220                osEE_tc_isr2_entry_17
                0x0000000080002240                osEE_tc_isr_dummy_entry_18
                0x0000000080002260                osEE_tc_isr_dummy_entry_19
                0x0000000080002280                osEE_tc_isr_dummy_entry_20
                0x00000000800022a0                osEE_tc_isr_dummy_entry_21
                0x00000000800022c0                osEE_tc_isr_dummy_entry_22
                0x00000000800022e0                osEE_tc_isr_dummy_entry_23
                0x0000000080002300                osEE_tc_isr_dummy_entry_24
                0x0000000080002320                osEE_tc_isr_dummy_entry_25
                0x0000000080002340                osEE_tc_isr_dummy_entry_26
                0x0000000080002360                osEE_tc_isr_dummy_entry_27
                0x0000000080002380                osEE_tc_isr_dummy_entry_28
                0x00000000800023a0                osEE_tc_isr_dummy_entry_29
                0x00000000800023c0                osEE_tc_isr_dummy_entry_30
                0x00000000800023e0                osEE_tc_isr_dummy_entry_31
                0x0000000080002400                osEE_tc_isr_dummy_entry_32
                0x0000000080002420                osEE_tc_isr_dummy_entry_33
                0x0000000080002440                osEE_tc_isr_dummy_entry_34
                0x0000000080002460                osEE_tc_isr_dummy_entry_35
                0x0000000080002480                osEE_tc_isr_dummy_entry_36
                0x00000000800024a0                osEE_tc_isr_dummy_entry_37
                0x00000000800024c0                osEE_tc_isr_dummy_entry_38
                0x00000000800024e0                osEE_tc_isr_dummy_entry_39
                0x0000000080002500                osEE_tc_isr_dummy_entry_40
                0x0000000080002520                osEE_tc_isr_dummy_entry_41
                0x0000000080002540                osEE_tc_isr_dummy_entry_42
                0x0000000080002560                osEE_tc_isr_dummy_entry_43
                0x0000000080002580                osEE_tc_isr_dummy_entry_44
                0x00000000800025a0                osEE_tc_isr_dummy_entry_45
                0x00000000800025c0                osEE_tc_isr_dummy_entry_46
                0x00000000800025e0                osEE_tc_isr_dummy_entry_47
                0x0000000080002600                osEE_tc_isr_dummy_entry_48
                0x0000000080002620                osEE_tc_isr_dummy_entry_49
                0x0000000080002640                osEE_tc_isr_dummy_entry_50
                0x0000000080002660                osEE_tc_isr_dummy_entry_51
                0x0000000080002680                osEE_tc_isr_dummy_entry_52
                0x00000000800026a0                osEE_tc_isr_dummy_entry_53
                0x00000000800026c0                osEE_tc_isr_dummy_entry_54
                0x00000000800026e0                osEE_tc_isr_dummy_entry_55
                0x0000000080002700                osEE_tc_isr_dummy_entry_56
                0x0000000080002720                osEE_tc_isr_dummy_entry_57
                0x0000000080002740                osEE_tc_isr_dummy_entry_58
                0x0000000080002760                osEE_tc_isr_dummy_entry_59
                0x0000000080002780                osEE_tc_isr_dummy_entry_60
                0x00000000800027a0                osEE_tc_isr_dummy_entry_61
                0x00000000800027c0                osEE_tc_isr_dummy_entry_62
                0x00000000800027e0                osEE_tc_isr_dummy_entry_63
                0x0000000080002800                osEE_tc_isr_dummy_entry_64
                0x0000000080002820                osEE_tc_isr_dummy_entry_65
                0x0000000080002840                osEE_tc_isr_dummy_entry_66
                0x0000000080002860                osEE_tc_isr_dummy_entry_67
                0x0000000080002880                osEE_tc_isr_dummy_entry_68
                0x00000000800028a0                osEE_tc_isr_dummy_entry_69
                0x00000000800028c0                osEE_tc_isr_dummy_entry_70
                0x00000000800028e0                osEE_tc_isr_dummy_entry_71
                0x0000000080002900                osEE_tc_isr_dummy_entry_72
                0x0000000080002920                osEE_tc_isr_dummy_entry_73
                0x0000000080002940                osEE_tc_isr_dummy_entry_74
                0x0000000080002960                osEE_tc_isr_dummy_entry_75
                0x0000000080002980                osEE_tc_isr_dummy_entry_76
                0x00000000800029a0                osEE_tc_isr_dummy_entry_77
                0x00000000800029c0                osEE_tc_isr_dummy_entry_78
                0x00000000800029e0                osEE_tc_isr_dummy_entry_79
                0x0000000080002a00                osEE_tc_isr_dummy_entry_80
                0x0000000080002a20                osEE_tc_isr_dummy_entry_81
                0x0000000080002a40                osEE_tc_isr_dummy_entry_82
                0x0000000080002a60                osEE_tc_isr_dummy_entry_83
                0x0000000080002a80                osEE_tc_isr_dummy_entry_84
                0x0000000080002aa0                osEE_tc_isr_dummy_entry_85
                0x0000000080002ac0                osEE_tc_isr_dummy_entry_86
                0x0000000080002ae0                osEE_tc_isr_dummy_entry_87
                0x0000000080002b00                osEE_tc_isr_dummy_entry_88
                0x0000000080002b20                osEE_tc_isr_dummy_entry_89
                0x0000000080002b40                osEE_tc_isr_dummy_entry_90
                0x0000000080002b60                osEE_tc_isr_dummy_entry_91
                0x0000000080002b80                osEE_tc_isr_dummy_entry_92
                0x0000000080002ba0                osEE_tc_isr_dummy_entry_93
                0x0000000080002bc0                osEE_tc_isr_dummy_entry_94
                0x0000000080002be0                osEE_tc_isr_dummy_entry_95
                0x0000000080002c00                osEE_tc_isr_dummy_entry_96
                0x0000000080002c20                osEE_tc_isr_dummy_entry_97
                0x0000000080002c40                osEE_tc_isr_dummy_entry_98
                0x0000000080002c60                osEE_tc_isr_dummy_entry_99
                0x0000000080002c80                osEE_tc_isr_dummy_entry_100
                0x0000000080002ca0                osEE_tc_isr_dummy_entry_101
                0x0000000080002cc0                osEE_tc_isr_dummy_entry_102
                0x0000000080002ce0                osEE_tc_isr_dummy_entry_103
                0x0000000080002d00                osEE_tc_isr_dummy_entry_104
                0x0000000080002d20                osEE_tc_isr_dummy_entry_105
                0x0000000080002d40                osEE_tc_isr_dummy_entry_106
                0x0000000080002d60                osEE_tc_isr_dummy_entry_107
                0x0000000080002d80                osEE_tc_isr_dummy_entry_108
                0x0000000080002da0                osEE_tc_isr_dummy_entry_109
                0x0000000080002dc0                osEE_tc_isr_dummy_entry_110
                0x0000000080002de0                osEE_tc_isr_dummy_entry_111
                0x0000000080002e00                osEE_tc_isr_dummy_entry_112
                0x0000000080002e20                osEE_tc_isr_dummy_entry_113
                0x0000000080002e40                osEE_tc_isr_dummy_entry_114
                0x0000000080002e60                osEE_tc_isr_dummy_entry_115
                0x0000000080002e80                osEE_tc_isr_dummy_entry_116
                0x0000000080002ea0                osEE_tc_isr_dummy_entry_117
                0x0000000080002ec0                osEE_tc_isr_dummy_entry_118
                0x0000000080002ee0                osEE_tc_isr_dummy_entry_119
                0x0000000080002f00                osEE_tc_isr_dummy_entry_120
                0x0000000080002f20                osEE_tc_isr_dummy_entry_121
                0x0000000080002f40                osEE_tc_isr_dummy_entry_122
                0x0000000080002f60                osEE_tc_isr_dummy_entry_123
                0x0000000080002f80                osEE_tc_isr_dummy_entry_124
                0x0000000080002fa0                osEE_tc_isr_dummy_entry_125
                0x0000000080002fc0                osEE_tc_isr_dummy_entry_126
                0x0000000080002fe0                osEE_tc_isr_dummy_entry_127
                0x0000000080003000                osEE_tc_isr_dummy_entry_128
                0x0000000080003020                osEE_tc_isr_dummy_entry_129
                0x0000000080003040                osEE_tc_isr_dummy_entry_130
                0x0000000080003060                osEE_tc_isr_dummy_entry_131
                0x0000000080003080                osEE_tc_isr_dummy_entry_132
                0x00000000800030a0                osEE_tc_isr_dummy_entry_133
                0x00000000800030c0                osEE_tc_isr_dummy_entry_134
                0x00000000800030e0                osEE_tc_isr_dummy_entry_135
                0x0000000080003100                osEE_tc_isr_dummy_entry_136
                0x0000000080003120                osEE_tc_isr_dummy_entry_137
                0x0000000080003140                osEE_tc_isr_dummy_entry_138
                0x0000000080003160                osEE_tc_isr_dummy_entry_139
                0x0000000080003180                osEE_tc_isr_dummy_entry_140
                0x00000000800031a0                osEE_tc_isr_dummy_entry_141
                0x00000000800031c0                osEE_tc_isr_dummy_entry_142
                0x00000000800031e0                osEE_tc_isr_dummy_entry_143
                0x0000000080003200                osEE_tc_isr_dummy_entry_144
                0x0000000080003220                osEE_tc_isr_dummy_entry_145
                0x0000000080003240                osEE_tc_isr_dummy_entry_146
                0x0000000080003260                osEE_tc_isr_dummy_entry_147
                0x0000000080003280                osEE_tc_isr_dummy_entry_148
                0x00000000800032a0                osEE_tc_isr_dummy_entry_149
                0x00000000800032c0                osEE_tc_isr_dummy_entry_150
                0x00000000800032e0                osEE_tc_isr_dummy_entry_151
                0x0000000080003300                osEE_tc_isr_dummy_entry_152
                0x0000000080003320                osEE_tc_isr_dummy_entry_153
                0x0000000080003340                osEE_tc_isr_dummy_entry_154
                0x0000000080003360                osEE_tc_isr_dummy_entry_155
                0x0000000080003380                osEE_tc_isr_dummy_entry_156
                0x00000000800033a0                osEE_tc_isr_dummy_entry_157
                0x00000000800033c0                osEE_tc_isr_dummy_entry_158
                0x00000000800033e0                osEE_tc_isr_dummy_entry_159
                0x0000000080003400                osEE_tc_isr_dummy_entry_160
                0x0000000080003420                osEE_tc_isr_dummy_entry_161
                0x0000000080003440                osEE_tc_isr_dummy_entry_162
                0x0000000080003460                osEE_tc_isr_dummy_entry_163
                0x0000000080003480                osEE_tc_isr_dummy_entry_164
                0x00000000800034a0                osEE_tc_isr_dummy_entry_165
                0x00000000800034c0                osEE_tc_isr_dummy_entry_166
                0x00000000800034e0                osEE_tc_isr_dummy_entry_167
                0x0000000080003500                osEE_tc_isr_dummy_entry_168
                0x0000000080003520                osEE_tc_isr_dummy_entry_169
                0x0000000080003540                osEE_tc_isr_dummy_entry_170
                0x0000000080003560                osEE_tc_isr_dummy_entry_171
                0x0000000080003580                osEE_tc_isr_dummy_entry_172
                0x00000000800035a0                osEE_tc_isr_dummy_entry_173
                0x00000000800035c0                osEE_tc_isr_dummy_entry_174
                0x00000000800035e0                osEE_tc_isr_dummy_entry_175
                0x0000000080003600                osEE_tc_isr_dummy_entry_176
                0x0000000080003620                osEE_tc_isr_dummy_entry_177
                0x0000000080003640                osEE_tc_isr_dummy_entry_178
                0x0000000080003660                osEE_tc_isr_dummy_entry_179
                0x0000000080003680                osEE_tc_isr_dummy_entry_180
                0x00000000800036a0                osEE_tc_isr_dummy_entry_181
                0x00000000800036c0                osEE_tc_isr_dummy_entry_182
                0x00000000800036e0                osEE_tc_isr_dummy_entry_183
                0x0000000080003700                osEE_tc_isr_dummy_entry_184
                0x0000000080003720                osEE_tc_isr_dummy_entry_185
                0x0000000080003740                osEE_tc_isr_dummy_entry_186
                0x0000000080003760                osEE_tc_isr_dummy_entry_187
                0x0000000080003780                osEE_tc_isr_dummy_entry_188
                0x00000000800037a0                osEE_tc_isr_dummy_entry_189
                0x00000000800037c0                osEE_tc_isr_dummy_entry_190
                0x00000000800037e0                osEE_tc_isr_dummy_entry_191
                0x0000000080003800                osEE_tc_isr_dummy_entry_192
                0x0000000080003820                osEE_tc_isr_dummy_entry_193
                0x0000000080003840                osEE_tc_isr_dummy_entry_194
                0x0000000080003860                osEE_tc_isr_dummy_entry_195
                0x0000000080003880                osEE_tc_isr_dummy_entry_196
                0x00000000800038a0                osEE_tc_isr_dummy_entry_197
                0x00000000800038c0                osEE_tc_isr_dummy_entry_198
                0x00000000800038e0                osEE_tc_isr_dummy_entry_199
                0x0000000080003900                osEE_tc_isr_dummy_entry_200
                0x0000000080003920                osEE_tc_isr_dummy_entry_201
                0x0000000080003940                osEE_tc_isr_dummy_entry_202
                0x0000000080003960                osEE_tc_isr_dummy_entry_203
                0x0000000080003980                osEE_tc_isr_dummy_entry_204
                0x00000000800039a0                osEE_tc_isr_dummy_entry_205
                0x00000000800039c0                osEE_tc_isr_dummy_entry_206
                0x00000000800039e0                osEE_tc_isr_dummy_entry_207
                0x0000000080003a00                osEE_tc_isr_dummy_entry_208
                0x0000000080003a20                osEE_tc_isr_dummy_entry_209
                0x0000000080003a40                osEE_tc_isr_dummy_entry_210
                0x0000000080003a60                osEE_tc_isr_dummy_entry_211
                0x0000000080003a80                osEE_tc_isr_dummy_entry_212
                0x0000000080003aa0                osEE_tc_isr_dummy_entry_213
                0x0000000080003ac0                osEE_tc_isr_dummy_entry_214
                0x0000000080003ae0                osEE_tc_isr_dummy_entry_215
                0x0000000080003b00                osEE_tc_isr_dummy_entry_216
                0x0000000080003b20                osEE_tc_isr_dummy_entry_217
                0x0000000080003b40                osEE_tc_isr_dummy_entry_218
                0x0000000080003b60                osEE_tc_isr_dummy_entry_219
                0x0000000080003b80                osEE_tc_isr_dummy_entry_220
                0x0000000080003ba0                osEE_tc_isr_dummy_entry_221
                0x0000000080003bc0                osEE_tc_isr_dummy_entry_222
                0x0000000080003be0                osEE_tc_isr_dummy_entry_223
                0x0000000080003c00                osEE_tc_isr_dummy_entry_224
                0x0000000080003c20                osEE_tc_isr_dummy_entry_225
                0x0000000080003c40                osEE_tc_isr_dummy_entry_226
                0x0000000080003c60                osEE_tc_isr_dummy_entry_227
                0x0000000080003c80                osEE_tc_isr_dummy_entry_228
                0x0000000080003ca0                osEE_tc_isr_dummy_entry_229
                0x0000000080003cc0                osEE_tc_isr_dummy_entry_230
                0x0000000080003ce0                osEE_tc_isr_dummy_entry_231
                0x0000000080003d00                osEE_tc_isr_dummy_entry_232
                0x0000000080003d20                osEE_tc_isr_dummy_entry_233
                0x0000000080003d40                osEE_tc_isr_dummy_entry_234
                0x0000000080003d60                osEE_tc_isr_dummy_entry_235
                0x0000000080003d80                osEE_tc_isr_dummy_entry_236
                0x0000000080003da0                osEE_tc_isr_dummy_entry_237
                0x0000000080003dc0                osEE_tc_isr_dummy_entry_238
                0x0000000080003de0                osEE_tc_isr_dummy_entry_239
                0x0000000080003e00                osEE_tc_isr_dummy_entry_240
                0x0000000080003e20                osEE_tc_isr_dummy_entry_241
                0x0000000080003e40                osEE_tc_isr_dummy_entry_242
                0x0000000080003e60                osEE_tc_isr_dummy_entry_243
                0x0000000080003e80                osEE_tc_isr_dummy_entry_244
                0x0000000080003ea0                osEE_tc_isr_dummy_entry_245
                0x0000000080003ec0                osEE_tc_isr_dummy_entry_246
                0x0000000080003ee0                osEE_tc_isr_dummy_entry_247
                0x0000000080003f00                osEE_tc_isr_dummy_entry_248
                0x0000000080003f20                osEE_tc_isr_dummy_entry_249
                0x0000000080003f40                osEE_tc_isr_dummy_entry_250
                0x0000000080003f60                osEE_tc_isr_dummy_entry_251
                0x0000000080003f80                osEE_tc_isr_dummy_entry_252
                0x0000000080003fa0                osEE_tc_isr_dummy_entry_253
                0x0000000080003fc0                osEE_tc_isr_dummy_entry_254
                0x0000000080003fe0                osEE_tc_isr_dummy_entry_255
 *(.*.inttab_cpu0)
                0x0000000080004000                . = ALIGN (0x8)

.text           memory region -> PMU_PFLASH
                0x0000000080004000     0xa5f8
                0x0000000080004000                PROVIDE (__text_start, .)
 *(.text)
 .text          0x0000000080004000       0x44 obj/asw.c.o
                0x0000000080004000                FuncTestTask
                0x0000000080004014                TimerISR
 .text          0x0000000080004044      0x466 obj/bsw.c.o
                0x0000000080004044                delay_ms
                0x00000000800040ae                delay_us
                0x000000008000411c                UART_init
                0x000000008000418e                printfSerial
                0x0000000080004200                printDouble
                0x000000008000424e                initVADCModule
                0x000000008000426c                initVADCGroup
                0x000000008000429e                initVADCChannels
                0x000000008000431c                initADC
                0x000000008000433e                readADCValue
                0x0000000080004364                initPeripheralsAndERU
                0x0000000080004406                asclin3TxISR
                0x0000000080004412                main
 *fill*         0x00000000800044aa        0x2 00
 .text          0x00000000800044ac      0x5d4 obj/illd/Libraries/iLLD/TC27D/Tricore/Vadc/std/IfxVadc.c.o
                0x00000000800044ac                IfxVadc_disableAccess
                0x00000000800044e4                IfxVadc_enableAccess
                0x000000008000451c                IfxVadc_configExternalMultiplexerMode
                0x0000000080004562                IfxVadc_disablePostCalibration
                0x000000008000459e                IfxVadc_enableGroupSync
                0x0000000080004648                IfxVadc_getAdcAnalogFrequency
                0x0000000080004660                IfxVadc_getAdcDigitalFrequency
                0x000000008000467a                IfxVadc_getAdcModuleFrequency
                0x000000008000467e                IfxVadc_getBackgroundScanStatus
                0x0000000080004698                IfxVadc_getQueueStatus
                0x00000000800046a8                IfxVadc_getResultBasedOnRequestSource
                0x000000008000473c                IfxVadc_getScanStatus
                0x0000000080004746                IfxVadc_getSrcAddress
                0x000000008000476e                IfxVadc_initialiseAdcArbiterClock
                0x0000000080004792                IfxVadc_initialiseAdcConverterClock
                0x00000000800047b6                IfxVadc_initializeFAdcD
                0x00000000800047e0                IfxVadc_initializeFAdcI
                0x0000000080004846                IfxVadc_isPostCalibration
                0x00000000800048b0                IfxVadc_getChannelConversionTime
                0x000000008000495a                IfxVadc_resetKernel
                0x00000000800049ac                IfxVadc_selectPowerSupplyVoltage
                0x00000000800049d0                IfxVadc_setArbiterPriority
                0x0000000080004a26                IfxVadc_setScan
                0x0000000080004a3a                IfxVadc_startupCalibration
 .text          0x0000000080004a80      0x450 obj/illd/src/IfxAsclin.c.o
                0x0000000080004a80                IfxAsclin_disableModule
                0x0000000080004a9c                IfxAsclin_enableAscErrorFlags
                0x0000000080004aca                IfxAsclin_enableModule
                0x0000000080004ae6                IfxAsclin_getAddress
                0x0000000080004afc                IfxAsclin_getFaFrequency
                0x0000000080004b70                IfxAsclin_getIndex
                0x0000000080004b92                IfxAsclin_getPdFrequency
                0x0000000080004baa                IfxAsclin_getOvsFrequency
                0x0000000080004bce                IfxAsclin_getShiftFrequency
                0x0000000080004be4                IfxAsclin_getSrcPointerEr
                0x0000000080004bf8                IfxAsclin_getSrcPointerRx
                0x0000000080004c0c                IfxAsclin_getSrcPointerTx
                0x0000000080004c20                IfxAsclin_read16
                0x0000000080004c32                IfxAsclin_read32
                0x0000000080004c44                IfxAsclin_read8
                0x0000000080004c56                IfxAsclin_resetModule
                0x0000000080004ca2                IfxAsclin_setClockSource
                0x0000000080004cc4                IfxAsclin_setBaudrateBitFields
                0x0000000080004d16                IfxAsclin_setBitTiming
                0x0000000080004e98                IfxAsclin_write16
                0x0000000080004eac                IfxAsclin_write32
                0x0000000080004ebe                IfxAsclin_write8
 .text          0x0000000080004ed0      0x8d0 obj/illd/src/IfxAsclin_Asc.c.o
                0x0000000080004ed0                IfxAsclin_Asc_getReadCount
                0x0000000080004ed6                IfxAsclin_Asc_getReadEvent
                0x0000000080004ee0                IfxAsclin_Asc_getSendCount
                0x0000000080004ee6                IfxAsclin_Asc_getTxTimeStamp
                0x0000000080004eec                IfxAsclin_Asc_getWriteCount
                0x0000000080004efa                IfxAsclin_Asc_getWriteEvent
                0x0000000080004f04                IfxAsclin_Asc_isrError
                0x0000000080004f76                IfxAsclin_Asc_resetSendCount
                0x0000000080004f7c                IfxAsclin_Asc_canReadCount
                0x0000000080004f84                IfxAsclin_Asc_flushTx
                0x0000000080005020                IfxAsclin_Asc_canWriteCount
                0x0000000080005028                IfxAsclin_Asc_clearRx
                0x0000000080005038                IfxAsclin_Asc_clearTx
                0x000000008000504c                IfxAsclin_Asc_read
                0x0000000080005068                IfxAsclin_Asc_isrTransmit
                0x0000000080005106                IfxAsclin_Asc_isrReceive
                0x000000008000519c                IfxAsclin_Asc_blockingRead
                0x00000000800051c2                IfxAsclin_Asc_disableModule
                0x00000000800051de                IfxAsclin_Asc_initModule
                0x000000008000558c                IfxAsclin_Asc_initModuleConfig
                0x0000000080005614                IfxAsclin_Asc_initiateTransmission
                0x000000008000565c                IfxAsclin_Asc_write
                0x00000000800056be                IfxAsclin_Asc_blockingWrite
                0x00000000800056da                IfxAsclin_Asc_stdIfDPipeInit
 .text          0x00000000800057a0      0x40e obj/illd/src/IfxPort.c.o
                0x00000000800057a0                IfxPort_getAddress
                0x00000000800057d0                IfxPort_getIndex
                0x00000000800057f2                IfxPort_resetESR
                0x000000008000581a                IfxPort_disableEmergencyStop
                0x000000008000584a                IfxPort_setESR
                0x0000000080005874                IfxPort_enableEmergencyStop
                0x00000000800058b0                IfxPort_setGroupModeInput
                0x0000000080005940                IfxPort_setGroupModeOutput
                0x00000000800059d2                IfxPort_setGroupPadDriver
                0x0000000080005a76                IfxPort_setPinMode
                0x0000000080005acc                IfxPort_setPinModeLvdsHigh
                0x0000000080005b30                IfxPort_setPinModeLvdsMedium
                0x0000000080005b72                IfxPort_setPinPadDriver
 *fill*         0x0000000080005bae        0x2 00
 .text          0x0000000080005bb0      0xf70 obj/illd/src/IfxScuCcu.c.o
                0x0000000080005bb0                IfxScuCcu_calculateSysPllDividers
                0x0000000080005ca8                IfxScuCcu_getOsc0Frequency
                0x0000000080005cb6                IfxScuCcu_getOscFrequency
                0x0000000080005ce6                IfxScuCcu_getPllErayFrequency
                0x0000000080005d4a                IfxScuCcu_getPllErayVcoFrequency
                0x0000000080005d8e                IfxScuCcu_getPllFrequency
                0x0000000080005e00                IfxScuCcu_getPllVcoFrequency
                0x0000000080005e44                IfxScuCcu_getSourceFrequency
                0x0000000080005e9c                IfxScuCcu_getBbbFrequency
                0x0000000080005f14                IfxScuCcu_getMaxFrequency
                0x0000000080005f84                IfxScuCcu_getBaud1Frequency
                0x0000000080005fa4                IfxScuCcu_getBaud2Frequency
                0x0000000080005fc6                IfxScuCcu_getSpbFrequency
                0x000000008000603e                IfxScuCcu_getModuleFrequency
                0x0000000080006088                IfxScuCcu_getSriFrequency
                0x0000000080006102                IfxScuCcu_getCpuFrequency
                0x0000000080006144                IfxScuCcu_getFsi2Frequency
                0x000000008000617a                IfxScuCcu_getFsiFrequency
                0x00000000800061b0                IfxScuCcu_init
                0x000000008000656e                IfxScuCcu_initConfig
                0x0000000080006582                IfxScuCcu_initErayPll
                0x0000000080006724                IfxScuCcu_initErayPllConfig
                0x0000000080006736                IfxScuCcu_setCpuFrequency
                0x00000000800067ac                IfxScuCcu_setGtmFrequency
                0x000000008000683a                IfxScuCcu_setPll2ErayFrequency
                0x000000008000688a                IfxScuCcu_setPll2Frequency
                0x00000000800068da                IfxScuCcu_setSpbFrequency
                0x000000008000698e                IfxScuCcu_setSriFrequency
                0x0000000080006a0e                IfxScuCcu_switchToBackupClock
 .text          0x0000000080006b20      0x356 obj/illd/src/IfxScuEru.c.o
                0x0000000080006b20                IfxScuEru_clearAllEventFlags
                0x0000000080006b32                IfxScuEru_clearEventFlag
                0x0000000080006b48                IfxScuEru_clearInputChannelConfiguration
                0x0000000080006b70                IfxScuEru_clearOutputChannelConfiguration
                0x0000000080006b98                IfxScuEru_connectTrigger
                0x0000000080006bce                IfxScuEru_disableAutoClear
                0x0000000080006bf4                IfxScuEru_disableFallingEdgeDetection
                0x0000000080006c1a                IfxScuEru_disablePatternDetectionTrigger
                0x0000000080006c40                IfxScuEru_disableRisingEdgeDetection
                0x0000000080006c66                IfxScuEru_disableTriggerPulse
                0x0000000080006c8c                IfxScuEru_enableAutoClear
                0x0000000080006cb2                IfxScuEru_enableFallingEdgeDetection
                0x0000000080006cd8                IfxScuEru_enablePatternDetectionTrigger
                0x0000000080006cfe                IfxScuEru_enableRisingEdgeDetection
                0x0000000080006d24                IfxScuEru_enableTriggerPulse
                0x0000000080006d4a                IfxScuEru_getAllEventFlagsStatus
                0x0000000080006d58                IfxScuEru_getEventFlagStatus
                0x0000000080006d6a                IfxScuEru_getInputChannelConfiguration
                0x0000000080006d8e                IfxScuEru_getOutputChannelConfiguration
                0x0000000080006db2                IfxScuEru_getPatternDetectionResult
                0x0000000080006dc4                IfxScuEru_getWholePatternDetectionResult
                0x0000000080006dd2                IfxScuEru_selectExternalInput
                0x0000000080006e06                IfxScuEru_setEventFlag
                0x0000000080006e18                IfxScuEru_setFlagPatternDetection
                0x0000000080006e44                IfxScuEru_setInterruptGatingPattern
 .text          0x0000000080006e76      0x53a obj/illd/src/IfxScuWdt.c.o
                0x0000000080006e76                IfxScuWdt_changeCpuWatchdogPassword
                0x0000000080006eae                IfxScuWdt_changeCpuWatchdogReload
                0x0000000080006ee6                IfxScuWdt_changeSafetyWatchdogPassword
                0x0000000080006f1a                IfxScuWdt_changeSafetyWatchdogReload
                0x0000000080006f4e                IfxScuWdt_clearCpuEndinit
                0x0000000080006f84                IfxScuWdt_clearSafetyEndinit
                0x0000000080006fb6                IfxScuWdt_disableCpuWatchdog
                0x0000000080007010                IfxScuWdt_disableSafetyWatchdog
                0x0000000080007080                IfxScuWdt_enableCpuWatchdog
                0x00000000800070dc                IfxScuWdt_enableSafetyWatchdog
                0x000000008000714e                IfxScuWdt_getCpuWatchdogPassword
                0x000000008000716e                IfxScuWdt_getCpuWatchdogEndInit
                0x000000008000718a                IfxScuWdt_getSafetyWatchdogPassword
                0x000000008000719e                IfxScuWdt_initConfig
                0x00000000800071b8                IfxScuWdt_setCpuEndinit
                0x00000000800071ee                IfxScuWdt_initCpuWatchdog
                0x000000008000728c                IfxScuWdt_serviceCpuWatchdog
                0x0000000080007290                IfxScuWdt_setSafetyEndinit
                0x00000000800072c2                IfxScuWdt_initSafetyWatchdog
                0x000000008000736c                IfxScuWdt_serviceSafetyWatchdog
                0x0000000080007370                IfxScuWdt_enableWatchdogWithDebugger
 .text          0x00000000800073b0      0xb70 obj/illd/src/IfxVadc_Adc.c.o
                0x00000000800073b0                IfxVadc_Adc_deInitGroup
                0x00000000800073d6                IfxVadc_Adc_disableModule
                0x00000000800073f2                IfxVadc_Adc_getChannelConfig
                0x00000000800074fa                IfxVadc_Adc_getChannelConversionTime
                0x0000000080007532                IfxVadc_Adc_getGroupConfig
                0x0000000080007770                IfxVadc_Adc_initChannel
                0x000000008000795c                IfxVadc_Adc_initChannelConfig
                0x0000000080007972                IfxVadc_Adc_initGroup
                0x0000000080007cfc                IfxVadc_Adc_initGroupConfig
                0x0000000080007d2a                IfxVadc_Adc_initModule
                0x0000000080007e12                IfxVadc_Adc_initModuleConfig
                0x0000000080007e4c                IfxVadc_Adc_initExternalMultiplexerModeConfig
                0x0000000080007e8e                IfxVadc_Adc_initExternalMultiplexerMode
 .text          0x0000000080007f20      0x1be obj/illd/src/Ifx_CircularBuffer.c.o
                0x0000000080007f20                Ifx_CircularBuffer_get32
                0x0000000080007f40                Ifx_CircularBuffer_get16
                0x0000000080007f62                Ifx_CircularBuffer_addDataIncr
                0x0000000080007f82                Ifx_CircularBuffer_read8
                0x0000000080007fe0                Ifx_CircularBuffer_read32
                0x0000000080008030                Ifx_CircularBuffer_write8
                0x000000008000808e                Ifx_CircularBuffer_write32
 .text          0x00000000800080de      0x55c obj/illd/src/Ifx_Fifo.c.o
                0x00000000800080de                Ifx_Fifo_destroy
                0x00000000800080e2                Ifx_Fifo_init
                0x000000008000811c                Ifx_Fifo_create
                0x000000008000813e                Ifx_Fifo_canReadCount
                0x0000000080008218                Ifx_Fifo_read
                0x000000008000838e                Ifx_Fifo_clear
                0x00000000800083c4                Ifx_Fifo_canWriteCount
                0x00000000800084b4                Ifx_Fifo_write
 .text          0x000000008000863a      0x568 obj/uart_Driver.c.o
                0x000000008000863a                initUartDriver
                0x00000000800086bc                myprintfSerial
                0x000000008000872a                asclin0TxISR
                0x0000000080008736                calculateChecksum
                0x000000008000874a                serializePacket
                0x0000000080008768                sendPacket
                0x0000000080008958                deserializePacket
                0x0000000080008964                readPacket
                0x0000000080008b7a                asclin0RxISR
 .text          0x0000000080008ba2      0x1e4 obj/ultrasonic_Driver.c.o
                0x0000000080008ba2                initUltrasonic
                0x0000000080008bf6                sendTrigger
                0x0000000080008c5c                measureEchoTick
                0x0000000080008d2a                calculateDistanceCm
                0x0000000080008d68                getUltrasonic
 .text          0x0000000080008d86      0x46c C:\Users\USER\Desktop\WORKSP~1\SHIPAR~1\TC275\erika\lib\libee.a(ee_tc_cstart.c.o)
                0x0000000080008d86                osEE_tc_core0_start
 .text          0x00000000800091f2      0x4d0 C:\Users\USER\Desktop\WORKSP~1\SHIPAR~1\TC275\erika\lib\libee.a(ee_tc_system.c.o)
                0x0000000080009246                osEE_tc_set_pll_fsource
                0x0000000080009474                osEE_tc_get_fsource
                0x0000000080009518                osEE_tc_stm_set_clockpersec
                0x000000008000954c                osEE_tc_stm_set_sr0
                0x00000000800095d0                osEE_tc_stm_set_sr0_next_match
                0x00000000800095ee                osEE_tc_stm_set_sr1
                0x000000008000967c                osEE_tc_stm_set_sr1_next_match
                0x000000008000969a                osEE_tc_delay
 .text          0x00000000800096c2        0xe C:\Users\USER\Desktop\WORKSP~1\SHIPAR~1\TC275\erika\lib\libee.a(ee_tc_intvec.c.o)
 .text          0x00000000800096d0      0x8c4 C:\Users\USER\Desktop\WORKSP~1\SHIPAR~1\TC275\erika\lib\libee.a(ee_oo_api_osek.c.o)
                0x00000000800096ee                DisableAllInterrupts
                0x0000000080009704                EnableAllInterrupts
                0x0000000080009720                SuspendAllInterrupts
                0x0000000080009762                ResumeAllInterrupts
                0x0000000080009788                SuspendOSInterrupts
                0x00000000800097e4                ResumeOSInterrupts
                0x0000000080009820                StartOS
                0x00000000800098cc                GetActiveApplicationMode
                0x00000000800098e6                ActivateTask
                0x000000008000996a                ChainTask
                0x0000000080009a40                TerminateTask
                0x0000000080009a9a                Schedule
                0x0000000080009b0e                GetResource
                0x0000000080009bc0                ReleaseResource
                0x0000000080009cac                ShutdownOS
                0x0000000080009d10                GetTaskID
                0x0000000080009d68                GetTaskState
                0x0000000080009de0                WaitEvent
                0x0000000080009e5a                SetEvent
                0x0000000080009ef0                GetEvent
                0x0000000080009f22                ClearEvent
                0x0000000080009f7a                GetISRID
 .text          0x0000000080009f94       0xf8 C:\Users\USER\Desktop\WORKSP~1\SHIPAR~1\TC275\erika\lib\libee.a(ee_oo_sched_entry_points.c.o)
                0x0000000080009fb6                osEE_scheduler_task_wrapper_restore
                0x0000000080009fc0                osEE_scheduler_task_wrapper_run
                0x000000008000a06a                osEE_idle_hook_wrapper
 .text          0x000000008000a08c       0xec C:\Users\USER\Desktop\WORKSP~1\SHIPAR~1\TC275\erika\lib\libee.a(ee_oo_scheduler.c.o)
                0x000000008000a08c                osEE_scheduler_core_rq_preempt_stk
                0x000000008000a0fc                osEE_sn_priority_insert
                0x000000008000a144                osEE_scheduler_rq_insert
                0x000000008000a152                osEE_scheduler_core_pop_running
 .text          0x000000008000a178       0x7a C:\Users\USER\Desktop\WORKSP~1\SHIPAR~1\TC275\erika\lib\libee.a(ee_oo_kernel.c.o)
                0x000000008000a178                osEE_task_activated
                0x000000008000a190                osEE_task_end
                0x000000008000a1ae                osEE_task_event_set_mask
                0x000000008000a1d0                osEE_activate_isr2
 .text          0x000000008000a1f2      0x1c0 C:\Users\USER\Desktop\WORKSP~1\SHIPAR~1\TC275\erika\lib\libee.a(ee_oo_sched_partitioned.c.o)
                0x000000008000a1f2                osEE_scheduler_task_activated
                0x000000008000a25a                osEE_scheduler_task_insert
                0x000000008000a288                osEE_scheduler_task_unblocked
                0x000000008000a2c4                osEE_scheduler_task_terminated
                0x000000008000a34e                osEE_scheduler_task_preemption_point
                0x000000008000a374                osEE_scheduler_task_set_running
 .text          0x000000008000a3b2       0x6e C:\Users\USER\Desktop\WORKSP~1\SHIPAR~1\TC275\erika\lib\libee.a(ee_std_change_context.c.o)
                0x000000008000a3b2                osEE_change_context_from_running
                0x000000008000a3da                osEE_change_context_from_task_end
                0x000000008000a3fa                osEE_idle_task_terminate
 .text          0x000000008000a420       0x6a C:\Users\USER\Desktop\WORKSP~1\SHIPAR~1\TC275\erika\lib\libee.a(ee_tc_hal.c.o)
                0x000000008000a420                osEE_cpu_startos
 .text          0x000000008000a48a      0x134 C:\Users\USER\Desktop\WORKSP~1\SHIPAR~1\TC275\erika\lib\libee.a(ee_tc_ctx.c.o)
                0x000000008000a4ac                osEE_hal_save_ctx_and_restore_ctx
                0x000000008000a4d0                osEE_hal_restore_ctx
                0x000000008000a4ea                osEE_hal_save_ctx_and_ready2stacked
                0x000000008000a50e                osEE_hal_ready2stacked
                0x000000008000a53a                osEE_tc_change_context_from_isr2_end
                0x000000008000a558                osEE_hal_terminate_ctx
 *(.text.*)
 .text.libgcc   0x000000008000a5be       0x26 c:/hightec/toolchains/tricore/v4.9.3.0-infineon-1.0/bin/../lib/gcc/tricore/4.9.4/tc161\libgcc.a(_lshrdi3.o)
                0x000000008000a5be                __lshrdi3
 .text.__extendsfdf2
                0x000000008000a5e4       0x32 c:/hightec/toolchains/tricore/v4.9.3.0-infineon-1.0/bin/../lib/gcc/tricore/4.9.4/tc161\libgcc.a(_sf_to_df.o)
                0x000000008000a5e4                __extendsfdf2
 .text._fpadd_parts
                0x000000008000a616      0x19c c:/hightec/toolchains/tricore/v4.9.3.0-infineon-1.0/bin/../lib/gcc/tricore/4.9.4/tc161\libgcc.a(_addsub_df.o)
 .text.__adddf3
                0x000000008000a7b2       0x38 c:/hightec/toolchains/tricore/v4.9.3.0-infineon-1.0/bin/../lib/gcc/tricore/4.9.4/tc161\libgcc.a(_addsub_df.o)
                0x000000008000a7b2                __adddf3
 .text.__subdf3
                0x000000008000a7ea       0x40 c:/hightec/toolchains/tricore/v4.9.3.0-infineon-1.0/bin/../lib/gcc/tricore/4.9.4/tc161\libgcc.a(_addsub_df.o)
                0x000000008000a7ea                __subdf3
 .text.__muldf3
                0x000000008000a82a      0x1a4 c:/hightec/toolchains/tricore/v4.9.3.0-infineon-1.0/bin/../lib/gcc/tricore/4.9.4/tc161\libgcc.a(_mul_df.o)
                0x000000008000a82a                __muldf3
 .text.__divdf3
                0x000000008000a9ce      0x118 c:/hightec/toolchains/tricore/v4.9.3.0-infineon-1.0/bin/../lib/gcc/tricore/4.9.4/tc161\libgcc.a(_div_df.o)
                0x000000008000a9ce                __divdf3
 .text.__gtdf2  0x000000008000aae6       0x40 c:/hightec/toolchains/tricore/v4.9.3.0-infineon-1.0/bin/../lib/gcc/tricore/4.9.4/tc161\libgcc.a(_gt_df.o)
                0x000000008000aae6                __gtdf2
 .text.__floatsidf
                0x000000008000ab26       0x48 c:/hightec/toolchains/tricore/v4.9.3.0-infineon-1.0/bin/../lib/gcc/tricore/4.9.4/tc161\libgcc.a(_si_to_df.o)
                0x000000008000ab26                __floatsidf
 .text.__fixdfsi
                0x000000008000ab6e       0x4e c:/hightec/toolchains/tricore/v4.9.3.0-infineon-1.0/bin/../lib/gcc/tricore/4.9.4/tc161\libgcc.a(_df_to_si.o)
                0x000000008000ab6e                __fixdfsi
 .text.__make_dp
                0x000000008000abbc       0x1e c:/hightec/toolchains/tricore/v4.9.3.0-infineon-1.0/bin/../lib/gcc/tricore/4.9.4/tc161\libgcc.a(_make_df.o)
                0x000000008000abbc                __make_dp
 .text.__truncdfsf2
                0x000000008000abda       0x3c c:/hightec/toolchains/tricore/v4.9.3.0-infineon-1.0/bin/../lib/gcc/tricore/4.9.4/tc161\libgcc.a(_df_to_sf.o)
                0x000000008000abda                __truncdfsf2
 .text.__floatunsidf
                0x000000008000ac16       0x32 c:/hightec/toolchains/tricore/v4.9.3.0-infineon-1.0/bin/../lib/gcc/tricore/4.9.4/tc161\libgcc.a(_usi_to_df.o)
                0x000000008000ac16                __floatunsidf
 .text.__udivdi3
                0x000000008000ac48       0xa0 c:/hightec/toolchains/tricore/v4.9.3.0-infineon-1.0/bin/../lib/gcc/tricore/4.9.4/tc161\libgcc.a(udivdi3.o)
                0x000000008000ac48                __udivdi3
 .text.libgcc   0x000000008000ace8       0x1a c:/hightec/toolchains/tricore/v4.9.3.0-infineon-1.0/bin/../lib/gcc/tricore/4.9.4/tc161\libgcc.a(_ashldi3.o)
                0x000000008000ace8                __ashldi3
 .text.__unpack_f
                0x000000008000ad02       0x7a c:/hightec/toolchains/tricore/v4.9.3.0-infineon-1.0/bin/../lib/gcc/tricore/4.9.4/tc161\libgcc.a(_unpack_sf.o)
                0x000000008000ad02                __unpack_f
 .text.__make_fp
                0x000000008000ad7c       0x16 c:/hightec/toolchains/tricore/v4.9.3.0-infineon-1.0/bin/../lib/gcc/tricore/4.9.4/tc161\libgcc.a(_make_sf.o)
                0x000000008000ad7c                __make_fp
 .text.__pack_d
                0x000000008000ad92      0x112 c:/hightec/toolchains/tricore/v4.9.3.0-infineon-1.0/bin/../lib/gcc/tricore/4.9.4/tc161\libgcc.a(_pack_df.o)
                0x000000008000ad92                __pack_d
 .text.__unpack_d
                0x000000008000aea4       0xac c:/hightec/toolchains/tricore/v4.9.3.0-infineon-1.0/bin/../lib/gcc/tricore/4.9.4/tc161\libgcc.a(_unpack_df.o)
                0x000000008000aea4                __unpack_d
 .text.__fpcmp_parts_d
                0x000000008000af50       0xa6 c:/hightec/toolchains/tricore/v4.9.3.0-infineon-1.0/bin/../lib/gcc/tricore/4.9.4/tc161\libgcc.a(_fpcmp_parts_df.o)
                0x000000008000af50                __fpcmp_parts_d
 .text.__udiv6432
                0x000000008000aff6       0x9c c:/hightec/toolchains/tricore/v4.9.3.0-infineon-1.0/bin/../lib/gcc/tricore/4.9.4/tc161\libgcc.a(udiv6432.o)
                0x000000008000aff6                __udiv6432
 .text.__pack_f
                0x000000008000b092       0xc6 c:/hightec/toolchains/tricore/v4.9.3.0-infineon-1.0/bin/../lib/gcc/tricore/4.9.4/tc161\libgcc.a(_pack_sf.o)
                0x000000008000b092                __pack_f
 .text.malloc   0x000000008000b158        0xc c:/hightec/toolchains/tricore/v4.9.3.0-infineon-1.0/bin/../lib/gcc/tricore/4.9.4/../../../../tricore/lib/tc161\libc.a(lib_a-malloc.o)
                0x000000008000b158                malloc
 .text.free     0x000000008000b164        0xe c:/hightec/toolchains/tricore/v4.9.3.0-infineon-1.0/bin/../lib/gcc/tricore/4.9.4/../../../../tricore/lib/tc161\libc.a(lib_a-malloc.o)
                0x000000008000b164                free
 .text._malloc_r
                0x000000008000b172      0x49a c:/hightec/toolchains/tricore/v4.9.3.0-infineon-1.0/bin/../lib/gcc/tricore/4.9.4/../../../../tricore/lib/tc161\libc.a(lib_a-mallocr.o)
                0x000000008000b172                _malloc_r
 .text.__malloc_lock
                0x000000008000b60c        0x2 c:/hightec/toolchains/tricore/v4.9.3.0-infineon-1.0/bin/../lib/gcc/tricore/4.9.4/../../../../tricore/lib/tc161\libc.a(lib_a-mlock.o)
                0x000000008000b60c                __malloc_lock
 .text.__malloc_unlock
                0x000000008000b60e        0x2 c:/hightec/toolchains/tricore/v4.9.3.0-infineon-1.0/bin/../lib/gcc/tricore/4.9.4/../../../../tricore/lib/tc161\libc.a(lib_a-mlock.o)
                0x000000008000b60e                __malloc_unlock
 .text._sbrk_r  0x000000008000b610       0x1e c:/hightec/toolchains/tricore/v4.9.3.0-infineon-1.0/bin/../lib/gcc/tricore/4.9.4/../../../../tricore/lib/tc161\libc.a(lib_a-sbrkr.o)
                0x000000008000b610                _sbrk_r
 .text.strlen   0x000000008000b62e       0x14 c:/hightec/toolchains/tricore/v4.9.3.0-infineon-1.0/bin/../lib/gcc/tricore/4.9.4/../../../../tricore/lib/tc161\libc.a(lib_a-strlen.o)
                0x000000008000b62e                strlen
 .text._vsnprintf_r
                0x000000008000b642       0x4a c:/hightec/toolchains/tricore/v4.9.3.0-infineon-1.0/bin/../lib/gcc/tricore/4.9.4/../../../../tricore/lib/tc161\libc.a(lib_a-vsnprintf.o)
                0x000000008000b642                _vsnprintf_r
 .text.vsnprintf
                0x000000008000b68c       0x16 c:/hightec/toolchains/tricore/v4.9.3.0-infineon-1.0/bin/../lib/gcc/tricore/4.9.4/../../../../tricore/lib/tc161\libc.a(lib_a-vsnprintf.o)
                0x000000008000b68c                vsnprintf
 .text._malloc_trim_r
                0x000000008000b6a2       0xba c:/hightec/toolchains/tricore/v4.9.3.0-infineon-1.0/bin/../lib/gcc/tricore/4.9.4/../../../../tricore/lib/tc161\libc.a(lib_a-freer.o)
                0x000000008000b6a2                _malloc_trim_r
 .text._free_r  0x000000008000b75c      0x1ac c:/hightec/toolchains/tricore/v4.9.3.0-infineon-1.0/bin/../lib/gcc/tricore/4.9.4/../../../../tricore/lib/tc161\libc.a(lib_a-freer.o)
                0x000000008000b75c                _free_r
 .text._svfprintf_r
                0x000000008000b908     0x11a4 c:/hightec/toolchains/tricore/v4.9.3.0-infineon-1.0/bin/../lib/gcc/tricore/4.9.4/../../../../tricore/lib/tc161\libc.a(lib_a-svfprintf.o)
                0x000000008000b908                _svfprintf_r
 .text.quorem   0x000000008000caac      0x11a c:/hightec/toolchains/tricore/v4.9.3.0-infineon-1.0/bin/../lib/gcc/tricore/4.9.4/../../../../tricore/lib/tc161\libc.a(lib_a-dtoa.o)
 *fill*         0x000000008000cbc6        0x2 00
 .text._dtoa_r  0x000000008000cbc8      0xcd4 c:/hightec/toolchains/tricore/v4.9.3.0-infineon-1.0/bin/../lib/gcc/tricore/4.9.4/../../../../tricore/lib/tc161\libc.a(lib_a-dtoa.o)
                0x000000008000cbc8                _dtoa_r
 .text._localeconv_r
                0x000000008000d89c        0xa c:/hightec/toolchains/tricore/v4.9.3.0-infineon-1.0/bin/../lib/gcc/tricore/4.9.4/../../../../tricore/lib/tc161\libc.a(lib_a-locale.o)
                0x000000008000d89c                _localeconv_r
 .text.memchr   0x000000008000d8a6       0x18 c:/hightec/toolchains/tricore/v4.9.3.0-infineon-1.0/bin/../lib/gcc/tricore/4.9.4/../../../../tricore/lib/tc161\libc.a(lib_a-memchr.o)
                0x000000008000d8a6                memchr
 .text.memcpy   0x000000008000d8be       0x1c c:/hightec/toolchains/tricore/v4.9.3.0-infineon-1.0/bin/../lib/gcc/tricore/4.9.4/../../../../tricore/lib/tc161\libc.a(lib_a-memcpy.o)
                0x000000008000d8be                memcpy
 .text._Balloc  0x000000008000d8da       0x56 c:/hightec/toolchains/tricore/v4.9.3.0-infineon-1.0/bin/../lib/gcc/tricore/4.9.4/../../../../tricore/lib/tc161\libc.a(lib_a-mprec.o)
                0x000000008000d8da                _Balloc
 .text._Bfree   0x000000008000d930       0x12 c:/hightec/toolchains/tricore/v4.9.3.0-infineon-1.0/bin/../lib/gcc/tricore/4.9.4/../../../../tricore/lib/tc161\libc.a(lib_a-mprec.o)
                0x000000008000d930                _Bfree
 .text.__multadd
                0x000000008000d942       0x82 c:/hightec/toolchains/tricore/v4.9.3.0-infineon-1.0/bin/../lib/gcc/tricore/4.9.4/../../../../tricore/lib/tc161\libc.a(lib_a-mprec.o)
                0x000000008000d942                __multadd
 .text.__hi0bits
                0x000000008000d9c4       0x42 c:/hightec/toolchains/tricore/v4.9.3.0-infineon-1.0/bin/../lib/gcc/tricore/4.9.4/../../../../tricore/lib/tc161\libc.a(lib_a-mprec.o)
                0x000000008000d9c4                __hi0bits
 .text.__lo0bits
                0x000000008000da06       0x66 c:/hightec/toolchains/tricore/v4.9.3.0-infineon-1.0/bin/../lib/gcc/tricore/4.9.4/../../../../tricore/lib/tc161\libc.a(lib_a-mprec.o)
                0x000000008000da06                __lo0bits
 .text.__i2b    0x000000008000da6c       0x10 c:/hightec/toolchains/tricore/v4.9.3.0-infineon-1.0/bin/../lib/gcc/tricore/4.9.4/../../../../tricore/lib/tc161\libc.a(lib_a-mprec.o)
                0x000000008000da6c                __i2b
 .text.__multiply
                0x000000008000da7c      0x11a c:/hightec/toolchains/tricore/v4.9.3.0-infineon-1.0/bin/../lib/gcc/tricore/4.9.4/../../../../tricore/lib/tc161\libc.a(lib_a-mprec.o)
                0x000000008000da7c                __multiply
 .text.__pow5mult
                0x000000008000db96       0x7c c:/hightec/toolchains/tricore/v4.9.3.0-infineon-1.0/bin/../lib/gcc/tricore/4.9.4/../../../../tricore/lib/tc161\libc.a(lib_a-mprec.o)
                0x000000008000db96                __pow5mult
 .text.__lshift
                0x000000008000dc12       0xba c:/hightec/toolchains/tricore/v4.9.3.0-infineon-1.0/bin/../lib/gcc/tricore/4.9.4/../../../../tricore/lib/tc161\libc.a(lib_a-mprec.o)
                0x000000008000dc12                __lshift
 .text.__mcmp   0x000000008000dccc       0x42 c:/hightec/toolchains/tricore/v4.9.3.0-infineon-1.0/bin/../lib/gcc/tricore/4.9.4/../../../../tricore/lib/tc161\libc.a(lib_a-mprec.o)
                0x000000008000dccc                __mcmp
 .text.__mdiff  0x000000008000dd0e       0xca c:/hightec/toolchains/tricore/v4.9.3.0-infineon-1.0/bin/../lib/gcc/tricore/4.9.4/../../../../tricore/lib/tc161\libc.a(lib_a-mprec.o)
                0x000000008000dd0e                __mdiff
 .text.__d2b    0x000000008000ddd8       0xa8 c:/hightec/toolchains/tricore/v4.9.3.0-infineon-1.0/bin/../lib/gcc/tricore/4.9.4/../../../../tricore/lib/tc161\libc.a(lib_a-mprec.o)
                0x000000008000ddd8                __d2b
 .text.__fpclassifyd
                0x000000008000de80       0x42 c:/hightec/toolchains/tricore/v4.9.3.0-infineon-1.0/bin/../lib/gcc/tricore/4.9.4/../../../../tricore/lib/tc161\libc.a(lib_a-s_fpclassify.o)
                0x000000008000de80                __fpclassifyd
 .text.__ssprint_r
                0x000000008000dec2       0xf0 c:/hightec/toolchains/tricore/v4.9.3.0-infineon-1.0/bin/../lib/gcc/tricore/4.9.4/../../../../tricore/lib/tc161\libc.a(lib_a-svfiprintf.o)
                0x000000008000dec2                __ssprint_r
 .text._calloc_r
                0x000000008000dfb2       0x62 c:/hightec/toolchains/tricore/v4.9.3.0-infineon-1.0/bin/../lib/gcc/tricore/4.9.4/../../../../tricore/lib/tc161\libc.a(lib_a-callocr.o)
                0x000000008000dfb2                _calloc_r
 .text.memmove  0x000000008000e014       0x50 c:/hightec/toolchains/tricore/v4.9.3.0-infineon-1.0/bin/../lib/gcc/tricore/4.9.4/../../../../tricore/lib/tc161\libc.a(lib_a-memmove.o)
                0x000000008000e014                memmove
 .text.memset   0x000000008000e064       0x10 c:/hightec/toolchains/tricore/v4.9.3.0-infineon-1.0/bin/../lib/gcc/tricore/4.9.4/../../../../tricore/lib/tc161\libc.a(lib_a-memset.o)
                0x000000008000e064                memset
 .text._realloc_r
                0x000000008000e074      0x3f0 c:/hightec/toolchains/tricore/v4.9.3.0-infineon-1.0/bin/../lib/gcc/tricore/4.9.4/../../../../tricore/lib/tc161\libc.a(lib_a-reallocr.o)
                0x000000008000e074                _realloc_r
 .text._exit    0x000000008000e464       0x10 c:/hightec/toolchains/tricore/v4.9.3.0-infineon-1.0/bin/../lib/gcc/tricore/4.9.4/../../../../tricore/lib/tc161\libos.a(libos_exit.o)
                0x000000008000e464                _exit
 .text.sbrk     0x000000008000e474       0x3c c:/hightec/toolchains/tricore/v4.9.3.0-infineon-1.0/bin/../lib/gcc/tricore/4.9.4/../../../../tricore/lib/tc161\libos.a(libos_sbrk.o)
                0x000000008000e474                sbrk
 .text.__errno  0x000000008000e4b0        0xa c:/hightec/toolchains/tricore/v4.9.3.0-infineon-1.0/bin/../lib/gcc/tricore/4.9.4/../../../../tricore/lib/tc161\libos.a(libos.o)
                0x000000008000e4b0                __errno
 .text.abort    0x000000008000e4ba       0x12 c:/hightec/toolchains/tricore/v4.9.3.0-infineon-1.0/bin/../lib/gcc/tricore/4.9.4/../../../../tricore/lib/tc161\libos.a(libos_abort.o)
                0x000000008000e4ba                abort
 .text.__eqdf2  0x000000008000e4cc       0x40 c:/hightec/toolchains/tricore/v4.9.3.0-infineon-1.0/bin/../lib/gcc/tricore/4.9.4/tc161\libgcc.a(_eq_df.o)
                0x000000008000e4cc                __eqdf2
 .text.__nedf2  0x000000008000e50c       0x40 c:/hightec/toolchains/tricore/v4.9.3.0-infineon-1.0/bin/../lib/gcc/tricore/4.9.4/tc161\libgcc.a(_ne_df.o)
                0x000000008000e50c                __nedf2
 .text.__gedf2  0x000000008000e54c       0x40 c:/hightec/toolchains/tricore/v4.9.3.0-infineon-1.0/bin/../lib/gcc/tricore/4.9.4/tc161\libgcc.a(_ge_df.o)
                0x000000008000e54c                __gedf2
 .text.__ltdf2  0x000000008000e58c       0x40 c:/hightec/toolchains/tricore/v4.9.3.0-infineon-1.0/bin/../lib/gcc/tricore/4.9.4/tc161\libgcc.a(_lt_df.o)
                0x000000008000e58c                __ltdf2
 .text.__umoddi3
                0x000000008000e5cc       0x26 c:/hightec/toolchains/tricore/v4.9.3.0-infineon-1.0/bin/../lib/gcc/tricore/4.9.4/tc161\libgcc.a(umoddi3.o)
                0x000000008000e5cc                __umoddi3
 *(.gnu.linkonce.t.*)
 *(.gnu.warning)
                0x000000008000e5f8                . = ALIGN (0x8)
 *fill*         0x000000008000e5f2        0x6 00

.sdata3         memory region -> PMU_PFLASH
                0x000000008000e5f8        0x0
 *(.rodata_a8)
 *(.rodata_a8.*)
                0x0000000080008000                _SMALL_DATA3_ = SIZEOF (.sdata3)?(ADDR (.sdata3) + 0x8000):((ADDR (.sdata3) & 0xf0000000) + 0x8000)
                0x0000000080008000                __A8_MEM = _SMALL_DATA3_

.inttab_cpu1    memory region -> PMU_PFLASH
                0x0000000080010000        0x0
                0x0000000080010000                PROVIDE (__INTTAB1, .)
 *(.inttab_cpu1)
 *(.*.inttab_cpu1)
                0x0000000080010000                . = ALIGN (0x8)

.inttab_cpu2    memory region -> PMU_PFLASH
                0x0000000080010000        0x0
                0x0000000080010000                PROVIDE (__INTTAB2, .)
 *(.inttab_cpu2)
 *(.*.inttab_cpu2)
                0x0000000080010000                . = ALIGN (0x8)

.zdata          memory region -> DMI_DSPR0
                0x0000000070000000        0x0 load address 0x000000008000e5f8
 *(.zdata)
 *(.zdata.*)
 *(.gnu.linkonce.z.*)

.zbss           memory region -> DMI_DSPR0
                0x0000000070000000        0x0 load address 0x000000008000e5f8
 *(.zbss)
 *(.zbss.*)
 *(.bbss)
 *(.bbss.*)
 *(.gnu.linkonce.zb.*)

.sdata          memory region -> DMI_DSPR0
                0x0000000070000000        0x0 load address 0x000000008000e5f8
 *(.sdata)
 *(.sdata.*)
                0x0000000070008000                _SMALL_DATA_ = SIZEOF (.sdata)?(ADDR (.sdata) + 0x8000):((ADDR (.sdata) & 0xf0000000) + 0x8000)
                0x0000000070008000                __A0_MEM = _SMALL_DATA_

.sbss           memory region -> DMI_DSPR0
                0x0000000070000000        0x0 load address 0x000000008000e5f8
 *(.sbss)
 *(.sbss.*)

.data           memory region -> DMI_DSPR0
                0x0000000070000000      0x978 load address 0x000000008000e5f8
 *(.data)
 .data          0x0000000070000000       0x28 obj/asw.c.o
                0x0000000070000004                testSendPacket
 .data          0x0000000070000028        0x8 obj/bsw.c.o
                0x0000000070000028                g_vadcChannelIDs
 .data          0x0000000070000030       0xc0 obj/ee_applcfg.c.o
                0x0000000070000030                osEE_ccb_var
 .data          0x00000000700000f0        0x8 obj/illd/src/IfxScuCcu.c.o
 .data          0x00000000700000f8       0x40 obj/ultrasonic_Driver.c.o
                0x00000000700000f8                g_Ultrasonic_R
                0x0000000070000102                g_Ultrasonic_SR
                0x000000007000010c                g_Ultrasonic_SL
                0x0000000070000116                g_Ultrasonic_FR
                0x0000000070000120                g_Ultrasonic_F
                0x000000007000012a                g_Ultrasonic_FL
 .data          0x0000000070000138      0x410 c:/hightec/toolchains/tricore/v4.9.3.0-infineon-1.0/bin/../lib/gcc/tricore/4.9.4/../../../../tricore/lib/tc161\libc.a(lib_a-mallocr.o)
                0x0000000070000138                __malloc_sbrk_base
                0x000000007000013c                __malloc_trim_threshold
                0x0000000070000140                __malloc_av_
 .data          0x0000000070000548      0x428 c:/hightec/toolchains/tricore/v4.9.3.0-infineon-1.0/bin/../lib/gcc/tricore/4.9.4/../../../../tricore/lib/tc161\libc.a(lib_a-impure.o)
                0x0000000070000548                _impure_ptr
 .data          0x0000000070000970        0x8 c:/hightec/toolchains/tricore/v4.9.3.0-infineon-1.0/bin/../lib/gcc/tricore/4.9.4/../../../../tricore/lib/tc161\libos.a(libos_sbrk.o)
 *(.data.*)
 *(.gnu.linkonce.d.*)

.bss            memory region -> DMI_DSPR0
                0x0000000070000978      0x5b0 load address 0x000000008000ef70
 *(.bss)
 .bss           0x0000000070000978      0x2b0 obj/bsw.c.o
                0x0000000070000978                g_vadcChannel
                0x0000000070000998                g_vadcGroup
                0x00000000700009a4                g_vadc
                0x00000000700009a8                g_ERUconfig
                0x00000000700009b4                g_AsclinAsc
 .bss           0x0000000070000c28       0x18 obj/ee_applcfg.c.o
                0x0000000070000c28                osEE_kcb_var
 .bss           0x0000000070000c40      0x298 obj/uart_Driver.c.o
                0x0000000070000c40                g_RecievedParkingSystemPacket
                0x0000000070000c64                g_AsclinStm
 .bss           0x0000000070000ed8        0x8 C:\Users\USER\Desktop\WORKSP~1\SHIPAR~1\TC275\erika\lib\libee.a(ee_tc_system.c.o)
 .bss           0x0000000070000ee0       0x38 c:/hightec/toolchains/tricore/v4.9.3.0-infineon-1.0/bin/../lib/gcc/tricore/4.9.4/../../../../tricore/lib/tc161\libc.a(lib_a-mallocr.o)
                0x0000000070000ee0                __malloc_current_mallinfo
                0x0000000070000f08                __malloc_max_total_mem