Archive member included because of file (symbol)

C:\SHIPAR~1\TC275\erika\lib\libee.a(ee_tc_cstart.c.o)
                              (__TRICORE_DERIVATE_NAME__)
C:\SHIPAR~1\TC275\erika\lib\libee.a(ee_tc_system.c.o)
                              C:\SHIPAR~1\TC275\erika\lib\libee.a(ee_tc_cstart.c.o) (osEE_tc_set_pll_fsource)
C:\SHIPAR~1\TC275\erika\lib\libee.a(ee_tc_trapvec.c.o)
                              C:\SHIPAR~1\TC275\erika\lib\libee.a(ee_tc_cstart.c.o) (__TRAPTAB)
C:\SHIPAR~1\TC275\erika\lib\libee.a(ee_tc_intvec.c.o)
                              C:\SHIPAR~1\TC275\erika\lib\libee.a(ee_tc_cstart.c.o) (__INTTAB0)
C:\SHIPAR~1\TC275\erika\lib\libee.a(ee_oo_api_osek.c.o)
                              obj/bsw.c.o (DisableAllInterrupts)
C:\SHIPAR~1\TC275\erika\lib\libee.a(ee_oo_sched_entry_points.c.o)
                              obj/ee_applcfg.c.o (osEE_idle_hook_wrapper)
C:\SHIPAR~1\TC275\erika\lib\libee.a(ee_oo_scheduler.c.o)
                              C:\SHIPAR~1\TC275\erika\lib\libee.a(ee_oo_api_osek.c.o) (osEE_scheduler_core_pop_running)
C:\SHIPAR~1\TC275\erika\lib\libee.a(ee_oo_kernel.c.o)
                              C:\SHIPAR~1\TC275\erika\lib\libee.a(ee_oo_api_osek.c.o) (osEE_task_activated)
C:\SHIPAR~1\TC275\erika\lib\libee.a(ee_oo_sched_partitioned.c.o)
                              C:\SHIPAR~1\TC275\erika\lib\libee.a(ee_oo_api_osek.c.o) (osEE_scheduler_task_activated)
C:\SHIPAR~1\TC275\erika\lib\libee.a(ee_oo_counter.c.o)
                              C:\SHIPAR~1\TC275\erika\lib\libee.a(ee_oo_api_osek.c.o) (osEE_counter_increment)
C:\SHIPAR~1\TC275\erika\lib\libee.a(ee_oo_alarm.c.o)
                              C:\SHIPAR~1\TC275\erika\lib\libee.a(ee_oo_api_osek.c.o) (osEE_alarm_set_rel)
C:\SHIPAR~1\TC275\erika\lib\libee.a(ee_std_change_context.c.o)
                              C:\SHIPAR~1\TC275\erika\lib\libee.a(ee_oo_api_osek.c.o) (osEE_change_context_from_running)
C:\SHIPAR~1\TC275\erika\lib\libee.a(ee_tc_hal.c.o)
                              C:\SHIPAR~1\TC275\erika\lib\libee.a(ee_oo_api_osek.c.o) (osEE_cpu_startos)
C:\SHIPAR~1\TC275\erika\lib\libee.a(ee_tc_ctx.c.o)
                              C:\SHIPAR~1\TC275\erika\lib\libee.a(ee_std_change_context.c.o) (osEE_hal_ready2stacked)
c:/hightec/toolchains/tricore/v4.9.3.0-infineon-1.0/bin/../lib/gcc/tricore/4.9.4/tc161\libgcc.a(_lshrdi3.o)
                              obj/illd/src/IfxStm.c.o (__lshrdi3)
c:/hightec/toolchains/tricore/v4.9.3.0-infineon-1.0/bin/../lib/gcc/tricore/4.9.4/tc161\libgcc.a(_floatundidf.o)
                              obj/steering_Pid.c.o (__floatundidf)
c:/hightec/toolchains/tricore/v4.9.3.0-infineon-1.0/bin/../lib/gcc/tricore/4.9.4/tc161\libgcc.a(_sf_to_df.o)
                              obj/illd/Libraries/iLLD/TC27D/Tricore/Vadc/std/IfxVadc.c.o (__extendsfdf2)
c:/hightec/toolchains/tricore/v4.9.3.0-infineon-1.0/bin/../lib/gcc/tricore/4.9.4/tc161\libgcc.a(_addsub_df.o)
                              obj/illd/Libraries/iLLD/TC27D/Tricore/Vadc/std/IfxVadc.c.o (__adddf3)
c:/hightec/toolchains/tricore/v4.9.3.0-infineon-1.0/bin/../lib/gcc/tricore/4.9.4/tc161\libgcc.a(_mul_df.o)
                              obj/bsw.c.o (__muldf3)
c:/hightec/toolchains/tricore/v4.9.3.0-infineon-1.0/bin/../lib/gcc/tricore/4.9.4/tc161\libgcc.a(_div_df.o)
                              obj/illd/Libraries/iLLD/TC27D/Tricore/Vadc/std/IfxVadc.c.o (__divdf3)
c:/hightec/toolchains/tricore/v4.9.3.0-infineon-1.0/bin/../lib/gcc/tricore/4.9.4/tc161\libgcc.a(_gt_df.o)
                              obj/steering_Pid.c.o (__gtdf2)
c:/hightec/toolchains/tricore/v4.9.3.0-infineon-1.0/bin/../lib/gcc/tricore/4.9.4/tc161\libgcc.a(_si_to_df.o)
                              obj/bsw.c.o (__floatsidf)
c:/hightec/toolchains/tricore/v4.9.3.0-infineon-1.0/bin/../lib/gcc/tricore/4.9.4/tc161\libgcc.a(_df_to_si.o)
                              obj/bsw.c.o (__fixdfsi)
c:/hightec/toolchains/tricore/v4.9.3.0-infineon-1.0/bin/../lib/gcc/tricore/4.9.4/tc161\libgcc.a(_make_df.o)
                              c:/hightec/toolchains/tricore/v4.9.3.0-infineon-1.0/bin/../lib/gcc/tricore/4.9.4/tc161\libgcc.a(_sf_to_df.o) (__make_dp)
c:/hightec/toolchains/tricore/v4.9.3.0-infineon-1.0/bin/../lib/gcc/tricore/4.9.4/tc161\libgcc.a(_df_to_sf.o)
                              obj/illd/Libraries/iLLD/TC27D/Tricore/Vadc/std/IfxVadc.c.o (__truncdfsf2)
c:/hightec/toolchains/tricore/v4.9.3.0-infineon-1.0/bin/../lib/gcc/tricore/4.9.4/tc161\libgcc.a(_thenan_df.o)
                              c:/hightec/toolchains/tricore/v4.9.3.0-infineon-1.0/bin/../lib/gcc/tricore/4.9.4/tc161\libgcc.a(_addsub_df.o) (__thenan_df)
c:/hightec/toolchains/tricore/v4.9.3.0-infineon-1.0/bin/../lib/gcc/tricore/4.9.4/tc161\libgcc.a(_usi_to_df.o)
                              c:/hightec/toolchains/tricore/v4.9.3.0-infineon-1.0/bin/../lib/gcc/tricore/4.9.4/tc161\libgcc.a(_floatundidf.o) (__floatunsidf)
c:/hightec/toolchains/tricore/v4.9.3.0-infineon-1.0/bin/../lib/gcc/tricore/4.9.4/tc161\libgcc.a(udivdi3.o)
[...]
Memory Configuration

Name             Origin             Length             Used               Free               Attributes
DMI_DSPR2_local  0x00000000d0000000 0x000000000001e000         0x0000000000000000         0x000000000001e000 w !xpc2
DMI_DSPR2        0x0000000050000000 0x000000000001e000         0x000000000001dc00         0x0000000000000400 w !xpc2
PMI_PSPR2        0x0000000050100000 0x0000000000006000         0x0000000000000000         0x0000000000006000 xw !pc2
DMI_DSPR1_local  0x00000000d0000000 0x000000000001e000         0x0000000000000000         0x000000000001e000 w !xpc1
DMI_DSPR1        0x0000000060000000 0x000000000001e000         0x000000000001dc00         0x0000000000000400 w !xpc1
PMI_PSPR1        0x0000000060100000 0x0000000000006000         0x0000000000000000         0x0000000000006000 xw !pc1
DMI_DSPR0_local  0x00000000d0000000 0x000000000001c000         0x0000000000000000         0x000000000001c000 w !xpc0
DMI_DSPR0        0x0000000070000000 0x000000000001c000         0x000000000001bc00         0x0000000000000400 w !xpc0
PMI_PSPR0        0x0000000070100000 0x0000000000006000         0x0000000000000000         0x0000000000006000 xw !pc0
PMI_PSRAM_local  0x00000000c0000000 0x0000000000006000         0x0000000000000000         0x0000000000006000 xw !p
PMU_PFLASH       0x0000000080000000 0x0000000000400000         0x000000000000f9a0         0x00000000003f0660 xr !p
PMU_PFLASH_nc    0x00000000a0000000 0x0000000000400000         0x0000000000000000         0x0000000000400000 xr !p
PMU_DFLASH0      0x00000000af000000 0x0000000000104000         0x0000000000000000         0x0000000000104000 r !xp
PMU_DFLASH1      0x00000000af110000 0x0000000000010000         0x0000000000000000         0x0000000000010000 r !xp
LMU_SRAM         0x0000000090000000 0x0000000000008000         0x0000000000000000         0x0000000000008000 w !xp
LMU_SRAM_nc      0x00000000b0000000 0x0000000000008000         0x0000000000000000         0x0000000000008000 w !xp
EDMEM            0x000000009f000000 0x0000000000100000         0x0000000000000000         0x0000000000100000 w !xp
EDMEM_nc         0x00000000bf000000 0x0000000000100000         0x0000000000000000         0x0000000000100000 w !xp
BROM             0x000000008fff8000 0x0000000000008000         0x0000000000000000         0x0000000000008000 xr !p
*default*        0x0000000000000000 0xffffffffffffffff         0x0000000000000000         0xffffffffffffffff

List of aliases

DMI_DSPR0       : GLOBAL_RAM

Memory region maps:

CORE     Local Region   Global Region
CPU0     0xd0000000     0x70000000
CPU1     0xd0000000     0x60000000
CPU2     0xd0000000     0x50000000


Linker script and memory map

LOAD obj/asw.c.o
LOAD obj/bsw.c.o
LOAD obj/ee_applcfg.c.o
LOAD obj/illd/Libraries/iLLD/TC27D/Tricore/Vadc/std/IfxVadc.c.o
LOAD obj/illd/Libraries/iLLD/TC27D/Tricore/_Impl/IfxVadc_cfg.c.o
LOAD obj/illd/src/Bsp.c.o
LOAD obj/illd/src/CompilerGnuc.c.o
LOAD obj/illd/src/IfxAsclin.c.o
LOAD obj/illd/src/IfxAsclin_Asc.c.o
LOAD obj/illd/src/IfxAsclin_PinMap.c.o
LOAD obj/illd/src/IfxAsclin_cfg.c.o
LOAD obj/illd/src/IfxCpu.c.o
LOAD obj/illd/src/IfxCpu_Irq.c.o
LOAD obj/illd/src/IfxCpu_cfg.c.o
LOAD obj/illd/src/IfxPort.c.o
LOAD obj/illd/src/IfxPort_cfg.c.o
LOAD obj/illd/src/IfxScuCcu.c.o
LOAD obj/illd/src/IfxScuEru.c.o
LOAD obj/illd/src/IfxScuWdt.c.o
LOAD obj/illd/src/IfxScu_PinMap.c.o
LOAD obj/illd/src/IfxScu_cfg.c.o
LOAD obj/illd/src/IfxSrc.c.o
LOAD obj/illd/src/IfxSrc_cfg.c.o
LOAD obj/illd/src/IfxStdIf_DPipe.c.o
LOAD obj/illd/src/IfxStm.c.o
LOAD obj/illd/src/IfxStm_cfg.c.o
LOAD obj/illd/src/IfxVadc_Adc.c.o
LOAD obj/illd/src/Ifx_CircularBuffer.c.o
LOAD obj/illd/src/Ifx_Fifo.c.o
LOAD obj/shiparker_App.c.o
LOAD obj/steering_Pid.c.o
LOAD obj/uart_Driver.c.o
LOAD obj/ultrasonic_Driver.c.o
START GROUP
LOAD C:\SHIPAR~1\TC275\erika\lib\libee.a
END GROUP
LOAD c:/hightec/toolchains/tricore/v4.9.3.0-infineon-1.0/bin/../lib/gcc/tricore/4.9.4/tc161\libgcc.a
LOAD c:/hightec/toolchains/tricore/v4.9.3.0-infineon-1.0/bin/../lib/gcc/tricore/4.9.4/../../../../tricore/lib/tc161\libc.a
LOAD c:/hightec/toolchains/tricore/v4.9.3.0-infineon-1.0/bin/../lib/gcc/tricore/4.9.4/../../../../tricore/lib/tc161\libos.a
LOAD c:/hightec/toolchains/tricore/v4.9.3.0-infineon-1.0/bin/../lib/gcc/tricore/4.9.4/../../../../tricore/lib/tc161\libm.a
LOAD c:/hightec/toolchains/tricore/v4.9.3.0-infineon-1.0/bin/../lib/gcc/tricore/4.9.4/../../../../tricore/lib/tc161\libc.a
LOAD c:/hightec/toolchains/tricore/v4.9.3.0-infineon-1.0/bin/../lib/gcc/tricore/4.9.4/tc161\libgcc.a
                0x0000000000002700                __TRICORE_DERIVATE_MEMORY_MAP__ = 0x2700
                [0x0000000000002000]                __CSA_SIZE = DEFINED (__CSA_SIZE)?__CSA_SIZE:0x2000
                [0x0000000000000400]                __ISTACK_SIZE = DEFINED (__ISTACK_SIZE)?__ISTACK_SIZE:0x400
                [0x0000000000001000]                __USTACK_SIZE = DEFINED (__USTACK_SIZE)?__USTACK_SIZE:0x1000
                [0x0000000000000000]                __HEAP_SIZE = DEFINED (__HEAP_SIZE)?__HEAP_SIZE:0x0
                [0x0000000000002000]                __CSA0_SIZE = DEFINED (__CSA0_SIZE)?__CSA0_SIZE:__CSA_SIZE
                [0x0000000000000400]                __ISTACK0_SIZE = DEFINED (__ISTACK0_SIZE)?__ISTACK0_SIZE:__ISTACK_SIZE
                [0x0000000000001000]                __USTACK0_SIZE = DEFINED (__USTACK0_SIZE)?__USTACK0_SIZE:__USTACK_SIZE
                [0x0000000000002000]                __CSA1_SIZE = DEFINED (__CSA1_SIZE)?__CSA1_SIZE:__CSA_SIZE
                [0x0000000000000400]                __ISTACK1_SIZE = DEFINED (__ISTACK1_SIZE)?__ISTACK1_SIZE:__ISTACK_SIZE
                [0x0000000000001000]                __USTACK1_SIZE = DEFINED (__USTACK1_SIZE)?__USTACK1_SIZE:__USTACK_SIZE
                [0x0000000000002000]                __CSA2_SIZE = DEFINED (__CSA2_SIZE)?__CSA2_SIZE:__CSA_SIZE
                [0x0000000000000400]                __ISTACK2_SIZE = DEFINED (__ISTACK2_SIZE)?__ISTACK2_SIZE:__ISTACK_SIZE
                [0x0000000000001000]                __USTACK2_SIZE = DEFINED (__USTACK2_SIZE)?__USTACK2_SIZE:__USTACK_SIZE
                0x0000000050000000                __DSPR2_START = 0x50000000
                0x0000000060000000                __DSPR1_START = 0x60000000
                0x0000000070000000                __DSPR0_START = 0x70000000
                0x000000000001e000                __DSPR2_SIZE = 0x1e000
                0x000000000001e000                __DSPR1_SIZE = 0x1e000
                0x000000000001c000                __DSPR0_SIZE = 0x1c000
                0x0000000000019c00                __CSA0_OFFSET = ((__DSPR0_SIZE - 0x400) - __CSA0_SIZE)
                0x0000000000019700                __ISTACK0_OFFSET = ((__CSA0_OFFSET - 0x100) - __ISTACK0_SIZE)
                0x0000000000018600                __USTACK0_OFFSET = ((__ISTACK0_OFFSET - 0x100) - __USTACK0_SIZE)
                0x000000000001bc00                __CSA1_OFFSET = ((__DSPR1_SIZE - 0x400) - __CSA1_SIZE)
                0x000000000001b700                __ISTACK1_OFFSET = ((__CSA1_OFFSET - 0x100) - __ISTACK1_SIZE)
                0x000000000001a600                __USTACK1_OFFSET = ((__ISTACK1_OFFSET - 0x100) - __USTACK1_SIZE)
                0x000000000001bc00                __CSA2_OFFSET = ((__DSPR2_SIZE - 0x400) - __CSA2_SIZE)
                0x000000000001b700                __ISTACK2_OFFSET = ((__CSA2_OFFSET - 0x100) - __ISTACK2_SIZE)
                0x000000000001a600                __USTACK2_OFFSET = ((__ISTACK2_OFFSET - 0x100) - __USTACK2_SIZE)

.bmhd0          memory region -> PMU_PFLASH
                0x0000000080000000        0x0
                0x0000000080000000                BootModeHeader0 = .
 *(.bmhd0)

.bmhd1          memory region -> PMU_PFLASH
                0x0000000080020000        0x0
                0x0000000080020000                BootModeHeader1 = .
 *(.bmhd1)

.startup        memory region -> PMU_PFLASH
                0x0000000080000020        0x6
                0x0000000080000020                BootModeIndex = .
 *(.startup)
 .startup       0x0000000080000020        0x6 C:\SHIPAR~1\TC275\erika\lib\libee.a(ee_tc_cstart.c.o)
                0x0000000080000020                _start

.zrodata
 *(.zrodata)
 *(.zrodata.*)

.sdata2         memory region -> PMU_PFLASH
                0x0000000080000026        0x0
 *(.srodata)
 *(.srodata.*)
                0x0000000080008000                _SMALL_DATA2_ = SIZEOF (.sdata2)?(ADDR (.sdata2) + 0x8000):((ADDR (.sdata2) & 0xf0000000) + 0x8000)
                0x0000000080008000                __A1_MEM = _SMALL_DATA2_

.rodata         memory region -> PMU_PFLASH
                0x0000000080000028     0x13f8
 *(.rodata)
 .rodata        0x0000000080000028        0xc obj/asw.c.o
 .rodata        0x0000000080000034       0x64 obj/bsw.c.o
 .rodata        0x0000000080000098      0x1d4 obj/ee_applcfg.c.o
                0x0000000080000098                osEE_kdb_var
                0x00000000800000bc                osEE_cdb_var
 .rodata        0x000000008000026c        0x6 obj/illd/Libraries/iLLD/TC27D/Tricore/Vadc/std/IfxVadc.c.o
 *fill*         0x0000000080000272        0x2 00
 .rodata        0x0000000080000274       0xa0 obj/illd/Libraries/iLLD/TC27D/Tricore/_Impl/IfxVadc_cfg.c.o
                0x0000000080000274                IfxVadc_cfg_srcAddresses
 .rodata        0x0000000080000314      0x6b0 obj/illd/src/IfxAsclin_PinMap.c.o
                0x0000000080000314                IfxAsclin3_TX_P32_3_OUT
                0x0000000080000324                IfxAsclin3_TX_P32_2_OUT
                0x0000000080000334                IfxAsclin3_TX_P22_1_OUT
                0x0000000080000344                IfxAsclin3_TX_P22_0_OUT
                0x0000000080000354                IfxAsclin3_TX_P21_7_OUT
                0x0000000080000364                IfxAsclin3_TX_P20_3_OUT
                0x0000000080000374                IfxAsclin3_TX_P20_0_OUT
                0x0000000080000384                IfxAsclin3_TX_P15_7_OUT
                0x0000000080000394                IfxAsclin3_TX_P15_6_OUT
                0x00000000800003a4                IfxAsclin3_TX_P11_1_OUT
                0x00000000800003b4                IfxAsclin3_TX_P11_0_OUT
                0x00000000800003c4                IfxAsclin3_TX_P00_1_OUT
                0x00000000800003d4                IfxAsclin3_TX_P00_0_OUT
                0x00000000800003e4                IfxAsclin2_TX_P33_9_OUT
                0x00000000800003f4                IfxAsclin2_TX_P33_8_OUT
                0x0000000080000404                IfxAsclin2_TX_P32_5_OUT
                0x0000000080000414                IfxAsclin2_TX_P14_3_OUT
                0x0000000080000424                IfxAsclin2_TX_P14_2_OUT
                0x0000000080000434                IfxAsclin2_TX_P10_5_OUT
                0x0000000080000444                IfxAsclin2_TX_P02_9_OUT
                0x0000000080000454                IfxAsclin2_TX_P02_0_OUT
                0x0000000080000464                IfxAsclin1_TX_P33_13_OUT
                0x0000000080000474                IfxAsclin1_TX_P33_12_OUT
                0x0000000080000484                IfxAsclin1_TX_P20_10_OUT
                0x0000000080000494                IfxAsclin1_TX_P15_5_OUT
                0x00000000800004a4                IfxAsclin1_TX_P15_4_OUT
                0x00000000800004b4                IfxAsclin1_TX_P15_1_OUT
                0x00000000800004c4                IfxAsclin1_TX_P15_0_OUT
                0x00000000800004d4                IfxAsclin1_TX_P14_10_OUT
                0x00000000800004e4                IfxAsclin1_TX_P11_12_OUT
                0x00000000800004f4                IfxAsclin1_TX_P02_2_OUT
                0x0000000080000504                IfxAsclin0_TX_P34_1_OUT
                0x0000000080000514                IfxAsclin0_TX_P15_3_OUT
                0x0000000080000524                IfxAsclin0_TX_P15_2_OUT
                0x0000000080000534                IfxAsclin0_TX_P14_1_OUT
                0x0000000080000544                IfxAsclin0_TX_P14_0_OUT
                0x0000000080000554                IfxAsclin3_SLSO_P33_1_OUT
                0x0000000080000564                IfxAsclin3_SLSO_P21_6_OUT
                0x0000000080000574                IfxAsclin3_SLSO_P21_2_OUT
                0x0000000080000584                IfxAsclin3_SLSO_P14_3_OUT
                0x0000000080000594                IfxAsclin3_SLSO_P12_1_OUT
                0x00000000800005a4                IfxAsclin3_SLSO_P00_3_OUT
                0x00000000800005b4                IfxAsclin2_SLSO_P33_6_OUT
                0x00000000800005c4                IfxAsclin2_SLSO_P10_5_OUT
                0x00000000800005d4                IfxAsclin2_SLSO_P02_3_OUT
                0x00000000800005e4                IfxAsclin1_SLSO_P33_10_OUT
                0x00000000800005f4                IfxAsclin1_SLSO_P20_8_OUT
                0x0000000080000604                IfxAsclin1_SLSO_P14_3_OUT
                0x0000000080000614                IfxAsclin3_SCLK_P33_2_OUT
                0x0000000080000624                IfxAsclin3_SCLK_P32_3_OUT
                0x0000000080000634                IfxAsclin3_SCLK_P21_7_OUT
                0x0000000080000644                IfxAsclin3_SCLK_P21_5_OUT
                0x0000000080000654                IfxAsclin3_SCLK_P20_0_OUT
                0x0000000080000664                IfxAsclin3_SCLK_P15_8_OUT
                0x0000000080000674                IfxAsclin3_SCLK_P15_6_OUT
                0x0000000080000684                IfxAsclin3_SCLK_P11_4_OUT
                0x0000000080000694                IfxAsclin3_SCLK_P11_1_OUT
                0x00000000800006a4                IfxAsclin3_SCLK_P00_2_OUT
                0x00000000800006b4                IfxAsclin3_SCLK_P00_0_OUT
                0x00000000800006c4                IfxAsclin2_SCLK_P33_9_OUT
                0x00000000800006d4                IfxAsclin2_SCLK_P33_7_OUT
                0x00000000800006e4                IfxAsclin2_SCLK_P14_2_OUT
                0x00000000800006f4                IfxAsclin2_SCLK_P10_6_OUT
                0x0000000080000704                IfxAsclin2_SCLK_P02_4_OUT
                0x0000000080000714                IfxAsclin1_SCLK_P33_12_OUT
                0x0000000080000724                IfxAsclin1_SCLK_P33_11_OUT
                0x0000000080000734                IfxAsclin1_SCLK_P20_10_OUT
                0x0000000080000744                IfxAsclin1_SCLK_P15_0_OUT
                0x0000000080000754                IfxAsclin0_SCLK_P15_2_OUT
                0x0000000080000764                IfxAsclin0_SCLK_P14_0_OUT
                0x0000000080000774                IfxAsclin3_RXG_P21_3_IN
                0x0000000080000784                IfxAsclin3_RXG_P21_2_IN
                0x0000000080000794                IfxAsclin3_RXF_P21_6_IN
                0x00000000800007a4                IfxAsclin3_RXE_P00_1_IN
                0x00000000800007b4                IfxAsclin3_RXD_P32_2_IN
                0x00000000800007c4                IfxAsclin3_RXC_P20_3_IN
                0x00000000800007d4                IfxAsclin3_RXB_P11_0_IN
                0x00000000800007e4                IfxAsclin3_RXA_P15_7_IN
                0x00000000800007f4                IfxAsclin2_RXG_P02_0_IN
                0x0000000080000804                IfxAsclin2_RXF_P32_6_IN
                0x0000000080000814                IfxAsclin2_RXE_P33_8_IN
                0x0000000080000824                IfxAsclin2_RXD_P10_6_IN
                0x0000000080000834                IfxAsclin2_RXC_P02_10_IN
                0x0000000080000844                IfxAsclin2_RXB_P02_1_IN
                0x0000000080000854                IfxAsclin2_RXA_P14_3_IN
                0x0000000080000864                IfxAsclin1_RXG_P02_3_IN
                0x0000000080000874                IfxAsclin1_RXF_P33_13_IN
                0x0000000080000884                IfxAsclin1_RXE_P11_10_IN
                0x0000000080000894                IfxAsclin1_RXD_P14_8_IN
                0x00000000800008a4                IfxAsclin1_RXC_P20_9_IN
                0x00000000800008b4                IfxAsclin1_RXB_P15_5_IN
                0x00000000800008c4                IfxAsclin1_RXA_P15_1_IN
                0x00000000800008d4                IfxAsclin0_RXD_P34_2_IN
                0x00000000800008e4                IfxAsclin0_RXB_P15_3_IN
                0x00000000800008f4                IfxAsclin0_RXA_P14_1_IN
                0x0000000080000904                IfxAsclin3_RTS_P00_9_OUT
                0x0000000080000914                IfxAsclin2_RTS_P33_4_OUT
                0x0000000080000924                IfxAsclin2_RTS_P10_8_OUT
                0x0000000080000934                IfxAsclin1_RTS_P23_1_OUT
                0x0000000080000944                IfxAsclin1_RTS_P20_6_OUT
                0x0000000080000954                IfxAsclin0_RTS_P14_7_OUT
                0x0000000080000964                IfxAsclin3_CTSA_P00_12_IN
                0x0000000080000974                IfxAsclin2_CTSB_P33_5_IN
                0x0000000080000984                IfxAsclin2_CTSA_P10_7_IN
                0x0000000080000994                IfxAsclin1_CTSB_P32_4_IN
                0x00000000800009a4                IfxAsclin1_CTSA_P20_7_IN
                0x00000000800009b4                IfxAsclin0_CTSA_P14_9_IN
 .rodata        0x00000000800009c4       0x20 obj/illd/src/IfxAsclin_cfg.c.o
                0x00000000800009c4                IfxAsclin_cfg_indexMap
 .rodata        0x00000000800009e4      0x100 obj/illd/src/IfxPort_cfg.c.o
                0x00000000800009e4                IfxPort_cfg_indexMap
                0x0000000080000a64                IfxPort_cfg_esrMasks
 .rodata        0x0000000080000ae4       0x80 obj/illd/src/IfxScuCcu.c.o
                0x0000000080000ae4                IfxScuCcu_defaultErayPllConfig
                0x0000000080000aec                IfxScuCcu_defaultClockConfig
 .rodata        0x0000000080000b64      0x278 obj/illd/src/IfxScu_PinMap.c.o
                0x0000000080000b64                IfxScu_WDTSLCK_P20_9_OUT
                0x0000000080000b74                IfxScu_WDT2LCK_P20_6_OUT
                0x0000000080000b84                IfxScu_WDT1LCK_P20_7_OUT
                0x0000000080000b94                IfxScu_WDT0LCK_P20_8_OUT
                0x0000000080000ba4                IfxScu_REQ9_P20_0_IN
                0x0000000080000bb8                IfxScu_REQ8_P33_7_IN
                0x0000000080000bcc                IfxScu_REQ7_P00_4_IN
                0x0000000080000be0                IfxScu_REQ6_P02_0_IN
                0x0000000080000bf4                IfxScu_REQ5_P10_8_IN
                0x0000000080000c08                IfxScu_REQ4_P10_7_IN
                0x0000000080000c1c                IfxScu_REQ3_P10_3_IN
                0x0000000080000c30                IfxScu_REQ2_P10_2_IN
                0x0000000080000c44                IfxScu_REQ1_P15_8_IN
                0x0000000080000c58                IfxScu_REQ16_P15_1_IN
                0x0000000080000c6c                IfxScu_REQ15_P14_1_IN
                0x0000000080000c80                IfxScu_REQ14_P02_1_IN
                0x0000000080000c94                IfxScu_REQ13_P15_5_IN
                0x0000000080000ca8                IfxScu_REQ12_P11_10_IN
                0x0000000080000cbc                IfxScu_REQ11_P20_9_IN
                0x0000000080000cd0                IfxScu_REQ10_P14_3_IN
                0x0000000080000ce4                IfxScu_REQ0_P15_4_IN
                0x0000000080000cf8                IfxScu_HWCFG6_P14_4_IN
                0x0000000080000d04                IfxScu_HWCFG5_P10_6_IN
                0x0000000080000d10                IfxScu_HWCFG4_P10_5_IN
                0x0000000080000d1c                IfxScu_HWCFG3_BMI_P14_3_IN
                0x0000000080000d28                IfxScu_HWCFG2EVR13_P14_2_IN
                0x0000000080000d34                IfxScu_HWCFG1EVR33_P14_5_IN
                0x0000000080000d40                IfxScu_HWCFG0DCLDO_P14_6_IN
                0x0000000080000d4c                IfxScu_EXTCLK1_P32_4_OUT
                0x0000000080000d5c                IfxScu_EXTCLK1_P11_12_OUT
                0x0000000080000d6c                IfxScu_EXTCLK0_P23_1_OUT
                0x0000000080000d7c                IfxScu_EVRWUPB_P15_1_IN
                0x0000000080000d8c                IfxScu_EVRWUPA_P14_1_IN
                0x0000000080000d9c                IfxScu_EMGSTOPB_P21_2_IN
                0x0000000080000dac                IfxScu_EMGSTOPA_P33_8_IN
                0x0000000080000dbc                IfxScu_DCDCSYNC_P33_13_OUT
                0x0000000080000dcc                IfxScu_DCDCSYNC_P32_2_OUT
 .rodata        0x0000000080000ddc       0x40 obj/illd/src/IfxVadc_Adc.c.o
 .rodata        0x0000000080000e1c      0x1e4 obj/shiparker_App.c.o
 .rodata        0x0000000080001000      0x10c obj/uart_Driver.c.o
 .rodata        0x000000008000110c       0x14 c:/hightec/toolchains/tricore/v4.9.3.0-infineon-1.0/bin/../lib/gcc/tricore/4.9.4/tc161\libgcc.a(_thenan_df.o)
                0x000000008000110c                __thenan_df
 .rodata        0x0000000080001120        0x8 c:/hightec/toolchains/tricore/v4.9.3.0-infineon-1.0/bin/../lib/gcc/tricore/4.9.4/../../../../tricore/lib/tc161\libc.a(lib_a-impure.o)
                0x0000000080001120                _global_impure_ptr
 .rodata        0x0000000080001128       0x54 c:/hightec/toolchains/tricore/v4.9.3.0-infineon-1.0/bin/../lib/gcc/tricore/4.9.4/../../../../tricore/lib/tc161\libc.a(lib_a-svfprintf.o)
 .rodata        0x000000008000117c        0xf c:/hightec/toolchains/tricore/v4.9.3.0-infineon-1.0/bin/../lib/gcc/tricore/4.9.4/../../../../tricore/lib/tc161\libc.a(lib_a-dtoa.o)
 *fill*         0x000000008000118b        0x1 00
 .rodata        0x000000008000118c       0x44 c:/hightec/toolchains/tricore/v4.9.3.0-infineon-1.0/bin/../lib/gcc/tricore/4.9.4/../../../../tricore/lib/tc161\libc.a(lib_a-locale.o)
 .rodata        0x00000000800011d0      0x124 c:/hightec/toolchains/tricore/v4.9.3.0-infineon-1.0/bin/../lib/gcc/tricore/4.9.4/../../../../tricore/lib/tc161\libc.a(lib_a-mprec.o)
                0x00000000800011dc                __mprec_tinytens
                0x0000000080001204                __mprec_bigtens
                0x000000008000122c                __mprec_tens
 *(.rodata.*)
 *(.gnu.linkonce.r.*)
                0x00000000800012f4                . = ALIGN (0x4)
                0x00000000800012f4                PROVIDE (__clear_table, .)
                0x00000000800012f4        0x4 LONG 0x50000000 (0x0 + ADDR (.CPU2.zbss))
                0x00000000800012f8        0x4 LONG 0x0 SIZEOF (.CPU2.zbss)
                0x00000000800012fc        0x4 LONG 0x50000000 (0x0 + ADDR (.CPU2.bss))
                0x0000000080001300        0x4 LONG 0x0 SIZEOF (.CPU2.bss)
                0x0000000080001304        0x4 LONG 0x60000000 (0x0 + ADDR (.CPU1.zbss))
                0x0000000080001308        0x4 LONG 0x0 SIZEOF (.CPU1.zbss)
                0x000000008000130c        0x4 LONG 0x60000000 (0x0 + ADDR (.CPU1.bss))
                0x0000000080001310        0x4 LONG 0x0 SIZEOF (.CPU1.bss)
                0x0000000080001314        0x4 LONG 0x70000ff8 (0x0 + ADDR (.CPU0.zbss))
                0x0000000080001318        0x4 LONG 0x0 SIZEOF (.CPU0.zbss)
                0x000000008000131c        0x4 LONG 0x70000ff8 (0x0 + ADDR (.CPU0.bss))
                0x0000000080001320        0x4 LONG 0x0 SIZEOF (.CPU0.bss)
                0x0000000080001324        0x4 LONG 0x70000000 (0x0 + ADDR (.zbss))
                0x0000000080001328        0x4 LONG 0x0 SIZEOF (.zbss)
                0x000000008000132c        0x4 LONG 0x70000000 (0x0 + ADDR (.sbss))
                0x0000000080001330        0x4 LONG 0x0 SIZEOF (.sbss)
                0x0000000080001334        0x4 LONG 0x700009d0 (0x0 + ADDR (.bss))
                0x0000000080001338        0x4 LONG 0x628 SIZEOF (.bss)
                0x000000008000133c        0x4 LONG 0xb0000000 (0x0 + ADDR (.lmu_zbss))
                0x0000000080001340        0x4 LONG 0x0 SIZEOF (.lmu_zbss)
                0x0000000080001344        0x4 LONG 0xb0000000 (0x0 + ADDR (.lmu_sbss))
                0x0000000080001348        0x4 LONG 0x0 SIZEOF (.lmu_sbss)
                0x000000008000134c        0x4 LONG 0xb0000000 (0x0 + ADDR (.lmu_bss))
                0x0000000080001350        0x4 LONG 0x0 SIZEOF (.lmu_bss)
                0x0000000080001354        0x4 LONG 0xffffffffffffffff
                0x0000000080001358        0x4 LONG 0xffffffffffffffff
                0x000000008000135c                PROVIDE (__copy_table, .)
                0x000000008000135c        0x4 LONG 0x8000f9a0 LOADADDR (.CPU2.zdata)
                0x0000000080001360        0x4 LONG 0x50000000 ADDR (.CPU2.zdata)
                0x0000000080001364        0x4 LONG 0x0 SIZEOF (.CPU2.zdata)
                0x0000000080001368        0x4 LONG 0x8000f9a0 LOADADDR (.CPU2.data)
                0x000000008000136c        0x4 LONG 0x50000000 ADDR (.CPU2.data)
                0x0000000080001370        0x4 LONG 0x0 SIZEOF (.CPU2.data)
                0x0000000080001374        0x4 LONG 0x8000f9a0 LOADADDR (.CPU1.zdata)
                0x0000000080001378        0x4 LONG 0x60000000 ADDR (.CPU1.zdata)
                0x000000008000137c        0x4 LONG 0x0 SIZEOF (.CPU1.zdata)
                0x0000000080001380        0x4 LONG 0x8000f9a0 LOADADDR (.CPU1.data)
                0x0000000080001384        0x4 LONG 0x60000000 ADDR (.CPU1.data)
                0x0000000080001388        0x4 LONG 0x0 SIZEOF (.CPU1.data)
                0x000000008000138c        0x4 LONG 0x8000f9a0 LOADADDR (.CPU0.zdata)
                0x0000000080001390        0x4 LONG 0x70000ff8 ADDR (.CPU0.zdata)
                0x0000000080001394        0x4 LONG 0x0 SIZEOF (.CPU0.zdata)
                0x0000000080001398        0x4 LONG 0x8000f9a0 LOADADDR (.CPU0.data)
                0x000000008000139c        0x4 LONG 0x70000ff8 ADDR (.CPU0.data)
                0x00000000800013a0        0x4 LONG 0x0 SIZEOF (.CPU0.data)
                0x00000000800013a4        0x4 LONG 0x8000efd0 LOADADDR (.zdata)
                0x00000000800013a8        0x4 LONG 0x70000000 ADDR (.zdata)
                0x00000000800013ac        0x4 LONG 0x0 SIZEOF (.zdata)
                0x00000000800013b0        0x4 LONG 0x8000efd0 LOADADDR (.sdata)
                0x00000000800013b4        0x4 LONG 0x70000000 ADDR (.sdata)
                0x00000000800013b8        0x4 LONG 0x0 SIZEOF (.sdata)
                0x00000000800013bc        0x4 LONG 0x8000efd0 LOADADDR (.data)
                0x00000000800013c0        0x4 LONG 0x70000000 ADDR (.data)
                0x00000000800013c4        0x4 LONG 0x9d0 SIZEOF (.data)
                0x00000000800013c8        0x4 LONG 0x8000f9a0 LOADADDR (.lmu_zdata)
                0x00000000800013cc        0x4 LONG 0xb0000000 ADDR (.lmu_zdata)
                0x00000000800013d0        0x4 LONG 0x0 SIZEOF (.lmu_zdata)
                0x00000000800013d4        0x4 LONG 0x8000f9a0 LOADADDR (.lmu_sdata)
                0x00000000800013d8        0x4 LONG 0xb0000000 ADDR (.lmu_sdata)
                0x00000000800013dc        0x4 LONG 0x0 SIZEOF (.lmu_sdata)
                0x00000000800013e0        0x4 LONG 0x8000f9a0 LOADADDR (.lmu_data)
                0x00000000800013e4        0x4 LONG 0xb0000000 ADDR (.lmu_data)
                0x00000000800013e8        0x4 LONG 0x0 SIZEOF (.lmu_data)
                0x00000000800013ec        0x4 LONG 0x8000f9a0 LOADADDR (.CPU0.psram_text)
                0x00000000800013f0        0x4 LONG 0x70100000 ADDR (.CPU0.psram_text)
                0x00000000800013f4        0x4 LONG 0x0 SIZEOF (.CPU0.psram_text)
                0x00000000800013f8        0x4 LONG 0x8000f9a0 LOADADDR (.CPU1.psram_text)
                0x00000000800013fc        0x4 LONG 0x60100000 ADDR (.CPU1.psram_text)
                0x0000000080001400        0x4 LONG 0x0 SIZEOF (.CPU1.psram_text)
                0x0000000080001404        0x4 LONG 0x8000f9a0 LOADADDR (.CPU2.psram_text)
                0x0000000080001408        0x4 LONG 0x50100000 ADDR (.CPU2.psram_text)
                0x000000008000140c        0x4 LONG 0x0 SIZEOF (.CPU2.psram_text)
                0x0000000080001410        0x4 LONG 0xffffffffffffffff
                0x0000000080001414        0x4 LONG 0xffffffffffffffff
                0x0000000080001418        0x4 LONG 0xffffffffffffffff
                0x0000000080001420                . = ALIGN (0x8)
 *fill*         0x000000008000141c        0x4 00

.traptab        memory region -> PMU_PFLASH
                0x0000000080001500      0x100
 *(.traptab)
 *(.traptab*)
 .traptab_cpu0  0x0000000080001500      0x100 C:\SHIPAR~1\TC275\erika\lib\libee.a(ee_tc_trapvec.c.o)
                0x0000000080001500                osEE_tc_trap_mmu
                0x0000000080001500                __TRAPTAB
                0x0000000080001520                osEE_tc_trap_protection
                0x0000000080001540                osEE_tc_trap_instruction
                0x0000000080001560                osEE_tc_trap_context
                0x0000000080001580                osEE_tc_trap_bus
                0x00000000800015a0                osEE_tc_trap_assertion
                0x00000000800015c0                osEE_tc_trap_system
                0x00000000800015e0                osEE_tc_trap_nmi
                0x0000000080001600                . = ALIGN (0x8)

.eh_frame       memory region -> PMU_PFLASH
                0x0000000080001600        0x0
 *(.gcc_except_table)
                0x0000000080001600                __EH_FRAME_BEGIN__ = .
 *(.eh_frame)
                0x0000000080001600                __EH_FRAME_END__ = .
 *(.jcr)
                0x0000000080001600                . = ALIGN (0x8)

.ctors          memory region -> PMU_PFLASH
                0x0000000080001600        0x8
                0x0000000080001600                __CTOR_LIST__ = .
                0x0000000080001600        0x4 LONG 0x0 (((__CTOR_END__ - __CTOR_LIST__) / 0x4) - 0x2)
 *(.ctors)
                0x0000000080001604        0x4 LONG 0x0
                0x0000000080001608                __CTOR_END__ = .
                0x0000000080001608                . = ALIGN (0x8)

.dtors          memory region -> PMU_PFLASH
                0x0000000080001608        0x8
                0x0000000080001608                __DTOR_LIST__ = .
                0x0000000080001608        0x4 LONG 0x0 (((__DTOR_END__ - __DTOR_LIST__) / 0x4) - 0x2)
 *(.dtors)
                0x000000008000160c        0x4 LONG 0x0
                0x0000000080001610                __DTOR_END__ = .
                0x0000000080001610                . = ALIGN (0x8)

.inttab_cpu0    memory region -> PMU_PFLASH
                0x0000000080002000     0x2000
 *(.inttab_cpu0)
 .inttab_cpu0   0x0000000080002000     0x2000 C:\SHIPAR~1\TC275\erika\lib\libee.a(ee_tc_intvec.c.o)
                0x0000000080002000                __INTTAB0
                0x0000000080002020                osEE_tc_isr_dummy_entry_1
                0x0000000080002040                osEE_tc_isr_dummy_entry_2
                0x0000000080002060                osEE_tc_isr_dummy_entry_3
                0x0000000080002080                osEE_tc_isr_dummy_entry_4
                0x00000000800020a0                osEE_tc_isr_dummy_entry_5
                0x00000000800020c0                osEE_tc_isr2_entry_6
                0x00000000800020e0                osEE_tc_isr2_entry_7
                0x0000000080002100                osEE_tc_isr_dummy_entry_8
                0x0000000080002120                osEE_tc_isr_dummy_entry_9
                0x0000000080002140                osEE_tc_isr_dummy_entry_10
                0x0000000080002160                osEE_tc_isr_dummy_entry_11
                0x0000000080002180                osEE_tc_isr_dummy_entry_12
                0x00000000800021a0                osEE_tc_isr2_entry_13
                0x00000000800021c0                osEE_tc_isr2_entry_14
                0x00000000800021e0                osEE_tc_isr_dummy_entry_15
                0x0000000080002200                osEE_tc_isr_dummy_entry_16
                0x0000000080002220                osEE_tc_isr2_entry_17
                0x0000000080002240                osEE_tc_isr_dummy_entry_18
                0x0000000080002260                osEE_tc_isr_dummy_entry_19
                0x0000000080002280                osEE_tc_isr_dummy_entry_20
                0x00000000800022a0                osEE_tc_isr_dummy_entry_21
                0x00000000800022c0                osEE_tc_isr_dummy_entry_22
                0x00000000800022e0                osEE_tc_isr_dummy_entry_23
                0x0000000080002300                osEE_tc_isr_dummy_entry_24
                0x0000000080002320                osEE_tc_isr_dummy_entry_25
                0x0000000080002340                osEE_tc_isr_dummy_entry_26
                0x0000000080002360                osEE_tc_isr_dummy_entry_27
                0x0000000080002380                osEE_tc_isr_dummy_entry_28
                0x00000000800023a0                osEE_tc_isr_dummy_entry_29
                0x00000000800023c0                osEE_tc_isr_dummy_entry_30
                0x00000000800023e0                osEE_tc_isr_dummy_entry_31
                0x0000000080002400                osEE_tc_isr_dummy_entry_32
                0x0000000080002420                osEE_tc_isr_dummy_entry_33
                0x0000000080002440                osEE_tc_isr_dummy_entry_34
                0x0000000080002460                osEE_tc_isr_dummy_entry_35
                0x0000000080002480                osEE_tc_isr_dummy_entry_36
                0x00000000800024a0                osEE_tc_isr_dummy_entry_37
                0x00000000800024c0                osEE_tc_isr_dummy_entry_38
                0x00000000800024e0                osEE_tc_isr_dummy_entry_39
                0x0000000080002500                osEE_tc_isr_dummy_entry_40
                0x0000000080002520                osEE_tc_isr_dummy_entry_41
                0x0000000080002540                osEE_tc_isr_dummy_entry_42
                0x0000000080002560                osEE_tc_isr_dummy_entry_43
                0x0000000080002580                osEE_tc_isr_dummy_entry_44
                0x00000000800025a0                osEE_tc_isr_dummy_entry_45
                0x00000000800025c0                osEE_tc_isr_dummy_entry_46
                0x00000000800025e0                osEE_tc_isr_dummy_entry_47
                0x0000000080002600                osEE_tc_isr_dummy_entry_48
                0x0000000080002620                osEE_tc_isr_dummy_entry_49
                0x0000000080002640                osEE_tc_isr_dummy_entry_50
                0x0000000080002660                osEE_tc_isr_dummy_entry_51
                0x0000000080002680                osEE_tc_isr_dummy_entry_52
                0x00000000800026a0                osEE_tc_isr_dummy_entry_53
                0x00000000800026c0                osEE_tc_isr_dummy_entry_54
                0x00000000800026e0                osEE_tc_isr_dummy_entry_55
                0x0000000080002700                osEE_tc_isr_dummy_entry_56
                0x0000000080002720                osEE_tc_isr_dummy_entry_57
                0x0000000080002740                osEE_tc_isr_dummy_entry_58
                0x0000000080002760                osEE_tc_isr_dummy_entry_59
                0x0000000080002780                osEE_tc_isr_dummy_entry_60
                0x00000000800027a0                osEE_tc_isr_dummy_entry_61
                0x00000000800027c0                osEE_tc_isr_dummy_entry_62
                0x00000000800027e0                osEE_tc_isr_dummy_entry_63
                0x0000000080002800                osEE_tc_isr_dummy_entry_64
                0x0000000080002820                osEE_tc_isr_dummy_entry_65
                0x0000000080002840                osEE_tc_isr_dummy_entry_66
                0x0000000080002860                osEE_tc_isr_dummy_entry_67
                0x0000000080002880                osEE_tc_isr_dummy_entry_68
                0x00000000800028a0                osEE_tc_isr_dummy_entry_69
                0x00000000800028c0                osEE_tc_isr_dummy_entry_70
                0x00000000800028e0                osEE_tc_isr_dummy_entry_71
                0x0000000080002900                osEE_tc_isr_dummy_entry_72
                0x0000000080002920                osEE_tc_isr_dummy_entry_73
                0x0000000080002940                osEE_tc_isr_dummy_entry_74
                0x0000000080002960                osEE_tc_isr_dummy_entry_75
                0x0000000080002980                osEE_tc_isr_dummy_entry_76
                0x00000000800029a0                osEE_tc_isr_dummy_entry_77
                0x00000000800029c0                osEE_tc_isr_dummy_entry_78
                0x00000000800029e0                osEE_tc_isr_dummy_entry_79
                0x0000000080002a00                osEE_tc_isr_dummy_entry_80
                0x0000000080002a20                osEE_tc_isr_dummy_entry_81
                0x0000000080002a40                osEE_tc_isr_dummy_entry_82
                0x0000000080002a60                osEE_tc_isr_dummy_entry_83
                0x0000000080002a80                osEE_tc_isr_dummy_entry_84
                0x0000000080002aa0                osEE_tc_isr_dummy_entry_85
                0x0000000080002ac0                osEE_tc_isr_dummy_entry_86
                0x0000000080002ae0                osEE_tc_isr_dummy_entry_87
                0x0000000080002b00                osEE_tc_isr_dummy_entry_88
                0x0000000080002b20                osEE_tc_isr_dummy_entry_89
                0x0000000080002b40                osEE_tc_isr_dummy_entry_90
                0x0000000080002b60                osEE_tc_isr_dummy_entry_91
                0x0000000080002b80                osEE_tc_isr_dummy_entry_92
                0x0000000080002ba0                osEE_tc_isr_dummy_entry_93
                0x0000000080002bc0                osEE_tc_isr_dummy_entry_94
                0x0000000080002be0                osEE_tc_isr_dummy_entry_95
                0x0000000080002c00                osEE_tc_isr_dummy_entry_96
                0x0000000080002c20                osEE_tc_isr_dummy_entry_97
                0x0000000080002c40                osEE_tc_isr_dummy_entry_98
                0x0000000080002c60                osEE_tc_isr_dummy_entry_99
                0x0000000080002c80                osEE_tc_isr_dummy_entry_100
                0x0000000080002ca0                osEE_tc_isr_dummy_entry_101
                0x0000000080002cc0                osEE_tc_isr_dummy_entry_102
                0x0000000080002ce0                osEE_tc_isr_dummy_entry_103
                0x0000000080002d00                osEE_tc_isr_dummy_entry_104
                0x0000000080002d20                osEE_tc_isr_dummy_entry_105
                0x0000000080002d40                osEE_tc_isr_dummy_entry_106
                0x0000000080002d60                osEE_tc_isr_dummy_entry_107
                0x0000000080002d80                osEE_tc_isr_dummy_entry_108
                0x0000000080002da0                osEE_tc_isr_dummy_entry_109
                0x0000000080002dc0                osEE_tc_isr_dummy_entry_110
                0x0000000080002de0                osEE_tc_isr_dummy_entry_111
                0x0000000080002e00                osEE_tc_isr_dummy_entry_112
                0x0000000080002e20                osEE_tc_isr_dummy_entry_113
                0x0000000080002e40                osEE_tc_isr_dummy_entry_114
                0x0000000080002e60                osEE_tc_isr_dummy_entry_115
                0x0000000080002e80                osEE_tc_isr_dummy_entry_116
                0x0000000080002ea0                osEE_tc_isr_dummy_entry_117
                0x0000000080002ec0                osEE_tc_isr_dummy_entry_118
                0x0000000080002ee0                osEE_tc_isr_dummy_entry_119
                0x0000000080002f00                osEE_tc_isr_dummy_entry_120
                0x0000000080002f20                osEE_tc_isr_dummy_entry_121
                0x0000000080002f40                osEE_tc_isr_dummy_entry_122
                0x0000000080002f60                osEE_tc_isr_dummy_entry_123
                0x0000000080002f80                osEE_tc_isr_dummy_entry_124
                0x0000000080002fa0                osEE_tc_isr_dummy_entry_125
                0x0000000080002fc0                osEE_tc_isr_dummy_entry_126
                0x0000000080002fe0                osEE_tc_isr_dummy_entry_127
                0x0000000080003000                osEE_tc_isr_dummy_entry_128
                0x0000000080003020                osEE_tc_isr_dummy_entry_129
                0x0000000080003040                osEE_tc_isr_dummy_entry_130
                0x0000000080003060                osEE_tc_isr_dummy_entry_131
                0x0000000080003080                osEE_tc_isr_dummy_entry_132
                0x00000000800030a0                osEE_tc_isr_dummy_entry_133
                0x00000000800030c0                osEE_tc_isr_dummy_entry_134
                0x00000000800030e0                osEE_tc_isr_dummy_entry_135
                0x0000000080003100                osEE_tc_isr_dummy_entry_136
                0x0000000080003120                osEE_tc_isr_dummy_entry_137
                0x0000000080003140                osEE_tc_isr_dummy_entry_138
                0x0000000080003160                osEE_tc_isr_dummy_entry_139
                0x0000000080003180                osEE_tc_isr_dummy_entry_140
                0x00000000800031a0                osEE_tc_isr_dummy_entry_141
                0x00000000800031c0                osEE_tc_isr_dummy_entry_142
                0x00000000800031e0                osEE_tc_isr_dummy_entry_143
                0x0000000080003200                osEE_tc_isr_dummy_entry_144
                0x0000000080003220                osEE_tc_isr_dummy_entry_145
                0x0000000080003240                osEE_tc_isr_dummy_entry_146
                0x0000000080003260                osEE_tc_isr_dummy_entry_147
                0x0000000080003280                osEE_tc_isr_dummy_entry_148
                0x00000000800032a0                osEE_tc_isr_dummy_entry_149
                0x00000000800032c0                osEE_tc_isr_dummy_entry_150
                0x00000000800032e0                osEE_tc_isr_dummy_entry_151
                0x0000000080003300                osEE_tc_isr_dummy_entry_152
                0x0000000080003320                osEE_tc_isr_dummy_entry_153
                0x0000000080003340                osEE_tc_isr_dummy_entry_154
                0x0000000080003360                osEE_tc_isr_dummy_entry_155
                0x0000000080003380                osEE_tc_isr_dummy_entry_156
                0x00000000800033a0                osEE_tc_isr_dummy_entry_157
                0x00000000800033c0                osEE_tc_isr_dummy_entry_158
                0x00000000800033e0                osEE_tc_isr_dummy_entry_159
                0x0000000080003400                osEE_tc_isr_dummy_entry_160
                0x0000000080003420                osEE_tc_isr_dummy_entry_161
                0x0000000080003440                osEE_tc_isr_dummy_entry_162
                0x0000000080003460                osEE_tc_isr_dummy_entry_163
                0x0000000080003480                osEE_tc_isr_dummy_entry_164
                0x00000000800034a0                osEE_tc_isr_dummy_entry_165
                0x00000000800034c0                osEE_tc_isr_dummy_entry_166
                0x00000000800034e0                osEE_tc_isr_dummy_entry_167
                0x0000000080003500                osEE_tc_isr_dummy_entry_168
                0x0000000080003520                osEE_tc_isr_dummy_entry_169
                0x0000000080003540                osEE_tc_isr_dummy_entry_170
                0x0000000080003560                osEE_tc_isr_dummy_entry_171
                0x0000000080003580                osEE_tc_isr_dummy_entry_172
                0x00000000800035a0                osEE_tc_isr_dummy_entry_173
                0x00000000800035c0                osEE_tc_isr_dummy_entry_174
                0x00000000800035e0                osEE_tc_isr_dummy_entry_175
                0x0000000080003600                osEE_tc_isr_dummy_entry_176
                0x0000000080003620                osEE_tc_isr_dummy_entry_177
                0x0000000080003640                osEE_tc_isr_dummy_entry_178
                0x0000000080003660                osEE_tc_isr_dummy_entry_179
                0x0000000080003680                osEE_tc_isr_dummy_entry_180
                0x00000000800036a0                osEE_tc_isr_dummy_entry_181
                0x00000000800036c0                osEE_tc_isr_dummy_entry_182
                0x00000000800036e0                osEE_tc_isr_dummy_entry_183
                0x0000000080003700                osEE_tc_isr_dummy_entry_184
                0x0000000080003720                osEE_tc_isr_dummy_entry_185
                0x0000000080003740                osEE_tc_isr_dummy_entry_186
                0x0000000080003760                osEE_tc_isr_dummy_entry_187
                0x0000000080003780                osEE_tc_isr_dummy_entry_188
                0x00000000800037a0                osEE_tc_isr_dummy_entry_189
                0x00000000800037c0                osEE_tc_isr_dummy_entry_190
                0x00000000800037e0                osEE_tc_isr_dummy_entry_191
                0x0000000080003800                osEE_tc_isr_dummy_entry_192
                0x0000000080003820                osEE_tc_isr_dummy_entry_193
                0x0000000080003840                osEE_tc_isr_dummy_entry_194
                0x0000000080003860                osEE_tc_isr_dummy_entry_195
                0x0000000080003880                osEE_tc_isr_dummy_entry_196
                0x00000000800038a0                osEE_tc_isr_dummy_entry_197
                0x00000000800038c0                osEE_tc_isr_dummy_entry_198
                0x00000000800038e0                osEE_tc_isr_dummy_entry_199
                0x0000000080003900                osEE_tc_isr_dummy_entry_200
                0x0000000080003920                osEE_tc_isr_dummy_entry_201
                0x0000000080003940                osEE_tc_isr_dummy_entry_202
                0x0000000080003960                osEE_tc_isr_dummy_entry_203
                0x0000000080003980                osEE_tc_isr_dummy_entry_204
                0x00000000800039a0                osEE_tc_isr_dummy_entry_205
                0x00000000800039c0                osEE_tc_isr_dummy_entry_206
                0x00000000800039e0                osEE_tc_isr_dummy_entry_207
                0x0000000080003a00                osEE_tc_isr_dummy_entry_208
                0x0000000080003a20                osEE_tc_isr_dummy_entry_209
                0x0000000080003a40                osEE_tc_isr_dummy_entry_210
                0x0000000080003a60                osEE_tc_isr_dummy_entry_211
                0x0000000080003a80                osEE_tc_isr_dummy_entry_212
                0x0000000080003aa0                osEE_tc_isr_dummy_entry_213
                0x0000000080003ac0                osEE_tc_isr_dummy_entry_214
                0x0000000080003ae0                osEE_tc_isr_dummy_entry_215
                0x0000000080003b00                osEE_tc_isr_dummy_entry_216
                0x0000000080003b20                osEE_tc_isr_dummy_entry_217
                0x0000000080003b40                osEE_tc_isr_dummy_entry_218
                0x0000000080003b60                osEE_tc_isr_dummy_entry_219
                0x0000000080003b80                osEE_tc_isr_dummy_entry_220
                0x0000000080003ba0                osEE_tc_isr_dummy_entry_221
                0x0000000080003bc0                osEE_tc_isr_dummy_entry_222
                0x0000000080003be0                osEE_tc_isr_dummy_entry_223
                0x0000000080003c00                osEE_tc_isr_dummy_entry_224
                0x0000000080003c20                osEE_tc_isr_dummy_entry_225
                0x0000000080003c40                osEE_tc_isr_dummy_entry_226
                0x0000000080003c60                osEE_tc_isr_dummy_entry_227
                0x0000000080003c80                osEE_tc_isr_dummy_entry_228
                0x0000000080003ca0                osEE_tc_isr_dummy_entry_229
                0x0000000080003cc0                osEE_tc_isr_dummy_entry_230
                0x0000000080003ce0                osEE_tc_isr_dummy_entry_231
                0x0000000080003d00                osEE_tc_isr_dummy_entry_232
                0x0000000080003d20                osEE_tc_isr_dummy_entry_233
                0x0000000080003d40                osEE_tc_isr_dummy_entry_234
                0x0000000080003d60                osEE_tc_isr_dummy_entry_235
                0x0000000080003d80                osEE_tc_isr_dummy_entry_236
                0x0000000080003da0                osEE_tc_isr_dummy_entry_237
                0x0000000080003dc0                osEE_tc_isr_dummy_entry_238
                0x0000000080003de0                osEE_tc_isr_dummy_entry_239
                0x0000000080003e00                osEE_tc_isr_dummy_entry_240
                0x0000000080003e20                osEE_tc_isr_dummy_entry_241
                0x0000000080003e40                osEE_tc_isr_dummy_entry_242
                0x0000000080003e60                osEE_tc_isr_dummy_entry_243
                0x0000000080003e80                osEE_tc_isr_dummy_entry_244
                0x0000000080003ea0                osEE_tc_isr_dummy_entry_245
                0x0000000080003ec0                osEE_tc_isr_dummy_entry_246
                0x0000000080003ee0                osEE_tc_isr_dummy_entry_247
                0x0000000080003f00                osEE_tc_isr_dummy_entry_248
                0x0000000080003f20                osEE_tc_isr_dummy_entry_249
                0x0000000080003f40                osEE_tc_isr_dummy_entry_250
                0x0000000080003f60                osEE_tc_isr_dummy_entry_251
                0x0000000080003f80                osEE_tc_isr_dummy_entry_252
                0x0000000080003fa0                osEE_tc_isr_dummy_entry_253
                0x0000000080003fc0                osEE_tc_isr_dummy_entry_254
                0x0000000080003fe0                osEE_tc_isr_dummy_entry_255
 *(.*.inttab_cpu0)
                0x0000000080004000                . = ALIGN (0x8)

.text           memory region -> PMU_PFLASH
                0x0000000080004000     0xafd0
                0x0000000080004000                PROVIDE (__text_start, .)
 *(.text)
 .text          0x0000000080004000       0x52 obj/asw.c.o
                0x0000000080004000                FuncTestTask
                0x000000008000401e                TimerISR
 .text          0x0000000080004052      0x470 obj/bsw.c.o
                0x0000000080004052                delay_ms
                0x00000000800040bc                delay_us
                0x000000008000412a                UART_init
                0x000000008000419c                printfSerial
                0x000000008000420e                printDouble
                0x000000008000425c                initVADCModule
                0x000000008000427a                initVADCGroup
                0x00000000800042ac                initVADCChannels
                0x000000008000432a                initADC
                0x000000008000434c                readADCValue
                0x0000000080004372                initPeripheralsAndERU
                0x0000000080004414                asclin3TxISR
                0x0000000080004420                main
 *fill*         0x00000000800044c2        0x2 00
 .text          0x00000000800044c4      0x5d4 obj/illd/Libraries/iLLD/TC27D/Tricore/Vadc/std/IfxVadc.c.o
                0x00000000800044c4                IfxVadc_disableAccess
                0x00000000800044fc                IfxVadc_enableAccess
                0x0000000080004534                IfxVadc_configExternalMultiplexerMode
                0x000000008000457a                IfxVadc_disablePostCalibration
                0x00000000800045b6                IfxVadc_enableGroupSync
                0x0000000080004660                IfxVadc_getAdcAnalogFrequency
                0x0000000080004678                IfxVadc_getAdcDigitalFrequency
                0x0000000080004692                IfxVadc_getAdcModuleFrequency
                0x0000000080004696                IfxVadc_getBackgroundScanStatus
                0x00000000800046b0                IfxVadc_getQueueStatus
                0x00000000800046c0                IfxVadc_getResultBasedOnRequestSource
                0x0000000080004754                IfxVadc_getScanStatus
                0x000000008000475e                IfxVadc_getSrcAddress
                0x0000000080004786                IfxVadc_initialiseAdcArbiterClock
                0x00000000800047aa                IfxVadc_initialiseAdcConverterClock
                0x00000000800047ce                IfxVadc_initializeFAdcD
                0x00000000800047f8                IfxVadc_initializeFAdcI
                0x000000008000485e                IfxVadc_isPostCalibration
                0x00000000800048c8                IfxVadc_getChannelConversionTime
                0x0000000080004972                IfxVadc_resetKernel
                0x00000000800049c4                IfxVadc_selectPowerSupplyVoltage
                0x00000000800049e8                IfxVadc_setArbiterPriority
                0x0000000080004a3e                IfxVadc_setScan
                0x0000000080004a52                IfxVadc_startupCalibration
 .text          0x0000000080004a98      0x450 obj/illd/src/IfxAsclin.c.o
                0x0000000080004a98                IfxAsclin_disableModule
                0x0000000080004ab4                IfxAsclin_enableAscErrorFlags
                0x0000000080004ae2                IfxAsclin_enableModule
                0x0000000080004afe                IfxAsclin_getAddress
                0x0000000080004b14                IfxAsclin_getFaFrequency
                0x0000000080004b88                IfxAsclin_getIndex
                0x0000000080004baa                IfxAsclin_getPdFrequency
                0x0000000080004bc2                IfxAsclin_getOvsFrequency
                0x0000000080004be6                IfxAsclin_getShiftFrequency
                0x0000000080004bfc                IfxAsclin_getSrcPointerEr
                0x0000000080004c10                IfxAsclin_getSrcPointerRx
                0x0000000080004c24                IfxAsclin_getSrcPointerTx
                0x0000000080004c38                IfxAsclin_read16
                0x0000000080004c4a                IfxAsclin_read32
                0x0000000080004c5c                IfxAsclin_read8
                0x0000000080004c6e                IfxAsclin_resetModule
                0x0000000080004cba                IfxAsclin_setClockSource
                0x0000000080004cdc                IfxAsclin_setBaudrateBitFields
                0x0000000080004d2e                IfxAsclin_setBitTiming
                0x0000000080004eb0                IfxAsclin_write16
                0x0000000080004ec4                IfxAsclin_write32
                0x0000000080004ed6                IfxAsclin_write8
 .text          0x0000000080004ee8      0x8d0 obj/illd/src/IfxAsclin_Asc.c.o
                0x0000000080004ee8                IfxAsclin_Asc_getReadCount
                0x0000000080004eee                IfxAsclin_Asc_getReadEvent
                0x0000000080004ef8                IfxAsclin_Asc_getSendCount
                0x0000000080004efe                IfxAsclin_Asc_getTxTimeStamp
                0x0000000080004f04                IfxAsclin_Asc_getWriteCount
                0x0000000080004f12                IfxAsclin_Asc_getWriteEvent
                0x0000000080004f1c                IfxAsclin_Asc_isrError
                0x0000000080004f8e                IfxAsclin_Asc_resetSendCount
                0x0000000080004f94                IfxAsclin_Asc_canReadCount
                0x0000000080004f9c                IfxAsclin_Asc_flushTx
                0x0000000080005038                IfxAsclin_Asc_canWriteCount
                0x0000000080005040                IfxAsclin_Asc_clearRx
                0x0000000080005050                IfxAsclin_Asc_clearTx
                0x0000000080005064                IfxAsclin_Asc_read
                0x0000000080005080                IfxAsclin_Asc_isrTransmit
                0x000000008000511e                IfxAsclin_Asc_isrReceive
                0x00000000800051b4                IfxAsclin_Asc_blockingRead
                0x00000000800051da                IfxAsclin_Asc_disableModule
                0x00000000800051f6                IfxAsclin_Asc_initModule
                0x00000000800055a4                IfxAsclin_Asc_initModuleConfig
                0x000000008000562c                IfxAsclin_Asc_initiateTransmission
                0x0000000080005674                IfxAsclin_Asc_write
                0x00000000800056d6                IfxAsclin_Asc_blockingWrite
                0x00000000800056f2                IfxAsclin_Asc_stdIfDPipeInit
 .text          0x00000000800057b8      0x40e obj/illd/src/IfxPort.c.o
                0x00000000800057b8                IfxPort_getAddress
                0x00000000800057e8                IfxPort_getIndex
                0x000000008000580a                IfxPort_resetESR
                0x0000000080005832                IfxPort_disableEmergencyStop
                0x0000000080005862                IfxPort_setESR
                0x000000008000588c                IfxPort_enableEmergencyStop
                0x00000000800058c8                IfxPort_setGroupModeInput
                0x0000000080005958                IfxPort_setGroupModeOutput
                0x00000000800059ea                IfxPort_setGroupPadDriver
                0x0000000080005a8e                IfxPort_setPinMode
                0x0000000080005ae4                IfxPort_setPinModeLvdsHigh
                0x0000000080005b48                IfxPort_setPinModeLvdsMedium
                0x0000000080005b8a                IfxPort_setPinPadDriver
 *fill*         0x0000000080005bc6        0x2 00
 .text          0x0000000080005bc8      0xf70 obj/illd/src/IfxScuCcu.c.o
                0x0000000080005bc8                IfxScuCcu_calculateSysPllDividers
                0x0000000080005cc0                IfxScuCcu_getOsc0Frequency
                0x0000000080005cce                IfxScuCcu_getOscFrequency
                0x0000000080005cfe                IfxScuCcu_getPllErayFrequency
                0x0000000080005d62                IfxScuCcu_getPllErayVcoFrequency
                0x0000000080005da6                IfxScuCcu_getPllFrequency
                0x0000000080005e18                IfxScuCcu_getPllVcoFrequency
                0x0000000080005e5c                IfxScuCcu_getSourceFrequency
                0x0000000080005eb4                IfxScuCcu_getBbbFrequency
                0x0000000080005f2c                IfxScuCcu_getMaxFrequency
                0x0000000080005f9c                IfxScuCcu_getBaud1Frequency
                0x0000000080005fbc                IfxScuCcu_getBaud2Frequency
                0x0000000080005fde                IfxScuCcu_getSpbFrequency
                0x0000000080006056                IfxScuCcu_getModuleFrequency
                0x00000000800060a0                IfxScuCcu_getSriFrequency
                0x000000008000611a                IfxScuCcu_getCpuFrequency
                0x000000008000615c                IfxScuCcu_getFsi2Frequency
                0x0000000080006192                IfxScuCcu_getFsiFrequency
                0x00000000800061c8                IfxScuCcu_init
                0x0000000080006586                IfxScuCcu_initConfig
                0x000000008000659a                IfxScuCcu_initErayPll
                0x000000008000673c                IfxScuCcu_initErayPllConfig
                0x000000008000674e                IfxScuCcu_setCpuFrequency
                0x00000000800067c4                IfxScuCcu_setGtmFrequency
                0x0000000080006852                IfxScuCcu_setPll2ErayFrequency
                0x00000000800068a2                IfxScuCcu_setPll2Frequency
                0x00000000800068f2                IfxScuCcu_setSpbFrequency
                0x00000000800069a6                IfxScuCcu_setSriFrequency
                0x0000000080006a26                IfxScuCcu_switchToBackupClock
 .text          0x0000000080006b38      0x356 obj/illd/src/IfxScuEru.c.o
                0x0000000080006b38                IfxScuEru_clearAllEventFlags
                0x0000000080006b4a                IfxScuEru_clearEventFlag
                0x0000000080006b60                IfxScuEru_clearInputChannelConfiguration
                0x0000000080006b88                IfxScuEru_clearOutputChannelConfiguration
                0x0000000080006bb0                IfxScuEru_connectTrigger
                0x0000000080006be6                IfxScuEru_disableAutoClear
                0x0000000080006c0c                IfxScuEru_disableFallingEdgeDetection
                0x0000000080006c32                IfxScuEru_disablePatternDetectionTrigger
                0x0000000080006c58                IfxScuEru_disableRisingEdgeDetection
                0x0000000080006c7e                IfxScuEru_disableTriggerPulse
                0x0000000080006ca4                IfxScuEru_enableAutoClear
                0x0000000080006cca                IfxScuEru_enableFallingEdgeDetection
                0x0000000080006cf0                IfxScuEru_enablePatternDetectionTrigger
                0x0000000080006d16                IfxScuEru_enableRisingEdgeDetection
                0x0000000080006d3c                IfxScuEru_enableTriggerPulse
                0x0000000080006d62                IfxScuEru_getAllEventFlagsStatus
                0x0000000080006d70                IfxScuEru_getEventFlagStatus
                0x0000000080006d82                IfxScuEru_getInputChannelConfiguration
                0x0000000080006da6                IfxScuEru_getOutputChannelConfiguration
                0x0000000080006dca                IfxScuEru_getPatternDetectionResult
                0x0000000080006ddc                IfxScuEru_getWholePatternDetectionResult
                0x0000000080006dea                IfxScuEru_selectExternalInput
                0x0000000080006e1e                IfxScuEru_setEventFlag
                0x0000000080006e30                IfxScuEru_setFlagPatternDetection
                0x0000000080006e5c                IfxScuEru_setInterruptGatingPattern
 .text          0x0000000080006e8e      0x53a obj/illd/src/IfxScuWdt.c.o
                0x0000000080006e8e                IfxScuWdt_changeCpuWatchdogPassword
                0x0000000080006ec6                IfxScuWdt_changeCpuWatchdogReload
                0x0000000080006efe                IfxScuWdt_changeSafetyWatchdogPassword
                0x0000000080006f32                IfxScuWdt_changeSafetyWatchdogReload
                0x0000000080006f66                IfxScuWdt_clearCpuEndinit
                0x0000000080006f9c                IfxScuWdt_clearSafetyEndinit
                0x0000000080006fce                IfxScuWdt_disableCpuWatchdog
                0x0000000080007028                IfxScuWdt_disableSafetyWatchdog
                0x0000000080007098                IfxScuWdt_enableCpuWatchdog
                0x00000000800070f4                IfxScuWdt_enableSafetyWatchdog
                0x0000000080007166                IfxScuWdt_getCpuWatchdogPassword
                0x0000000080007186                IfxScuWdt_getCpuWatchdogEndInit
                0x00000000800071a2                IfxScuWdt_getSafetyWatchdogPassword
                0x00000000800071b6                IfxScuWdt_initConfig
                0x00000000800071d0                IfxScuWdt_setCpuEndinit
                0x0000000080007206                IfxScuWdt_initCpuWatchdog
                0x00000000800072a4                IfxScuWdt_serviceCpuWatchdog
                0x00000000800072a8                IfxScuWdt_setSafetyEndinit
                0x00000000800072da                IfxScuWdt_initSafetyWatchdog
                0x0000000080007384                IfxScuWdt_serviceSafetyWatchdog
                0x0000000080007388                IfxScuWdt_enableWatchdogWithDebugger
 .text          0x00000000800073c8      0xb70 obj/illd/src/IfxVadc_Adc.c.o
                0x00000000800073c8                IfxVadc_Adc_deInitGroup
                0x00000000800073ee                IfxVadc_Adc_disableModule
                0x000000008000740a                IfxVadc_Adc_getChannelConfig
                0x0000000080007512                IfxVadc_Adc_getChannelConversionTime
                0x000000008000754a                IfxVadc_Adc_getGroupConfig
                0x0000000080007788                IfxVadc_Adc_initChannel
                0x0000000080007974                IfxVadc_Adc_initChannelConfig
                0x000000008000798a                IfxVadc_Adc_initGroup
                0x0000000080007d14                IfxVadc_Adc_initGroupConfig
                0x0000000080007d42                IfxVadc_Adc_initModule
                0x0000000080007e2a                IfxVadc_Adc_initModuleConfig
                0x0000000080007e64                IfxVadc_Adc_initExternalMultiplexerModeConfig
                0x0000000080007ea6                IfxVadc_Adc_initExternalMultiplexerMode
 .text          0x0000000080007f38      0x1be obj/illd/src/Ifx_CircularBuffer.c.o
                0x0000000080007f38                Ifx_CircularBuffer_get32
                0x0000000080007f58                Ifx_CircularBuffer_get16
                0x0000000080007f7a                Ifx_CircularBuffer_addDataIncr
                0x0000000080007f9a                Ifx_CircularBuffer_read8
                0x0000000080007ff8                Ifx_CircularBuffer_read32
                0x0000000080008048                Ifx_CircularBuffer_write8
                0x00000000800080a6                Ifx_CircularBuffer_write32
 .text          0x00000000800080f6      0x55c obj/illd/src/Ifx_Fifo.c.o
                0x00000000800080f6                Ifx_Fifo_destroy
                0x00000000800080fa                Ifx_Fifo_init
                0x0000000080008134                Ifx_Fifo_create
                0x0000000080008156                Ifx_Fifo_canReadCount
                0x0000000080008230                Ifx_Fifo_read
                0x00000000800083a6                Ifx_Fifo_clear
                0x00000000800083dc                Ifx_Fifo_canWriteCount
                0x00000000800084cc                Ifx_Fifo_write
 *fill*         0x0000000080008652        0x2 00
 .text          0x0000000080008654      0x44c obj/shiparker_App.c.o
                0x0000000080008654                AppTimerISR
                0x0000000080008662                startShiParkerApp
                0x00000000800086ec                makePacket
                0x0000000080008800                FuncPacketSendTask
                0x0000000080008820                updateStatus
                0x0000000080008982                handleError
                0x00000000800089c2                FuncShiParkerAppTask
 .text          0x0000000080008aa0      0x568 obj/uart_Driver.c.o
                0x0000000080008aa0                initUartDriver
                0x0000000080008b22                myprintfSerial
                0x0000000080008b90                asclin0TxISR
                0x0000000080008b9c                calculateChecksum
                0x0000000080008bb0                serializePacket
                0x0000000080008bce                sendPacket
                0x0000000080008dbe                deserializePacket
                0x0000000080008dca                readPacket
                0x0000000080008fe0                asclin0RxISR
 .text          0x0000000080009008      0x1e4 obj/ultrasonic_Driver.c.o
                0x0000000080009008                initUltrasonic
                0x000000008000905c                sendTrigger
                0x00000000800090c2                measureEchoTick
                0x0000000080009190                calculateDistanceCm
                0x00000000800091ce                getUltrasonic
 .text          0x00000000800091ec      0x46c C:\SHIPAR~1\TC275\erika\lib\libee.a(ee_tc_cstart.c.o)
                0x00000000800091ec                osEE_tc_core0_start
 .text          0x0000000080009658      0x4d0 C:\SHIPAR~1\TC275\erika\lib\libee.a(ee_tc_system.c.o)
                0x00000000800096ac                osEE_tc_set_pll_fsource
                0x00000000800098da                osEE_tc_get_fsource
                0x000000008000997e                osEE_tc_stm_set_clockpersec
                0x00000000800099b2                osEE_tc_stm_set_sr0
                0x0000000080009a36                osEE_tc_stm_set_sr0_next_match
                0x0000000080009a54                osEE_tc_stm_set_sr1
                0x0000000080009ae2                osEE_tc_stm_set_sr1_next_match
                0x0000000080009b00                osEE_tc_delay
 .text          0x0000000080009b28        0xe C:\SHIPAR~1\TC275\erika\lib\libee.a(ee_tc_intvec.c.o)
 *fill*         0x0000000080009b36        0x2 00
 .text          0x0000000080009b38      0xbb8 C:\SHIPAR~1\TC275\erika\lib\libee.a(ee_oo_api_osek.c.o)
                0x0000000080009b56                DisableAllInterrupts
                0x0000000080009b6c                EnableAllInterrupts
                0x0000000080009b88                SuspendAllInterrupts
                0x0000000080009bca                ResumeAllInterrupts
                0x0000000080009bf0                SuspendOSInterrupts
                0x0000000080009c4c                ResumeOSInterrupts
                0x0000000080009c88                StartOS
                0x0000000080009d34                GetActiveApplicationMode
                0x0000000080009d4e                ActivateTask
                0x0000000080009dd2                ChainTask
                0x0000000080009ea8                TerminateTask
                0x0000000080009f02                Schedule
                0x0000000080009f76                GetResource
                0x000000008000a028                ReleaseResource
                0x000000008000a114                ShutdownOS
                0x000000008000a178                GetTaskID
                0x000000008000a1d0                GetTaskState
                0x000000008000a248                SetRelAlarm
                0x000000008000a2b6                SetAbsAlarm
                0x000000008000a324                CancelAlarm
                0x000000008000a38a                GetAlarm
                0x000000008000a3fc                GetAlarmBase
                0x000000008000a432                WaitEvent
                0x000000008000a4ac                SetEvent
                0x000000008000a542                GetEvent
                0x000000008000a574                ClearEvent
                0x000000008000a5cc                GetCounterValue
                0x000000008000a5fe                GetElapsedValue
                0x000000008000a650                IncrementCounter
                0x000000008000a6d6                GetISRID
 .text          0x000000008000a6f0       0xf8 C:\SHIPAR~1\TC275\erika\lib\libee.a(ee_oo_sched_entry_points.c.o)
                0x000000008000a712                osEE_scheduler_task_wrapper_restore
                0x000000008000a71c                osEE_scheduler_task_wrapper_run
                0x000000008000a7c6                osEE_idle_hook_wrapper
 .text          0x000000008000a7e8       0xec C:\SHIPAR~1\TC275\erika\lib\libee.a(ee_oo_scheduler.c.o)
                0x000000008000a7e8                osEE_scheduler_core_rq_preempt_stk
                0x000000008000a858                osEE_sn_priority_insert
                0x000000008000a8a0                osEE_scheduler_rq_insert
                0x000000008000a8ae                osEE_scheduler_core_pop_running
 .text          0x000000008000a8d4       0x7a C:\SHIPAR~1\TC275\erika\lib\libee.a(ee_oo_kernel.c.o)
                0x000000008000a8d4                osEE_task_activated
                0x000000008000a8ec                osEE_task_end
                0x000000008000a90a                osEE_task_event_set_mask
                0x000000008000a92c                osEE_activate_isr2
 .text          0x000000008000a94e      0x1c0 C:\SHIPAR~1\TC275\erika\lib\libee.a(ee_oo_sched_partitioned.c.o)
                0x000000008000a94e                osEE_scheduler_task_activated
                0x000000008000a9b6                osEE_scheduler_task_insert
                0x000000008000a9e4                osEE_scheduler_task_unblocked
                0x000000008000aa20                osEE_scheduler_task_terminated
                0x000000008000aaaa                osEE_scheduler_task_preemption_point
                0x000000008000aad0                osEE_scheduler_task_set_running
 *fill*         0x000000008000ab0e        0x2 00
 .text          0x000000008000ab10      0x1b4 C:\SHIPAR~1\TC275\erika\lib\libee.a(ee_oo_counter.c.o)
                0x000000008000ab10                osEE_counter_insert_abs_trigger
                0x000000008000ab72                osEE_counter_insert_rel_trigger
                0x000000008000ab94                osEE_counter_cancel_trigger
                0x000000008000abc4                osEE_counter_increment
 .text          0x000000008000acc4       0xca C:\SHIPAR~1\TC275\erika\lib\libee.a(ee_oo_alarm.c.o)
                0x000000008000acc4                osEE_alarm_set_rel
                0x000000008000ad08                osEE_alarm_set_abs
                0x000000008000ad30                osEE_alarm_cancel
                0x000000008000ad5c                osEE_alarm_get
 .text          0x000000008000ad8e       0x6e C:\SHIPAR~1\TC275\erika\lib\libee.a(ee_std_change_context.c.o)
                0x000000008000ad8e                osEE_change_context_from_running
                0x000000008000adb6                osEE_change_context_from_task_end
                0x000000008000add6                osEE_idle_task_terminate
 .text          0x000000008000adfc       0x6a C:\SHIPAR~1\TC275\erika\lib\libee.a(ee_tc_hal.c.o)
                0x000000008000adfc                osEE_cpu_startos
 .text          0x000000008000ae66      0x134 C:\SHIPAR~1\TC275\erika\lib\libee.a(ee_tc_ctx.c.o)
                0x000000008000ae88                osEE_hal_save_ctx_and_restore_ctx
                0x000000008000aeac                osEE_hal_restore_ctx
                0x000000008000aec6                osEE_hal_save_ctx_and_ready2stacked
                0x000000008000aeea                osEE_hal_ready2stacked
                0x000000008000af16                osEE_tc_change_context_from_isr2_end
                0x000000008000af34                osEE_hal_terminate_ctx
 *(.text.*)
 .text.libgcc   0x000000008000af9a       0x26 c:/hightec/toolchains/tricore/v4.9.3.0-infineon-1.0/bin/../lib/gcc/tricore/4.9.4/tc161\libgcc.a(_lshrdi3.o)
                0x000000008000af9a                __lshrdi3
 .text.__extendsfdf2
                0x000000008000afc0       0x32 c:/hightec/toolchains/tricore/v4.9.3.0-infineon-1.0/bin/../lib/gcc/tricore/4.9.4/tc161\libgcc.a(_sf_to_df.o)
                0x000000008000afc0                __extendsfdf2
 .text._fpadd_parts
                0x000000008000aff2      0x19c c:/hightec/toolchains/tricore/v4.9.3.0-infineon-1.0/bin/../lib/gcc/tricore/4.9.4/tc161\libgcc.a(_addsub_df.o)
 .text.__adddf3
                0x000000008000b18e       0x38 c:/hightec/toolchains/tricore/v4.9.3.0-infineon-1.0/bin/../lib/gcc/tricore/4.9.4/tc161\libgcc.a(_addsub_df.o)
                0x000000008000b18e                __adddf3
 .text.__subdf3
                0x000000008000b1c6       0x40 c:/hightec/toolchains/tricore/v4.9.3.0-infineon-1.0/bin/../lib/gcc/tricore/4.9.4/tc161\libgcc.a(_addsub_df.o)
                0x000000008000b1c6                __subdf3
 .text.__muldf3
                0x000000008000b206      0x1a4 c:/hightec/toolchains/tricore/v4.9.3.0-infineon-1.0/bin/../lib/gcc/tricore/4.9.4/tc161\libgcc.a(_mul_df.o)
                0x000000008000b206                __muldf3
 .text.__divdf3
                0x000000008000b3aa      0x118 c:/hightec/toolchains/tricore/v4.9.3.0-infineon-1.0/bin/../lib/gcc/tricore/4.9.4/tc161\libgcc.a(_div_df.o)
                0x000000008000b3aa                __divdf3
 .text.__gtdf2  0x000000008000b4c2       0x40 c:/hightec/toolchains/tricore/v4.9.3.0-infineon-1.0/bin/../lib/gcc/tricore/4.9.4/tc161\libgcc.a(_gt_df.o)
                0x000000008000b4c2                __gtdf2
 .text.__floatsidf
                0x000000008000b502       0x48 c:/hightec/toolchains/tricore/v4.9.3.0-infineon-1.0/bin/../lib/gcc/tricore/4.9.4/tc161\libgcc.a(_si_to_df.o)
                0x000000008000b502                __floatsidf
 .text.__fixdfsi
                0x000000008000b54a       0x4e c:/hightec/toolchains/tricore/v4.9.3.0-infineon-1.0/bin/../lib/gcc/tricore/4.9.4/tc161\libgcc.a(_df_to_si.o)
                0x000000008000b54a                __fixdfsi
 .text.__make_dp
                0x000000008000b598       0x1e c:/hightec/toolchains/tricore/v4.9.3.0-infineon-1.0/bin/../lib/gcc/tricore/4.9.4/tc161\libgcc.a(_make_df.o)
                0x000000008000b598                __make_dp
 .text.__truncdfsf2
                0x000000008000b5b6       0x3c c:/hightec/toolchains/tricore/v4.9.3.0-infineon-1.0/bin/../lib/gcc/tricore/4.9.4/tc161\libgcc.a(_df_to_sf.o)
                0x000000008000b5b6                __truncdfsf2
 .text.__floatunsidf
                0x000000008000b5f2       0x32 c:/hightec/toolchains/tricore/v4.9.3.0-infineon-1.0/bin/../lib/gcc/tricore/4.9.4/tc161\libgcc.a(_usi_to_df.o)
                0x000000008000b5f2                __floatunsidf
 .text.__udivdi3
                0x000000008000b624       0xa0 c:/hightec/toolchains/tricore/v4.9.3.0-infineon-1.0/bin/../lib/gcc/tricore/4.9.4/tc161\libgcc.a(udivdi3.o)
                0x000000008000b624                __udivdi3
 .text.libgcc   0x000000008000b6c4       0x1a c:/hightec/toolchains/tricore/v4.9.3.0-infineon-1.0/bin/../lib/gcc/tricore/4.9.4/tc161\libgcc.a(_ashldi3.o)
                0x000000008000b6c4                __ashldi3
 .text.__unpack_f
                0x000000008000b6de       0x7a c:/hightec/toolchains/tricore/v4.9.3.0-infineon-1.0/bin/../lib/gcc/tricore/4.9.4/tc161\libgcc.a(_unpack_sf.o)
                0x000000008000b6de                __unpack_f
 .text.__make_fp
                0x000000008000b758       0x16 c:/hightec/toolchains/tricore/v4.9.3.0-infineon-1.0/bin/../lib/gcc/tricore/4.9.4/tc161\libgcc.a(_make_sf.o)
                0x000000008000b758                __make_fp
 .text.__pack_d
                0x000000008000b76e      0x112 c:/hightec/toolchains/tricore/v4.9.3.0-infineon-1.0/bin/../lib/gcc/tricore/4.9.4/tc161\libgcc.a(_pack_df.o)
                0x000000008000b76e                __pack_d
 .text.__unpack_d
                0x000000008000b880       0xac c:/hightec/toolchains/tricore/v4.9.3.0-infineon-1.0/bin/../lib/gcc/tricore/4.9.4/tc161\libgcc.a(_unpack_df.o)
                0x000000008000b880                __unpack_d
 .text.__fpcmp_parts_d
                0x000000008000b92c       0xa6 c:/hightec/toolchains/tricore/v4.9.3.0-infineon-1.0/bin/../lib/gcc/tricore/4.9.4/tc161\libgcc.a(_fpcmp_parts_df.o)
                0x000000008000b92c                __fpcmp_parts_d
 .text.__udiv6432
                0x000000008000b9d2       0x9c c:/hightec/toolchains/tricore/v4.9.3.0-infineon-1.0/bin/../lib/gcc/tricore/4.9.4/tc161\libgcc.a(udiv6432.o)
                0x000000008000b9d2                __udiv6432
 .text.__pack_f
                0x000000008000ba6e       0xc6 c:/hightec/toolchains/tricore/v4.9.3.0-infineon-1.0/bin/../lib/gcc/tricore/4.9.4/tc161\libgcc.a(_pack_sf.o)
                0x000000008000ba6e                __pack_f
 .text.malloc   0x000000008000bb34        0xc c:/hightec/toolchains/tricore/v4.9.3.0-infineon-1.0/bin/../lib/gcc/tricore/4.9.4/../../../../tricore/lib/tc161\libc.a(lib_a-malloc.o)
                0x000000008000bb34                malloc
 .text.free     0x000000008000bb40        0xe c:/hightec/toolchains/tricore/v4.9.3.0-infineon-1.0/bin/../lib/gcc/tricore/4.9.4/../../../../tricore/lib/tc161\libc.a(lib_a-malloc.o)
                0x000000008000bb40                free
 .text._malloc_r
                0x000000008000bb4e      0x49a c:/hightec/toolchains/tricore/v4.9.3.0-infineon-1.0/bin/../lib/gcc/tricore/4.9.4/../../../../tricore/lib/tc161\libc.a(lib_a-mallocr.o)
                0x000000008000bb4e                _malloc_r
 .text.__malloc_lock
                0x000000008000bfe8        0x2 c:/hightec/toolchains/tricore/v4.9.3.0-infineon-1.0/bin/../lib/gcc/tricore/4.9.4/../../../../tricore/lib/tc161\libc.a(lib_a-mlock.o)
                0x000000008000bfe8                __malloc_lock
 .text.__malloc_unlock
                0x000000008000bfea        0x2 c:/hightec/toolchains/tricore/v4.9.3.0-infineon-1.0/bin/../lib/gcc/tricore/4.9.4/../../../../tricore/lib/tc161\libc.a(lib_a-mlock.o)
                0x000000008000bfea                __malloc_unlock
 .text._sbrk_r  0x000000008000bfec       0x1e c:/hightec/toolchains/tricore/v4.9.3.0-infineon-1.0/bin/../lib/gcc/tricore/4.9.4/../../../../tricore/lib/tc161\libc.a(lib_a-sbrkr.o)
                0x000000008000bfec                _sbrk_r
 .text.strlen   0x000000008000c00a       0x14 c:/hightec/toolchains/tricore/v4.9.3.0-infineon-1.0/bin/../lib/gcc/tricore/4.9.4/../../../../tricore/lib/tc161\libc.a(lib_a-strlen.o)
                0x000000008000c00a                strlen
 .text._vsnprintf_r
                0x000000008000c01e       0x4a c:/hightec/toolchains/tricore/v4.9.3.0-infineon-1.0/bin/../lib/gcc/tricore/4.9.4/../../../../tricore/lib/tc161\libc.a(lib_a-vsnprintf.o)
                0x000000008000c01e                _vsnprintf_r
 .text.vsnprintf
                0x000000008000c068       0x16 c:/hightec/toolchains/tricore/v4.9.3.0-infineon-1.0/bin/../lib/gcc/tricore/4.9.4/../../../../tricore/lib/tc161\libc.a(lib_a-vsnprintf.o)
                0x000000008000c068                vsnprintf
 .text._malloc_trim_r
                0x000000008000c07e       0xba c:/hightec/toolchains/tricore/v4.9.3.0-infineon-1.0/bin/../lib/gcc/tricore/4.9.4/../../../../tricore/lib/tc161\libc.a(lib_a-freer.o)
                0x000000008000c07e                _malloc_trim_r
 .text._free_r  0x000000008000c138      0x1ac c:/hightec/toolchains/tricore/v4.9.3.0-infineon-1.0/bin/../lib/gcc/tricore/4.9.4/../../../../tricore/lib/tc161\libc.a(lib_a-freer.o)
                0x000000008000c138                _free_r
 .text._svfprintf_r
                0x000000008000c2e4     0x11a4 c:/hightec/toolchains/tricore/v4.9.3.0-infineon-1.0/bin/../lib/gcc/tricore/4.9.4/../../../../tricore/lib/tc161\libc.a(lib_a-svfprintf.o)
                0x000000008000c2e4                _svfprintf_r
 .text.quorem   0x000000008000d488      0x11a c:/hightec/toolchains/tricore/v4.9.3.0-infineon-1.0/bin/../lib/gcc/tricore/4.9.4/../../../../tricore/lib/tc161\libc.a(lib_a-dtoa.o)
 *fill*         0x000000008000d5a2        0x2 00
 .text._dtoa_r  0x000000008000d5a4      0xcd4 c:/hightec/toolchains/tricore/v4.9.3.0-infineon-1.0/bin/../lib/gcc/tricore/4.9.4/../../../../tricore/lib/tc161\libc.a(lib_a-dtoa.o)
                0x000000008000d5a4                _dtoa_r
 .text._localeconv_r
                0x000000008000e278        0xa c:/hightec/toolchains/tricore/v4.9.3.0-infineon-1.0/bin/../lib/gcc/tricore/4.9.4/../../../../tricore/lib/tc161\libc.a(lib_a-locale.o)
                0x000000008000e278                _localeconv_r
 .text.memchr   0x000000008000e282       0x18 c:/hightec/toolchains/tricore/v4.9.3.0-infineon-1.0/bin/../lib/gcc/tricore/4.9.4/../../../../tricore/lib/tc161\libc.a(lib_a-memchr.o)
                0x000000008000e282                memchr
 .text.memcpy   0x000000008000e29a       0x1c c:/hightec/toolchains/tricore/v4.9.3.0-infineon-1.0/bin/../lib/gcc/tricore/4.9.4/../../../../tricore/lib/tc161\libc.a(lib_a-memcpy.o)
                0x000000008000e29a                memcpy
 .text._Balloc  0x000000008000e2b6       0x56 c:/hightec/toolchains/tricore/v4.9.3.0-infineon-1.0/bin/../lib/gcc/tricore/4.9.4/../../../../tricore/lib/tc161\libc.a(lib_a-mprec.o)
                0x000000008000e2b6                _Balloc
 .text._Bfree   0x000000008000e30c       0x12 c:/hightec/toolchains/tricore/v4.9.3.0-infineon-1.0/bin/../lib/gcc/tricore/4.9.4/../../../../tricore/lib/tc161\libc.a(lib_a-mprec.o)
                0x000000008000e30c                _Bfree
 .text.__multadd
                0x000000008000e31e       0x82 c:/hightec/toolchains/tricore/v4.9.3.0-infineon-1.0/bin/../lib/gcc/tricore/4.9.4/../../../../tricore/lib/tc161\libc.a(lib_a-mprec.o)
                0x000000008000e31e                __multadd
 .text.__hi0bits
                0x000000008000e3a0       0x42 c:/hightec/toolchains/tricore/v4.9.3.0-infineon-1.0/bin/../lib/gcc/tricore/4.9.4/../../../../tricore/lib/tc161\libc.a(lib_a-mprec.o)
                0x000000008000e3a0                __hi0bits
 .text.__lo0bits
                0x000000008000e3e2       0x66 c:/hightec/toolchains/tricore/v4.9.3.0-infineon-1.0/bin/../lib/gcc/tricore/4.9.4/../../../../tricore/lib/tc161\libc.a(lib_a-mprec.o)
                0x000000008000e3e2                __lo0bits
 .text.__i2b    0x000000008000e448       0x10 c:/hightec/toolchains/tricore/v4.9.3.0-infineon-1.0/bin/../lib/gcc/tricore/4.9.4/../../../../tricore/lib/tc161\libc.a(lib_a-mprec.o)
                0x000000008000e448                __i2b
 .text.__multiply
                0x000000008000e458      0x11a c:/hightec/toolchains/tricore/v4.9.3.0-infineon-1.0/bin/../lib/gcc/tricore/4.9.4/../../../../tricore/lib/tc161\libc.a(lib_a-mprec.o)
                0x000000008000e458                __multiply
 .text.__pow5mult
                0x000000008000e572       0x7c c:/hightec/toolchains/tricore/v4.9.3.0-infineon-1.0/bin/../lib/gcc/tricore/4.9.4/../../../../tricore/lib/tc161\libc.a(lib_a-mprec.o)
                0x000000008000e572                __pow5mult
 .text.__lshift
                0x000000008000e5ee       0xba c:/hightec/toolchains/tricore/v4.9.3.0-infineon-1.0/bin/../lib/gcc/tricore/4.9.4/../../../../tricore/lib/tc161\libc.a(lib_a-mprec.o)
                0x000000008000e5ee                __lshift
 .text.__mcmp   0x000000008000e6a8       0x42 c:/hightec/toolchains/tricore/v4.9.3.0-infineon-1.0/bin/../lib/gcc/tricore/4.9.4/../../../../tricore/lib/tc161\libc.a(lib_a-mprec.o)
                0x000000008000e6a8                __mcmp
 .text.__mdiff  0x000000008000e6ea       0xca c:/hightec/toolchains/tricore/v4.9.3.0-infineon-1.0/bin/../lib/gcc/tricore/4.9.4/../../../../tricore/lib/tc161\libc.a(lib_a-mprec.o)
                0x000000008000e6ea                __mdiff
 .text.__d2b    0x000000008000e7b4       0xa8 c:/hightec/toolchains/tricore/v4.9.3.0-infineon-1.0/bin/../lib/gcc/tricore/4.9.4/../../../../tricore/lib/tc161\libc.a(lib_a-mprec.o)
                0x000000008000e7b4                __d2b
 .text.__fpclassifyd
                0x000000008000e85c       0x42 c:/hightec/toolchains/tricore/v4.9.3.0-infineon-1.0/bin/../lib/gcc/tricore/4.9.4/../../../../tricore/lib/tc161\libc.a(lib_a-s_fpclassify.o)
                0x000000008000e85c                __fpclassifyd
 .text.__ssprint_r
                0x000000008000e89e       0xf0 c:/hightec/toolchains/tricore/v4.9.3.0-infineon-1.0/bin/../lib/gcc/tricore/4.9.4/../../../../tricore/lib/tc161\libc.a(lib_a-svfiprintf.o)
                0x000000008000e89e                __ssprint_r
 .text._calloc_r
                0x000000008000e98e       0x62 c:/hightec/toolchains/tricore/v4.9.3.0-infineon-1.0/bin/../lib/gcc/tricore/4.9.4/../../../../tricore/lib/tc161\libc.a(lib_a-callocr.o)
                0x000000008000e98e                _calloc_r
 .text.memmove  0x000000008000e9f0       0x50 c:/hightec/toolchains/tricore/v4.9.3.0-infineon-1.0/bin/../lib/gcc/tricore/4.9.4/../../../../tricore/lib/tc161\libc.a(lib_a-memmove.o)
                0x000000008000e9f0                memmove
 .text.memset   0x000000008000ea40       0x10 c:/hightec/toolchains/tricore/v4.9.3.0-infineon-1.0/bin/../lib/gcc/tricore/4.9.4/../../../../tricore/lib/tc161\libc.a(lib_a-memset.o)
                0x000000008000ea40                memset
 .text._realloc_r
                0x000000008000ea50      0x3f0 c:/hightec/toolchains/tricore/v4.9.3.0-infineon-1.0/bin/../lib/gcc/tricore/4.9.4/../../../../tricore/lib/tc161\libc.a(lib_a-reallocr.o)
                0x000000008000ea50                _realloc_r
 .text._exit    0x000000008000ee40       0x10 c:/hightec/toolchains/tricore/v4.9.3.0-infineon-1.0/bin/../lib/gcc/tricore/4.9.4/../../../../tricore/lib/tc161\libos.a(libos_exit.o)
                0x000000008000ee40                _exit
 .text.sbrk     0x000000008000ee50       0x3c c:/hightec/toolchains/tricore/v4.9.3.0-infineon-1.0/bin/../lib/gcc/tricore/4.9.4/../../../../tricore/lib/tc161\libos.a(libos_sbrk.o)
                0x000000008000ee50                sbrk
 .text.__errno  0x000000008000ee8c        0xa c:/hightec/toolchains/tricore/v4.9.3.0-infineon-1.0/bin/../lib/gcc/tricore/4.9.4/../../../../tricore/lib/tc161\libos.a(libos.o)
                0x000000008000ee8c                __errno
 .text.abort    0x000000008000ee96       0x12 c:/hightec/toolchains/tricore/v4.9.3.0-infineon-1.0/bin/../lib/gcc/tricore/4.9.4/../../../../tricore/lib/tc161\libos.a(libos_abort.o)
                0x000000008000ee96                abort
 .text.__eqdf2  0x000000008000eea8       0x40 c:/hightec/toolchains/tricore/v4.9.3.0-infineon-1.0/bin/../lib/gcc/tricore/4.9.4/tc161\libgcc.a(_eq_df.o)
                0x000000008000eea8                __eqdf2
 .text.__nedf2  0x000000008000eee8       0x40 c:/hightec/toolchains/tricore/v4.9.3.0-infineon-1.0/bin/../lib/gcc/tricore/4.9.4/tc161\libgcc.a(_ne_df.o)
                0x000000008000eee8                __nedf2
 .text.__gedf2  0x000000008000ef28       0x40 c:/hightec/toolchains/tricore/v4.9.3.0-infineon-1.0/bin/../lib/gcc/tricore/4.9.4/tc161\libgcc.a(_ge_df.o)
                0x000000008000ef28                __gedf2
 .text.__ltdf2  0x000000008000ef68       0x40 c:/hightec/toolchains/tricore/v4.9.3.0-infineon-1.0/bin/../lib/gcc/tricore/4.9.4/tc161\libgcc.a(_lt_df.o)
                0x000000008000ef68                __ltdf2
 .text.__umoddi3
                0x000000008000efa8       0x26 c:/hightec/toolchains/tricore/v4.9.3.0-infineon-1.0/bin/../lib/gcc/tricore/4.9.4/tc161\libgcc.a(umoddi3.o)
                0x000000008000efa8                __umoddi3
 *(.gnu.linkonce.t.*)
 *(.gnu.warning)
                0x000000008000efd0                . = ALIGN (0x8)
 *fill*         0x000000008000efce        0x2 00

.sdata3         memory region -> PMU_PFLASH
                0x000000008000efd0        0x0
 *(.rodata_a8)
 *(.rodata_a8.*)
                0x0000000080008000                _SMALL_DATA3_ = SIZEOF (.sdata3)?(ADDR (.sdata3) + 0x8000):((ADDR (.sdata3) & 0xf0000000) + 0x8000)
                0x0000000080008000                __A8_MEM = _SMALL_DATA3_

.inttab_cpu1    memory region -> PMU_PFLASH
                0x0000000080010000        0x0
                0x0000000080010000                PROVIDE (__INTTAB1, .)
 *(.inttab_cpu1)
 *(.*.inttab_cpu1)
                0x0000000080010000                . = ALIGN (0x8)

.inttab_cpu2    memory region -> PMU_PFLASH
                0x0000000080010000        0x0
                0x0000000080010000                PROVIDE (__INTTAB2, .)
 *(.inttab_cpu2)
 *(.*.inttab_cpu2)
                0x0000000080010000                . = ALIGN (0x8)

.zdata          memory region -> DMI_DSPR0
                0x0000000070000000        0x0 load address 0x000000008000efd0
 *(.zdata)
 *(.zdata.*)
 *(.gnu.linkonce.z.*)

.zbss           memory region -> DMI_DSPR0
                0x0000000070000000        0x0 load address 0x000000008000efd0
 *(.zbss)
 *(.zbss.*)
 *(.bbss)
 *(.bbss.*)
 *(.gnu.linkonce.zb.*)

.sdata          memory region -> DMI_DSPR0
                0x0000000070000000        0x0 load address 0x000000008000efd0
 *(.sdata)
 *(.sdata.*)
                0x0000000070008000                _SMALL_DATA_ = SIZEOF (.sdata)?(ADDR (.sdata) + 0x8000):((ADDR (.sdata) & 0xf0000000) + 0x8000)
                0x0000000070008000                __A0_MEM = _SMALL_DATA_

.sbss           memory region -> DMI_DSPR0
                0x0000000070000000        0x0 load address 0x000000008000efd0
 *(.sbss)
 *(.sbss.*)

.data           memory region -> DMI_DSPR0
                0x0000000070000000      0x9d0 load address 0x000000008000efd0
 *(.data)
 .data          0x0000000070000000       0x28 obj/asw.c.o
                0x0000000070000004                testSendPacket
 .data          0x0000000070000028        0x8 obj/bsw.c.o
                0x0000000070000028                g_vadcChannelIDs
 .data          0x0000000070000030      0x118 obj/ee_applcfg.c.o
                0x0000000070000030                osEE_ccb_var
 .data          0x0000000070000148        0x8 obj/illd/src/IfxScuCcu.c.o
 .data          0x0000000070000150       0x40 obj/ultrasonic_Driver.c.o
                0x0000000070000150                g_Ultrasonic_R
                0x000000007000015a                g_Ultrasonic_SR
                0x0000000070000164                g_Ultrasonic_SL
                0x000000007000016e                g_Ultrasonic_FR
                0x0000000070000178                g_Ultrasonic_F
                0x0000000070000182                g_Ultrasonic_FL
 .data          0x0000000070000190      0x410 c:/hightec/toolchains/tricore/v4.9.3.0-infineon-1.0/bin/../lib/gcc/tricore/4.9.4/../../../../tricore/lib/tc161\libc.a(lib_a-mallocr.o)
                0x0000000070000190                __malloc_sbrk_base
                0x0000000070000194                __malloc_trim_threshold
                0x0000000070000198                __malloc_av_